
  ___  ____  ____  ____  ____ ®
 /__    /   ____/   /   ____/      StataNow 19.5
___/   /   /___/   /   /___/       MP—Parallel Edition

 Statistics and Data Science       Copyright 1985-2025 StataCorp LLC
                                   StataCorp
                                   4905 Lakeway Drive
                                   College Station, Texas 77845 USA
                                   800-782-8272        https://www.stata.com
                                   979-696-4600        service@stata.com

Stata license: 4-user 16-core network, expiring 14 Sep 2026
Serial number: 501909301589
  Licensed to: University of Notre Dame
               Notre Dame, IN 46556

Notes:
      1. Stata is running in batch mode.
      2. Unicode is supported; see help unicode_advice.
      3. More than 2 billion observations are allowed; see help obs_advice.
      4. Maximum number of variables is set to 5,000 but can be increased;
          see help set_maxvar.

. do /users/aquisper/proj_bureaucrats_farms/code/_stacked_downup_replication/sb
> atch/_run_dofile.do 

. *****************************************************************************
> ***
. * Environment bridge: one invocation runs exactly one result-generating dofil
> e.
. *****************************************************************************
> ***
. 
. version 17

. set more off

. 
. local dofile        : environment FARMS_DOFILE

. local root          : environment FARMS_ROOT

. local code          : environment FARMS_CODE

. local location      : environment FARMS_LOCATION

. local sample        : environment FARMS_SAMPLE

. local is_rural_var  : environment FARMS_RURAL_VAR

. local fe_list       : environment FARMS_FE_LIST

. local ster_suffix   : environment FARMS_STER_SUFFIX

. local downup_var    : environment FARMS_DOWNUP_VAR

. local stacked_file  : environment FARMS_STACKED_FILE

. local did_output    : environment FARMS_DID_OUTPUT

. local processors    : environment FARMS_CPUS

. 
. if "`processors'" == "" local processors "1"

. set processors `processors'
    The maximum number of processors or cores being used is changed from 16
    to 1.  It can be set to any number between 1 and 16

. 
. if "`dofile'" == "" {
.     display as error "FARMS_DOFILE is empty; use sbatch/run_dofile.sbatch."
.     exit 198
. }

. if "`root'" == "" {
.     display as error "FARMS_ROOT is empty; use sbatch/run_dofile.sbatch."
.     exit 198
. }

. if "`code'" == "" {
.     display as error "FARMS_CODE is empty; use sbatch/run_dofile.sbatch."
.     exit 198
. }

. 
. if "`sample'" == "none" local sample ""

. if "`ster_suffix'" == "none" local ster_suffix ""

. if "`downup_var'" == "none" local downup_var ""

. if "`stacked_file'" == "none" local stacked_file ""

. if "`did_output'" == "none" local did_output ""

. 
. global root          "`root'"

. global code          "`code'"

. global location      "`location'"

. global sample        "`sample'"

. global is_rural_var  "`is_rural_var'"

. global fe_list       "`fe_list'"

. global ster_suffix   "`ster_suffix'"

. global downup_var    "`downup_var'"

. global stacked_file  "`stacked_file'"

. global did_output    "`did_output'"

. 
. global int_data    "${root}/data_output/intermediate"

. global int_farms   "${int_data}"

. global tables      "${root}/tex/paper/tables"

. global table_farms "${tables}"

. global figures     "${root}/tex/paper/figures"

. global figure_farms "${figures}"

. 
. capture mkdir "${root}/tex"

. capture mkdir "${root}/tex/paper"

. capture mkdir "${tables}"

. capture mkdir "${figures}"

. capture mkdir "${code}/logs"

. 
. adopath ++ "${code}"
  [1]              "/users/aquisper/proj_bureaucrats_farms/code/_stacked_downup
> _replication"
  [2]  (BASE)      "/software/s/stata/19.5/ado/base/"
  [3]  (SITE)      "/software/s/stata/ado/"
  [4]              "."
  [5]  (PERSONAL)  "~/ado/personal/"
  [6]  (PLUS)      "~/ado/plus/"
  [7]  (OLDPLACE)  "~/ado/"

. capture noisily do "${code}/estsave_csv.ado"

. *! estsave_csv v1.2 - Export stored estimates and covariance matrices to CSV
. program define estsave_csv
  1.     version 14.0
  2.     syntax namelist using/, [replace append]
  3. 
.     local outfile `"`using'"'
  4.     tempfile coef_all coef_cur scalar_all scalar_cur
  5.     local first = 1
  6. 
.     foreach est of local namelist {
  7.         quietly estimates restore `est'
  8.         matrix b = e(b)
  9.         matrix V = e(V)
 10.         local k = colsof(b)
 11.         local cnames : colfullnames b
 12. 
.         preserve
 13.         clear
 14.         quietly set obs `k'
 15.         gen strL reg = "`est'"
 16.         gen strL var = ""
 17.         gen double beta = .
 18.         capture local ymean_val `"`e(ymean)'"'
 19.         if !_rc & `"`ymean_val'"' != "" gen strL ymean = `"`ymean_val'"'
 20.         else gen strL ymean = ""
 21. 
.         forvalues j = 1/`k' {
 22.             local nm : word `j' of `cnames'
 23.             quietly replace var = "`nm'" in `j'
 24.             quietly replace beta = b[1, `j'] in `j'
 25.             gen double cov`j' = .
 26.         }
 27.         forvalues i = 1/`k' {
 28.             forvalues j = 1/`k' {
 29.                 quietly replace cov`j' = V[`i', `j'] in `i'
 30.             }
 31.         }
 32.         quietly save `coef_cur', replace
 33.         if `first' quietly save `coef_all', replace
 34.         else {
 35.             quietly use `coef_all', clear
 36.             quietly append using `coef_cur'
 37.             quietly save `coef_all', replace
 38.         }
 39.         restore
 40. 
.         preserve
 41.         clear
 42.         quietly set obs 1
 43.         gen strL reg = "`est'"
 44.         local escalars : e(scalars)
 45.         foreach sc of local escalars {
 46.             local scval = e(`sc')
 47.             local safe = subinstr("`sc'", "-", "_", .)
 48.             capture gen double `safe' = `scval'
 49.             if _rc capture gen double sc_`safe' = `scval'
 50.         }
 51.         local emacros : e(macros)
 52.         foreach mc of local emacros {
 53.             capture local mcval `"`e(`mc')'"'
 54.             if !_rc & `"`mcval'"' != "" {
 55.                 if strlen(`"`mcval'"') > 244 local mcval = substr(`"`mcval
> '"', 1, 244)
 56.                 local safe = subinstr("`mc'", "-", "_", .)
 57.                 capture gen strL `safe' = `"`mcval'"'
 58.                 if _rc capture gen strL mc_`safe' = `"`mcval'"'
 59.             }
 60.         }
 61.         quietly save `scalar_cur', replace
 62.         if `first' {
 63.             quietly save `scalar_all', replace
 64.             local first = 0
 65.         }
 66.         else {
 67.             quietly use `scalar_all', clear
 68.             quietly append using `scalar_cur'
 69.             quietly save `scalar_all', replace
 70.         }
 71.         restore
 72.     }
 73. 
.     local basefile = subinstr(`"`outfile'"', ".csv", "", .)
 74.     quietly use `coef_all', clear
 75.     order reg var beta ymean
 76.     quietly export delimited using "`basefile'.csv", `replace' `append'
 77.     quietly use `scalar_all', clear
 78.     quietly export delimited using "`basefile'_scalars.csv", `replace' `ap
> pend'
 79.     display as result "Estimates exported to `basefile'.csv"
 80. end

. 
. 
end of do-file

. capture noisily do "${code}/estload_csv.ado"

. *! estload_csv v1.0 - Reconstruct estimate objects exported by estsave_csv
. program define estload_csv
  1.     version 14.0
  2.     syntax using/
  3. 
.     local infile `"`using'"'
  4.     local basefile = subinstr(`"`infile'"', ".csv", "", .)
  5.     preserve
  6.     quietly import delimited using "`basefile'.csv", clear varnames(1)
  7.     quietly levelsof reg, local(regs)
  8. 
.     foreach r of local regs {
  9.         preserve
 10.         quietly keep if reg == "`r'"
 11.         local k = _N
 12.         matrix b = J(1, `k', .)
 13.         matrix V = J(`k', `k', .)
 14.         local varnames ""
 15.         forvalues i = 1/`k' {
 16.             local vname = var[`i']
 17.             local varnames `"`varnames' `vname'"'
 18.             matrix b[1, `i'] = beta[`i']
 19.             forvalues j = 1/`k' {
 20.                 matrix V[`i', `j'] = cov`j'[`i']
 21.             }
 22.         }
 23.         matrix colnames b = `varnames'
 24.         matrix rownames V = `varnames'
 25.         matrix colnames V = `varnames'
 26.         restore, preserve
 27.         quietly ereturn post b V
 28.         estimates store `r'
 29.         display as text "Loaded estimate: `r'"
 30.     }
 31.     restore
 32. end

. 
. 
end of do-file

. 
. display "============================================================"
============================================================

. display "Independent dofile job: `dofile'"
Independent dofile job: _main_1_did.do

. display "Data/output root: ${root}"
Data/output root: /groups/sgulzar/sa_fires/proj_bureaucrats_farms

. display "Code root: ${code}"
Code root: /users/aquisper/proj_bureaucrats_farms/code/_stacked_downup_replicat
> ion

. display "Sample: ${sample}; rural: ${is_rural_var}; FE: ${fe_list}"
Sample: ; rural: is_rural; FE: 1/4

. display "Suffix: ${ster_suffix}; moderator: ${downup_var}"
Suffix: _stacked; moderator: downup_ac

. display "Stata processors: " c(processors)
Stata processors: 1

. display "============================================================"
============================================================

. 
. do "${code}/`dofile'"

. *****************************************************************************
> ***
. * Main stacked DiD: assembly-constituency treatment
. *
. * The master runs this file twice:
. *   combined_dt.csv      / downup_ac      (area-weighted treatment)
. *   combined_dt_pop.csv  / downup_ac_pop  (population-weighted treatment)
. *****************************************************************************
> ***
. 
. if "$root" == "" {
.     clear all
.     set more off
. 
.     * Five sbatch-array parameters; defaults apply only to standalone runs.
.     global location "shell"
.     global sample ""
.     global is_rural_var "is_rural"
.     global fe_list "1/4"
.     global ster_suffix "_stacked"
. 
.     global shell "/groups/sgulzar/sa_fires/proj_bureaucrats_farms"
.     global dbox "/Users/anzony.quisperojas/Library/CloudStorage/Dropbox/sa_fi
> res/proj_bureaucrats_farms"
.     if "$location" == "dbox" {
.         global root "$dbox"
.     }
.     else {
.         global root "$shell"
.     }
. }

. 
. * Extra switches set by the master; the defaults reproduce the area treatment
> .
. if "$stacked_file" == "" {
.     global stacked_file "combined_dt"
. }

. if "$downup_var" == "" {
.     global downup_var "downup_ac"
. }

. if "$did_output" == "" {
.     global did_output "main_did_downup_area_ac"
. }

. 
. global int_data "${root}/data_output/intermediate"

. global tables "${root}/tex/paper/tables"

. 
. import delimited "${int_data}/${stacked_file}${sample}.csv", clear varnames(1
> )
(encoding automatically selected: ISO-8859-1)
(20 vars, 96,776,774 obs)

. 
. * Always express the fire-count outcome in thousands.
. capture drop countk

. gen countk = count * 1000

. 
. capture confirm variable relative_year_bin

. if _rc {
.     capture confirm variable relative_year
.     if !_rc {
.         gen relative_year_bin = relative_year
.     }
.     else {
.         gen relative_year_bin = floor(relative_monthyear / 12)
.     }
. }

. 
. merge m:1 unique_small_grid_id using ///
>     "${int_data}/ghs_grid_classification_2000.dta", ///
>     keepusing(is_rural) keep(3) nogen

    Result                      Number of obs
    -----------------------------------------
    Not matched                             0
    Matched                        96,776,774  
    -----------------------------------------

. keep if ${is_rural_var} == 1
(19,159,542 observations deleted)

. 
. * Do not drop grids that intersect more than one assembly constituency.
. * capture confirm variable grids_with_more_1_ac
. * if _rc {
. *     merge m:1 unique_small_grid_id using ///
> *         "${int_data}/grids_with_more_1_ac.dta", keep(master match) nogen
. *     capture confirm variable dpl_ac
. *     if !_rc {
. *         drop if dpl_ac == 1
. *     }
. * }
. keep if year < 2022 | (year == 2022 & month <= 8)
(13,460,723 observations deleted)

. 
. capture confirm variable treat

. if _rc {
.     bysort unique_small_grid_id: egen byte treat = max(${downup_var})
. }

. gen byte moderator = 0

. 
. capture confirm numeric variable unique_small_grid_id

. if _rc {
.     encode unique_small_grid_id, gen(grid_id)
. }

. else {
.     gen grid_id = unique_small_grid_id
. }

. 
. capture confirm numeric variable ac_uq_id

. if _rc {
.     encode ac_uq_id, gen(ac_id)
. }

. else {
.     gen ac_id = ac_uq_id
. }

. 
. quietly summarize countk if treat == 1 & relative_year_bin <= -1

. local ymean = r(mean)

. quietly summarize countk if treat == 1 & relative_year_bin <= -1 & moderator 
> == 1

. local ymean2 = r(mean)

. quietly levelsof ac_id, local(ac_levels)

. local numacs : word count `ac_levels'

. 
. local controls wind_direction av_wind_speed

. local cluster ac_uq_id#cohort#monthyear unique_small_grid_id#cohort

. local fespec1 "No fixed effects"

. local fespec2 "AC and month-year"

. local fespec3 "AC x month-year"

. local fespec4 "Grid and AC x month-year"

. local estimates ""

. 
. foreach fe of numlist $fe_list {
  2.     if `fe' == 1 {
  3.         reg countk ${downup_var} `controls', vce(cluster grid_id)
  4.     }
  5.     else if `fe' == 2 {
  6.         reghdfejl countk ${downup_var} `controls', ///
>             absorb(ac_id#cohort monthyear#cohort) cluster(`cluster')
  7.     }
  8.     else if `fe' == 3 {
  9.         reghdfejl countk ${downup_var} `controls', ///
>             absorb(ac_id#monthyear#cohort) cluster(`cluster')
 10.     }
 11.     else if `fe' == 4 {
 12.         reghdfejl countk ${downup_var} `controls', ///
>             absorb(grid_id#cohort ac_id#monthyear#cohort) cluster(`cluster')
 13.     }
 14.     else {
 15.         display as error "Unsupported FE specification `fe'; use 1/4."
 16.         exit 198
 17.     }
 18. 
.     estadd scalar ymean = `ymean'
 19.     estadd scalar ymean2 = `ymean2'
 20.     estadd scalar acq = `numacs'
 21.     estadd local smpl "Rural"
 22.     estadd local fespec "`fespec`fe''"
 23.     local estimates `estimates' eq`fe'
 24.     est store eq`fe'
 25. }

Linear regression                               Number of obs     =   64156509
                                                F(3, 75304)       =    1959.71
                                                Prob > F          =     0.0000
                                                R-squared         =     0.0050
                                                Root MSE          =     969.17

                           (Std. err. adjusted for 75,305 clusters in grid_id)
------------------------------------------------------------------------------
             |               Robust
      countk | Coefficient  std. err.      t    P>|t|     [95% conf. interval]
-------------+----------------------------------------------------------------
   downup_ac |   23.10769   2.991632     7.72   0.000      17.2441    28.97128
wind_direc~n |  -.7674538   .0173548   -44.22   0.000    -.8014692   -.7334385
av_wind_sp~d |  -.3435402   3.609736    -0.10   0.924    -7.418606    6.731526
       _cons |    128.983   5.062878    25.48   0.000     119.0598    138.9063
------------------------------------------------------------------------------

added scalar:
              e(ymean) =  152.18274

added scalar:
             e(ymean2) =  .

added scalar:
                e(acq) =  807

added macro:
               e(smpl) : "Rural"

added macro:
             e(fespec) : "No fixed effects"
(dropped 157 singleton observations)
(MWFE estimator converged in 15 iterations)

HDFE linear regression with Julia                 Number of obs   = 64,156,352
Absorbing 2 HDFE groups                           F(   3,3822109) =    4665.50
Statistics cluster-robust                         Prob > F        =     0.0000
                                                  R-squared       =     0.1551
                                                  Adj R-squared   =     0.1535
Number of clusters (ac_uq_id#cohort#monthyear) =    3822110Within R-sq.=     0.
> 0040
Number of clusters (unique_small_grid_id#cohort) =    5428495Root MSE=   893.91
> 68

(Std. err. adjusted for 3,822,110 clusters in ac_uq_id#cohort#monthyear unique_
> small_grid_id#cohort)
------------------------------------------------------------------------------
             |               Robust
      countk | Coefficient  std. err.      t    P>|t|     [95% conf. interval]
-------------+----------------------------------------------------------------
   downup_ac |   .7056338   1.155282     0.61   0.541    -1.558678    2.969946
wind_direc~n |  -.3892141     .00524   -74.28   0.000    -.3994845   -.3789438
av_wind_sp~d |   243.6742   2.297472   106.06   0.000     239.1712    248.1771
------------------------------------------------------------------------------

added scalar:
              e(ymean) =  152.18274

added scalar:
             e(ymean2) =  .

added scalar:
                e(acq) =  807

added macro:
               e(smpl) : "Rural"

added macro:
             e(fespec) : "AC and month-year"
(dropped 946715 singleton observations)
(MWFE estimator converged in 1 iterations)

HDFE linear regression with Julia                 Number of obs   = 63,209,794
Absorbing 1 HDFE group                            F(   3,2875551) =     100.08
Statistics cluster-robust                         Prob > F        =     0.0000
                                                  R-squared       =     0.6138
                                                  Adj R-squared   =     0.5954
Number of clusters (ac_uq_id#cohort#monthyear) =    2875552Within R-sq.=     0.
> 0000
Number of clusters (unique_small_grid_id#cohort) =    5425754Root MSE=   618.96
> 05

(Std. err. adjusted for 2,875,552 clusters in ac_uq_id#cohort#monthyear unique_
> small_grid_id#cohort)
------------------------------------------------------------------------------
             |               Robust
      countk | Coefficient  std. err.      t    P>|t|     [95% conf. interval]
-------------+----------------------------------------------------------------
   downup_ac |   7.442389   1.089595     6.83   0.000     5.306821    9.577957
wind_direc~n |   .0202622   .0039837     5.09   0.000     .0124543    .0280701
av_wind_sp~d |  -72.38431   4.463111   -16.22   0.000    -81.13185   -63.63677
------------------------------------------------------------------------------

added scalar:
              e(ymean) =  152.18274

added scalar:
             e(ymean2) =  .

added scalar:
                e(acq) =  807

added macro:
               e(smpl) : "Rural"

added macro:
             e(fespec) : "AC x month-year"
(dropped 1035192 singleton observations)
(MWFE estimator converged in 38 iterations)

HDFE linear regression with Julia                 Number of obs   = 63,121,317
Absorbing 2 HDFE groups                           F(   3,2875355) =      66.87
Statistics cluster-robust                         Prob > F        =     0.0000
                                                  R-squared       =     0.6551
                                                  Adj R-squared   =     0.6035
Number of clusters (ac_uq_id#cohort#monthyear) =    2875355Within R-sq.=     0.
> 0000
Number of clusters (unique_small_grid_id#cohort) =    5337277Root MSE=   613.07
> 16

(Std. err. adjusted for 2,875,355 clusters in ac_uq_id#cohort#monthyear unique_
> small_grid_id#cohort)
------------------------------------------------------------------------------
             |               Robust
      countk | Coefficient  std. err.      t    P>|t|     [95% conf. interval]
-------------+----------------------------------------------------------------
   downup_ac |   .5150846   1.561299     0.33   0.741    -2.545006    3.575175
wind_direc~n |  -.0206224   .0043757    -4.71   0.000    -.0291986   -.0120462
av_wind_sp~d |  -88.46696    6.67269   -13.26   0.000    -101.5452   -75.38872
------------------------------------------------------------------------------

added scalar:
              e(ymean) =  152.18274

added scalar:
             e(ymean2) =  .

added scalar:
                e(acq) =  807

added macro:
               e(smpl) : "Rural"

added macro:
             e(fespec) : "Grid and AC x month-year"

. 
. estwrite `estimates' using ///
>     "${tables}/${did_output}${sample}_rural${ster_suffix}.ster", replace
(saving eq1)
(saving eq2)
(saving eq3)
(saving eq4)
file /groups/sgulzar/sa_fires/proj_bureaucrats_farms/tex/paper/tables/main_did_
> downup_area_ac_rural_stacked.ster could not be replaced
r(693);

end of do-file
r(693);

end of do-file
r(693);
