This is pdfTeX, Version 3.141592653-2.6-1.40.29 (TeX Live 2026) (preloaded format=pdflatex 2026.4.15)  27 JUN 2026 14:43
entering extended mode
 restricted \write18 enabled.
 file:line:error style messages enabled.
 %&-line parsing enabled.
**/Users/anzony.quisperojas/Documents/GitHub/proj_bureaucrats_farms/code/main.tex
(/Users/anzony.quisperojas/Documents/GitHub/proj_bureaucrats_farms/code/main.tex
LaTeX2e <2025-11-01>
L3 programming layer <2026-01-19>
(/usr/local/texlive/2026/texmf-dist/tex/latex/base/article.cls
Document Class: article 2025/01/22 v1.4n Standard LaTeX document class
(/usr/local/texlive/2026/texmf-dist/tex/latex/base/size12.clo
File: size12.clo 2025/01/22 v1.4n Standard LaTeX file (size option)
)
\c@part=\count275
\c@section=\count276
\c@subsection=\count277
\c@subsubsection=\count278
\c@paragraph=\count279
\c@subparagraph=\count280
\c@figure=\count281
\c@table=\count282
\abovecaptionskip=\skip49
\belowcaptionskip=\skip50
\bibindent=\dimen148
)

! LaTeX Error: File `auxiliaries/preamble.tex' not found.

Type X to quit or <RETURN> to proceed,
or enter new name. (Default extension: tex)

Enter file name: 
/Users/anzony.quisperojas/Documents/GitHub/proj_bureaucrats_farms/code/main.tex:5: Emergency stop.
<read *> 
         
l.5 \input{auxiliaries/preamble}
                                ^^M
*** (cannot \read from terminal in nonstop modes)

 
Here is how much of TeX's memory you used:
 244 strings out of 467525
 3166 string characters out of 5418982
 433756 words of memory out of 5000000
 29243 multiletter control sequences out of 15000+600000
 628019 words of font info for 41 fonts, out of 8000000 for 9000
 1141 hyphenation exceptions out of 8191
 35i,0n,38p,316b,36s stack positions out of 10000i,1000n,20000p,200000b,200000s
/Users/anzony.quisperojas/Documents/GitHub/proj_bureaucrats_farms/code/main.tex:5:  ==> Fatal error occurred, no output PDF file produced!
