
  ___  ____  ____  ____  ____ ®
 /__    /   ____/   /   ____/      StataNow 19.5
___/   /   /___/   /   /___/       MP—Parallel Edition

 Statistics and Data Science       Copyright 1985-2025 StataCorp LLC
                                   StataCorp
                                   4905 Lakeway Drive
                                   College Station, Texas 77845 USA
                                   800-782-8272        https://www.stata.com
                                   979-696-4600        service@stata.com

Stata license: 4-user 16-core network, expiring 14 Sep 2026
Serial number: 501909301589
  Licensed to: University of Notre Dame
               Notre Dame, IN 46556

Notes:
      1. Stata is running in batch mode.
      2. Unicode is supported; see help unicode_advice.
      3. More than 2 billion observations are allowed; see help obs_advice.
      4. Maximum number of variables is set to 5,000 but can be increased;
          see help set_maxvar.

. do /users/aquisper/proj_bureaucrats_farms/code/_stacked_downup_replication/ex
> ploratory_analysis/cohort_eventtime_fe_sweep/_protest_never_cohort_eventtime_
> fe_sweep.do 

. *****************************************************************************
> ***
. * Protest FE sweep with cohort-specific relative-year fixed effects.
. *
. * Input: stacked_data_protest5km.csv
. * Controls: never treated only.
. * Sample: rural; through August 2022; relative years -8,...,1.
. * Both event-study and DiD loops use the same loaded, prepared, restricted da
> ta.
. *****************************************************************************
> ***
. version 17

. clear all

. set more off

. local processors_env : environment STATA_PROCESSORS

. local processors = real("`processors_env'")

. if missing(`processors') local processors = 5

. if !inlist(`processors', 1, 2, 3, 4, 5) {
.     display as error "STATA_PROCESSORS must be an integer from 1 through 5."
.     exit 198
. }

. set processors `processors'
    The maximum number of processors or cores being used is changed from 16
    to 3.  It can be set to any number between 1 and 16

. 
. args fe_arg

. local fe_env : environment PROTEST_CTIME_FE_LIST

. local sample_env : environment ANALYSIS_SAMPLE_SUFFIX

. local stage_env : environment ANALYSIS_STAGE

. local analysis_stage "`stage_env'"

. if "`analysis_stage'" == "" local analysis_stage "both"

. if !inlist("`analysis_stage'", "event", "did", "both") {
.     display as error "ANALYSIS_STAGE must be event, did, or both."
.     exit 198
. }

. 
. * Standalone defaults for the five standard sbatch parameters.
. global location     "shell"

. global sample       "`sample_env'"

. global is_rural_var "is_rural"

. global fe_list      "1/7"

. global ster_suffix  "_acpop"

. global root "/groups/sgulzar/sa_fires/proj_bureaucrats_farms"

. global code "/users/aquisper/proj_bureaucrats_farms/code/_stacked_downup_repl
> ication"

. if "`fe_arg'" != "" global fe_list "`fe_arg'"

. else if "`fe_env'" != "" global fe_list "`fe_env'"

. 
. foreach selected_fe of numlist $fe_list {
  2.     if !inrange(`selected_fe', 1, 32) {
  3.         display as error "Every FE id must be from 1 through 32."
  4.         exit 198
  5.     }
  6. }

. 
. global int_data "${root}/data_output/intermediate"

. global tables "${code}/../../tables/exploratory_analysis/cohort_eventtime_fe_
> sweep"

. capture mkdir "${code}/../../tables/exploratory_analysis"

. capture mkdir "${tables}"

. 
. local input_file "${int_data}/stacked_data_protest5km${sample}.csv"

. confirm file "`input_file'"

. display as text "Input: `input_file' | controls: never | FE list: $fe_list"
Input: /groups/sgulzar/sa_fires/proj_bureaucrats_farms/data_output/intermediate
> /stacked_data_protest5km.csv | controls: never | FE list: 26

. import delimited using "`input_file'", clear varnames(1)
(encoding automatically selected: ISO-8859-1)
(22 vars, 257,040,986 obs)

. 
. capture confirm variable relative_year_bin

. if _rc {
.     confirm variable relative_year
.     rename relative_year relative_year_bin
. }

. local required unique_small_grid_id province ac_uq_id count month year ///
>     monthyear downup_ac_pop av_wind_speed wind_direction election_year ///
>     yeargov treat control_type cohort relative_year_bin

. foreach variable of local required {
  2.     capture confirm variable `variable'
  3.     if _rc {
  4.         display as error "Required variable absent: `variable'"
  5.         exit 111
  6.     }
  7. }

. assert inlist(treat, 0, 1)

. assert control_type == 0 if treat == 1

. assert inlist(control_type, 1, 2) if treat == 0

. 
. gen double countk = count * 1000

. merge m:1 unique_small_grid_id using ///
>     "${int_data}/ghs_grid_classification_2000.dta", ///
>     keep(master match) keepusing(is_rural)

    Result                      Number of obs
    -----------------------------------------
    Not matched                             0
    Matched                       257,040,986  (_merge==3)
    -----------------------------------------

. count if _merge == 1
  0

. display as text "Rows without rural classification: " r(N)
Rows without rural classification: 0

. drop _merge

. keep if ${is_rural_var} == 1
(56,924,924 observations deleted)

. keep if year < 2022 | (year == 2022 & month <= 8)
(36,592,248 observations deleted)

. keep if treat == 1 | control_type == 1
(6,699,894 observations deleted)

. assert control_type == 1 if treat == 0

. keep if inrange(relative_year_bin, -8, 1)
(8,652,771 observations deleted)

. 
. gen byte fe_complete = 1

. local complete_vars unique_small_grid_id province ac_uq_id month year ///
>     monthyear election_year yeargov cohort countk downup_ac_pop ///
>     av_wind_speed wind_direction treat control_type relative_year_bin

. foreach variable of local complete_vars {
  2.     replace fe_complete = 0 if missing(`variable')
  3. }
(0 real changes made)
(0 real changes made)
(0 real changes made)
(0 real changes made)
(0 real changes made)
(0 real changes made)
(0 real changes made)
(0 real changes made)
(0 real changes made)
(0 real changes made)
(0 real changes made)
(0 real changes made)
(0 real changes made)
(0 real changes made)
(0 real changes made)
(0 real changes made)

. count if fe_complete == 0
  0

. display as text "Rows removed by common complete-case restriction: " r(N)
Rows removed by common complete-case restriction: 0

. drop if fe_complete == 0
(0 observations deleted)

. drop fe_complete

. 
. quietly summarize relative_year_bin

. assert r(min) == -8

. assert r(max) == 1

. gen int relative_year_bin_aux = relative_year_bin + 9

. local base = 8

. 
. egen long unique_small_grid_id_cohort = group(unique_small_grid_id cohort)

. egen long province_cohort = group(province cohort)

. egen long monthyearco = group(month year cohort)

. egen long ac_elec_yr = group(ac_uq_id election_year cohort)

. 
. egen byte cohort_tag = tag(cohort)

. count if cohort_tag
  19

. local number_cohorts = r(N)

. drop cohort_tag

. 
. local fe1  "unique_small_grid_id_cohort"

. local fe2  "unique_small_grid_id_cohort monthyearco"

. local fe3  "unique_small_grid_id_cohort province_cohort#c.monthyear"

. local fe4  "unique_small_grid_id_cohort yeargov"

. local fe5  "unique_small_grid_id_cohort province_cohort#election_year"

. local fe6  "unique_small_grid_id_cohort province_cohort#election_year#yeargov
> "

. local fe7  "unique_small_grid_id_cohort monthyearco province_cohort#c.monthye
> ar"

. local fe8  "unique_small_grid_id_cohort monthyearco yeargov"

. local fe9  "unique_small_grid_id_cohort monthyearco province_cohort#election_
> year"

. local fe10 "unique_small_grid_id_cohort monthyearco province_cohort#election_
> year#yeargov"

. local fe11 "unique_small_grid_id_cohort province_cohort#c.monthyear yeargov"

. local fe12 "unique_small_grid_id_cohort province_cohort#c.monthyear province_
> cohort#election_year"

. local fe13 "unique_small_grid_id_cohort province_cohort#c.monthyear province_
> cohort#election_year#yeargov"

. local fe14 "unique_small_grid_id_cohort yeargov province_cohort#election_year
> "

. local fe15 "unique_small_grid_id_cohort yeargov province_cohort#election_year
> #yeargov"

. local fe16 "unique_small_grid_id_cohort province_cohort#election_year provinc
> e_cohort#election_year#yeargov"

. local fe17 "unique_small_grid_id_cohort monthyearco province_cohort#c.monthye
> ar yeargov"

. local fe18 "unique_small_grid_id_cohort monthyearco province_cohort#c.monthye
> ar province_cohort#election_year"

. local fe19 "unique_small_grid_id_cohort monthyearco province_cohort#c.monthye
> ar province_cohort#election_year#yeargov"

. local fe20 "unique_small_grid_id_cohort monthyearco yeargov province_cohort#e
> lection_year"

. local fe21 "unique_small_grid_id_cohort monthyearco yeargov province_cohort#e
> lection_year#yeargov"

. local fe22 "unique_small_grid_id_cohort monthyearco province_cohort#election_
> year province_cohort#election_year#yeargov"

. local fe23 "unique_small_grid_id_cohort province_cohort#c.monthyear yeargov p
> rovince_cohort#election_year"

. local fe24 "unique_small_grid_id_cohort province_cohort#c.monthyear yeargov p
> rovince_cohort#election_year#yeargov"

. local fe25 "unique_small_grid_id_cohort province_cohort#c.monthyear province_
> cohort#election_year province_cohort#election_year#yeargov"

. local fe26 "unique_small_grid_id_cohort yeargov province_cohort#election_year
>  province_cohort#election_year#yeargov"

. local fe27 "unique_small_grid_id_cohort monthyearco province_cohort#c.monthye
> ar yeargov province_cohort#election_year"

. local fe28 "unique_small_grid_id_cohort monthyearco province_cohort#c.monthye
> ar yeargov province_cohort#election_year#yeargov"

. local fe29 "unique_small_grid_id_cohort monthyearco province_cohort#c.monthye
> ar province_cohort#election_year province_cohort#election_year#yeargov"

. local fe30 "unique_small_grid_id_cohort monthyearco yeargov province_cohort#e
> lection_year province_cohort#election_year#yeargov"

. local fe31 "unique_small_grid_id_cohort province_cohort#c.monthyear yeargov p
> rovince_cohort#election_year province_cohort#election_year#yeargov"

. local fe32 "unique_small_grid_id_cohort monthyearco province_cohort#c.monthye
> ar yeargov province_cohort#election_year province_cohort#election_year#yeargo
> v"

. 
. gen byte moderator = 0

. * local moderators_list moderator downup_ac rice_area_aclvl_ahigh rice_harvar
> ea_aclvl_ahigh rice_prod_aclvl_ahigh
. local moderators_list moderator

. quietly summarize countk if treat == 1 & relative_year_bin <= -1

. local ymean = r(mean)

. quietly summarize countk if treat == 1 & relative_year_bin <= -1 & moderator 
> == 1

. local ymean2 = r(mean)

. egen byte tag_ac = tag(ac_uq_id)

. count if tag_ac
  808

. local numacs = r(N)

. drop tag_ac

. count if treat == 1
  973,251

. local n_treated = r(N)

. count if treat == 0
  147,197,898

. local n_control = r(N)

. 
. *****************************************************************************
> ***
. * Event studies.
. *****************************************************************************
> ***
. if inlist("`analysis_stage'", "event", "both") {
. foreach mod of local moderators_list {
  2.     replace moderator = `mod'
  3.     local rhs "ib`base'.relative_year_bin_aux##ib0.treat##ib0.`mod' wind_d
> irection av_wind_speed"
  4.     foreach selected_fe of numlist $fe_list {
  5.         local original_fespec "`fe`selected_fe''"
  6.         local fespec "`original_fespec' relative_year_bin_aux#cohort"
  7.         local tag : display %02.0f `selected_fe'
  8.         local tag = strtrim("`tag'")
  9.         display as result "PROTEST EVENT FE `selected_fe': `fespec'"
 10.         est clear
 11.         reghdfejl countk `rhs', absorb(`fespec') vce(cluster ac_elec_yr)
 12.         estadd scalar ymean = `ymean'
 13.         estadd scalar ymean2 = `ymean2'
 14.         estadd scalar acq = `numacs'
 15.         estadd scalar fe_id = `selected_fe'
 16.         estadd scalar n_treated = `n_treated'
 17.         estadd scalar n_control = `n_control'
 18.         estadd scalar n_cohorts = `number_cohorts'
 19.         estadd local smpl "Rural"
 20.         estadd local fespec "`fespec'"
 21.         estadd local mod "`mod'"
 22.         estadd local controls "never"
 23.         estadd local cohortvar "cohort"
 24.         est store evreg1
 25.         local out "${tables}/protest_never_cohorttime_fe`tag'_event_rural$
> {ster_suffix}_all"
 26.         estwrite evreg1 using "`out'.ster", replace
 27.         confirm file "`out'.ster"
 28.     }
 29. }
. }

. 
. *****************************************************************************
> ***
. * DiD interactions on exactly the same -8,...,1 observations.
. *****************************************************************************
> ***
. if inlist("`analysis_stage'", "did", "both") {
. gen byte post_ = relative_year_bin >= 0
. quietly summarize countk if treat == 1 & relative_year_bin <= -1 & downup_ac_
> pop == 1
. local ymean2 = r(mean)
. local rhs "ib0.post_##ib0.treat##ib0.downup_ac_pop wind_direction av_wind_spe
> ed"
. foreach selected_fe of numlist $fe_list {
  2.     local original_fespec "`fe`selected_fe''"
  3.     local fespec "`original_fespec' relative_year_bin_aux#cohort"
  4.     local tag : display %02.0f `selected_fe'
  5.     local tag = strtrim("`tag'")
  6.     display as result "PROTEST DID FE `selected_fe': `fespec'"
  7.     est clear
  8.     reghdfejl countk `rhs', absorb(`fespec') vce(cluster ac_elec_yr)
  9.     estadd scalar ymean = `ymean'
 10.     estadd scalar ymean2 = `ymean2'
 11.     estadd scalar acq = `numacs'
 12.     estadd scalar fe_id = `selected_fe'
 13.     estadd scalar n_treated = `n_treated'
 14.     estadd scalar n_control = `n_control'
 15.     estadd scalar n_cohorts = `number_cohorts'
 16.     estadd local smpl "Rural"
 17.     estadd local fespec "`fespec'"
 18.     estadd local mod "downup_ac_pop"
 19.     estadd local controls "never"
 20.     estadd local cohortvar "cohort"
 21.     est store evreg1
 22.     local out "${tables}/protest_never_cohorttime_fe`tag'_did_interaction_
> rural${ster_suffix}_all"
 23.     estwrite evreg1 using "`out'.ster", replace
 24.     confirm file "`out'.ster"
 25. }
PROTEST DID FE 26: unique_small_grid_id_cohort yeargov province_cohort#election
> _year province_cohort#election_year#yeargov relative_year_bin_aux#cohort
(MWFE estimator converged in 116 iterations)

HDFE linear regression with Julia                 Number of obs   =  148171149
Absorbing 5 HDFE groups                           F(   7,  45579) =     848.83
Statistics cluster-robust                         Prob > F        =     0.0000
                                                  R-squared       =     0.1053
                                                  Adj R-squared   =     0.0974
Number of clusters (ac_elec_yr) =      45579      Within R-sq.    =     0.0060
                                                  Root MSE        =   831.0127

                        (Std. err. adjusted for 45,579 clusters in ac_elec_yr)
------------------------------------------------------------------------------
             |               Robust
      countk | Coefficient  std. err.      t    P>|t|     [95% conf. interval]
-------------+----------------------------------------------------------------
     1.post_ |          0  (omitted)
     1.treat |          0  (omitted)
1.downup_a~p |   4.885389   .6586705     7.42   0.000     3.594384    6.176394
wind_direc~n |  -.6444844   .0090421   -71.28   0.000     -.662207   -.6267618
av_wind_sp~d |   72.20951   1.407944    51.29   0.000     69.44991     74.9691
             |
 post_#treat |
        1 1  |   36.96147   13.46331     2.75   0.006     10.57318    63.34977
             |
       post_#|
downup_ac_~p |
        1 1  |  -1.267542   .9560538    -1.33   0.185    -3.141422    .6063391
             |
       treat#|
downup_ac_~p |
        1 1  |  -6.370936   18.63486    -0.34   0.732    -42.89557     30.1537
             |
 post_#treat#|
downup_ac_~p |
      1 1 1  |  -12.76738   20.75742    -0.62   0.539    -53.45225    27.91749
------------------------------------------------------------------------------

added scalar:
              e(ymean) =  439.55556

added scalar:
             e(ymean2) =  433.96728

added scalar:
                e(acq) =  808

added scalar:
              e(fe_id) =  26

added scalar:
          e(n_treated) =  973251

added scalar:
          e(n_control) =  1.472e+08

added scalar:
          e(n_cohorts) =  19

added macro:
               e(smpl) : "Rural"

added macro:
             e(fespec) : "unique_small_grid_id_cohort yeargov province_cohort#e
> lection_year province_cohort#election_year#yeargov relative_year_bin_aux#coho
> rt"

added macro:
                e(mod) : "downup_ac_pop"

added macro:
           e(controls) : "never"

added macro:
          e(cohortvar) : "cohort"
(saving evreg1)
(file /users/aquisper/proj_bureaucrats_farms/code/_stacked_downup_replication/.
> ./../tables/exploratory_analysis/cohort_eventtime_fe_sweep/protest_never_coho
> rttime_fe26_did_interaction_rural_acpop_all.ster saved)
. }

. 
. display as result "COMPLETED protest never-treated cohort-event-time FE sweep
> : $fe_list; stage=`analysis_stage'"
COMPLETED protest never-treated cohort-event-time FE sweep: 26; stage=did

. 
end of do-file
