
  ___  ____  ____  ____  ____ ®
 /__    /   ____/   /   ____/      StataNow 19.5
___/   /   /___/   /   /___/       MP—Parallel Edition

 Statistics and Data Science       Copyright 1985-2025 StataCorp LLC
                                   StataCorp
                                   4905 Lakeway Drive
                                   College Station, Texas 77845 USA
                                   800-782-8272        https://www.stata.com
                                   979-696-4600        service@stata.com

Stata license: 4-user 16-core network, expiring 14 Sep 2026
Serial number: 501909301589
  Licensed to: University of Notre Dame
               Notre Dame, IN 46556

Notes:
      1. Stata is running in batch mode.
      2. Unicode is supported; see help unicode_advice.
      3. More than 2 billion observations are allowed; see help obs_advice.
      4. Maximum number of variables is set to 5,000 but can be increased;
          see help set_maxvar.

. do _app_15_polischar_fe12_did.do 

. *****************************************************************************
> ***
. * _app_15_polischar_fe12_did_rural.do
. * Politician characteristics DiD WITHOUT moderator - RURAL GRIDS ONLY
. * 3 columns: 3 FE specs (baseline only, no downup_ac_pop interaction)
. *****************************************************************************
> ***
. 
. *****************************************************************************
> ***
. * Setup - Only set globals if running standalone (not from master)
. *****************************************************************************
> ***
. 
. if "$root" == "" {
.     clear all
.     set more off
. 
.     * Set toggles for standalone run
.     global location "shell"
.     global sample ""
. 
.     global shell "/groups/sgulzar/sa_fires/proj_bureaucrats_farms"
.     global dbox "/Users/anzony.quisperojas/Library/CloudStorage/Dropbox/sa_fi
> res/proj_bureaucrats_farms"
. 
.     if "$location" == "dbox" {
.         global root "$dbox"
.     }
.     else {
.         global root "$shell"
.     }
. }

. 
. cd "${root}"
/groups/sgulzar/sa_fires/proj_bureaucrats_farms

. 
. *****************************************************************************
> ***
. * Import Data
. *****************************************************************************
> ***
. 
. import delimited using "${root}/data_output/intermediate/politicians_characte
> ristics${sample}.csv", clear varnames(1)
(encoding automatically selected: ISO-8859-9)
(19 vars, 29,740,165 obs)

. 
. * Merge with rice moderators
. merge m:1 unique_small_grid_id ac_uq_id using "${root}/data_output/intermedia
> te/rice_moderators.dta"

    Result                      Number of obs
    -----------------------------------------
    Not matched                        23,982
        from master                         0  (_merge==1)
        from using                     23,982  (_merge==2)

    Matched                        29,740,165  (_merge==3)
    -----------------------------------------

. keep if _merge == 3
(23,982 observations deleted)

. drop _merge

. 
. * Merge with rural classification
. merge m:1 unique_small_grid_id using "${root}/data_output/intermediate/ghs_gr
> id_classification_2000.dta", keepusing(is_rural)

    Result                      Number of obs
    -----------------------------------------
    Not matched                        82,479
        from master                         0  (_merge==1)
        from using                     82,479  (_merge==2)

    Matched                        29,740,165  (_merge==3)
    -----------------------------------------

. keep if _merge == 3
(82,479 observations deleted)

. drop _merge

. 
. * Keep only rural grids
. keep if is_rural == 1
(7,857,656 observations deleted)

. 
. display "Observations after rural filter: " _N
Observations after rural filter: 21882509

. 
. * Drop grids with more than 1 ac
. merge m:1 unique_small_grid_id using "${root}/data_output/intermediate/grids_
> with_more_1_ac.dta"

    Result                      Number of obs
    -----------------------------------------
    Not matched                    21,854,655
        from master                21,854,616  (_merge==1)
        from using                         39  (_merge==2)

    Matched                            27,893  (_merge==3)
    -----------------------------------------

. drop if dpl_ac ==1
(27,932 observations deleted)

. drop _merge

. 
. *----------------------------------------------------------------------------
> ---
. * Merge in downup_ac_pop from master data (not present in this dataset)
. *----------------------------------------------------------------------------
> ---
. preserve

. import delimited "${root}/data_output/intermediate/0_master_merge_data_gen${s
> ample}.csv", ///
>     clear varnames(1)
(encoding automatically selected: ISO-8859-2)
(77 vars, 14,837,592 obs)

. keep unique_small_grid_id year month downup_ac_pop

. duplicates drop unique_small_grid_id year month, force

Duplicates in terms of unique_small_grid_id year month

(0 observations are duplicates)

. tempfile downup_ac_pop_lookup

. save `downup_ac_pop_lookup'
file /tmp/934201.1.largemem/stata.934201/St331236.000002 saved as .dta format

. restore

. merge m:1 unique_small_grid_id year month using `downup_ac_pop_lookup', ///
>     keep(master match) keepusing(downup_ac_pop) nogen

    Result                      Number of obs
    -----------------------------------------
    Not matched                             0
    Matched                        21,854,616  
    -----------------------------------------

. 
. *****************************************************************************
> ***
. * Generate Variables
. *****************************************************************************
> ***
. 
. * Date
. gen date_ym = ym(year, month)

. 
. * Fixed Effects
. egen unique_small_grid_id_cohort = group(unique_small_grid_id cohort)

. egen monthyearco = group(month year cohort)

. egen ac_elec_yr = group(ac_uq_id election_year cohort)

. egen province_cohort = group(cohort province)

. 
. 
. * Government year
. bys ac_uq_id election_year: egen min_monthyear = min(date_ym)

. gen gov_year = date_ym - min_monthyear

. replace gov_year = gov_year / 12
(21,414,087 real changes made)

. 
. * Relative years
. sum relative_year_bin

    Variable |        Obs        Mean    Std. dev.       Min        Max
-------------+---------------------------------------------------------
relative_y~n | 21,854,616   -.3913651    2.647741         -5          4

. local rmin = r(min)

. gen relative_year_bin_aux = relative_year_bin - `rmin' + 1

. local base = -1 - `rmin' + 1

. gen post_ = (relative_year_bin >= 0)

. 
. * Ever treated
. bys unique_small_grid_id: egen TREAT_down = max(downup_ac_pop)

. 
. *****************************************************************************
> ***
. * Regression Setup
. *****************************************************************************
> ***
. gen countk = count * 1000

. local dep_var countk

. local rhs "ib0.post_##ib0.treat wind_direction av_wind_speed"

. 
. * FE specifications
. local fe1 "unique_small_grid_id_cohort relative_year_bin_aux"

. local fe2 "unique_small_grid_id_cohort relative_year_bin_aux province_cohort#
> election_year"

. local fe3 "unique_small_grid_id_cohort relative_year_bin_aux province_cohort#
> election_year province_cohort#c.monthyear"

. 
. *****************************************************************************
> ***
. * Run Regressions (only 3 FE specs, no moderator)
. *****************************************************************************
> ***
. 
. * Compute mean of dep var where untreated
. quietly summarize `dep_var' if treat == 1 & relative_year_bin < 0

. local ymean = r(mean)

. local ymean_fmt = string(`ymean', "%9.3f")

. 
. * Count number of unique ACs
. unique ac_uq_id
Number of unique values of ac_uq_id is  650
Number of records is  21854616

. local numacs = r(unique)

. 
. local i = 1

. 
. forvalues feval = 1/3 {
  2. 
.     local fespec `fe`feval''
  3. 
.     * Run regression with clustering
.     reghdfejl `dep_var' `rhs', absorb(`fespec') vce(cluster ac_elec_yr)
  4. 
.     * Store statistics
.     estadd local ymean "`ymean_fmt'"
  5.     estadd local acq "`numacs'"
  6.     estadd local gridfe "Y"
  7.         estadd local time "Y"
  8.     estadd local electionfe = cond(`feval' >= 2, "Y", "N")
  9.     estadd local provtrendfe = cond(`feval' == 3, "Y", "N")
 10. 
.     est store evreg`i'
 11.     local i = `i' + 1
 12.     display("`i'")
 13. }
(MWFE estimator converged in 7 iterations)

HDFE linear regression with Julia                 Number of obs   = 21,854,616
Absorbing 2 HDFE groups                           F(   3,   6213) =     341.24
Statistics cluster-robust                         Prob > F        =     0.0000
                                                  R-squared       =     0.1074
                                                  Adj R-squared   =     0.0981
Number of clusters (ac_elec_yr) =       6214      Within R-sq.    =     0.0113
                                                  Root MSE        =   991.9516

                         (Std. err. adjusted for 6,214 clusters in ac_elec_yr)
------------------------------------------------------------------------------
             |               Robust
      countk | Coefficient  std. err.      t    P>|t|     [95% conf. interval]
-------------+----------------------------------------------------------------
     1.post_ |          0  (omitted)
     1.treat |          0  (omitted)
wind_direc~n |  -1.736631   .0583958   -29.74   0.000    -1.851107   -1.622155
av_wind_sp~d |   112.4553   4.365565    25.76   0.000     103.8973    121.0133
             |
 post_#treat |
        1 1  |   29.30593   3.662007     8.00   0.000     22.12713    36.48473
------------------------------------------------------------------------------

added macro:
              e(ymean) : "119.919"

added macro:
                e(acq) : "650"

added macro:
             e(gridfe) : "Y"

added macro:
               e(time) : "Y"

added macro:
         e(electionfe) : "N"

added macro:
        e(provtrendfe) : "N"
2
(MWFE estimator converged in 14 iterations)

HDFE linear regression with Julia                 Number of obs   = 21,854,616
Absorbing 3 HDFE groups                           F(   3,   6213) =     342.01
Statistics cluster-robust                         Prob > F        =     0.0000
                                                  R-squared       =     0.1088
                                                  Adj R-squared   =     0.0996
Number of clusters (ac_elec_yr) =       6214      Within R-sq.    =     0.0112
                                                  Root MSE        =   991.1498

                         (Std. err. adjusted for 6,214 clusters in ac_elec_yr)
------------------------------------------------------------------------------
             |               Robust
      countk | Coefficient  std. err.      t    P>|t|     [95% conf. interval]
-------------+----------------------------------------------------------------
     1.post_ |          0  (omitted)
     1.treat |          0  (omitted)
wind_direc~n |  -1.729779   .0581738   -29.73   0.000     -1.84382   -1.615738
av_wind_sp~d |   112.3224   4.361514    25.75   0.000     103.7724    120.8725
             |
 post_#treat |
        1 1  |   6.325682   2.858535     2.21   0.027     .7219643     11.9294
------------------------------------------------------------------------------

added macro:
              e(ymean) : "119.919"

added macro:
                e(acq) : "650"

added macro:
             e(gridfe) : "Y"

added macro:
               e(time) : "Y"

added macro:
         e(electionfe) : "Y"

added macro:
        e(provtrendfe) : "N"
3
(MWFE estimator converged in 22 iterations)

HDFE linear regression with Julia                 Number of obs   = 21,854,616
Absorbing 4 HDFE groups                           F(   3,   6213) =     288.39
Statistics cluster-robust                         Prob > F        =     0.0000
                                                  R-squared       =     0.1718
                                                  Adj R-squared   =     0.1632
Number of clusters (ac_elec_yr) =       6214      Within R-sq.    =     0.0178
                                                  Root MSE        =   955.5208

                         (Std. err. adjusted for 6,214 clusters in ac_elec_yr)
------------------------------------------------------------------------------
             |               Robust
      countk | Coefficient  std. err.      t    P>|t|     [95% conf. interval]
-------------+----------------------------------------------------------------
     1.post_ |          0  (omitted)
     1.treat |          0  (omitted)
wind_direc~n |  -2.147377   .0780228   -27.52   0.000    -2.300328   -1.994425
av_wind_sp~d |    151.508   5.655574    26.79   0.000     140.4211    162.5949
             |
 post_#treat |
        1 1  |   7.362143   2.831838     2.60   0.009     1.810761    12.91352
------------------------------------------------------------------------------

added macro:
              e(ymean) : "119.919"

added macro:
                e(acq) : "650"

added macro:
             e(gridfe) : "Y"

added macro:
               e(time) : "Y"

added macro:
         e(electionfe) : "Y"

added macro:
        e(provtrendfe) : "Y"
4

. 
. *****************************************************************************
> ***
. * Save ster file
. *****************************************************************************
> ***
. 
. estwrite evreg* using "${root}/tex/paper/tables/_app_15_polischar_fe12_did${s
> ample}_rural_acpop.ster", replace
(saving evreg1)
(saving evreg2)
(saving evreg3)
(file /groups/sgulzar/sa_fires/proj_bureaucrats_farms/tex/paper/tables/_app_15_
> polischar_fe12_did_rural_acpop.ster saved)

. 
. display "Ster: ${root}/tex/paper/tables/_app_15_polischar_fe12_did${sample}_r
> ural_acpop.ster"
Ster: /groups/sgulzar/sa_fires/proj_bureaucrats_farms/tex/paper/tables/_app_15_
> polischar_fe12_did_rural_acpop.ster

. 
. *****************************************************************************
> ***
. 
end of do-file
