
  ___  ____  ____  ____  ____ ®
 /__    /   ____/   /   ____/      StataNow 19.5
___/   /   /___/   /   /___/       MP—Parallel Edition

 Statistics and Data Science       Copyright 1985-2025 StataCorp LLC
                                   StataCorp
                                   4905 Lakeway Drive
                                   College Station, Texas 77845 USA
                                   800-782-8272        https://www.stata.com
                                   979-696-4600        service@stata.com

Stata license: 4-user 16-core network, expiring 14 Sep 2026
Serial number: 501909301589
  Licensed to: University of Notre Dame
               Notre Dame, IN 46556

Notes:
      1. Stata is running in batch mode.
      2. Unicode is supported; see help unicode_advice.
      3. More than 2 billion observations are allowed; see help obs_advice.
      4. Maximum number of variables is set to 5,000 but can be increased;
          see help set_maxvar.

. do _app_19_polischar_fe12_did_downup_inter_plot.do 

. *****************************************************************************
> ***
. * _app_19_polischar_fe12_did_downup_inter_plot_rural.do
. * Politician characteristics DiD with downup interaction for plotting - RURAL
>  GRIDS ONLY
. *****************************************************************************
> ***
. 
. *****************************************************************************
> ***
. * Setup - Only set globals if running standalone (not from master)
. *****************************************************************************
> ***
. 
. if "$root" == "" {
.     clear all
.     set more off
. 
.     * Set toggles for standalone run
.     global location "shell"
.     global sample ""
. 
.     global shell "/groups/sgulzar/sa_fires/proj_bureaucrats_farms"
.     global dbox "/Users/anzony.quisperojas/Library/CloudStorage/Dropbox/sa_fi
> res/proj_bureaucrats_farms"
. 
.     if "$location" == "dbox" {
.         global root "$dbox"
.     }
.     else {
.         global root "$shell"
.     }
. }

. 
. cd "${root}"
/groups/sgulzar/sa_fires/proj_bureaucrats_farms

. 
. *----------------------------------------------------------------------------
> ---
. *                                               Importing Data
. *----------------------------------------------------------------------------
> ---
. 
. // Importing data from csv
. import delimited using "${root}/data_output/intermediate/politicians_characte
> ristics${sample}.csv", ///
>     clear varnames(1)
(encoding automatically selected: ISO-8859-9)
(19 vars, 29,740,165 obs)

. 
. merge m:1 unique_small_grid_id ac_uq_id using  "${root}/data_output/intermedi
> ate/rice_moderators.dta"

    Result                      Number of obs
    -----------------------------------------
    Not matched                        23,982
        from master                         0  (_merge==1)
        from using                     23,982  (_merge==2)

    Matched                        29,740,165  (_merge==3)
    -----------------------------------------

. keep if _merge == 3
(23,982 observations deleted)

. drop _merge

. 
. * Merge with rural classification
. merge m:1 unique_small_grid_id using "${root}/data_output/intermediate/ghs_gr
> id_classification_2000.dta", keepusing(is_rural)

    Result                      Number of obs
    -----------------------------------------
    Not matched                        82,479
        from master                         0  (_merge==1)
        from using                     82,479  (_merge==2)

    Matched                        29,740,165  (_merge==3)
    -----------------------------------------

. keep if _merge == 3
(82,479 observations deleted)

. drop _merge

. 
. * Keep only rural grids
. keep if is_rural == 1
(7,857,656 observations deleted)

. 
. display "Observations after rural filter: " _N
Observations after rural filter: 21882509

. 
. * Drop grids with more than 1 ac
. merge m:1 unique_small_grid_id using "${root}/data_output/intermediate/grids_
> with_more_1_ac.dta"

    Result                      Number of obs
    -----------------------------------------
    Not matched                    21,854,655
        from master                21,854,616  (_merge==1)
        from using                         39  (_merge==2)

    Matched                            27,893  (_merge==3)
    -----------------------------------------

. drop if dpl_ac ==1
(27,932 observations deleted)

. drop _merge

. 
. *----------------------------------------------------------------------------
> ---
. * Merge in downup_ac_pop from master data (not present in this dataset)
. *----------------------------------------------------------------------------
> ---
. preserve

. import delimited "${root}/data_output/intermediate/0_master_merge_data_gen${s
> ample}.csv", ///
>     clear varnames(1)
(encoding automatically selected: ISO-8859-2)
(77 vars, 14,837,592 obs)

. keep unique_small_grid_id year month downup_ac_pop

. duplicates drop unique_small_grid_id year month, force

Duplicates in terms of unique_small_grid_id year month

(0 observations are duplicates)

. tempfile downup_ac_pop_lookup

. save `downup_ac_pop_lookup'
file /tmp/934203.1.largemem/stata.934203/St332404.000002 saved as .dta format

. restore

. merge m:1 unique_small_grid_id year month using `downup_ac_pop_lookup', ///
>     keep(master match) keepusing(downup_ac_pop) nogen

    Result                      Number of obs
    -----------------------------------------
    Not matched                             0
    Matched                        21,854,616  
    -----------------------------------------

. 
. // Date
. gen date_ym = ym(year,month)

. 
. // Generation of Fixed Effects
. egen unique_small_grid_id_cohort = group(unique_small_grid_id cohort)

. egen monthyearco = group(month year cohort)

. egen ac_elec_yr = group(ac_uq_id election_year cohort)

. egen province_cohort = group(cohort province)

. 
. // Government year
. bys ac_uq_id election_year: egen min_monthyear = min(date_ym)

. gen gov_year = date_ym - min_monthyear

. replace gov_year = gov_year / 12
(21,414,087 real changes made)

. // g yeargov = int(gov_year + 1)
. 
. 
. // Generation of Relative Years
. sum relative_year_bin

    Variable |        Obs        Mean    Std. dev.       Min        Max
-------------+---------------------------------------------------------
relative_y~n | 21,854,616   -.3913651    2.647741         -5          4

. local rmin = r(min)

. gen relative_year_bin_aux = relative_year_bin -  `rmin' + 1

. local base = -1 - `rmin' +1

. dis `base'
5

. g post_ = (relative_year_bin>=0)

. 
. // Generating Ever treated cells
. bys unique_small_grid_id: egen TREAT_down = max(downup_ac_pop)

. gen moderator = 0

. 
. *-------------------------------------
. * 1. Dep var and RHS
. *-------------------------------------
. gen countk = count*1000

. local dep_var countk

. 
. *-------------------------------------
. * 2. Set of FE
. *-------------------------------------
. 
. local rhs "ib0.post_##ib0.treat##ib0.downup_ac_pop wind_direction av_wind_spe
> ed"

. 
. * FE specifications
. local fe12 "unique_small_grid_id_cohort province_cohort#election_year provinc
> e_cohort#c.monthyear "

. 
. * Statistics
. quietly summarize `dep_var' if treat == 1 & relative_year_bin <= -1

. local ymean_fmt = string(r(mean), "%9.3f")

. unique ac_uq_id
Number of unique values of ac_uq_id is  650
Number of records is  21854616

. local numacs = r(unique)

. 
. *****************************************************************************
> ***
. * Run Regressions
. *****************************************************************************
> ***
. 
. reghdfejl `dep_var' `rhs', absorb(`fe12') cluster(ac_area_tr)
variable ac_area_tr not found
r(111);

end of do-file
r(111);
