
  ___  ____  ____  ____  ____ ®
 /__    /   ____/   /   ____/      StataNow 19.5
___/   /   /___/   /   /___/       MP—Parallel Edition

 Statistics and Data Science       Copyright 1985-2025 StataCorp LLC
                                   StataCorp
                                   4905 Lakeway Drive
                                   College Station, Texas 77845 USA
                                   800-782-8272        https://www.stata.com
                                   979-696-4600        service@stata.com

Stata license: 4-user 16-core network, expiring 14 Sep 2026
Serial number: 501909301589
  Licensed to: University of Notre Dame
               Notre Dame, IN 46556

Notes:
      1. Stata is running in batch mode.
      2. Unicode is supported; see help unicode_advice.
      3. More than 2 billion observations are allowed; see help obs_advice.
      4. Maximum number of variables is set to 5,000 but can be increased;
          see help set_maxvar.

. do _app_18_protest_5km_fe12_did_downup_plot.do 

. *****************************************************************************
> ***
. * _app_18_protest_5km_fe12_did_downup_plot_rural.do
. * Protest DiD analysis with downup_ac_pop moderator for plotting - RURAL GRID
> S ONLY
. *****************************************************************************
> ***
. 
. *****************************************************************************
> ***
. * Setup - Only set globals if running standalone (not from master)
. *****************************************************************************
> ***
. 
. if "$root" == "" {
.     clear all
.     set more off
. 
.     * Set toggles for standalone run
.     global location "shell"
.     global sample ""
. 
.     global shell "/groups/sgulzar/sa_fires/proj_bureaucrats_farms"
.     global dbox "/Users/anzony.quisperojas/Library/CloudStorage/Dropbox/sa_fi
> res/proj_bureaucrats_farms"
. 
.     if "$location" == "dbox" {
.         global root "$dbox"
.     }
.     else {
.         global root "$shell"
.     }
. }

. 
. cd "${root}"
/groups/sgulzar/sa_fires/proj_bureaucrats_farms

. 
. *****************************************************************************
> ***
. * Import Data
. *****************************************************************************
> ***
. 
. import delimited using "${root}/data_output/intermediate/stacked_data_protest
> ${sample}.csv", clear varnames(1)
(encoding automatically selected: ISO-8859-9)
(31 vars, 189,881,483 obs)

. 
. * Merge with rice moderators
. merge m:1 unique_small_grid_id ac_uq_id using "data_output/intermediate/rice_
> moderators.dta"

    Result                      Number of obs
    -----------------------------------------
    Not matched                            98
        from master                         0  (_merge==1)
        from using                         98  (_merge==2)

    Matched                       189,881,483  (_merge==3)
    -----------------------------------------

. keep if _merge == 3
(98 observations deleted)

. drop _merge

. 
. * Merge with rural classification
. merge m:1 unique_small_grid_id using "${root}/data_output/intermediate/ghs_gr
> id_classification_2000.dta", keepusing(is_rural)

    Result                      Number of obs
    -----------------------------------------
    Not matched                        58,522
        from master                         0  (_merge==1)
        from using                     58,522  (_merge==2)

    Matched                       189,881,483  (_merge==3)
    -----------------------------------------

. keep if _merge == 3
(58,522 observations deleted)

. drop _merge

. 
. * Keep only rural grids
. keep if is_rural == 1
(41,710,453 observations deleted)

. 
. display "Observations after rural filter: " _N
Observations after rural filter: 1.482e+08

. 
. * Drop grids with more than 1 ac
. merge m:1 unique_small_grid_id using "${root}/data_output/intermediate/grids_
> with_more_1_ac.dta"

    Result                      Number of obs
    -----------------------------------------
    Not matched                   148,049,500
        from master               148,049,467  (_merge==1)
        from using                         33  (_merge==2)

    Matched                           121,563  (_merge==3)
    -----------------------------------------

. drop if dpl_ac ==1
(121,596 observations deleted)

. drop _merge

. 
. *----------------------------------------------------------------------------
> ---
. * Merge in downup_ac_pop from master data (not present in this dataset)
. *----------------------------------------------------------------------------
> ---
. preserve

. import delimited "${root}/data_output/intermediate/0_master_merge_data_gen${s
> ample}.csv", ///
>     clear varnames(1)
(encoding automatically selected: ISO-8859-2)
(77 vars, 14,837,592 obs)

. keep unique_small_grid_id monthyear downup_ac_pop

. duplicates drop unique_small_grid_id monthyear, force

Duplicates in terms of unique_small_grid_id monthyear

(0 observations are duplicates)

. tempfile downup_ac_pop_lookup

. save `downup_ac_pop_lookup'
file /tmp/934198.1.largemem/stata.934198/St319726.000002 saved as .dta format

. restore

. merge m:1 unique_small_grid_id monthyear using `downup_ac_pop_lookup', ///
>     keep(master match) keepusing(downup_ac_pop) nogen

    Result                      Number of obs
    -----------------------------------------
    Not matched                             0
    Matched                       148,049,467  
    -----------------------------------------

. 
. *****************************************************************************
> ***
. * Generate Variables
. *****************************************************************************
> ***
. 
. sum relative_year_bin

    Variable |        Obs        Mean    Std. dev.       Min        Max
-------------+---------------------------------------------------------
relative_y~n |148,049,467   -3.735022    2.741565         -8          1

. local rmin = r(min)

. gen post_ = relative_year_bin >= 0

. gen moderator = 0

. 
. local dep_var countk

. local rhs "ib0.post_##ib0.treat##ib0.downup_ac_pop wind_direction av_wind_spe
> ed"

. 
. * FE specifications
. local fe12 "unique_small_grid_id_cohort province_cohort#election_year provinc
> e_cohort#c.monthyear "

. 
. * Statistics
. quietly summarize `dep_var' if treat == 1 & relative_year_bin <= -1

. local ymean_fmt = string(r(mean), "%9.3f")

. unique ac_uq_id
Number of unique values of ac_uq_id is  808
Number of records is  148049467

. local numacs = r(unique)

. 
. *****************************************************************************
> ***
. * Run Regressions
. *****************************************************************************
> ***
. 
. reghdfejl `dep_var' `rhs', absorb(`fe12') cluster(ac_area_tr)
(MWFE estimator converged in 20 iterations)

HDFE linear regression with Julia                 Number of obs   =  148049467
Absorbing 3 HDFE groups                           F(   8,   1651) =      32.04
Statistics cluster-robust                         Prob > F        =     0.0000
                                                  R-squared       =     0.1038
                                                  Adj R-squared   =     0.0958
Number of clusters (ac_area_tr) =       1652      Within R-sq.    =     0.0077
                                                  Root MSE        =   831.8274

                         (Std. err. adjusted for 1,652 clusters in ac_area_tr)
------------------------------------------------------------------------------
             |               Robust
      countk | Coefficient  std. err.      t    P>|t|     [95% conf. interval]
-------------+----------------------------------------------------------------
     1.post_ |   10.75368    3.89376     2.76   0.006     3.116455    18.39091
     1.treat |          0  (omitted)
1.downup_a~p |  -8.238556   3.986163    -2.07   0.039    -16.05702   -.4200886
wind_direc~n |  -1.244877   .0993584   -12.53   0.000    -1.439758   -1.049995
av_wind_sp~d |   65.68869   7.519655     8.74   0.000     50.93963    80.43776
             |
 post_#treat |
        1 1  |   60.00174   13.42836     4.47   0.000     33.66333    86.34014
             |
       post_#|
downup_ac_~p |
        1 1  |   9.855411   2.911836     3.38   0.001      4.14413    15.56669
             |
       treat#|
downup_ac_~p |
        1 1  |   36.17383   28.27382     1.28   0.201     -19.2825    91.63016
             |
 post_#treat#|
downup_ac_~p |
      1 1 1  |  -10.28436    14.8133    -0.69   0.488     -39.3392    18.77047
------------------------------------------------------------------------------

. est store evreg1 

. 
. *****************************************************************************
> ***
. * Save ster file
. *****************************************************************************
> ***
. 
. estwrite evreg* using "${root}/tex/paper/tables/_app_18_protest_5km_fe12_did_
> downup_plot${sample}_rural_acpop.ster", replace
(saving evreg1)
(file /groups/sgulzar/sa_fires/proj_bureaucrats_farms/tex/paper/tables/_app_18_
> protest_5km_fe12_did_downup_plot_rural_acpop.ster saved)

. 
. display "Ster: ${root}/tex/paper/tables/_app_18_protest_5km_fe12_did_downup_p
> lot${sample}_rural_acpop.ster"
Ster: /groups/sgulzar/sa_fires/proj_bureaucrats_farms/tex/paper/tables/_app_18_
> protest_5km_fe12_did_downup_plot_rural_acpop.ster

. 
. *****************************************************************************
> ***
. 
end of do-file
