
  ___  ____  ____  ____  ____ ®
 /__    /   ____/   /   ____/      StataNow 19.5
___/   /   /___/   /   /___/       MP—Parallel Edition

 Statistics and Data Science       Copyright 1985-2025 StataCorp LLC
                                   StataCorp
                                   4905 Lakeway Drive
                                   College Station, Texas 77845 USA
                                   800-782-8272        https://www.stata.com
                                   979-696-4600        service@stata.com

Stata license: 4-user 16-core network, expiring 14 Sep 2026
Serial number: 501909301589
  Licensed to: University of Notre Dame
               Notre Dame, IN 46556

Notes:
      1. Stata is running in batch mode.
      2. Unicode is supported; see help unicode_advice.
      3. More than 2 billion observations are allowed; see help obs_advice.
      4. Maximum number of variables is set to 5,000 but can be increased;
          see help set_maxvar.

. do /users/aquisper/proj_bureaucrats_farms/code/_stacked_downup_replication/ex
> ploratory_analysis/politician_byprov_fe_sweep/_politician_byprov_fe_sweep.do 

. *****************************************************************************
> ***
. * Exploratory politician event-study fixed-effect sweep
. *
. * Input (cluster only):
. *   politicians_characteristics_byprov.csv
. *
. * One invocation estimates exactly one FE specification on the input dataset'
> s
. * unchanged control composition for two distinct analyses:
. *   1. Baseline politician event study, years -5,...,4, omitting -1.
. *   2. DiD interaction: post x treat x downup_ac_pop, following _app_19.
. *
. * The first command-line argument selects FE 1,...,32. If absent, $fe_list is
. * used; standalone runs default to FE 1.
. *****************************************************************************
> ***
. 
. version 17

. 
. args fe_arg

. local fe_env : environment POL_BYPROV_FE_ID

. 
. if "$root" == "" {
.     clear all
.     set more off
. 
.     * Standalone defaults for the five sbatch-array parameters:
.     * location, sample, is_rural_var, fe_list, and ster_suffix.
.     global location     "shell"
.     global sample       ""
.     global is_rural_var "is_rural"
.     global fe_list      "1"
.     global ster_suffix  "_acpop"
. 
.     global shell "/groups/sgulzar/sa_fires/proj_bureaucrats_farms"
.     global dbox  "C:/Users/eunic/Dropbox/sa_fires/proj_bureaucrats_farms"
.     global code_shell "/users/aquisper/proj_bureaucrats_farms/code/_stacked_d
> ownup_replication"
.     global code_dbox  "C:/Users/eunic/OneDrive/Documents/GitHub/proj_bureaucr
> ats_farms/code/_stacked_downup_replication"
. 
.     if "$location" == "dbox" {
.         global root "$dbox"
.         global code "$code_dbox"
.     }
.     else {
.         global root "$shell"
.         global code "$code_shell"
.     }
.     quietly do "${code}/estsave_csv.ado"
. }

. 
. if "`fe_arg'" != "" {
.     global fe_list "`fe_arg'"
. }

. else if "`fe_env'" != "" {
.     global fe_list "`fe_env'"
. }

. local n_fe : word count $fe_list

. if `n_fe' != 1 {
.     display as error "This exploratory job must receive exactly one FE id; re
> ceived: $fe_list"
.     exit 198
. }

. local selected_fe : word 1 of $fe_list

. if !inrange(real("`selected_fe'"), 1, 32) | real("`selected_fe'") != floor(re
> al("`selected_fe'")) {
.     display as error "FE id must be an integer from 1 through 32; received: `
> selected_fe'"
.     exit 198
. }

. 
. global int_data "${root}/data_output/intermediate"

. global tables_root "${code}/../../tables"

. global tables "${tables_root}/exploratory_analysis/politician_byprov_fe_sweep
> "

. global figures_root "${code}/../../figures"

. global figures "${figures_root}/exploratory_analysis/politician_byprov_fe_swe
> ep"

. capture mkdir "${tables_root}/exploratory_analysis"

. capture mkdir "${tables}"

. capture mkdir "${figures_root}/exploratory_analysis"

. capture mkdir "${figures}"

. 
. local input_file "${int_data}/politicians_characteristics_byprov${sample}.csv
> "

. confirm file "`input_file'"

. display as text "Input: `input_file'"
Input: /groups/sgulzar/sa_fires/proj_bureaucrats_farms/data_output/intermediate
> /politicians_characteristics_byprov.csv

. display as text "Selected FE: `selected_fe'"
Selected FE: 22

. import delimited using "`input_file'", clear varnames(1)
(encoding automatically selected: ISO-8859-1)
(27 vars, 16,167,680 obs)

. 
. * The stack may retain the source name relative_year.
. capture confirm variable relative_year_bin

. if _rc {
.     confirm variable relative_year
.     rename relative_year relative_year_bin
. }

. 
. local required ///
>     unique_small_grid_id province ac_uq_id count month year monthyear ///
>     downup_ac_pop av_wind_speed wind_direction election_year yeargov ///
>     treat control_type cohort cohort_id cohort_province relative_year_bin

. foreach variable of local required {
  2.     capture confirm variable `variable'
  3.     if _rc {
  4.         display as error "Required variable absent from politicians_charac
> teristics_byprov.csv: `variable'"
  5.         exit 111
  6.     }
  7. }

. 
. capture drop countk

. gen double countk = count * 1000

. 
. merge m:1 unique_small_grid_id using ///
>     "${int_data}/ghs_grid_classification_2000.dta", ///
>     keep(master match) keepusing(is_rural)

    Result                      Number of obs
    -----------------------------------------
    Not matched                             0
    Matched                        16,167,680  (_merge==3)
    -----------------------------------------

. count if _merge == 1
  0

. display as text "Rows without rural classification: " r(N)
Rows without rural classification: 0

. drop _merge

. keep if ${is_rural_var} == 1
(4,134,646 observations deleted)

. keep if year < 2022 | (year == 2022 & month <= 8)
(2,321,348 observations deleted)

. 
. * Enforce a common complete-case sample before the FE sweep. This makes all 3
> 2
. * specifications directly comparable rather than allowing FE-specific samples
> .
. gen byte fe_complete = 1

. local complete_vars ///
>     unique_small_grid_id province ac_uq_id month year monthyear election_year
>  ///
>     yeargov cohort cohort_id cohort_province countk downup_ac_pop ///
>     av_wind_speed wind_direction treat control_type relative_year_bin

. foreach variable of local complete_vars {
  2.     replace fe_complete = 0 if missing(`variable')
  3. }
(0 real changes made)
(0 real changes made)
(0 real changes made)
(0 real changes made)
(0 real changes made)
(0 real changes made)
(0 real changes made)
(0 real changes made)
(0 real changes made)
(0 real changes made)
(0 real changes made)
(0 real changes made)
(0 real changes made)
(0 real changes made)
(0 real changes made)
(0 real changes made)
(0 real changes made)
(0 real changes made)

. count if fe_complete == 0
  0

. display as text "Rows removed by common FE complete-case restriction: " r(N)
Rows removed by common FE complete-case restriction: 0

. drop if fe_complete == 0
(0 observations deleted)

. drop fe_complete

. 
. *****************************************************************************
> ***
. * Enforce the province-election cohort definition.
. *
. * `cohort' is the calendar switching month and can legitimately repeat across
. * provinces (Punjab and Uttar Pradesh share April 2017 and April 2022).
. * `cohort_id' is the unique province-election cohort and must therefore be us
> ed
. * in every cohort-specific FE and clustering identifier.
. *****************************************************************************
> ***
. assert cohort_id == floor(cohort_id) & cohort_id > 0

. assert inlist(treat, 0, 1)

. assert control_type == 0 if treat == 1

. assert inlist(control_type, 1, 2) if treat == 0

. 
. sort cohort_id unique_small_grid_id monthyear

. by cohort_id: assert province == province[1]

. by cohort_id: assert cohort == cohort[1]

. by cohort_id: assert cohort_province == cohort_province[1]

. by cohort_id unique_small_grid_id: assert province == province[1]

. by cohort_id unique_small_grid_id: assert treat == treat[1]

. by cohort_id unique_small_grid_id: assert control_type == control_type[1]

. isid unique_small_grid_id monthyear cohort_id treat

. 
. by cohort_id: egen byte cohort_has_treated = max(treat == 1)

. by cohort_id: egen byte cohort_has_control = max(treat == 0)

. assert cohort_has_treated == 1

. assert cohort_has_control == 1

. drop cohort_has_treated cohort_has_control

. 
. egen byte cohort_tag = tag(cohort_id)

. count if cohort_tag == 1
  8

. local number_cohorts = r(N)

. drop cohort_tag

. display as result "Validated province-election cohort_id groups: `number_coho
> rts'"
Validated province-election cohort_id groups: 8

. 
. egen long unique_small_grid_id_cohort = group(unique_small_grid_id cohort_id)

. egen long province_cohort = group(province cohort_id)

. egen long monthyearco = group(monthyear cohort_id)

. egen long ac_elec_yr = group(ac_uq_id election_year cohort_id)

. 
. * Exact exploratory FE grid supplied for this analysis.
. local fe1  "unique_small_grid_id_cohort"

. local fe2  "unique_small_grid_id_cohort monthyearco"

. local fe3  "unique_small_grid_id_cohort province_cohort#c.monthyear"

. local fe4  "unique_small_grid_id_cohort yeargov"

. local fe5  "unique_small_grid_id_cohort province_cohort#election_year"

. local fe6  "unique_small_grid_id_cohort province_cohort#election_year#yeargov
> "

. local fe7  "unique_small_grid_id_cohort monthyearco province_cohort#c.monthye
> ar"

. local fe8  "unique_small_grid_id_cohort monthyearco yeargov"

. local fe9  "unique_small_grid_id_cohort monthyearco province_cohort#election_
> year"

. local fe10 "unique_small_grid_id_cohort monthyearco province_cohort#election_
> year#yeargov"

. local fe11 "unique_small_grid_id_cohort province_cohort#c.monthyear yeargov"

. local fe12 "unique_small_grid_id_cohort province_cohort#c.monthyear province_
> cohort#election_year"

. local fe13 "unique_small_grid_id_cohort province_cohort#c.monthyear province_
> cohort#election_year#yeargov"

. local fe14 "unique_small_grid_id_cohort yeargov province_cohort#election_year
> "

. local fe15 "unique_small_grid_id_cohort yeargov province_cohort#election_year
> #yeargov"

. local fe16 "unique_small_grid_id_cohort province_cohort#election_year provinc
> e_cohort#election_year#yeargov"

. local fe17 "unique_small_grid_id_cohort monthyearco province_cohort#c.monthye
> ar yeargov"

. local fe18 "unique_small_grid_id_cohort monthyearco province_cohort#c.monthye
> ar province_cohort#election_year"

. local fe19 "unique_small_grid_id_cohort monthyearco province_cohort#c.monthye
> ar province_cohort#election_year#yeargov"

. local fe20 "unique_small_grid_id_cohort monthyearco yeargov province_cohort#e
> lection_year"

. local fe21 "unique_small_grid_id_cohort monthyearco yeargov province_cohort#e
> lection_year#yeargov"

. local fe22 "unique_small_grid_id_cohort monthyearco province_cohort#election_
> year province_cohort#election_year#yeargov"

. local fe23 "unique_small_grid_id_cohort province_cohort#c.monthyear yeargov p
> rovince_cohort#election_year"

. local fe24 "unique_small_grid_id_cohort province_cohort#c.monthyear yeargov p
> rovince_cohort#election_year#yeargov"

. local fe25 "unique_small_grid_id_cohort province_cohort#c.monthyear province_
> cohort#election_year province_cohort#election_year#yeargov"

. local fe26 "unique_small_grid_id_cohort yeargov province_cohort#election_year
>  province_cohort#election_year#yeargov"

. local fe27 "unique_small_grid_id_cohort monthyearco province_cohort#c.monthye
> ar yeargov province_cohort#election_year"

. local fe28 "unique_small_grid_id_cohort monthyearco province_cohort#c.monthye
> ar yeargov province_cohort#election_year#yeargov"

. local fe29 "unique_small_grid_id_cohort monthyearco province_cohort#c.monthye
> ar province_cohort#election_year province_cohort#election_year#yeargov"

. local fe30 "unique_small_grid_id_cohort monthyearco yeargov province_cohort#e
> lection_year province_cohort#election_year#yeargov"

. local fe31 "unique_small_grid_id_cohort province_cohort#c.monthyear yeargov p
> rovince_cohort#election_year province_cohort#election_year#yeargov"

. local fe32 "unique_small_grid_id_cohort monthyearco province_cohort#c.monthye
> ar yeargov province_cohort#election_year province_cohort#election_year#yeargo
> v"

. 
. local fespec "`fe`selected_fe''"

. display as result "FE `selected_fe': `fespec'"
FE 22: unique_small_grid_id_cohort monthyearco province_cohort#election_year pr
> ovince_cohort#election_year#yeargov

. 
. local fe_tag : display %02.0f `selected_fe'

. local fe_tag = strtrim("`fe_tag'")

. 
. tempfile full_analysis_sample

. save `full_analysis_sample'
file /tmp/1365735.1.largemem/St1763106.000001 saved as .dta format

. 
. *****************************************************************************
> ***
. * 1. Baseline event study. The moderator stub preserves the standard triple-
. * interaction wiring while collapsing to the unmoderated event study.
. *****************************************************************************
> ***
. 
. use `full_analysis_sample', clear

. keep if inrange(relative_year_bin, -5, 4)
(1,577,804 observations deleted)

. quietly summarize relative_year_bin

. local rmin = r(min)

. local rmax = r(max)

. assert `rmin' == -5

. assert `rmax' == 4

. gen int relative_year_bin_aux = relative_year_bin - `rmin' + 1

. local base = -1 - `rmin' + 1

. gen byte moderator = 0

. * local moderators_list moderator downup_ac rice_area_aclvl_ahigh rice_harvar
> ea_aclvl_ahigh rice_prod_aclvl_ahigh
. local moderators_list moderator

. 
. count if treat == 1
  3,324,700

. local event_n_treated = r(N)

. count if treat == 0
  4,809,182

. local event_n_control = r(N)

. egen byte event_tag_ac = tag(ac_uq_id)

. count if event_tag_ac == 1
  689

. local event_numacs = r(N)

. drop event_tag_ac

. 
. quietly summarize countk if treat == 1 & relative_year_bin <= -1

. local event_ymean = r(mean)

. quietly summarize countk if treat == 1 & relative_year_bin <= -1 & moderator 
> == 1

. local event_ymean2 = r(mean)

. 
. est clear

. local event_i = 1

. foreach mod of local moderators_list {
  2.     replace moderator = `mod'
  3.     local event_rhs "ib`base'.relative_year_bin_aux##ib0.treat##ib0.`mod' 
> wind_direction av_wind_speed"
  4.     local event_estname evreg`event_i'
  5.     local event_i = `event_i' + 1
  6. 
.     reghdfejl countk `event_rhs', absorb(`fespec') vce(cluster ac_elec_yr)
  7.     estadd scalar ymean = `event_ymean'
  8.     estadd scalar ymean2 = `event_ymean2'
  9.     estadd scalar acq = `event_numacs'
 10.     estadd scalar fe_id = `selected_fe'
 11.     estadd scalar n_treated = `event_n_treated'
 12.     estadd scalar n_control = `event_n_control'
 13.     estadd scalar n_cohorts = `number_cohorts'
 14.     estadd local smpl "Rural"
 15.     estadd local fespec "`fespec'"
 16.     estadd local mod "`mod'"
 17.     estadd local controls "unchanged full control composition"
 18.     estadd local cohortvar "cohort_id"
 19.     est store `event_estname'
 20. }
(0 real changes made)
(MWFE estimator converged in 11 iterations)

HDFE linear regression with Julia                 Number of obs   =  8,133,882
Absorbing 4 HDFE groups                           F(  11,   2149) =       9.19
Statistics cluster-robust                         Prob > F        =     0.0000
                                                  R-squared       =     0.3764
                                                  Adj R-squared   =     0.3684
Number of clusters (ac_elec_yr) =       2149      Within R-sq.    =     0.0003
                                                  Root MSE        =   805.5440

                         (Std. err. adjusted for 2,149 clusters in ac_elec_yr)
------------------------------------------------------------------------------
             |               Robust
      countk | Coefficient  std. err.      t    P>|t|     [95% conf. interval]
-------------+----------------------------------------------------------------
relative_y~x |
          1  |          0  (omitted)
          2  |          0  (omitted)
          3  |          0  (omitted)
          4  |          0  (omitted)
          6  |          0  (omitted)
          7  |          0  (omitted)
          8  |          0  (omitted)
          9  |          0  (omitted)
         10  |          0  (omitted)
             |
     1.treat |          0  (omitted)
wind_direc~n |  -.1596408   .0165819    -9.63   0.000    -.1921591   -.1271225
av_wind_sp~d |  -44.38597   12.16133    -3.65   0.000    -68.23516   -20.53678
             |
relative_y~x#|
       treat |
        1 1  |  -3.553224   7.785251    -0.46   0.648    -18.82063    11.71419
        2 1  |   .7068978   5.825454     0.12   0.903    -10.71722    12.13101
        3 1  |    5.50047   6.691315     0.82   0.411    -7.621657     18.6226
        4 1  |   .3132599   5.857806     0.05   0.957     -11.1743    11.80082
        6 1  |   13.26824   6.226323     2.13   0.033     1.057994    25.47849
        7 1  |   16.51972   6.520465     2.53   0.011     3.732643     29.3068
        8 1  |   15.19545   7.437696     2.04   0.041     .6096164    29.78128
        9 1  |   14.98697   8.017066     1.87   0.062    -.7350503    30.70898
       10 1  |   10.90085   8.601002     1.27   0.205    -5.966307      27.768
------------------------------------------------------------------------------

added scalar:
              e(ymean) =  110.67337

added scalar:
             e(ymean2) =  .

added scalar:
                e(acq) =  689

added scalar:
              e(fe_id) =  22

added scalar:
          e(n_treated) =  3324700

added scalar:
          e(n_control) =  4809182

added scalar:
          e(n_cohorts) =  8

added macro:
               e(smpl) : "Rural"

added macro:
             e(fespec) : "unique_small_grid_id_cohort monthyearco province_coho
> rt#election_year province_cohort#election_year#yeargov"

added macro:
                e(mod) : "moderator"

added macro:
           e(controls) : "unchanged full control composition"

added macro:
          e(cohortvar) : "cohort_id"

. 
. local event_outbase "${tables}/politician_byprov_fe`fe_tag'_event${sample}_ru
> ral${ster_suffix}_all"

. estwrite evreg1 using "`event_outbase'.ster", replace
(saving evreg1)
(file /users/aquisper/proj_bureaucrats_farms/code/_stacked_downup_replication/.
> ./../tables/exploratory_analysis/politician_byprov_fe_sweep/politician_byprov
> _fe22_event_rural_acpop_all.ster saved)

. estsave_csv evreg1 using "`event_outbase'.csv", replace
(21 missing values generated)
(21 missing values generated)
(21 missing values generated)
(21 missing values generated)
(21 missing values generated)
(21 missing values generated)
(21 missing values generated)
(21 missing values generated)
(21 missing values generated)
(21 missing values generated)
(21 missing values generated)
(21 missing values generated)
(21 missing values generated)
(21 missing values generated)
(21 missing values generated)
(21 missing values generated)
(21 missing values generated)
(21 missing values generated)
(21 missing values generated)
(21 missing values generated)
(21 missing values generated)
(21 missing values generated)
(21 missing values generated)
Estimates exported to /users/aquisper/proj_bureaucrats_farms/code/_stacked_down
> up_replication/../../tables/exploratory_analysis/politician_byprov_fe_sweep/p
> olitician_byprov_fe22_event_rural_acpop_all.csv

. confirm file "`event_outbase'.ster"

. confirm file "`event_outbase'.csv"

. confirm file "`event_outbase'_scalars.csv"

. display as result "Saved event study: `event_outbase'"
Saved event study: /users/aquisper/proj_bureaucrats_farms/code/_stacked_downup_
> replication/../../tables/exploratory_analysis/politician_byprov_fe_sweep/poli
> tician_byprov_fe22_event_rural_acpop_all

. 
. *****************************************************************************
> ***
. * 2. DiD interaction, following _app_19_polischar_fe12_did_downup_inter_plot.
. * Use the same -5,...,4 event window as the event study. This keeps exactly
. * the immediately preceding and current election terms in every cohort_id.
. *****************************************************************************
> ***
. 
. use `full_analysis_sample', clear

. keep if inrange(relative_year_bin, -5, 4)
(1,577,804 observations deleted)

. gen byte post_ = relative_year_bin >= 0

. gen byte moderator = downup_ac_pop

. 
. count if treat == 1
  3,324,700

. local did_n_treated = r(N)

. count if treat == 0
  4,809,182

. local did_n_control = r(N)

. egen byte did_tag_ac = tag(ac_uq_id)

. count if did_tag_ac == 1
  689

. local did_numacs = r(N)

. drop did_tag_ac

. 
. quietly summarize countk if treat == 1 & relative_year_bin <= -1

. local did_ymean = r(mean)

. quietly summarize countk if treat == 1 & relative_year_bin <= -1 & moderator 
> == 1

. local did_ymean2 = r(mean)

. local did_rhs "ib0.post_##ib0.treat##ib0.downup_ac_pop wind_direction av_wind
> _speed"

. 
. est clear

. reghdfejl countk `did_rhs', absorb(`fespec') vce(cluster ac_elec_yr)
(MWFE estimator converged in 11 iterations)

HDFE linear regression with Julia                 Number of obs   =  8,133,882
Absorbing 4 HDFE groups                           F(   7,   2149) =      14.61
Statistics cluster-robust                         Prob > F        =     0.0000
                                                  R-squared       =     0.3764
                                                  Adj R-squared   =     0.3684
Number of clusters (ac_elec_yr) =       2149      Within R-sq.    =     0.0003
                                                  Root MSE        =   805.5441

                         (Std. err. adjusted for 2,149 clusters in ac_elec_yr)
------------------------------------------------------------------------------
             |               Robust
      countk | Coefficient  std. err.      t    P>|t|     [95% conf. interval]
-------------+----------------------------------------------------------------
     1.post_ |          0  (omitted)
     1.treat |          0  (omitted)
1.downup_a~p |   3.101726   4.551793     0.68   0.496    -5.824652     12.0281
wind_direc~n |  -.1596002   .0165668    -9.63   0.000    -.1920889   -.1271115
av_wind_sp~d |  -44.41723   12.15104    -3.66   0.000    -68.24626    -20.5882
             |
 post_#treat |
        1 1  |   12.48537   6.294919     1.98   0.047     .1406045    24.83014
             |
       post_#|
downup_ac_~p |
        1 1  |  -1.787336   5.637262    -0.32   0.751    -12.84239    9.267721
             |
       treat#|
downup_ac_~p |
        1 1  |  -3.640482   6.101366    -0.60   0.551    -15.60568    8.324715
             |
 post_#treat#|
downup_ac_~p |
      1 1 1  |   1.268879   8.287674     0.15   0.878    -14.98382    17.52158
------------------------------------------------------------------------------

. estadd scalar ymean = `did_ymean'

added scalar:
              e(ymean) =  110.67337

. estadd scalar ymean2 = `did_ymean2'

added scalar:
             e(ymean2) =  111.59452

. estadd scalar acq = `did_numacs'

added scalar:
                e(acq) =  689

. estadd scalar fe_id = `selected_fe'

added scalar:
              e(fe_id) =  22

. estadd scalar n_treated = `did_n_treated'

added scalar:
          e(n_treated) =  3324700

. estadd scalar n_control = `did_n_control'

added scalar:
          e(n_control) =  4809182

. estadd scalar n_cohorts = `number_cohorts'

added scalar:
          e(n_cohorts) =  8

. estadd local smpl "Rural"

added macro:
               e(smpl) : "Rural"

. estadd local fespec "`fespec'"

added macro:
             e(fespec) : "unique_small_grid_id_cohort monthyearco province_coho
> rt#election_year province_cohort#election_year#yeargov"

. estadd local mod "downup_ac_pop"

added macro:
                e(mod) : "downup_ac_pop"

. estadd local controls "unchanged full control composition"

added macro:
           e(controls) : "unchanged full control composition"

. estadd local cohortvar "cohort_id"

added macro:
          e(cohortvar) : "cohort_id"

. est store evreg1

. 
. local did_outbase "${tables}/politician_byprov_fe`fe_tag'_did_interaction${sa
> mple}_rural${ster_suffix}_all"

. estwrite evreg1 using "`did_outbase'.ster", replace
(saving evreg1)
(file /users/aquisper/proj_bureaucrats_farms/code/_stacked_downup_replication/.
> ./../tables/exploratory_analysis/politician_byprov_fe_sweep/politician_byprov
> _fe22_did_interaction_rural_acpop_all.ster saved)

. estsave_csv evreg1 using "`did_outbase'.csv", replace
(9 missing values generated)
(9 missing values generated)
(9 missing values generated)
(9 missing values generated)
(9 missing values generated)
(9 missing values generated)
(9 missing values generated)
(9 missing values generated)
(9 missing values generated)
(9 missing values generated)
(9 missing values generated)
Estimates exported to /users/aquisper/proj_bureaucrats_farms/code/_stacked_down
> up_replication/../../tables/exploratory_analysis/politician_byprov_fe_sweep/p
> olitician_byprov_fe22_did_interaction_rural_acpop_all.csv

. confirm file "`did_outbase'.ster"

. confirm file "`did_outbase'.csv"

. confirm file "`did_outbase'_scalars.csv"

. display as result "Saved DiD interaction: `did_outbase'"
Saved DiD interaction: /users/aquisper/proj_bureaucrats_farms/code/_stacked_dow
> nup_replication/../../tables/exploratory_analysis/politician_byprov_fe_sweep/
> politician_byprov_fe22_did_interaction_rural_acpop_all

. 
. * Preserve the established interaction-plot format exactly.
. quietly do "${code}/interaction_graph.ado"

. interaction_graph using "`did_outbase'.ster", ///
>     estimates(1) ///
>     output("${figures}/politician_byprov_fe`fe_tag'_did_interaction_rural_acp
> op_all") ///
>     type(politician) modvar(downup_ac_pop)

-------------------------------------------------------------------------------
             |           Dependent  Number of        
        Name | Command    variable     param.  Title 
-------------+-----------------------------------------------------------------
      evreg1 | reghdfejl    countk          9  HDFE linear regression with
             |                                 Julia
-------------------------------------------------------------------------------
(results evreg1 are active now)
number of observations will be reset to 4
Press any key to continue, or Break to abort
Number of observations (_N) was 0, now 4.
(4 missing values generated)
(1 real change made)
(1 real change made)
(1 real change made)
(1 real change made)
Number of observations (_N) was 4, now 5.
(1 real change made)
(1 real change made)
(1 real change made)
(file /users/aquisper/proj_bureaucrats_farms/code/_stacked_downup_replication/.
> ./../figures/exploratory_analysis/politician_byprov_fe_sweep/politician_bypro
> v_fe22_did_interaction_rural_acpop_all_1.png not found)
