
  ___  ____  ____  ____  ____ ®
 /__    /   ____/   /   ____/      StataNow 19.5
___/   /   /___/   /   /___/       MP—Parallel Edition

 Statistics and Data Science       Copyright 1985-2025 StataCorp LLC
                                   StataCorp
                                   4905 Lakeway Drive
                                   College Station, Texas 77845 USA
                                   800-782-8272        https://www.stata.com
                                   979-696-4600        service@stata.com

Stata license: 4-user 16-core network, expiring 14 Sep 2026
Serial number: 501909301589
  Licensed to: University of Notre Dame
               Notre Dame, IN 46556

Notes:
      1. Stata is running in batch mode.
      2. Unicode is supported; see help unicode_advice.
      3. More than 2 billion observations are allowed; see help obs_advice.
      4. Maximum number of variables is set to 5,000 but can be increased;
          see help set_maxvar.

. do /users/aquisper/proj_bureaucrats_farms/code/_stacked_downup_replication/ex
> ploratory_analysis/politician_byprov_fe_sweep/_politician_byprov_fe_sweep.do 

. *****************************************************************************
> ***
. * Exploratory politician event-study fixed-effect sweep
. *
. * Input (cluster only):
. *   politicians_characteristics_byprov.csv
. *
. * One invocation estimates exactly one FE specification on the input dataset'
> s
. * unchanged control composition and for two moderators:
. *   moderator     = baseline event study
. *   downup_ac_pop = interaction event study
. *
. * The first command-line argument selects FE 1,...,32. If absent, $fe_list is
. * used; standalone runs default to FE 1.
. *****************************************************************************
> ***
. 
. version 17

. 
. args fe_arg

. local fe_env : environment POL_BYPROV_FE_ID

. 
. if "$root" == "" {
.     clear all
.     set more off
. 
.     * Standalone defaults for the five sbatch-array parameters:
.     * location, sample, is_rural_var, fe_list, and ster_suffix.
.     global location     "shell"
.     global sample       ""
.     global is_rural_var "is_rural"
.     global fe_list      "1"
.     global ster_suffix  "_acpop"
. 
.     global shell "/groups/sgulzar/sa_fires/proj_bureaucrats_farms"
.     global dbox  "C:/Users/eunic/Dropbox/sa_fires/proj_bureaucrats_farms"
.     global code_shell "/users/aquisper/proj_bureaucrats_farms/code/_stacked_d
> ownup_replication"
.     global code_dbox  "C:/Users/eunic/OneDrive/Documents/GitHub/proj_bureaucr
> ats_farms/code/_stacked_downup_replication"
. 
.     if "$location" == "dbox" {
.         global root "$dbox"
.         global code "$code_dbox"
.     }
.     else {
.         global root "$shell"
.         global code "$code_shell"
.     }
.     quietly do "${code}/estsave_csv.ado"
. }

. 
. if "`fe_arg'" != "" {
.     global fe_list "`fe_arg'"
. }

. else if "`fe_env'" != "" {
.     global fe_list "`fe_env'"
. }

. local n_fe : word count $fe_list

. if `n_fe' != 1 {
.     display as error "This exploratory job must receive exactly one FE id; re
> ceived: $fe_list"
.     exit 198
. }

. local selected_fe : word 1 of $fe_list

. if !inrange(real("`selected_fe'"), 1, 32) | real("`selected_fe'") != floor(re
> al("`selected_fe'")) {
.     display as error "FE id must be an integer from 1 through 32; received: `
> selected_fe'"
.     exit 198
. }

. 
. global int_data "${root}/data_output/intermediate"

. global tables_root "${code}/../../tables"

. global tables "${tables_root}/exploratory_analysis/politician_byprov_fe_sweep
> "

. capture mkdir "${tables_root}/exploratory_analysis"

. capture mkdir "${tables}"

. 
. local input_file "${int_data}/politicians_characteristics_byprov${sample}.csv
> "

. confirm file "`input_file'"

. display as text "Input: `input_file'"
Input: /groups/sgulzar/sa_fires/proj_bureaucrats_farms/data_output/intermediate
> /politicians_characteristics_byprov.csv

. display as text "Selected FE: `selected_fe'"
Selected FE: 7

. import delimited using "`input_file'", clear varnames(1)
(encoding automatically selected: ISO-8859-1)
(27 vars, 16,167,680 obs)

. 
. * The stack may retain the source name relative_year.
. capture confirm variable relative_year_bin

. if _rc {
.     confirm variable relative_year
.     rename relative_year relative_year_bin
. }

. 
. local required ///
>     unique_small_grid_id province ac_uq_id count month year monthyear ///
>     downup_ac_pop av_wind_speed wind_direction election_year yeargov ///
>     treat cohort relative_year_bin

. foreach variable of local required {
  2.     capture confirm variable `variable'
  3.     if _rc {
  4.         display as error "Required variable absent from politicians_charac
> teristics_byprov.csv: `variable'"
  5.         exit 111
  6.     }
  7. }

. 
. capture drop countk

. gen double countk = count * 1000

. 
. merge m:1 unique_small_grid_id using ///
>     "${int_data}/ghs_grid_classification_2000.dta", ///
>     keep(master match) keepusing(is_rural)

    Result                      Number of obs
    -----------------------------------------
    Not matched                             0
    Matched                        16,167,680  (_merge==3)
    -----------------------------------------

. count if _merge == 1
  0

. display as text "Rows without rural classification: " r(N)
Rows without rural classification: 0

. drop _merge

. keep if ${is_rural_var} == 1
(4,134,646 observations deleted)

. keep if year < 2022 | (year == 2022 & month <= 8)
(2,321,348 observations deleted)

. keep if inrange(relative_year_bin, -5, 4)
(1,577,804 observations deleted)

. 
. * Enforce a common complete-case sample before the FE sweep. This makes all 3
> 2
. * specifications directly comparable rather than allowing FE-specific samples
> .
. gen byte fe_complete = 1

. local complete_vars ///
>     unique_small_grid_id province ac_uq_id month year monthyear election_year
>  ///
>     yeargov cohort countk downup_ac_pop av_wind_speed wind_direction treat //
> /
>     relative_year_bin

. foreach variable of local complete_vars {
  2.     replace fe_complete = 0 if missing(`variable')
  3. }
(0 real changes made)
(0 real changes made)
(0 real changes made)
(0 real changes made)
(0 real changes made)
(0 real changes made)
(0 real changes made)
(0 real changes made)
(0 real changes made)
(0 real changes made)
(0 real changes made)
(0 real changes made)
(0 real changes made)
(0 real changes made)
(0 real changes made)

. count if fe_complete == 0
  0

. display as text "Rows removed by common FE complete-case restriction: " r(N)
Rows removed by common FE complete-case restriction: 0

. drop if fe_complete == 0
(0 observations deleted)

. drop fe_complete

. 
. egen long unique_small_grid_id_cohort = group(unique_small_grid_id cohort)

. egen long province_cohort = group(province cohort)

. egen long monthyearco = group(month year cohort)

. egen long ac_elec_yr = group(ac_uq_id election_year cohort)

. 
. quietly summarize relative_year_bin

. local rmin = r(min)

. local rmax = r(max)

. assert `rmin' == -5

. assert `rmax' == 4

. gen int relative_year_bin_aux = relative_year_bin - `rmin' + 1

. local base = -1 - `rmin' + 1

. 
. * Exact exploratory FE grid supplied for this analysis.
. local fe1  "unique_small_grid_id_cohort"

. local fe2  "unique_small_grid_id_cohort monthyearco"

. local fe3  "unique_small_grid_id_cohort province_cohort#c.monthyear"

. local fe4  "unique_small_grid_id_cohort yeargov"

. local fe5  "unique_small_grid_id_cohort province_cohort#election_year"

. local fe6  "unique_small_grid_id_cohort province_cohort#election_year#yeargov
> "

. local fe7  "unique_small_grid_id_cohort monthyearco province_cohort#c.monthye
> ar"

. local fe8  "unique_small_grid_id_cohort monthyearco yeargov"

. local fe9  "unique_small_grid_id_cohort monthyearco province_cohort#election_
> year"

. local fe10 "unique_small_grid_id_cohort monthyearco province_cohort#election_
> year#yeargov"

. local fe11 "unique_small_grid_id_cohort province_cohort#c.monthyear yeargov"

. local fe12 "unique_small_grid_id_cohort province_cohort#c.monthyear province_
> cohort#election_year"

. local fe13 "unique_small_grid_id_cohort province_cohort#c.monthyear province_
> cohort#election_year#yeargov"

. local fe14 "unique_small_grid_id_cohort yeargov province_cohort#election_year
> "

. local fe15 "unique_small_grid_id_cohort yeargov province_cohort#election_year
> #yeargov"

. local fe16 "unique_small_grid_id_cohort province_cohort#election_year provinc
> e_cohort#election_year#yeargov"

. local fe17 "unique_small_grid_id_cohort monthyearco province_cohort#c.monthye
> ar yeargov"

. local fe18 "unique_small_grid_id_cohort monthyearco province_cohort#c.monthye
> ar province_cohort#election_year"

. local fe19 "unique_small_grid_id_cohort monthyearco province_cohort#c.monthye
> ar province_cohort#election_year#yeargov"

. local fe20 "unique_small_grid_id_cohort monthyearco yeargov province_cohort#e
> lection_year"

. local fe21 "unique_small_grid_id_cohort monthyearco yeargov province_cohort#e
> lection_year#yeargov"

. local fe22 "unique_small_grid_id_cohort monthyearco province_cohort#election_
> year province_cohort#election_year#yeargov"

. local fe23 "unique_small_grid_id_cohort province_cohort#c.monthyear yeargov p
> rovince_cohort#election_year"

. local fe24 "unique_small_grid_id_cohort province_cohort#c.monthyear yeargov p
> rovince_cohort#election_year#yeargov"

. local fe25 "unique_small_grid_id_cohort province_cohort#c.monthyear province_
> cohort#election_year province_cohort#election_year#yeargov"

. local fe26 "unique_small_grid_id_cohort yeargov province_cohort#election_year
>  province_cohort#election_year#yeargov"

. local fe27 "unique_small_grid_id_cohort monthyearco province_cohort#c.monthye
> ar yeargov province_cohort#election_year"

. local fe28 "unique_small_grid_id_cohort monthyearco province_cohort#c.monthye
> ar yeargov province_cohort#election_year#yeargov"

. local fe29 "unique_small_grid_id_cohort monthyearco province_cohort#c.monthye
> ar province_cohort#election_year province_cohort#election_year#yeargov"

. local fe30 "unique_small_grid_id_cohort monthyearco yeargov province_cohort#e
> lection_year province_cohort#election_year#yeargov"

. local fe31 "unique_small_grid_id_cohort province_cohort#c.monthyear yeargov p
> rovince_cohort#election_year province_cohort#election_year#yeargov"

. local fe32 "unique_small_grid_id_cohort monthyearco province_cohort#c.monthye
> ar yeargov province_cohort#election_year province_cohort#election_year#yeargo
> v"

. 
. local fespec "`fe`selected_fe''"

. display as result "FE `selected_fe': `fespec'"
FE 7: unique_small_grid_id_cohort monthyearco province_cohort#c.monthyear

. 
. gen byte moderator = 0

. * local moderators_list moderator downup_ac rice_area_aclvl_ahigh rice_harvar
> ea_aclvl_ahigh rice_prod_aclvl_ahigh
. local moderators_list moderator downup_ac_pop

. 
. count if treat == 1
  3,324,700

. local n_treated = r(N)

. count if treat == 0
  4,809,182

. local n_control = r(N)

. egen byte tag_ac = tag(ac_uq_id)

. count if tag_ac == 1
  689

. local numacs = r(N)

. drop tag_ac

. display as result "FE=`selected_fe' full unchanged sample N=" _N ///
>     " treated=" `n_treated' " controls=" `n_control' " ACs=" `numacs'
FE=7 full unchanged sample N=8133882 treated=3324700 controls=4809182 ACs=689

. 
. est clear

. local i = 1

. local estimate_names ""

. foreach mod of local moderators_list {
  2.     replace moderator = `mod'
  3.     local rhs "ib`base'.relative_year_bin_aux##ib0.treat##ib0.`mod' wind_d
> irection av_wind_speed"
  4. 
.     quietly summarize countk if treat == 1 & relative_year_bin <= -1
  5.     local ymean = r(mean)
  6.     quietly summarize countk if treat == 1 & relative_year_bin <= -1 & mod
> erator == 1
  7.     local ymean2 = r(mean)
  8. 
.     reghdfejl countk `rhs', absorb(`fespec') vce(cluster ac_elec_yr)
  9. 
.     estadd scalar ymean = `ymean'
 10.     estadd scalar ymean2 = `ymean2'
 11.     estadd scalar acq = `numacs'
 12.     estadd scalar fe_id = `selected_fe'
 13.     estadd scalar n_treated = `n_treated'
 14.     estadd scalar n_control = `n_control'
 15.     estadd local smpl "Rural"
 16.     estadd local fespec "`fespec'"
 17.     estadd local mod "`mod'"
 18.     estadd local controls "unchanged full sample"
 19.     local estname evreg`i'
 20.     local estimate_names "`estimate_names' `estname'"
 21.     local i = `i' + 1
 22.     est store `estname'
 23. }
(0 real changes made)
(MWFE estimator converged in 23 iterations)

HDFE linear regression with Julia                 Number of obs   =  8,133,882
Absorbing 3 HDFE groups                           F(  11,   2149) =      15.25
Statistics cluster-robust                         Prob > F        =     0.0000
                                                  R-squared       =     0.1719
                                                  Adj R-squared   =     0.1612
Number of clusters (ac_elec_yr) =       2149      Within R-sq.    =     0.0029
                                                  Root MSE        =   928.2779

                         (Std. err. adjusted for 2,149 clusters in ac_elec_yr)
------------------------------------------------------------------------------
             |               Robust
      countk | Coefficient  std. err.      t    P>|t|     [95% conf. interval]
-------------+----------------------------------------------------------------
relative_y~x |
          1  |          0  (omitted)
          2  |          0  (omitted)
          3  |          0  (omitted)
          4  |          0  (omitted)
          6  |          0  (omitted)
          7  |          0  (omitted)
          8  |          0  (omitted)
          9  |          0  (omitted)
         10  |          0  (omitted)
             |
     1.treat |          0  (omitted)
wind_direc~n |  -.4577528   .0399668   -11.45   0.000    -.5361304   -.3793752
av_wind_sp~d |   181.5328   18.67474     9.72   0.000     144.9103    218.1552
             |
relative_y~x#|
       treat |
        1 1  |  -8.302651   9.599698    -0.86   0.387    -27.12832    10.52301
        2 1  |    23.9279    7.84081     3.05   0.002     8.551533    39.30426
        3 1  |   27.24408   7.929505     3.44   0.001     11.69377    42.79438
        4 1  |   17.90763   7.681292     2.33   0.020     2.844094    32.97117
        6 1  |   46.61985   8.176322     5.70   0.000     30.58552    62.65417
        7 1  |   40.52423    7.51235     5.39   0.000       25.792    55.25646
        8 1  |   43.75368   8.982685     4.87   0.000     26.13802    61.36934
        9 1  |   29.91033   9.500787     3.15   0.002     11.27863    48.54202
       10 1  |    24.2514   9.695062     2.50   0.012     5.238717    43.26408
------------------------------------------------------------------------------

added scalar:
              e(ymean) =  110.67337

added scalar:
             e(ymean2) =  .

added scalar:
                e(acq) =  689

added scalar:
              e(fe_id) =  7

added scalar:
          e(n_treated) =  3324700

added scalar:
          e(n_control) =  4809182

added macro:
               e(smpl) : "Rural"

added macro:
             e(fespec) : "unique_small_grid_id_cohort monthyearco province_coho
> rt#c.monthyear"

added macro:
                e(mod) : "moderator"

added macro:
           e(controls) : "unchanged full sample"
(4,139,562 real changes made)
(MWFE estimator converged in 23 iterations)

HDFE linear regression with Julia                 Number of obs   =  8,133,882
Absorbing 3 HDFE groups                           F(  31,   2149) =       5.94
Statistics cluster-robust                         Prob > F        =     0.0000
                                                  R-squared       =     0.1719
                                                  Adj R-squared   =     0.1612
Number of clusters (ac_elec_yr) =       2149      Within R-sq.    =     0.0029
                                                  Root MSE        =   928.2772

                         (Std. err. adjusted for 2,149 clusters in ac_elec_yr)
------------------------------------------------------------------------------
             |               Robust
      countk | Coefficient  std. err.      t    P>|t|     [95% conf. interval]
-------------+----------------------------------------------------------------
relative_y~x |
          1  |          0  (omitted)
          2  |          0  (omitted)
          3  |          0  (omitted)
          4  |          0  (omitted)
          6  |          0  (omitted)
          7  |          0  (omitted)
          8  |          0  (omitted)
          9  |          0  (omitted)
         10  |          0  (omitted)
             |
     1.treat |          0  (omitted)
1.downup_a~p |   .9002296   5.687086     0.16   0.874    -10.25253    12.05299
wind_direc~n |  -.4578136   .0399603   -11.46   0.000    -.5361786   -.3794487
av_wind_sp~d |   181.5269   18.67378     9.72   0.000     144.9063    218.1474
             |
relative_y~x#|
       treat |
        1 1  |  -6.944253     10.856    -0.64   0.522    -28.23362    14.34511
        2 1  |   23.07312   8.842089     2.61   0.009     5.733181    40.41306
        3 1  |   26.05457   8.266917     3.15   0.002     9.842577    42.26656
        4 1  |   13.76467   7.751587     1.78   0.076    -1.436722    28.96606
        6 1  |   45.04415   9.376045     4.80   0.000     26.65709    63.43122
        7 1  |   35.93884   8.972542     4.01   0.000     18.34307    53.53461
        8 1  |   46.19501   9.992558     4.62   0.000     26.59892     65.7911
        9 1  |   27.48297   10.86323     2.53   0.011      6.17944     48.7865
       10 1  |   21.42324   10.69845     2.00   0.045     .4428512    42.40363
             |
relative_y~x#|
downup_ac_~p |
        1 1  |   4.073652   6.496142     0.63   0.531    -8.665727    16.81303
        2 1  |   -.506896   5.073065    -0.10   0.920    -10.45552    9.441733
        3 1  |   4.026525   5.039986     0.80   0.424    -5.857232    13.91028
        4 1  |  -1.799935   4.475215    -0.40   0.688    -10.57614    6.976268
        6 1  |   5.640933   7.147194     0.79   0.430    -8.375205    19.65707
        7 1  |  -2.238147   7.054613    -0.32   0.751    -16.07273    11.59643
        8 1  |   4.340472   6.674687     0.65   0.516    -8.749046    17.42999
        9 1  |  -4.240502   7.631407    -0.56   0.578    -19.20621    10.72521
       10 1  |  -.4631417    7.77448    -0.06   0.953    -15.70943    14.78315
             |
       treat#|
downup_ac_~p |
        1 1  |  -2.435863   7.712712    -0.32   0.752    -17.56102    12.68929
             |
relative_y~x#|
       treat#|
downup_ac_~p |
      1 1 1  |  -2.683976   9.446763    -0.28   0.776    -21.20972    15.84177
      2 1 1  |   1.674197   7.238892     0.23   0.817    -12.52177    15.87016
      3 1 1  |   2.401501   7.270817     0.33   0.741    -11.85707    16.66007
      4 1 1  |    8.17564   6.424567     1.27   0.203    -4.423377    20.77466
      6 1 1  |   3.181388   10.81548     0.29   0.769    -18.02851    24.39129
      7 1 1  |   9.039509   11.30138     0.80   0.424    -13.12327    31.20229
      8 1 1  |    -4.7669   9.929589    -0.48   0.631     -24.2395     14.7057
      9 1 1  |   4.770608   10.67233     0.45   0.655    -16.15856    25.69978
     10 1 1  |   5.593238   11.17353     0.50   0.617    -16.31881    27.50529
------------------------------------------------------------------------------

added scalar:
              e(ymean) =  110.67337

added scalar:
             e(ymean2) =  111.59452

added scalar:
                e(acq) =  689

added scalar:
              e(fe_id) =  7

added scalar:
          e(n_treated) =  3324700

added scalar:
          e(n_control) =  4809182

added macro:
               e(smpl) : "Rural"

added macro:
             e(fespec) : "unique_small_grid_id_cohort monthyearco province_coho
> rt#c.monthyear"

added macro:
                e(mod) : "downup_ac_pop"

added macro:
           e(controls) : "unchanged full sample"

. 
. local fe_tag : display %02.0f `selected_fe'

. local fe_tag = strtrim("`fe_tag'")

. local outbase "${tables}/politician_byprov_fe`fe_tag'${sample}_rural${ster_su
> ffix}_all"

. estwrite `estimate_names' using "`outbase'.ster", replace
(saving evreg1)
(saving evreg2)
(file /users/aquisper/proj_bureaucrats_farms/code/_stacked_downup_replication/.
> ./../tables/exploratory_analysis/politician_byprov_fe_sweep/politician_byprov
> _fe07_rural_acpop_all.ster saved)

. estsave_csv `estimate_names' using "`outbase'.csv", replace
(21 missing values generated)
(21 missing values generated)
(21 missing values generated)
(21 missing values generated)
(21 missing values generated)
(21 missing values generated)
(21 missing values generated)
(21 missing values generated)
(21 missing values generated)
(21 missing values generated)
(21 missing values generated)
(21 missing values generated)
(21 missing values generated)
(21 missing values generated)
(21 missing values generated)
(21 missing values generated)
(21 missing values generated)
(21 missing values generated)
(21 missing values generated)
(21 missing values generated)
(21 missing values generated)
(21 missing values generated)
(21 missing values generated)
(41 missing values generated)
(41 missing values generated)
(41 missing values generated)
(41 missing values generated)
(41 missing values generated)
(41 missing values generated)
(41 missing values generated)
(41 missing values generated)
(41 missing values generated)
(41 missing values generated)
(41 missing values generated)
(41 missing values generated)
(41 missing values generated)
(41 missing values generated)
(41 missing values generated)
(41 missing values generated)
(41 missing values generated)
(41 missing values generated)
(41 missing values generated)
(41 missing values generated)
(41 missing values generated)
(41 missing values generated)
(41 missing values generated)
(41 missing values generated)
(41 missing values generated)
(41 missing values generated)
(41 missing values generated)
(41 missing values generated)
(41 missing values generated)
(41 missing values generated)
(41 missing values generated)
(41 missing values generated)
(41 missing values generated)
(41 missing values generated)
(41 missing values generated)
(41 missing values generated)
(41 missing values generated)
(41 missing values generated)
(41 missing values generated)
(41 missing values generated)
(41 missing values generated)
(41 missing values generated)
(41 missing values generated)
Estimates exported to /users/aquisper/proj_bureaucrats_farms/code/_stacked_down
> up_replication/../../tables/exploratory_analysis/politician_byprov_fe_sweep/p
> olitician_byprov_fe07_rural_acpop_all.csv

. confirm file "`outbase'.ster"

. confirm file "`outbase'.csv"

. confirm file "`outbase'_scalars.csv"

. display as result "Saved: `outbase'.ster, .csv, and _scalars.csv"
Saved: /users/aquisper/proj_bureaucrats_farms/code/_stacked_downup_replication/
> ../../tables/exploratory_analysis/politician_byprov_fe_sweep/politician_bypro
> v_fe07_rural_acpop_all.ster, .csv, and _scalars.csv

. 
. display as result "COMPLETED politician by-province FE `selected_fe'"
COMPLETED politician by-province FE 7

. 
end of do-file
