
  ___  ____  ____  ____  ____ ®
 /__    /   ____/   /   ____/      StataNow 19.5
___/   /   /___/   /   /___/       MP—Parallel Edition

 Statistics and Data Science       Copyright 1985-2025 StataCorp LLC
                                   StataCorp
                                   4905 Lakeway Drive
                                   College Station, Texas 77845 USA
                                   800-782-8272        https://www.stata.com
                                   979-696-4600        service@stata.com

Stata license: 4-user 16-core network, expiring 14 Sep 2026
Serial number: 501909301589
  Licensed to: University of Notre Dame
               Notre Dame, IN 46556

Notes:
      1. Stata is running in batch mode.
      2. Unicode is supported; see help unicode_advice.
      3. More than 2 billion observations are allowed; see help obs_advice.
      4. Maximum number of variables is set to 5,000 but can be increased;
          see help set_maxvar.

. do /users/aquisper/proj_bureaucrats_farms/code/_stacked_downup_replication/ex
> ploratory_analysis/politician_byprov_fe_sweep/_politician_byprov_fe_sweep.do 

. *****************************************************************************
> ***
. * Exploratory politician event-study fixed-effect sweep
. *
. * Input (cluster only):
. *   politicians_characteristics_byprov.csv
. *
. * One invocation estimates exactly one FE specification on the input dataset'
> s
. * unchanged control composition and for two moderators:
. *   moderator     = baseline event study
. *   downup_ac_pop = interaction event study
. *
. * The first command-line argument selects FE 1,...,32. If absent, $fe_list is
. * used; standalone runs default to FE 1.
. *****************************************************************************
> ***
. 
. version 17

. 
. args fe_arg

. local fe_env : environment POL_BYPROV_FE_ID

. 
. if "$root" == "" {
.     clear all
.     set more off
. 
.     * Standalone defaults for the five sbatch-array parameters:
.     * location, sample, is_rural_var, fe_list, and ster_suffix.
.     global location     "shell"
.     global sample       ""
.     global is_rural_var "is_rural"
.     global fe_list      "1"
.     global ster_suffix  "_acpop"
. 
.     global shell "/groups/sgulzar/sa_fires/proj_bureaucrats_farms"
.     global dbox  "C:/Users/eunic/Dropbox/sa_fires/proj_bureaucrats_farms"
.     global code_shell "/users/aquisper/proj_bureaucrats_farms/code/_stacked_d
> ownup_replication"
.     global code_dbox  "C:/Users/eunic/OneDrive/Documents/GitHub/proj_bureaucr
> ats_farms/code/_stacked_downup_replication"
. 
.     if "$location" == "dbox" {
.         global root "$dbox"
.         global code "$code_dbox"
.     }
.     else {
.         global root "$shell"
.         global code "$code_shell"
.     }
.     quietly do "${code}/estsave_csv.ado"
. }

. 
. if "`fe_arg'" != "" {
.     global fe_list "`fe_arg'"
. }

. else if "`fe_env'" != "" {
.     global fe_list "`fe_env'"
. }

. local n_fe : word count $fe_list

. if `n_fe' != 1 {
.     display as error "This exploratory job must receive exactly one FE id; re
> ceived: $fe_list"
.     exit 198
. }

. local selected_fe : word 1 of $fe_list

. if !inrange(real("`selected_fe'"), 1, 32) | real("`selected_fe'") != floor(re
> al("`selected_fe'")) {
.     display as error "FE id must be an integer from 1 through 32; received: `
> selected_fe'"
.     exit 198
. }

. 
. global int_data "${root}/data_output/intermediate"

. global tables_root "${code}/../../tables"

. global tables "${tables_root}/exploratory_analysis/politician_byprov_fe_sweep
> "

. capture mkdir "${tables_root}/exploratory_analysis"

. capture mkdir "${tables}"

. 
. local input_file "${int_data}/politicians_characteristics_byprov${sample}.csv
> "

. confirm file "`input_file'"

. display as text "Input: `input_file'"
Input: /groups/sgulzar/sa_fires/proj_bureaucrats_farms/data_output/intermediate
> /politicians_characteristics_byprov.csv

. display as text "Selected FE: `selected_fe'"
Selected FE: 32

. import delimited using "`input_file'", clear varnames(1)
(encoding automatically selected: ISO-8859-1)
(27 vars, 16,167,680 obs)

. 
. * The stack may retain the source name relative_year.
. capture confirm variable relative_year_bin

. if _rc {
.     confirm variable relative_year
.     rename relative_year relative_year_bin
. }

. 
. local required ///
>     unique_small_grid_id province ac_uq_id count month year monthyear ///
>     downup_ac_pop av_wind_speed wind_direction election_year yeargov ///
>     treat cohort relative_year_bin

. foreach variable of local required {
  2.     capture confirm variable `variable'
  3.     if _rc {
  4.         display as error "Required variable absent from politicians_charac
> teristics_byprov.csv: `variable'"
  5.         exit 111
  6.     }
  7. }

. 
. capture drop countk

. gen double countk = count * 1000

. 
. merge m:1 unique_small_grid_id using ///
>     "${int_data}/ghs_grid_classification_2000.dta", ///
>     keep(master match) keepusing(is_rural)

    Result                      Number of obs
    -----------------------------------------
    Not matched                             0
    Matched                        16,167,680  (_merge==3)
    -----------------------------------------

. count if _merge == 1
  0

. display as text "Rows without rural classification: " r(N)
Rows without rural classification: 0

. drop _merge

. keep if ${is_rural_var} == 1
(4,134,646 observations deleted)

. keep if year < 2022 | (year == 2022 & month <= 8)
(2,321,348 observations deleted)

. keep if inrange(relative_year_bin, -5, 4)
(1,577,804 observations deleted)

. 
. * Enforce a common complete-case sample before the FE sweep. This makes all 3
> 2
. * specifications directly comparable rather than allowing FE-specific samples
> .
. gen byte fe_complete = 1

. local complete_vars ///
>     unique_small_grid_id province ac_uq_id month year monthyear election_year
>  ///
>     yeargov cohort countk downup_ac_pop av_wind_speed wind_direction treat //
> /
>     relative_year_bin

. foreach variable of local complete_vars {
  2.     replace fe_complete = 0 if missing(`variable')
  3. }
(0 real changes made)
(0 real changes made)
(0 real changes made)
(0 real changes made)
(0 real changes made)
(0 real changes made)
(0 real changes made)
(0 real changes made)
(0 real changes made)
(0 real changes made)
(0 real changes made)
(0 real changes made)
(0 real changes made)
(0 real changes made)
(0 real changes made)

. count if fe_complete == 0
  0

. display as text "Rows removed by common FE complete-case restriction: " r(N)
Rows removed by common FE complete-case restriction: 0

. drop if fe_complete == 0
(0 observations deleted)

. drop fe_complete

. 
. egen long unique_small_grid_id_cohort = group(unique_small_grid_id cohort)

. egen long province_cohort = group(province cohort)

. egen long monthyearco = group(month year cohort)

. egen long ac_elec_yr = group(ac_uq_id election_year cohort)

. 
. quietly summarize relative_year_bin

. local rmin = r(min)

. local rmax = r(max)

. assert `rmin' == -5

. assert `rmax' == 4

. gen int relative_year_bin_aux = relative_year_bin - `rmin' + 1

. local base = -1 - `rmin' + 1

. 
. * Exact exploratory FE grid supplied for this analysis.
. local fe1  "unique_small_grid_id_cohort"

. local fe2  "unique_small_grid_id_cohort monthyearco"

. local fe3  "unique_small_grid_id_cohort province_cohort#c.monthyear"

. local fe4  "unique_small_grid_id_cohort yeargov"

. local fe5  "unique_small_grid_id_cohort province_cohort#election_year"

. local fe6  "unique_small_grid_id_cohort province_cohort#election_year#yeargov
> "

. local fe7  "unique_small_grid_id_cohort monthyearco province_cohort#c.monthye
> ar"

. local fe8  "unique_small_grid_id_cohort monthyearco yeargov"

. local fe9  "unique_small_grid_id_cohort monthyearco province_cohort#election_
> year"

. local fe10 "unique_small_grid_id_cohort monthyearco province_cohort#election_
> year#yeargov"

. local fe11 "unique_small_grid_id_cohort province_cohort#c.monthyear yeargov"

. local fe12 "unique_small_grid_id_cohort province_cohort#c.monthyear province_
> cohort#election_year"

. local fe13 "unique_small_grid_id_cohort province_cohort#c.monthyear province_
> cohort#election_year#yeargov"

. local fe14 "unique_small_grid_id_cohort yeargov province_cohort#election_year
> "

. local fe15 "unique_small_grid_id_cohort yeargov province_cohort#election_year
> #yeargov"

. local fe16 "unique_small_grid_id_cohort province_cohort#election_year provinc
> e_cohort#election_year#yeargov"

. local fe17 "unique_small_grid_id_cohort monthyearco province_cohort#c.monthye
> ar yeargov"

. local fe18 "unique_small_grid_id_cohort monthyearco province_cohort#c.monthye
> ar province_cohort#election_year"

. local fe19 "unique_small_grid_id_cohort monthyearco province_cohort#c.monthye
> ar province_cohort#election_year#yeargov"

. local fe20 "unique_small_grid_id_cohort monthyearco yeargov province_cohort#e
> lection_year"

. local fe21 "unique_small_grid_id_cohort monthyearco yeargov province_cohort#e
> lection_year#yeargov"

. local fe22 "unique_small_grid_id_cohort monthyearco province_cohort#election_
> year province_cohort#election_year#yeargov"

. local fe23 "unique_small_grid_id_cohort province_cohort#c.monthyear yeargov p
> rovince_cohort#election_year"

. local fe24 "unique_small_grid_id_cohort province_cohort#c.monthyear yeargov p
> rovince_cohort#election_year#yeargov"

. local fe25 "unique_small_grid_id_cohort province_cohort#c.monthyear province_
> cohort#election_year province_cohort#election_year#yeargov"

. local fe26 "unique_small_grid_id_cohort yeargov province_cohort#election_year
>  province_cohort#election_year#yeargov"

. local fe27 "unique_small_grid_id_cohort monthyearco province_cohort#c.monthye
> ar yeargov province_cohort#election_year"

. local fe28 "unique_small_grid_id_cohort monthyearco province_cohort#c.monthye
> ar yeargov province_cohort#election_year#yeargov"

. local fe29 "unique_small_grid_id_cohort monthyearco province_cohort#c.monthye
> ar province_cohort#election_year province_cohort#election_year#yeargov"

. local fe30 "unique_small_grid_id_cohort monthyearco yeargov province_cohort#e
> lection_year province_cohort#election_year#yeargov"

. local fe31 "unique_small_grid_id_cohort province_cohort#c.monthyear yeargov p
> rovince_cohort#election_year province_cohort#election_year#yeargov"

. local fe32 "unique_small_grid_id_cohort monthyearco province_cohort#c.monthye
> ar yeargov province_cohort#election_year province_cohort#election_year#yeargo
> v"

. 
. local fespec "`fe`selected_fe''"

. display as result "FE `selected_fe': `fespec'"
FE 32: unique_small_grid_id_cohort monthyearco province_cohort#c.monthyear year
> gov province_cohort#election_year province_cohort#election_year#yeargov

. 
. gen byte moderator = 0

. * local moderators_list moderator downup_ac rice_area_aclvl_ahigh rice_harvar
> ea_aclvl_ahigh rice_prod_aclvl_ahigh
. local moderators_list moderator downup_ac_pop

. 
. count if treat == 1
  3,324,700

. local n_treated = r(N)

. count if treat == 0
  4,809,182

. local n_control = r(N)

. egen byte tag_ac = tag(ac_uq_id)

. count if tag_ac == 1
  689

. local numacs = r(N)

. drop tag_ac

. display as result "FE=`selected_fe' full unchanged sample N=" _N ///
>     " treated=" `n_treated' " controls=" `n_control' " ACs=" `numacs'
FE=32 full unchanged sample N=8133882 treated=3324700 controls=4809182 ACs=689

. 
. est clear

. local i = 1

. local estimate_names ""

. foreach mod of local moderators_list {
  2.     replace moderator = `mod'
  3.     local rhs "ib`base'.relative_year_bin_aux##ib0.treat##ib0.`mod' wind_d
> irection av_wind_speed"
  4. 
.     quietly summarize countk if treat == 1 & relative_year_bin <= -1
  5.     local ymean = r(mean)
  6.     quietly summarize countk if treat == 1 & relative_year_bin <= -1 & mod
> erator == 1
  7.     local ymean2 = r(mean)
  8. 
.     reghdfejl countk `rhs', absorb(`fespec') vce(cluster ac_elec_yr)
  9. 
.     estadd scalar ymean = `ymean'
 10.     estadd scalar ymean2 = `ymean2'
 11.     estadd scalar acq = `numacs'
 12.     estadd scalar fe_id = `selected_fe'
 13.     estadd scalar n_treated = `n_treated'
 14.     estadd scalar n_control = `n_control'
 15.     estadd local smpl "Rural"
 16.     estadd local fespec "`fespec'"
 17.     estadd local mod "`mod'"
 18.     estadd local controls "unchanged full sample"
 19.     local estname evreg`i'
 20.     local estimate_names "`estimate_names' `estname'"
 21.     local i = `i' + 1
 22.     est store `estname'
 23. }
(0 real changes made)
(MWFE estimator converged in 28 iterations)

HDFE linear regression with Julia                 Number of obs   =  8,133,882
Absorbing 6 HDFE groups                           F(  11,   2149) =      14.75
Statistics cluster-robust                         Prob > F        =     0.0000
                                                  R-squared       =     0.1735
                                                  Adj R-squared   =     0.1628
Number of clusters (ac_elec_yr) =       2149      Within R-sq.    =     0.0027
                                                  Root MSE        =   927.3779

                         (Std. err. adjusted for 2,149 clusters in ac_elec_yr)
------------------------------------------------------------------------------
             |               Robust
      countk | Coefficient  std. err.      t    P>|t|     [95% conf. interval]
-------------+----------------------------------------------------------------
relative_y~x |
          1  |          0  (omitted)
          2  |          0  (omitted)
          3  |          0  (omitted)
          4  |          0  (omitted)
          6  |          0  (omitted)
          7  |          0  (omitted)
          8  |          0  (omitted)
          9  |          0  (omitted)
         10  |          0  (omitted)
             |
     1.treat |          0  (omitted)
wind_direc~n |  -.4359969   .0384067   -11.35   0.000    -.5113151   -.3606788
av_wind_sp~d |   179.2212   18.57518     9.65   0.000      142.794    215.6484
             |
relative_y~x#|
       treat |
        1 1  |  -3.471069   7.826987    -0.44   0.657    -18.82033    11.87819
        2 1  |   2.256514   5.845426     0.39   0.700    -9.206768     13.7198
        3 1  |   5.151901   6.623425     0.78   0.437    -7.837089    18.14089
        4 1  |   .9405744   5.911862     0.16   0.874    -10.65299    12.53414
        6 1  |    12.4654   6.217071     2.01   0.045     .2732956     24.6575
        7 1  |   16.91377   6.602143     2.56   0.010     3.966515    29.86102
        8 1  |   14.91375   7.410341     2.01   0.044     .3815645    29.44594
        9 1  |   15.30461   8.074365     1.90   0.058     -.529774    31.13899
       10 1  |   10.53168   8.623131     1.22   0.222    -6.378872    27.44223
------------------------------------------------------------------------------

added scalar:
              e(ymean) =  110.67337

added scalar:
             e(ymean2) =  .

added scalar:
                e(acq) =  689

added scalar:
              e(fe_id) =  32

added scalar:
          e(n_treated) =  3324700

added scalar:
          e(n_control) =  4809182

added macro:
               e(smpl) : "Rural"

added macro:
             e(fespec) : "unique_small_grid_id_cohort monthyearco province_coho
> rt#c.monthyear yeargov province_cohort#election_year province_cohort#election
> _year#yeargov"

added macro:
                e(mod) : "moderator"

added macro:
           e(controls) : "unchanged full sample"
(4,139,562 real changes made)
(MWFE estimator converged in 28 iterations)

HDFE linear regression with Julia                 Number of obs   =  8,133,882
Absorbing 6 HDFE groups                           F(  31,   2149) =       5.83
Statistics cluster-robust                         Prob > F        =     0.0000
                                                  R-squared       =     0.1735
                                                  Adj R-squared   =     0.1628
Number of clusters (ac_elec_yr) =       2149      Within R-sq.    =     0.0027
                                                  Root MSE        =   927.3773

                         (Std. err. adjusted for 2,149 clusters in ac_elec_yr)
------------------------------------------------------------------------------
             |               Robust
      countk | Coefficient  std. err.      t    P>|t|     [95% conf. interval]
-------------+----------------------------------------------------------------
relative_y~x |
          1  |          0  (omitted)
          2  |          0  (omitted)
          3  |          0  (omitted)
          4  |          0  (omitted)
          6  |          0  (omitted)
          7  |          0  (omitted)
          8  |          0  (omitted)
          9  |          0  (omitted)
         10  |          0  (omitted)
             |
     1.treat |          0  (omitted)
1.downup_a~p |   2.124009   5.625083     0.38   0.706    -8.907165    13.15518
wind_direc~n |  -.4360589   .0383996   -11.36   0.000    -.5113631   -.3607546
av_wind_sp~d |   179.2169   18.57448     9.65   0.000      142.791    215.6427
             |
relative_y~x#|
       treat |
        1 1  |  -1.739153   9.219618    -0.19   0.850    -19.81946    16.34115
        2 1  |   .6284137   7.291901     0.09   0.931     -13.6715    14.92833
        3 1  |   3.459914    7.14544     0.48   0.628    -10.55278    17.47261
        4 1  |  -4.160047   5.859845    -0.71   0.478     -15.6516    7.331511
        6 1  |   9.905674   7.720399     1.28   0.200    -5.234558    25.04591
        7 1  |   11.53657   8.376817     1.38   0.169     -4.89094    27.96409
        8 1  |   16.29767   8.771288     1.86   0.063    -.9034216    33.49877
        9 1  |   12.56459   9.740816     1.29   0.197    -6.537814      31.667
       10 1  |   7.477193   9.804589     0.76   0.446    -11.75028    26.70466
             |
relative_y~x#|
downup_ac_~p |
        1 1  |   3.880554   6.550634     0.59   0.554    -8.965689     16.7268
        2 1  |  -2.086615   5.092824    -0.41   0.682    -12.07399    7.900761
        3 1  |   2.739515   4.995677     0.55   0.583    -7.057349    12.53638
        4 1  |   -3.43137   4.452476    -0.77   0.441    -12.16298     5.30024
        6 1  |   3.218215   7.107278     0.45   0.651    -10.71964    17.15607
        7 1  |  -3.832844    7.02154    -0.55   0.585    -17.60256    9.936877
        8 1  |   2.337286   6.636336     0.35   0.725    -10.67702    15.35159
        9 1  |  -5.128436   7.581844    -0.68   0.499    -19.99695     9.74008
       10 1  |  -1.192687   7.697809    -0.15   0.877    -16.28862    13.90324
             |
       treat#|
downup_ac_~p |
        1 1  |  -3.546644   7.625853    -0.47   0.642    -18.50146    11.40818
             |
relative_y~x#|
       treat#|
downup_ac_~p |
      1 1 1  |  -3.428982   9.480078    -0.36   0.718    -22.02006     15.1621
      2 1 1  |   3.178364   7.220677     0.44   0.660    -10.98188    17.33861
      3 1 1  |   3.389563   7.237646     0.47   0.640    -10.80396    17.58308
      4 1 1  |    10.0435   6.385675     1.57   0.116    -2.479243    22.56625
      6 1 1  |   5.106967   10.78962     0.47   0.636    -16.05222    26.26616
      7 1 1  |   10.58712   11.25802     0.94   0.347    -11.49062    32.66486
      8 1 1  |  -2.693353   9.884279    -0.27   0.785     -22.0771     16.6904
      9 1 1  |   5.381061   10.56935     0.51   0.611    -15.34615    26.10828
     10 1 1  |   6.036378   11.04705     0.55   0.585    -15.62765     27.7004
------------------------------------------------------------------------------

added scalar:
              e(ymean) =  110.67337

added scalar:
             e(ymean2) =  111.59452

added scalar:
                e(acq) =  689

added scalar:
              e(fe_id) =  32

added scalar:
          e(n_treated) =  3324700

added scalar:
          e(n_control) =  4809182

added macro:
               e(smpl) : "Rural"

added macro:
             e(fespec) : "unique_small_grid_id_cohort monthyearco province_coho
> rt#c.monthyear yeargov province_cohort#election_year province_cohort#election
> _year#yeargov"

added macro:
                e(mod) : "downup_ac_pop"

added macro:
           e(controls) : "unchanged full sample"

. 
. local fe_tag : display %02.0f `selected_fe'

. local fe_tag = strtrim("`fe_tag'")

. local outbase "${tables}/politician_byprov_fe`fe_tag'${sample}_rural${ster_su
> ffix}_all"

. estwrite `estimate_names' using "`outbase'.ster", replace
(saving evreg1)
(saving evreg2)
(file /users/aquisper/proj_bureaucrats_farms/code/_stacked_downup_replication/.
> ./../tables/exploratory_analysis/politician_byprov_fe_sweep/politician_byprov
> _fe32_rural_acpop_all.ster saved)

. estsave_csv `estimate_names' using "`outbase'.csv", replace
(21 missing values generated)
(21 missing values generated)
(21 missing values generated)
(21 missing values generated)
(21 missing values generated)
(21 missing values generated)
(21 missing values generated)
(21 missing values generated)
(21 missing values generated)
(21 missing values generated)
(21 missing values generated)
(21 missing values generated)
(21 missing values generated)
(21 missing values generated)
(21 missing values generated)
(21 missing values generated)
(21 missing values generated)
(21 missing values generated)
(21 missing values generated)
(21 missing values generated)
(21 missing values generated)
(21 missing values generated)
(21 missing values generated)
(41 missing values generated)
(41 missing values generated)
(41 missing values generated)
(41 missing values generated)
(41 missing values generated)
(41 missing values generated)
(41 missing values generated)
(41 missing values generated)
(41 missing values generated)
(41 missing values generated)
(41 missing values generated)
(41 missing values generated)
(41 missing values generated)
(41 missing values generated)
(41 missing values generated)
(41 missing values generated)
(41 missing values generated)
(41 missing values generated)
(41 missing values generated)
(41 missing values generated)
(41 missing values generated)
(41 missing values generated)
(41 missing values generated)
(41 missing values generated)
(41 missing values generated)
(41 missing values generated)
(41 missing values generated)
(41 missing values generated)
(41 missing values generated)
(41 missing values generated)
(41 missing values generated)
(41 missing values generated)
(41 missing values generated)
(41 missing values generated)
(41 missing values generated)
(41 missing values generated)
(41 missing values generated)
(41 missing values generated)
(41 missing values generated)
(41 missing values generated)
(41 missing values generated)
(41 missing values generated)
(41 missing values generated)
Estimates exported to /users/aquisper/proj_bureaucrats_farms/code/_stacked_down
> up_replication/../../tables/exploratory_analysis/politician_byprov_fe_sweep/p
> olitician_byprov_fe32_rural_acpop_all.csv

. confirm file "`outbase'.ster"

. confirm file "`outbase'.csv"

. confirm file "`outbase'_scalars.csv"

. display as result "Saved: `outbase'.ster, .csv, and _scalars.csv"
Saved: /users/aquisper/proj_bureaucrats_farms/code/_stacked_downup_replication/
> ../../tables/exploratory_analysis/politician_byprov_fe_sweep/politician_bypro
> v_fe32_rural_acpop_all.ster, .csv, and _scalars.csv

. 
. display as result "COMPLETED politician by-province FE `selected_fe'"
COMPLETED politician by-province FE 32

. 
end of do-file
