
  ___  ____  ____  ____  ____ ®
 /__    /   ____/   /   ____/      StataNow 19.5
___/   /   /___/   /   /___/       MP—Parallel Edition

 Statistics and Data Science       Copyright 1985-2025 StataCorp LLC
                                   StataCorp
                                   4905 Lakeway Drive
                                   College Station, Texas 77845 USA
                                   800-782-8272        https://www.stata.com
                                   979-696-4600        service@stata.com

Stata license: 4-user 16-core network, expiring 14 Sep 2026
Serial number: 501909301589
  Licensed to: University of Notre Dame
               Notre Dame, IN 46556

Notes:
      1. Stata is running in batch mode.
      2. Unicode is supported; see help unicode_advice.
      3. More than 2 billion observations are allowed; see help obs_advice.
      4. Maximum number of variables is set to 5,000 but can be increased;
          see help set_maxvar.

. do /users/aquisper/proj_bureaucrats_farms/code/_stacked_downup_replication/ex
> ploratory_analysis/politician_byprov_fe_sweep/_politician_byprov_fe_sweep.do 

. *****************************************************************************
> ***
. * Exploratory politician event-study fixed-effect sweep
. *
. * Input (cluster only):
. *   politicians_characteristics_byprov.csv
. *
. * One invocation estimates exactly one FE specification on the input dataset'
> s
. * unchanged control composition and for two moderators:
. *   moderator     = baseline event study
. *   downup_ac_pop = interaction event study
. *
. * The first command-line argument selects FE 1,...,32. If absent, $fe_list is
. * used; standalone runs default to FE 1.
. *****************************************************************************
> ***
. 
. version 17

. 
. args fe_arg

. local fe_env : environment POL_BYPROV_FE_ID

. 
. if "$root" == "" {
.     clear all
.     set more off
. 
.     * Standalone defaults for the five sbatch-array parameters:
.     * location, sample, is_rural_var, fe_list, and ster_suffix.
.     global location     "shell"
.     global sample       ""
.     global is_rural_var "is_rural"
.     global fe_list      "1"
.     global ster_suffix  "_acpop"
. 
.     global shell "/groups/sgulzar/sa_fires/proj_bureaucrats_farms"
.     global dbox  "C:/Users/eunic/Dropbox/sa_fires/proj_bureaucrats_farms"
.     global code_shell "/users/aquisper/proj_bureaucrats_farms/code/_stacked_d
> ownup_replication"
.     global code_dbox  "C:/Users/eunic/OneDrive/Documents/GitHub/proj_bureaucr
> ats_farms/code/_stacked_downup_replication"
. 
.     if "$location" == "dbox" {
.         global root "$dbox"
.         global code "$code_dbox"
.     }
.     else {
.         global root "$shell"
.         global code "$code_shell"
.     }
.     quietly do "${code}/estsave_csv.ado"
. }

. 
. if "`fe_arg'" != "" {
.     global fe_list "`fe_arg'"
. }

. else if "`fe_env'" != "" {
.     global fe_list "`fe_env'"
. }

. local n_fe : word count $fe_list

. if `n_fe' != 1 {
.     display as error "This exploratory job must receive exactly one FE id; re
> ceived: $fe_list"
.     exit 198
. }

. local selected_fe : word 1 of $fe_list

. if !inrange(real("`selected_fe'"), 1, 32) | real("`selected_fe'") != floor(re
> al("`selected_fe'")) {
.     display as error "FE id must be an integer from 1 through 32; received: `
> selected_fe'"
.     exit 198
. }

. 
. global int_data "${root}/data_output/intermediate"

. global tables_root "${code}/../../tables"

. global tables "${tables_root}/exploratory_analysis/politician_byprov_fe_sweep
> "

. capture mkdir "${tables_root}/exploratory_analysis"

. capture mkdir "${tables}"

. 
. local input_file "${int_data}/politicians_characteristics_byprov${sample}.csv
> "

. confirm file "`input_file'"

. display as text "Input: `input_file'"
Input: /groups/sgulzar/sa_fires/proj_bureaucrats_farms/data_output/intermediate
> /politicians_characteristics_byprov.csv

. display as text "Selected FE: `selected_fe'"
Selected FE: 16

. import delimited using "`input_file'", clear varnames(1)
(encoding automatically selected: ISO-8859-1)
(27 vars, 16,167,680 obs)

. 
. * The stack may retain the source name relative_year.
. capture confirm variable relative_year_bin

. if _rc {
.     confirm variable relative_year
.     rename relative_year relative_year_bin
. }

. 
. local required ///
>     unique_small_grid_id province ac_uq_id count month year monthyear ///
>     downup_ac_pop av_wind_speed wind_direction election_year yeargov ///
>     treat cohort relative_year_bin

. foreach variable of local required {
  2.     capture confirm variable `variable'
  3.     if _rc {
  4.         display as error "Required variable absent from politicians_charac
> teristics_byprov.csv: `variable'"
  5.         exit 111
  6.     }
  7. }

. 
. capture drop countk

. gen double countk = count * 1000

. 
. merge m:1 unique_small_grid_id using ///
>     "${int_data}/ghs_grid_classification_2000.dta", ///
>     keep(master match) keepusing(is_rural)

    Result                      Number of obs
    -----------------------------------------
    Not matched                             0
    Matched                        16,167,680  (_merge==3)
    -----------------------------------------

. count if _merge == 1
  0

. display as text "Rows without rural classification: " r(N)
Rows without rural classification: 0

. drop _merge

. keep if ${is_rural_var} == 1
(4,134,646 observations deleted)

. keep if year < 2022 | (year == 2022 & month <= 8)
(2,321,348 observations deleted)

. keep if inrange(relative_year_bin, -5, 4)
(1,577,804 observations deleted)

. 
. * Enforce a common complete-case sample before the FE sweep. This makes all 3
> 2
. * specifications directly comparable rather than allowing FE-specific samples
> .
. gen byte fe_complete = 1

. local complete_vars ///
>     unique_small_grid_id province ac_uq_id month year monthyear election_year
>  ///
>     yeargov cohort countk downup_ac_pop av_wind_speed wind_direction treat //
> /
>     relative_year_bin

. foreach variable of local complete_vars {
  2.     replace fe_complete = 0 if missing(`variable')
  3. }
(0 real changes made)
(0 real changes made)
(0 real changes made)
(0 real changes made)
(0 real changes made)
(0 real changes made)
(0 real changes made)
(0 real changes made)
(0 real changes made)
(0 real changes made)
(0 real changes made)
(0 real changes made)
(0 real changes made)
(0 real changes made)
(0 real changes made)

. count if fe_complete == 0
  0

. display as text "Rows removed by common FE complete-case restriction: " r(N)
Rows removed by common FE complete-case restriction: 0

. drop if fe_complete == 0
(0 observations deleted)

. drop fe_complete

. 
. egen long unique_small_grid_id_cohort = group(unique_small_grid_id cohort)

. egen long province_cohort = group(province cohort)

. egen long monthyearco = group(month year cohort)

. egen long ac_elec_yr = group(ac_uq_id election_year cohort)

. 
. quietly summarize relative_year_bin

. local rmin = r(min)

. local rmax = r(max)

. assert `rmin' == -5

. assert `rmax' == 4

. gen int relative_year_bin_aux = relative_year_bin - `rmin' + 1

. local base = -1 - `rmin' + 1

. 
. * Exact exploratory FE grid supplied for this analysis.
. local fe1  "unique_small_grid_id_cohort"

. local fe2  "unique_small_grid_id_cohort monthyearco"

. local fe3  "unique_small_grid_id_cohort province_cohort#c.monthyear"

. local fe4  "unique_small_grid_id_cohort yeargov"

. local fe5  "unique_small_grid_id_cohort province_cohort#election_year"

. local fe6  "unique_small_grid_id_cohort province_cohort#election_year#yeargov
> "

. local fe7  "unique_small_grid_id_cohort monthyearco province_cohort#c.monthye
> ar"

. local fe8  "unique_small_grid_id_cohort monthyearco yeargov"

. local fe9  "unique_small_grid_id_cohort monthyearco province_cohort#election_
> year"

. local fe10 "unique_small_grid_id_cohort monthyearco province_cohort#election_
> year#yeargov"

. local fe11 "unique_small_grid_id_cohort province_cohort#c.monthyear yeargov"

. local fe12 "unique_small_grid_id_cohort province_cohort#c.monthyear province_
> cohort#election_year"

. local fe13 "unique_small_grid_id_cohort province_cohort#c.monthyear province_
> cohort#election_year#yeargov"

. local fe14 "unique_small_grid_id_cohort yeargov province_cohort#election_year
> "

. local fe15 "unique_small_grid_id_cohort yeargov province_cohort#election_year
> #yeargov"

. local fe16 "unique_small_grid_id_cohort province_cohort#election_year provinc
> e_cohort#election_year#yeargov"

. local fe17 "unique_small_grid_id_cohort monthyearco province_cohort#c.monthye
> ar yeargov"

. local fe18 "unique_small_grid_id_cohort monthyearco province_cohort#c.monthye
> ar province_cohort#election_year"

. local fe19 "unique_small_grid_id_cohort monthyearco province_cohort#c.monthye
> ar province_cohort#election_year#yeargov"

. local fe20 "unique_small_grid_id_cohort monthyearco yeargov province_cohort#e
> lection_year"

. local fe21 "unique_small_grid_id_cohort monthyearco yeargov province_cohort#e
> lection_year#yeargov"

. local fe22 "unique_small_grid_id_cohort monthyearco province_cohort#election_
> year province_cohort#election_year#yeargov"

. local fe23 "unique_small_grid_id_cohort province_cohort#c.monthyear yeargov p
> rovince_cohort#election_year"

. local fe24 "unique_small_grid_id_cohort province_cohort#c.monthyear yeargov p
> rovince_cohort#election_year#yeargov"

. local fe25 "unique_small_grid_id_cohort province_cohort#c.monthyear province_
> cohort#election_year province_cohort#election_year#yeargov"

. local fe26 "unique_small_grid_id_cohort yeargov province_cohort#election_year
>  province_cohort#election_year#yeargov"

. local fe27 "unique_small_grid_id_cohort monthyearco province_cohort#c.monthye
> ar yeargov province_cohort#election_year"

. local fe28 "unique_small_grid_id_cohort monthyearco province_cohort#c.monthye
> ar yeargov province_cohort#election_year#yeargov"

. local fe29 "unique_small_grid_id_cohort monthyearco province_cohort#c.monthye
> ar province_cohort#election_year province_cohort#election_year#yeargov"

. local fe30 "unique_small_grid_id_cohort monthyearco yeargov province_cohort#e
> lection_year province_cohort#election_year#yeargov"

. local fe31 "unique_small_grid_id_cohort province_cohort#c.monthyear yeargov p
> rovince_cohort#election_year province_cohort#election_year#yeargov"

. local fe32 "unique_small_grid_id_cohort monthyearco province_cohort#c.monthye
> ar yeargov province_cohort#election_year province_cohort#election_year#yeargo
> v"

. 
. local fespec "`fe`selected_fe''"

. display as result "FE `selected_fe': `fespec'"
FE 16: unique_small_grid_id_cohort province_cohort#election_year province_cohor
> t#election_year#yeargov

. 
. gen byte moderator = 0

. * local moderators_list moderator downup_ac rice_area_aclvl_ahigh rice_harvar
> ea_aclvl_ahigh rice_prod_aclvl_ahigh
. local moderators_list moderator downup_ac_pop

. 
. count if treat == 1
  3,324,700

. local n_treated = r(N)

. count if treat == 0
  4,809,182

. local n_control = r(N)

. egen byte tag_ac = tag(ac_uq_id)

. count if tag_ac == 1
  689

. local numacs = r(N)

. drop tag_ac

. display as result "FE=`selected_fe' full unchanged sample N=" _N ///
>     " treated=" `n_treated' " controls=" `n_control' " ACs=" `numacs'
FE=16 full unchanged sample N=8133882 treated=3324700 controls=4809182 ACs=689

. 
. est clear

. local i = 1

. local estimate_names ""

. foreach mod of local moderators_list {
  2.     replace moderator = `mod'
  3.     local rhs "ib`base'.relative_year_bin_aux##ib0.treat##ib0.`mod' wind_d
> irection av_wind_speed"
  4. 
.     quietly summarize countk if treat == 1 & relative_year_bin <= -1
  5.     local ymean = r(mean)
  6.     quietly summarize countk if treat == 1 & relative_year_bin <= -1 & mod
> erator == 1
  7.     local ymean2 = r(mean)
  8. 
.     reghdfejl countk `rhs', absorb(`fespec') vce(cluster ac_elec_yr)
  9. 
.     estadd scalar ymean = `ymean'
 10.     estadd scalar ymean2 = `ymean2'
 11.     estadd scalar acq = `numacs'
 12.     estadd scalar fe_id = `selected_fe'
 13.     estadd scalar n_treated = `n_treated'
 14.     estadd scalar n_control = `n_control'
 15.     estadd local smpl "Rural"
 16.     estadd local fespec "`fespec'"
 17.     estadd local mod "`mod'"
 18.     estadd local controls "unchanged full sample"
 19.     local estname evreg`i'
 20.     local estimate_names "`estimate_names' `estname'"
 21.     local i = `i' + 1
 22.     est store `estname'
 23. }
(0 real changes made)
(MWFE estimator converged in 11 iterations)

HDFE linear regression with Julia                 Number of obs   =  8,133,882
Absorbing 3 HDFE groups                           F(  11,   2149) =      30.09
Statistics cluster-robust                         Prob > F        =     0.0000
                                                  R-squared       =     0.1081
                                                  Adj R-squared   =     0.0967
Number of clusters (ac_elec_yr) =       2149      Within R-sq.    =     0.0078
                                                  Root MSE        =   963.3324

                         (Std. err. adjusted for 2,149 clusters in ac_elec_yr)
------------------------------------------------------------------------------
             |               Robust
      countk | Coefficient  std. err.      t    P>|t|     [95% conf. interval]
-------------+----------------------------------------------------------------
relative_y~x |
          1  |          0  (omitted)
          2  |          0  (omitted)
          3  |          0  (omitted)
          4  |          0  (omitted)
          6  |          0  (omitted)
          7  |          0  (omitted)
          8  |          0  (omitted)
          9  |          0  (omitted)
         10  |          0  (omitted)
             |
     1.treat |          0  (omitted)
wind_direc~n |  -.8338348   .0500067   -16.67   0.000    -.9319013   -.7357683
av_wind_sp~d |   85.35358   6.841496    12.48   0.000     71.93694    98.77022
             |
relative_y~x#|
       treat |
        1 1  |  -5.845255   7.902484    -0.74   0.460    -21.34257    9.652057
        2 1  |   2.762926   5.973231     0.46   0.644    -8.950988    14.47684
        3 1  |   4.674842    6.61231     0.71   0.480    -8.292352    17.64204
        4 1  |   1.531422   6.065703     0.25   0.801    -10.36384    13.42668
        6 1  |   12.80652   6.318862     2.03   0.043      .414795    25.19824
        7 1  |   18.15545   6.728615     2.70   0.007     4.960174    31.35072
        8 1  |   14.66745   7.396253     1.98   0.047     .1628935    29.17201
        9 1  |   15.54136   8.160635     1.90   0.057    -.4622031    31.54492
       10 1  |    10.3478   8.707136     1.19   0.235    -6.727491    27.42309
------------------------------------------------------------------------------

added scalar:
              e(ymean) =  110.67337

added scalar:
             e(ymean2) =  .

added scalar:
                e(acq) =  689

added scalar:
              e(fe_id) =  16

added scalar:
          e(n_treated) =  3324700

added scalar:
          e(n_control) =  4809182

added macro:
               e(smpl) : "Rural"

added macro:
             e(fespec) : "unique_small_grid_id_cohort province_cohort#election_
> year province_cohort#election_year#yeargov"

added macro:
                e(mod) : "moderator"

added macro:
           e(controls) : "unchanged full sample"
(4,139,562 real changes made)
(MWFE estimator converged in 11 iterations)

HDFE linear regression with Julia                 Number of obs   =  8,133,882
Absorbing 3 HDFE groups                           F(  31,   2149) =      11.09
Statistics cluster-robust                         Prob > F        =     0.0000
                                                  R-squared       =     0.1081
                                                  Adj R-squared   =     0.0967
Number of clusters (ac_elec_yr) =       2149      Within R-sq.    =     0.0078
                                                  Root MSE        =   963.3307

                         (Std. err. adjusted for 2,149 clusters in ac_elec_yr)
------------------------------------------------------------------------------
             |               Robust
      countk | Coefficient  std. err.      t    P>|t|     [95% conf. interval]
-------------+----------------------------------------------------------------
relative_y~x |
          1  |          0  (omitted)
          2  |          0  (omitted)
          3  |          0  (omitted)
          4  |          0  (omitted)
          6  |          0  (omitted)
          7  |          0  (omitted)
          8  |          0  (omitted)
          9  |          0  (omitted)
         10  |          0  (omitted)
             |
     1.treat |          0  (omitted)
1.downup_a~p |   2.669728   5.609701     0.48   0.634    -8.331281    13.67074
wind_direc~n |  -.8339556   .0500056   -16.68   0.000    -.9320201   -.7358912
av_wind_sp~d |   85.35149    6.84056    12.48   0.000     71.93668     98.7663
             |
relative_y~x#|
       treat |
        1 1  |  -3.791041   9.291516    -0.41   0.683    -22.01234    14.43026
        2 1  |   .9532911   7.408778     0.13   0.898    -13.57583    15.48241
        3 1  |   3.317721   7.220206     0.46   0.646     -10.8416    17.47704
        4 1  |  -3.448637    5.96668    -0.58   0.563    -15.14971    8.252431
        6 1  |    10.4286   7.825249     1.33   0.183    -4.917247    25.77445
        7 1  |   13.03352   8.412264     1.55   0.121    -3.463502    29.53055
        8 1  |   16.59094   8.736803     1.90   0.058    -.5425315    33.72441
        9 1  |   12.70228   9.814293     1.29   0.196    -6.544215    31.94878
       10 1  |   6.456757   10.04385     0.64   0.520    -13.23993    26.15344
             |
relative_y~x#|
downup_ac_~p |
        1 1  |   7.475026   6.791357     1.10   0.271    -5.843291    20.79334
        2 1  |  -.6753755   5.186829    -0.13   0.896     -10.8471    9.496352
        3 1  |   5.584324   5.163633     1.08   0.280    -4.541914    15.71056
        4 1  |  -2.147575   4.597774    -0.47   0.640    -11.16413    6.868975
        6 1  |   5.410954   7.238363     0.75   0.455    -8.783971    19.60588
        7 1  |   -2.71765   7.030669    -0.39   0.699    -16.50527    11.06997
        8 1  |   5.038231   6.678832     0.75   0.451    -8.059416    18.13588
        9 1  |   -4.46283    7.57583    -0.59   0.556    -19.31955    10.39389
       10 1  |  -2.307536   7.714878    -0.30   0.765    -17.43694    12.82187
             |
       treat#|
downup_ac_~p |
        1 1  |  -5.601338   7.576768    -0.74   0.460     -20.4599    9.257223
             |
relative_y~x#|
       treat#|
downup_ac_~p |
      1 1 1  |  -4.019976   9.781742    -0.41   0.681    -23.20264    15.16269
      2 1 1  |   3.565268   7.323629     0.49   0.626    -10.79687    17.92741
      3 1 1  |   2.769439   7.524294     0.37   0.713    -11.98622     17.5251
      4 1 1  |    9.82607   6.570625     1.50   0.135    -3.059375    22.71151
      6 1 1  |   4.789101   10.95083     0.44   0.662    -16.68623    26.26444
      7 1 1  |   10.10148   11.22038     0.90   0.368    -11.90245    32.10541
      8 1 1  |  -3.716505   9.787756    -0.38   0.704    -22.91096    15.47795
      9 1 1  |   5.597941   10.50178     0.53   0.594    -14.99676    26.19264
     10 1 1  |    7.69076   11.03716     0.70   0.486    -13.95387    29.33539
------------------------------------------------------------------------------

added scalar:
              e(ymean) =  110.67337

added scalar:
             e(ymean2) =  111.59452

added scalar:
                e(acq) =  689

added scalar:
              e(fe_id) =  16

added scalar:
          e(n_treated) =  3324700

added scalar:
          e(n_control) =  4809182

added macro:
               e(smpl) : "Rural"

added macro:
             e(fespec) : "unique_small_grid_id_cohort province_cohort#election_
> year province_cohort#election_year#yeargov"

added macro:
                e(mod) : "downup_ac_pop"

added macro:
           e(controls) : "unchanged full sample"

. 
. local fe_tag : display %02.0f `selected_fe'

. local fe_tag = strtrim("`fe_tag'")

. local outbase "${tables}/politician_byprov_fe`fe_tag'${sample}_rural${ster_su
> ffix}_all"

. estwrite `estimate_names' using "`outbase'.ster", replace
(saving evreg1)
(saving evreg2)
(file /users/aquisper/proj_bureaucrats_farms/code/_stacked_downup_replication/.
> ./../tables/exploratory_analysis/politician_byprov_fe_sweep/politician_byprov
> _fe16_rural_acpop_all.ster saved)

. estsave_csv `estimate_names' using "`outbase'.csv", replace
(21 missing values generated)
(21 missing values generated)
(21 missing values generated)
(21 missing values generated)
(21 missing values generated)
(21 missing values generated)
(21 missing values generated)
(21 missing values generated)
(21 missing values generated)
(21 missing values generated)
(21 missing values generated)
(21 missing values generated)
(21 missing values generated)
(21 missing values generated)
(21 missing values generated)
(21 missing values generated)
(21 missing values generated)
(21 missing values generated)
(21 missing values generated)
(21 missing values generated)
(21 missing values generated)
(21 missing values generated)
(21 missing values generated)
(41 missing values generated)
(41 missing values generated)
(41 missing values generated)
(41 missing values generated)
(41 missing values generated)
(41 missing values generated)
(41 missing values generated)
(41 missing values generated)
(41 missing values generated)
(41 missing values generated)
(41 missing values generated)
(41 missing values generated)
(41 missing values generated)
(41 missing values generated)
(41 missing values generated)
(41 missing values generated)
(41 missing values generated)
(41 missing values generated)
(41 missing values generated)
(41 missing values generated)
(41 missing values generated)
(41 missing values generated)
(41 missing values generated)
(41 missing values generated)
(41 missing values generated)
(41 missing values generated)
(41 missing values generated)
(41 missing values generated)
(41 missing values generated)
(41 missing values generated)
(41 missing values generated)
(41 missing values generated)
(41 missing values generated)
(41 missing values generated)
(41 missing values generated)
(41 missing values generated)
(41 missing values generated)
(41 missing values generated)
(41 missing values generated)
(41 missing values generated)
(41 missing values generated)
(41 missing values generated)
(41 missing values generated)
Estimates exported to /users/aquisper/proj_bureaucrats_farms/code/_stacked_down
> up_replication/../../tables/exploratory_analysis/politician_byprov_fe_sweep/p
> olitician_byprov_fe16_rural_acpop_all.csv

. confirm file "`outbase'.ster"

. confirm file "`outbase'.csv"

. confirm file "`outbase'_scalars.csv"

. display as result "Saved: `outbase'.ster, .csv, and _scalars.csv"
Saved: /users/aquisper/proj_bureaucrats_farms/code/_stacked_downup_replication/
> ../../tables/exploratory_analysis/politician_byprov_fe_sweep/politician_bypro
> v_fe16_rural_acpop_all.ster, .csv, and _scalars.csv

. 
. display as result "COMPLETED politician by-province FE `selected_fe'"
COMPLETED politician by-province FE 16

. 
end of do-file
