This is pdfTeX, Version 3.141592653-2.6-1.40.25 (MiKTeX 24.1) (preloaded format=pdflatex.fmt)
 restricted \write18 enabled.
entering extended mode
(main_v3.tex
LaTeX2e <2023-11-01> patch level 1
L3 programming layer <2024-01-04>
(C:\Users\eunic\AppData\Local\Programs\MiKTeX\tex/latex/base\article.cls
Document Class: article 2023/05/17 v1.4n Standard LaTeX document class
(C:\Users\eunic\AppData\Local\Programs\MiKTeX\tex/latex/base\size12.clo))
(C:\Users\eunic\AppData\Local\Programs\MiKTeX\tex/latex/geometry\geometry.sty
(C:\Users\eunic\AppData\Local\Programs\MiKTeX\tex/latex/graphics\keyval.sty)
(C:\Users\eunic\AppData\Local\Programs\MiKTeX\tex/generic/iftex\ifvtex.sty
(C:\Users\eunic\AppData\Local\Programs\MiKTeX\tex/generic/iftex\iftex.sty))
(C:\Users\eunic\AppData\Local\Programs\MiKTeX\tex/latex/geometry\geometry.cfg))
(C:\Users\eunic\AppData\Local\Programs\MiKTeX\tex/latex/amsmath\amsmath.sty
For additional information on amsmath, use the `?' option.
(C:\Users\eunic\AppData\Local\Programs\MiKTeX\tex/latex/amsmath\amstext.sty
(C:\Users\eunic\AppData\Local\Programs\MiKTeX\tex/latex/amsmath\amsgen.sty))
(C:\Users\eunic\AppData\Local\Programs\MiKTeX\tex/latex/amsmath\amsbsy.sty)
(C:\Users\eunic\AppData\Local\Programs\MiKTeX\tex/latex/amsmath\amsopn.sty))
(C:\Users\eunic\AppData\Local\Programs\MiKTeX\tex/latex/amsfonts\amssymb.sty
(C:\Users\eunic\AppData\Local\Programs\MiKTeX\tex/latex/amsfonts\amsfonts.sty))
 (C:\Users\eunic\AppData\Local\Programs\MiKTeX\tex/latex/natbib\natbib.sty)
(C:\Users\eunic\AppData\Local\Programs\MiKTeX\tex/latex/hyperref\hyperref.sty
(C:\Users\eunic\AppData\Local\Programs\MiKTeX\tex/generic/infwarerr\infwarerr.s
ty)
(C:\Users\eunic\AppData\Local\Programs\MiKTeX\tex/latex/kvsetkeys\kvsetkeys.sty
)
(C:\Users\eunic\AppData\Local\Programs\MiKTeX\tex/generic/kvdefinekeys\kvdefine
keys.sty)
(C:\Users\eunic\AppData\Local\Programs\MiKTeX\tex/generic/pdfescape\pdfescape.s
ty
(C:\Users\eunic\AppData\Local\Programs\MiKTeX\tex/generic/ltxcmds\ltxcmds.sty)
(C:\Users\eunic\AppData\Local\Programs\MiKTeX\tex/generic/pdftexcmds\pdftexcmds
.sty))
(C:\Users\eunic\AppData\Local\Programs\MiKTeX\tex/latex/hycolor\hycolor.sty)
(C:\Users\eunic\AppData\Local\Programs\MiKTeX\tex/latex/letltxmacro\letltxmacro
.sty)
(C:\Users\eunic\AppData\Local\Programs\MiKTeX\tex/latex/auxhook\auxhook.sty)
(C:\Users\eunic\AppData\Local\Programs\MiKTeX\tex/latex/hyperref\nameref.sty
(C:\Users\eunic\AppData\Local\Programs\MiKTeX\tex/latex/refcount\refcount.sty)
(C:\Users\eunic\AppData\Local\Programs\MiKTeX\tex/generic/gettitlestring\gettit
lestring.sty
(C:\Users\eunic\AppData\Local\Programs\MiKTeX\tex/latex/kvoptions\kvoptions.sty
)))
(C:\Users\eunic\AppData\Local\Programs\MiKTeX\tex/latex/etoolbox\etoolbox.sty)
(C:\Users\eunic\AppData\Local\Programs\MiKTeX\tex/latex/hyperref\pd1enc.def)
(C:\Users\eunic\AppData\Local\Programs\MiKTeX\tex/generic/intcalc\intcalc.sty)
(C:\Users\eunic\AppData\Local\Programs\MiKTeX\tex/latex/hyperref\puenc.def)
(C:\Users\eunic\AppData\Local\Programs\MiKTeX\tex/latex/url\url.sty)
(C:\Users\eunic\AppData\Local\Programs\MiKTeX\tex/generic/bitset\bitset.sty
(C:\Users\eunic\AppData\Local\Programs\MiKTeX\tex/generic/bigintcalc\bigintcalc
.sty))
(C:\Users\eunic\AppData\Local\Programs\MiKTeX\tex/latex/base\atbegshi-ltx.sty))
(C:\Users\eunic\AppData\Local\Programs\MiKTeX\tex/latex/hyperref\hpdftex.def
(C:\Users\eunic\AppData\Local\Programs\MiKTeX\tex/latex/base\atveryend-ltx.sty)

(C:\Users\eunic\AppData\Local\Programs\MiKTeX\tex/latex/rerunfilecheck\rerunfil
echeck.sty
(C:\Users\eunic\AppData\Local\Programs\MiKTeX\tex/generic/uniquecounter\uniquec
ounter.sty)))
(C:\Users\eunic\AppData\Local\Programs\MiKTeX\tex/latex/placeins\placeins.sty)
(C:\Users\eunic\AppData\Local\Programs\MiKTeX\tex/latex/chngcntr\chngcntr.sty)
(C:\Users\eunic\AppData\Local\Programs\MiKTeX\tex/latex/comment\comment.sty
Excluding comment 'comment')
(C:\Users\eunic\AppData\Local\Programs\MiKTeX\tex/latex/fancyvrb\fancyvrb.sty)
(C:\Users\eunic\AppData\Local\Programs\MiKTeX\tex/latex/listings\listings.sty
(C:\Users\eunic\AppData\Local\Programs\MiKTeX\tex/latex/listings\lstmisc.sty)
(C:\Users\eunic\AppData\Local\Programs\MiKTeX\tex/latex/listings\listings.cfg))
(C:\Users\eunic\AppData\Local\Programs\MiKTeX\tex/latex/caption\subcaption.sty
(C:\Users\eunic\AppData\Local\Programs\MiKTeX\tex/latex/caption\caption.sty
(C:\Users\eunic\AppData\Local\Programs\MiKTeX\tex/latex/caption\caption3.sty)))
 (C:\Users\eunic\AppData\Local\Programs\MiKTeX\tex/latex/graphics\color.sty
(C:\Users\eunic\AppData\Local\Programs\MiKTeX\tex/latex/graphics-cfg\color.cfg)

(C:\Users\eunic\AppData\Local\Programs\MiKTeX\tex/latex/graphics-def\pdftex.def
)
(C:\Users\eunic\AppData\Local\Programs\MiKTeX\tex/latex/graphics\mathcolor.ltx)
) (C:\Users\eunic\AppData\Local\Programs\MiKTeX\tex/latex/graphics\graphicx.sty
(C:\Users\eunic\AppData\Local\Programs\MiKTeX\tex/latex/graphics\graphics.sty
(C:\Users\eunic\AppData\Local\Programs\MiKTeX\tex/latex/graphics\trig.sty)
(C:\Users\eunic\AppData\Local\Programs\MiKTeX\tex/latex/graphics-cfg\graphics.c
fg))) (C:\Users\eunic\AppData\Local\Programs\MiKTeX\tex/latex/xcolor\xcolor.sty
(C:\Users\eunic\AppData\Local\Programs\MiKTeX\tex/latex/graphics-cfg\color.cfg)
(C:\Users\eunic\AppData\Local\Programs\MiKTeX\tex/latex/graphics\mathcolor.ltx)
)
(C:\Users\eunic\AppData\Local\Programs\MiKTeX\tex/latex/adjustbox\adjustbox.sty
(C:\Users\eunic\AppData\Local\Programs\MiKTeX\tex/latex/xkeyval\xkeyval.sty
(C:\Users\eunic\AppData\Local\Programs\MiKTeX\tex/generic/xkeyval\xkeyval.tex
(C:\Users\eunic\AppData\Local\Programs\MiKTeX\tex/generic/xkeyval\xkvutils.tex)
))
(C:\Users\eunic\AppData\Local\Programs\MiKTeX\tex/latex/adjustbox\adjcalc.sty)
(C:\Users\eunic\AppData\Local\Programs\MiKTeX\tex/latex/adjustbox\trimclip.sty
(C:\Users\eunic\AppData\Local\Programs\MiKTeX\tex/latex/collectbox\collectbox.s
ty)
(C:\Users\eunic\AppData\Local\Programs\MiKTeX\tex/latex/adjustbox\tc-pdftex.def
))
(C:\Users\eunic\AppData\Local\Programs\MiKTeX\tex/latex/ifoddpage\ifoddpage.sty
) (C:\Users\eunic\AppData\Local\Programs\MiKTeX\tex/latex/varwidth\varwidth.sty
))
(C:\Users\eunic\AppData\Local\Programs\MiKTeX\tex/latex/setspace\setspace.sty)
(C:\Users\eunic\AppData\Local\Programs\MiKTeX\tex/latex/float\float.sty)
(C:\Users\eunic\AppData\Local\Programs\MiKTeX\tex/latex/tools\verbatim.sty)
(C:\Users\eunic\AppData\Local\Programs\MiKTeX\tex/latex/booktabs\booktabs.sty)
(C:\Users\eunic\AppData\Local\Programs\MiKTeX\tex/latex/tools\array.sty)
(C:\Users\eunic\AppData\Local\Programs\MiKTeX\tex/latex/todonotes\todonotes.sty
(C:\Users\eunic\AppData\Local\Programs\MiKTeX\tex/latex/base\ifthen.sty)
(C:\Users\eunic\AppData\Local\Programs\MiKTeX\tex/latex/pgf/frontendlayer\tikz.
sty
(C:\Users\eunic\AppData\Local\Programs\MiKTeX\tex/latex/pgf/basiclayer\pgf.sty
(C:\Users\eunic\AppData\Local\Programs\MiKTeX\tex/latex/pgf/utilities\pgfrcs.st
y
(C:\Users\eunic\AppData\Local\Programs\MiKTeX\tex/generic/pgf/utilities\pgfutil
-common.tex)
(C:\Users\eunic\AppData\Local\Programs\MiKTeX\tex/generic/pgf/utilities\pgfutil
-latex.def)
(C:\Users\eunic\AppData\Local\Programs\MiKTeX\tex/generic/pgf/utilities\pgfrcs.
code.tex
(C:\Users\eunic\AppData\Local\Programs\MiKTeX\tex/generic/pgf\pgf.revision.tex)
))
(C:\Users\eunic\AppData\Local\Programs\MiKTeX\tex/latex/pgf/basiclayer\pgfcore.
sty
(C:\Users\eunic\AppData\Local\Programs\MiKTeX\tex/latex/pgf/systemlayer\pgfsys.
sty
(C:\Users\eunic\AppData\Local\Programs\MiKTeX\tex/generic/pgf/systemlayer\pgfsy
s.code.tex
(C:\Users\eunic\AppData\Local\Programs\MiKTeX\tex/generic/pgf/utilities\pgfkeys
.code.tex
(C:\Users\eunic\AppData\Local\Programs\MiKTeX\tex/generic/pgf/utilities\pgfkeys
libraryfiltered.code.tex))
(C:\Users\eunic\AppData\Local\Programs\MiKTeX\tex/generic/pgf/systemlayer\pgf.c
fg)
(C:\Users\eunic\AppData\Local\Programs\MiKTeX\tex/generic/pgf/systemlayer\pgfsy
s-pdftex.def
(C:\Users\eunic\AppData\Local\Programs\MiKTeX\tex/generic/pgf/systemlayer\pgfsy
s-common-pdf.def)))
(C:\Users\eunic\AppData\Local\Programs\MiKTeX\tex/generic/pgf/systemlayer\pgfsy
ssoftpath.code.tex)
(C:\Users\eunic\AppData\Local\Programs\MiKTeX\tex/generic/pgf/systemlayer\pgfsy
sprotocol.code.tex))
(C:\Users\eunic\AppData\Local\Programs\MiKTeX\tex/generic/pgf/basiclayer\pgfcor
e.code.tex
(C:\Users\eunic\AppData\Local\Programs\MiKTeX\tex/generic/pgf/math\pgfmath.code
.tex
(C:\Users\eunic\AppData\Local\Programs\MiKTeX\tex/generic/pgf/math\pgfmathutil.
code.tex)
(C:\Users\eunic\AppData\Local\Programs\MiKTeX\tex/generic/pgf/math\pgfmathparse
r.code.tex)
(C:\Users\eunic\AppData\Local\Programs\MiKTeX\tex/generic/pgf/math\pgfmathfunct
ions.code.tex)
(C:\Users\eunic\AppData\Local\Programs\MiKTeX\tex/generic/pgf/math\pgfmathfunct
ions.basic.code.tex)
(C:\Users\eunic\AppData\Local\Programs\MiKTeX\tex/generic/pgf/math\pgfmathfunct
ions.trigonometric.code.tex)
(C:\Users\eunic\AppData\Local\Programs\MiKTeX\tex/generic/pgf/math\pgfmathfunct
ions.random.code.tex)
(C:\Users\eunic\AppData\Local\Programs\MiKTeX\tex/generic/pgf/math\pgfmathfunct
ions.comparison.code.tex)
(C:\Users\eunic\AppData\Local\Programs\MiKTeX\tex/generic/pgf/math\pgfmathfunct
ions.base.code.tex)
(C:\Users\eunic\AppData\Local\Programs\MiKTeX\tex/generic/pgf/math\pgfmathfunct
ions.round.code.tex)
(C:\Users\eunic\AppData\Local\Programs\MiKTeX\tex/generic/pgf/math\pgfmathfunct
ions.misc.code.tex)
(C:\Users\eunic\AppData\Local\Programs\MiKTeX\tex/generic/pgf/math\pgfmathfunct
ions.integerarithmetics.code.tex)
(C:\Users\eunic\AppData\Local\Programs\MiKTeX\tex/generic/pgf/math\pgfmathcalc.
code.tex)
(C:\Users\eunic\AppData\Local\Programs\MiKTeX\tex/generic/pgf/math\pgfmathfloat
.code.tex))
(C:\Users\eunic\AppData\Local\Programs\MiKTeX\tex/generic/pgf/math\pgfint.code.
tex)
(C:\Users\eunic\AppData\Local\Programs\MiKTeX\tex/generic/pgf/basiclayer\pgfcor
epoints.code.tex)
(C:\Users\eunic\AppData\Local\Programs\MiKTeX\tex/generic/pgf/basiclayer\pgfcor
epathconstruct.code.tex)
(C:\Users\eunic\AppData\Local\Programs\MiKTeX\tex/generic/pgf/basiclayer\pgfcor
epathusage.code.tex)
(C:\Users\eunic\AppData\Local\Programs\MiKTeX\tex/generic/pgf/basiclayer\pgfcor
escopes.code.tex)
(C:\Users\eunic\AppData\Local\Programs\MiKTeX\tex/generic/pgf/basiclayer\pgfcor
egraphicstate.code.tex)
(C:\Users\eunic\AppData\Local\Programs\MiKTeX\tex/generic/pgf/basiclayer\pgfcor
etransformations.code.tex)
(C:\Users\eunic\AppData\Local\Programs\MiKTeX\tex/generic/pgf/basiclayer\pgfcor
equick.code.tex)
(C:\Users\eunic\AppData\Local\Programs\MiKTeX\tex/generic/pgf/basiclayer\pgfcor
eobjects.code.tex)
(C:\Users\eunic\AppData\Local\Programs\MiKTeX\tex/generic/pgf/basiclayer\pgfcor
epathprocessing.code.tex)
(C:\Users\eunic\AppData\Local\Programs\MiKTeX\tex/generic/pgf/basiclayer\pgfcor
earrows.code.tex)
(C:\Users\eunic\AppData\Local\Programs\MiKTeX\tex/generic/pgf/basiclayer\pgfcor
eshade.code.tex)
(C:\Users\eunic\AppData\Local\Programs\MiKTeX\tex/generic/pgf/basiclayer\pgfcor
eimage.code.tex)
(C:\Users\eunic\AppData\Local\Programs\MiKTeX\tex/generic/pgf/basiclayer\pgfcor
eexternal.code.tex)
(C:\Users\eunic\AppData\Local\Programs\MiKTeX\tex/generic/pgf/basiclayer\pgfcor
elayers.code.tex)
(C:\Users\eunic\AppData\Local\Programs\MiKTeX\tex/generic/pgf/basiclayer\pgfcor
etransparency.code.tex)
(C:\Users\eunic\AppData\Local\Programs\MiKTeX\tex/generic/pgf/basiclayer\pgfcor
epatterns.code.tex)
(C:\Users\eunic\AppData\Local\Programs\MiKTeX\tex/generic/pgf/basiclayer\pgfcor
erdf.code.tex)))
(C:\Users\eunic\AppData\Local\Programs\MiKTeX\tex/generic/pgf/modules\pgfmodule
shapes.code.tex)
(C:\Users\eunic\AppData\Local\Programs\MiKTeX\tex/generic/pgf/modules\pgfmodule
plot.code.tex)
(C:\Users\eunic\AppData\Local\Programs\MiKTeX\tex/latex/pgf/compatibility\pgfco
mp-version-0-65.sty)
(C:\Users\eunic\AppData\Local\Programs\MiKTeX\tex/latex/pgf/compatibility\pgfco
mp-version-1-18.sty))
(C:\Users\eunic\AppData\Local\Programs\MiKTeX\tex/latex/pgf/utilities\pgffor.st
y
(C:\Users\eunic\AppData\Local\Programs\MiKTeX\tex/latex/pgf/utilities\pgfkeys.s
ty
(C:\Users\eunic\AppData\Local\Programs\MiKTeX\tex/generic/pgf/utilities\pgfkeys
.code.tex))
(C:\Users\eunic\AppData\Local\Programs\MiKTeX\tex/latex/pgf/math\pgfmath.sty
(C:\Users\eunic\AppData\Local\Programs\MiKTeX\tex/generic/pgf/math\pgfmath.code
.tex))
(C:\Users\eunic\AppData\Local\Programs\MiKTeX\tex/generic/pgf/utilities\pgffor.
code.tex))
(C:\Users\eunic\AppData\Local\Programs\MiKTeX\tex/generic/pgf/frontendlayer/tik
z\tikz.code.tex
(C:\Users\eunic\AppData\Local\Programs\MiKTeX\tex/generic/pgf/libraries\pgflibr
aryplothandlers.code.tex)
(C:\Users\eunic\AppData\Local\Programs\MiKTeX\tex/generic/pgf/modules\pgfmodule
matrix.code.tex)
(C:\Users\eunic\AppData\Local\Programs\MiKTeX\tex/generic/pgf/frontendlayer/tik
z/libraries\tikzlibrarytopaths.code.tex)))
(C:\Users\eunic\AppData\Local\Programs\MiKTeX\tex/generic/pgf/frontendlayer/tik
z/libraries\tikzlibrarypositioning.code.tex)
(C:\Users\eunic\AppData\Local\Programs\MiKTeX\tex/latex/tools\calc.sty))
(C:\Users\eunic\AppData\Local\Programs\MiKTeX\tex/generic/babel\babel.sty
(C:\Users\eunic\AppData\Local\Programs\MiKTeX\tex/generic/babel\txtbabel.def)
*************************************
* Local config file bblopts.cfg used
*
(C:\Users\eunic\AppData\Local\Programs\MiKTeX\tex/latex/arabi\bblopts.cfg)
(C:\Users\eunic\AppData\Local\Programs\MiKTeX\tex/latex/babel-english\english.l
df))
(C:\Users\eunic\AppData\Local\Programs\MiKTeX\tex/generic/babel/locale/en\babel
-english.tex)
(C:\Users\eunic\AppData\Local\Programs\MiKTeX\tex/latex/l3backend\l3backend-pdf
tex.def)
(C:\Users\eunic\OneDrive\Documents\GitHub\proj_bureaucrats_farms\code\_report\o
utput\main_v3.aux)
*geometry* driver: auto-detecting
*geometry* detected driver: pdftex

(C:\Users\eunic\OneDrive\Documents\GitHub\proj_bureaucrats_farms\code\_report\o
utput\main_v3.out)
(C:\Users\eunic\OneDrive\Documents\GitHub\proj_bureaucrats_farms\code\_report\o
utput\main_v3.out)
(C:\Users\eunic\AppData\Local\Programs\MiKTeX\tex/context/base/mkii\supp-pdf.mk
ii
[Loading MPS to PDF converter (version 2006.09.02).]
)
(C:\Users\eunic\AppData\Local\Programs\MiKTeX\tex/latex/epstopdf-pkg\epstopdf-b
ase.sty
(C:\Users\eunic\AppData\Local\Programs\MiKTeX\tex/latex/grfext\grfext.sty)
(C:\Users\eunic\AppData\Local\Programs\MiKTeX\tex/latex/00miktex\epstopdf-sys.c
fg))

Package todonotes Warning: The length marginparwidth is less than 2cm and will 
most likely cause issues with the appearance of inserted todonotes. The issue c
an be solved by adding a line like \setlength {\marginparwidth }{2cm} prior to 
loading the todonotes package. on input line 89.

(C:\Users\eunic\AppData\Local\Programs\MiKTeX\tex/latex/amsfonts\umsa.fd)
(C:\Users\eunic\AppData\Local\Programs\MiKTeX\tex/latex/amsfonts\umsb.fd)
[0{C:/Users/eunic/AppData/Local/MiKTeX/fonts/map/pdftex/pdftex.map}]

Package natbib Warning: Citation `singh_thachil_2023_airpollution' on page 1 un
defined on input line 123.


Package natbib Warning: Citation `dechezlepretre2025fighting' on page 1 undefin
ed on input line 123.


Package natbib Warning: Citation `hsiao2025climate' on page 1 undefined on inpu
t line 123.


Package natbib Warning: Citation `bar_gulzar2025' on page 1 undefined on input 
line 124.


Package natbib Warning: Citation `buntaine2024does' on page 1 undefined on inpu
t line 124.


Package natbib Warning: Citation `sanford2023democratization' on page 1 undefin
ed on input line 124.


Package natbib Warning: Citation `chesler2023democracy' on page 1 undefined on 
input line 124.


Package natbib Warning: Citation `mcalexander2020elections' on page 1 undefined
 on input line 124.


Package natbib Warning: Citation `stokes2020short' on page 1 undefined on input
 line 124.


Package natbib Warning: Citation `harding2024buying' on page 1 undefined on inp
ut line 124.


Package natbib Warning: Citation `gonzalez2024money' on page 1 undefined on inp
ut line 124.


Package natbib Warning: Citation `dipoppa2024bureaucrat' on page 1 undefined on
 input line 126.


Package natbib Warning: Citation `buntaine2024does' on page 1 undefined on inpu
t line 126.


Package natbib Warning: Citation `Nixon2013' on page 1 undefined on input line 
126.


Package natbib Warning: Citation `grossman2026politics' on page 1 undefined on 
input line 126.


Package natbib Warning: Citation `Fearon_1999' on page 1 undefined on input lin
e 129.


Package natbib Warning: Citation `dandona2020subnational' on page 1 undefined o
n input line 134.


Package natbib Warning: Citation `bikkina2019air' on page 1 undefined on input 
line 134.


Package natbib Warning: Citation `lan2022air' on page 1 undefined on input line
 134.


Package natbib Warning: Citation `cnn2020lockdown' on page 1 undefined on input
 line 142.


Package natbib Warning: Citation `cnn2020lockdown' on page 1 undefined on input
 line 142.


Package natbib Warning: Citation `VIIRS_Instrument_Overview' on page 1 undefine
d on input line 147.


Package natbib Warning: Citation `ERA5_monthly_pressure_levels_2023' on page 1 
undefined on input line 147.

[1] [2]
Overfull \hbox (35.84653pt too wide) in paragraph at lines 178--178
[][][]\OT1/cmr/m/n/12 Saad/Gemma 

Overfull \hbox (35.84653pt too wide) in paragraph at lines 178--178
[][][]\OT1/cmr/m/n/12 Saad/Gemma 
[3]

LaTeX Warning: Marginpar on page 4 moved.


Package natbib Warning: Citation `burgess2012political' on page 4 undefined on 
input line 183.


Package natbib Warning: Citation `lipscomb2016decentralization' on page 4 undef
ined on input line 183.


Package natbib Warning: Citation `shen2022political' on page 4 undefined on inp
ut line 183.


Package natbib Warning: Citation `dipoppa2024bureaucrat' on page 4 undefined on
 input line 183.


Package natbib Warning: Citation `mcalexander2020elections' on page 4 undefined
 on input line 183.


Package natbib Warning: Citation `stokes2020short' on page 4 undefined on input
 line 183.


Package natbib Warning: Citation `harding2024buying' on page 4 undefined on inp
ut line 183.


Package natbib Warning: Citation `gonzalez2024money' on page 4 undefined on inp
ut line 183.


Package natbib Warning: Citation `cao2019environmental' on page 4 undefined on 
input line 183.


Package natbib Warning: Citation `balboni2021cycles' on page 4 undefined on inp
ut line 183.


Package natbib Warning: Citation `sanford2023democratization' on page 4 undefin
ed on input line 183.


Package natbib Warning: Citation `list2006elections' on page 4 undefined on inp
ut line 183.


Package natbib Warning: Citation `xu2025bureaucratic' on page 4 undefined on in
put line 183.


Package natbib Warning: Citation `mangonnet2022playing' on page 4 undefined on 
input line 183.


Package natbib Warning: Citation `hsiao2025climate' on page 4 undefined on inpu
t line 183.


Package natbib Warning: Citation `mavisakalyan2019gender' on page 4 undefined o
n input line 183.


Package natbib Warning: Citation `baragwanath2024greener' on page 4 undefined o
n input line 183.


Package natbib Warning: Citation `gagliarducci2019hurricanes' on page 4 undefin
ed on input line 183.


Package natbib Warning: Citation `bragancca2022cutting' on page 4 undefined on 
input line 183.


Package natbib Warning: Citation `gulzar2024representation' on page 4 undefined
 on input line 183.


Package natbib Warning: Citation `jagnani2021women' on page 4 undefined on inpu
t line 183.


Package natbib Warning: Citation `bar_gulzar2025' on page 4 undefined on input 
line 185.


Package natbib Warning: Citation `grossman2026politics' on page 4 undefined on 
input line 185.


Package natbib Warning: Citation `monogan2017gone' on page 4 undefined on input
 line 185.


Package natbib Warning: Citation `LeeVoeten2023' on page 4 undefined on input l
ine 185.


Package natbib Warning: Citation `sigman2002international' on page 4 undefined 
on input line 185.


Package natbib Warning: Citation `kahn2015water' on page 4 undefined on input l
ine 185.


Package natbib Warning: Citation `lipscomb2016decentralization' on page 4 undef
ined on input line 185.


Package natbib Warning: Citation `pullabhotla2023global' on page 4 undefined on
 input line 188.


Package natbib Warning: Citation `shyamsundar2019fields' on page 4 undefined on
 input line 188.


Package natbib Warning: Citation `dipoppa2024bureaucrat' on page 4 undefined on
 input line 188.


Package natbib Warning: Citation `garg2023' on page 4 undefined on input line 1
88.


Package natbib Warning: Citation `singh_thachil_2023_airpollution' on page 4 un
defined on input line 188.


Package natbib Warning: Citation `jack2022money' on page 4 undefined on input l
ine 188.


Package natbib Warning: Citation `bhuvaneshwari2019crop' on page 4 undefined on
 input line 188.


Package natbib Warning: Citation `lelieveld2015contribution' on page 4 undefine
d on input line 206.


Package natbib Warning: Citation `deryugina2019mortality' on page 4 undefined o
n input line 206.


Package natbib Warning: Citation `heo2025international' on page 4 undefined on 
input line 206.


Package natbib Warning: Citation `myllyvirta2020quantifying' on page 4 undefine
d on input line 206.


Package natbib Warning: Citation `pullabhotla2023global' on page 4 undefined on
 input line 206.


Package natbib Warning: Citation `pandey2021health' on page 4 undefined on inpu
t line 206.


Package natbib Warning: Citation `lancet2024pm25india' on page 4 undefined on i
nput line 206.

[4]

Package natbib Warning: Citation `lelieveld2015contribution' on page 5 undefine
d on input line 208.


Package natbib Warning: Citation `bikkina2019air' on page 5 undefined on input 
line 208.


Package natbib Warning: Citation `jitendra2017' on page 5 undefined on input li
ne 208.


Package natbib Warning: Citation `jack2022money' on page 5 undefined on input l
ine 208.


Package natbib Warning: Citation `lan2022air' on page 5 undefined on input line
 208.


Package natbib Warning: Citation `bikkina2019air' on page 5 undefined on input 
line 208.


Package natbib Warning: Citation `kumar2015crop' on page 5 undefined on input l
ine 210.


Package natbib Warning: Citation `bhuvaneshwari2019crop' on page 5 undefined on
 input line 210.


Package natbib Warning: Citation `maue2021climate' on page 5 undefined on input
 line 210.


Package natbib Warning: Citation `tripathi2016subsoilwater' on page 5 undefined
 on input line 210.


Package natbib Warning: Citation `yang2025perceptions' on page 5 undefined on i
nput line 215.


Package natbib Warning: Citation `singh_thachil_2023_airpollution' on page 5 un
defined on input line 216.


Overfull \hbox (5.16629pt too wide) in paragraph at lines 216--216
[][][]\OT1/cmr/m/n/12 Gemma 

Overfull \hbox (5.16629pt too wide) in paragraph at lines 216--216
[][][]\OT1/cmr/m/n/12 Gemma 
[5]

Package natbib Warning: Citation `pib_caqm_2024' on page 6 undefined on input l
ine 231.


Package natbib Warning: Citation `bar_gulzar2025' on page 6 undefined on input 
line 231.

[6]

Package natbib Warning: Citation `pib_crm_2024' on page 7 undefined on input li
ne 233.


Package natbib Warning: Citation `jack2022money' on page 7 undefined on input l
ine 233.


Package natbib Warning: Citation `shyamsundar2019fields' on page 7 undefined on
 input line 233.


Package natbib Warning: Citation `disha_mord' on page 7 undefined on input line
 235.


Package natbib Warning: Citation `pib_disha_2018' on page 7 undefined on input 
line 235.


Underfull \hbox (badness 1546) in paragraph at lines 237--237
[][]\OT1/cmr/m/n/10 See the Haryana Vid-han Sabha Bul-letin No. 3 (Septem-ber 1
1, 2018) for penalty sched-ules.

Overfull \hbox (18.49072pt too wide) in paragraph at lines 237--237
\OT1/cmtt/m/n/10 https://haryanaassembly.gov.in/wp-content/uploads/2019/01/Bull
etin-No.-3-119181st-Sitting.pdf| 
[7]

Package natbib Warning: Citation `delimitation_act_2002' on page 8 undefined on
 input line 358.


Package natbib Warning: Citation `ghs2023smodR2023' on page 8 undefined on inpu
t line 359.


Package natbib Warning: Citation `munozsabater2019era5landmonthly' on page 8 un
defined on input line 367.


Package natbib Warning: Citation `singh2014crop' on page 8 undefined on input l
ine 369.


Package natbib Warning: Citation `dipoppa2024bureaucrat' on page 8 undefined on
 input line 369.

[8]

Package natbib Warning: Citation `fao_maps' on page 9 undefined on input line 3
71.

[9] [10 <../../figures/map_grids.png> <../../figures/panel_A_downwind.png> <../
../figures/panel_C_upwind.png> <../../figures/panel_B_downwind.png> <../../figu
res/march2013_plot.png> <../../figures/october2013_plot.png>]

Package natbib Warning: Citation `cengiz2019effect' on page 11 undefined on inp
ut line 450.

[11]

Package natbib Warning: Citation `lan2022air' on page 12 undefined on input lin
e 482.


Overfull \hbox (3.78018pt too wide) in paragraph at lines 482--482
[][][]\OT1/cmr/m/n/12 Change 

Overfull \hbox (3.78018pt too wide) in paragraph at lines 482--482
[][][]\OT1/cmr/m/n/12 Change 
[12] (../../tables/_main_3_bureau_polisc_did_rural_acpop.tex)
Overfull \hbox (4.69926pt too wide) in paragraph at lines 513--513
 [] 


pdfTeX warning: pdflatex (file ../../figures/neighbor_output.pdf): PDF inclusio
n: found PDF version <1.6>, but at most version <1.5> allowed

LaTeX Warning: Float too large for page by 12.68156pt on input line 537.


Package natbib Warning: Citation `dustmann2022reallocation' on page 13 undefine
d on input line 542.


Package natbib Warning: Citation `dustmann2022reallocation' on page 13 undefine
d on input line 542.


Package natbib Warning: Citation `dustmann2022reallocation' on page 13 undefine
d on input line 542.


Package natbib Warning: Citation `rambachan2023more' on page 13 undefined on in
put line 542.

[13] [14 <../../figures/stacked_event_study_pop_5pre_rural_1_ori.png> <../../fi
gures/neighbor_output.pdf>]
Overfull \hbox (2.76631pt too wide) in paragraph at lines 582--582
[][][]\OT1/cmr/m/n/12 Results 

Overfull \hbox (6.71765pt too wide) in paragraph at lines 582--582
\OT1/cmr/m/n/12 changed[]  

Overfull \hbox (2.76631pt too wide) in paragraph at lines 582--582
[][][]\OT1/cmr/m/n/12 Results 

Overfull \hbox (6.71765pt too wide) in paragraph at lines 582--582
\OT1/cmr/m/n/12 changed[]  

Package natbib Warning: Citation `dipoppa2024bureaucrat' on page 15 undefined o
n input line 585.

[15]

Package natbib Warning: Citation `gulzar2017politicians' on page 16 undefined o
n input line 596.


Package natbib Warning: Citation `agnihotri2026bureaucrat' on page 16 undefined
 on input line 596.

[16] [17]

Package natbib Warning: Citation `aabbcdgns2025bias' on page 18 undefined on in
put line 620.


Overfull \hbox (7.36626pt too wide) in paragraph at lines 620--620
[][][]\OT1/cmr/m/n/12 Anzony: 

Overfull \hbox (6.39127pt too wide) in paragraph at lines 620--620
\OT1/cmr/m/n/12 whether 

Overfull \hbox (1.23438pt too wide) in paragraph at lines 620--620
\OT1/cmr/m/n/12 residue 

Overfull \hbox (2.21353pt too wide) in paragraph at lines 620--620
\OT1/cmr/m/n/12 founds.[]  

Overfull \hbox (7.36626pt too wide) in paragraph at lines 620--620
[][][]\OT1/cmr/m/n/12 Anzony: 

Overfull \hbox (6.39127pt too wide) in paragraph at lines 620--620
\OT1/cmr/m/n/12 whether 

Overfull \hbox (1.23438pt too wide) in paragraph at lines 620--620
\OT1/cmr/m/n/12 residue 

Overfull \hbox (2.21353pt too wide) in paragraph at lines 620--620
\OT1/cmr/m/n/12 founds.[]  
[18] [19] [20]

Package natbib Warning: Citation `guardian2020farmers' on page 21 undefined on 
input line 700.


Package natbib Warning: Citation `olson1971logic' on page 21 undefined on input
 line 700.


Package natbib Warning: Citation `acled' on page 21 undefined on input line 703
.

[21]

Package natbib Warning: Citation `cengiz2019effect' on page 22 undefined on inp
ut line 710.


Package natbib Warning: Citation `dustmann2022reallocation' on page 22 undefine
d on input line 725.


Package natbib Warning: Citation `rambachan2023more' on page 22 undefined on in
put line 725.

[22]
Overfull \hbox (21.17148pt too wide) in paragraph at lines 740--740
 \OT1/cmr/m/n/8 ures/2020_Indian_farmers_protest.jpg 

Package natbib Warning: Citation `maddoke2020art' on page 23 undefined on input
 line 760.

[23] [24 <../../figures/5km_plot.png> <../../figures/_app_17_5km_fe12_evst_all_
rural_fe03_1_ori.png> <../../figures/_app_18_protest_5km_fe12_did_downup_plot_r
ural_acpop.png (PNG copy)>]

Package natbib Warning: Citation `myneta' on page 25 undefined on input line 79
1.


Package natbib Warning: Citation `cengiz2019effect' on page 25 undefined on inp
ut line 805.

[25]

Package natbib Warning: Citation `dustmann2022reallocation' on page 26 undefine
d on input line 821.


Package natbib Warning: Citation `rambachan2023more' on page 26 undefined on in
put line 821.



pdfTeX warning: pdflatex: arithmetic: number too big

LaTeX Warning: Float too large for page by 7.40984pt on input line 900.

[26] [27 <../../figures/panelview_self_profession.png> <../../figures/_app_16_p
olischar_fe03_evst_main_rural_acpop_1_ori.png> <../../figures/_app_19_polischar
_fe12_did_downup_inter_plot_rural_acpop.png (PNG copy)>]

Package natbib Warning: Citation `singh_thachil_2023_airpollution' on page 28 u
ndefined on input line 911.

[28]
pdfTeX warning (ext4): destination with the same identifier (name{page.1}) has 
been already used, duplicate ignored
<to be read again> 
                   \relax 
l.947 \begin{Verbatim}[fontsize=\small]
                                        [1]

Package natbib Warning: Citation `shrug_judicial' on page 2 undefined on input 
line 973.


pdfTeX warning (ext4): destination with the same identifier (name{page.2}) has 
been already used, duplicate ignored
<to be read again> 
                   \relax 
l.984 
       [2]
pdfTeX warning (ext4): destination with the same identifier (name{page.3}) has 
been already used, duplicate ignored
<to be read again> 
                   \relax 
l.993 \paragraph
                {Matching and coding.} We match each downloaded document to ...
[3]

LaTeX Font Warning: Font shape `OMS/cmtt/m/n' undefined
(Font)              using `OMS/cmsy/m/n' instead
(Font)              for symbol `textbraceleft' on input line 997.


Overfull \hbox (226.17003pt too wide) in paragraph at lines 1002--1003
[]\OT1/cmtt/m/n/12 https://\OMS/cmtt/m/n/12 f\OT1/cmtt/m/n/12 d\OMS/cmtt/m/n/12
 g\OT1/cmtt/m/n/12 .nic.in/en/notice/proceeding-of-district-development-coordin
ation-and-monitoring-committee-disha/ 

pdfTeX warning (ext4): destination with the same identifier (name{page.4}) has 
been already used, duplicate ignored
<to be read again> 
                   \relax 
l.1014 \item \texttt
                    {https://\{d\}.nic.in/documents/} [4]
Underfull \hbox (badness 10000) in paragraph at lines 1018--1019
[]\OT1/cmr/m/n/12 The de-hyphenated spelling vari-ant is gen-er-ated for the fi
rst eight tem-

Underfull \hbox (badness 10000) in paragraph at lines 1018--1019
\OT1/cmr/m/n/12 plates. The four Haryana state-level ad-dresses are \OT1/cmtt/m
/n/12 haryanarural.gov.in/\OT1/cmr/m/n/12 ,

Underfull \hbox (badness 10000) in paragraph at lines 1018--1019
\OT1/cmtt/m/n/12 haryanarural.gov.in/agenda-for-disha-meeting-on-11-02-2026/\OT
1/cmr/m/n/12 ,

Package natbib Warning: Citation `rambachan2023more' on page 5 undefined on inp
ut line 1038.


pdfTeX warning (ext4): destination with the same identifier (name{page.5}) has 
been already used, duplicate ignored
<to be read again> 
                   \relax 
l.1039 
        [5]

Package natbib Warning: Citation `rambachan2023more' on page 6 undefined on inp
ut line 1043.


Package natbib Warning: Citation `dobkin2018economic' on page 6 undefined on in
put line 1043.


Package natbib Warning: Citation `dustmann2022reallocation' on page 6 undefined
 on input line 1043.


Package natbib Warning: Citation `dustmann2022reallocation' on page 6 undefined
 on input line 1043.


pdfTeX warning (ext4): destination with the same identifier (name{page.6}) has 
been already used, duplicate ignored
<to be read again> 
                   \relax 
l.1046 \clearpage
                  [6] (../../tables/descriptives_main.tex)
Overfull \hbox (76.58693pt too wide) in paragraph at lines 1095--1096
 [][] 

pdfTeX warning (ext4): destination with the same identifier (name{page.7}) has 
been already used, duplicate ignored
<to be read again> 
                   \relax 
l.1123 \FloatBarrier
                     [7 <../../figures/monthly_fires.png> <../../figures/monthl
y_wind_direction.png>]
pdfTeX warning (ext4): destination with the same identifier (name{page.8}) has 
been already used, duplicate ignored
<to be read again> 
                   \relax 
l.1123 \FloatBarrier
                     [8 <../../figures/rices_grids_150dpi_q75.pdf>]

Package natbib Warning: Citation `lan2022air' on page 9 undefined on input line
 1126.


pdfTeX warning (ext4): destination with the same identifier (name{page.9}) has 
been already used, duplicate ignored
<to be read again> 
                   \relax 
l.1131 
        [9 <../../figures/acs_grids_radius12km.png>]
Underfull \hbox (badness 1221) in paragraph at lines 1132--1133
\OT1/cmr/m/n/12 at-tributable to am-bi-ent PM2.5 ex-po-sure from crop burn-ing 
across In-dia (95% CI:

pdfTeX warning (ext4): destination with the same identifier (name{page.10}) has
 been already used, duplicate ignored
<to be read again> 
                   \relax 
l.1136 \newpage
                [10] (../../tables/main_did_downup_ac_rural_acpop.tex)
(../../tables/_app_6_main_did_treat_definition_rural_acpop_new3.tex)
(../../tables/_app_7_main_did_downup_area_ac_dv_rural_acpop.tex)
(../../tables/_app_8_main_did_by_year_rural_acpop.tex)
(../../tables/_app_9_main_did_by_state_rural_acpop.tex)

Package natbib Warning: Citation `dustmann2022reallocation' on page 11 undefine
d on input line 1236.


Package natbib Warning: Citation `rambachan2023more' on page 11 undefined on in
put line 1236.


LaTeX Warning: `!h' float specifier changed to `!ht'.

(../../tables/_app_11_placebo_pop_13km_rural.tex)
pdfTeX warning (ext4): destination with the same identifier (name{page.11}) has
 been already used, duplicate ignored
<to be read again> 
                   \relax 
l.1319 \newpage
                [11 <../../figures/stacked_event_study_pop_5pre_rural_1_rotated
.png> <../../figures/stacked_event_study_pop_5pre_rural_1_rot_honest2.png>]
pdfTeX warning (ext4): destination with the same identifier (name{page.12}) has
 been already used, duplicate ignored
<to be read again> 
                   \relax 
l.1319 \newpage
                [12]
pdfTeX warning (ext4): destination with the same identifier (name{page.13}) has
 been already used, duplicate ignored
<to be read again> 
                   \relax 
l.1319 \newpage
                [13]
pdfTeX warning (ext4): destination with the same identifier (name{page.14}) has
 been already used, duplicate ignored
<to be read again> 
                   \relax 
l.1319 \newpage
                [14 <../../figures/stacked_event_study_5pre_rural_1_ori.png>]

Package natbib Warning: Citation `rambachan2023more' on page 15 undefined on in
put line 1323.


pdfTeX warning (ext4): destination with the same identifier (name{page.15}) has
 been already used, duplicate ignored
<to be read again> 
                   \relax 
l.1325 \subsection
                  {Descriptives} [15 <../../figures/stacked_event_study_pop_5pr
e_rural_riceP_ori.png>] (../../tables/_protest_stacked_descriptive.tex)
pdfTeX warning (ext4): destination with the same identifier (name{page.16}) has
 been already used, duplicate ignored
<to be read again> 
                   \relax 
l.1392 \clearpage
                  [16]
pdfTeX warning (ext4): destination with the same identifier (name{page.17}) has
 been already used, duplicate ignored
<to be read again> 
                   \relax 
l.1392 \clearpage
                  [17 <../../figures/protests_monthly_bars.png> <../../figures/
ac_protest_plot.png>]

Package natbib Warning: Citation `dustmann2022reallocation' on page 18 undefine
d on input line 1410.


Package natbib Warning: Citation `rambachan2023more' on page 18 undefined on in
put line 1410.


Overfull \hbox (82.44041pt too wide) in paragraph at lines 1449--1449
 \OT1/cmr/m/n/8 ures/_app_17_5km_fe12_evst_all_stacked_riceP_5_ori.png 
(../../tables/_main_4_protest_5km_fe12_did_downup_rural_acpop_new.tex)
pdfTeX warning (ext4): destination with the same identifier (name{page.18}) has
 been already used, duplicate ignored
<to be read again> 
                   \relax 
l.1477 \newpage
                [18 <../../figures/_app_17_5km_fe12_evst_all_rural_fe03_1_rotat
ed.png> <../../figures/_app_17_5km_fe12_evst_all_rural_fe03_1_rot_honest2.png>]

pdfTeX warning (ext4): destination with the same identifier (name{page.19}) has
 been already used, duplicate ignored
<to be read again> 
                   \relax 
l.1477 \newpage
                [19]

Package natbib Warning: Citation `rambachan2023more' on page 20 undefined on in
put line 1482.

(../../tables/_politicians_stacked_descriptive.tex)

Package natbib Warning: Citation `dustmann2022reallocation' on page 20 undefine
d on input line 1538.


Package natbib Warning: Citation `rambachan2023more' on page 20 undefined on in
put line 1538.


pdfTeX warning (ext4): destination with the same identifier (name{page.20}) has
 been already used, duplicate ignored
<to be read again> 
                   \relax 
l.1543 \FloatBarrier
                     [20]
(../../tables/_main_5_polischar_fe12_did_downup_inter_rural_acpop.tex)
pdfTeX warning (ext4): destination with the same identifier (name{page.21}) has
 been already used, duplicate ignored
<to be read again> 
                   \relax 
l.2021 \FloatBarrier
                     [21 <../../figures/_app_16_polischar_fe03_evst_main_rural_
acpop_1_rotated.png> <../../figures/_app_16_polischar_fe03_evst_main_rural_acpo
p_1_rot_honest2.png> <../../figures/_app_16_polischar_fe12_evst_all_rural_acpop
_riceP_5_rotated.png>]
pdfTeX warning (ext4): destination with the same identifier (name{page.22}) has
 been already used, duplicate ignored
<to be read again> 
                   \relax 
l.2021 \FloatBarrier
                     [22]

Package natbib Warning: There were undefined citations.


pdfTeX warning (ext4): destination with the same identifier (name{page.23}) has
 been already used, duplicate ignored
<to be read again> 
                   \relax 
l.2040  \end{document}
                       [23]
(C:\Users\eunic\OneDrive\Documents\GitHub\proj_bureaucrats_farms\code\_report\o
utput\main_v3.aux)

LaTeX Font Warning: Some font shapes were not available, defaults substituted.

 )
(see the transcript file for additional information)
pdfTeX warning (dest): name{Hfootnote.25} has been referenced but does not exis
t, replaced by a fixed one


pdfTeX warning (dest): name{Hfootnote.24} has been referenced but does not exis
t, replaced by a fixed one


pdfTeX warning (dest): name{Hfootnote.23} has been referenced but does not exis
t, replaced by a fixed one


pdfTeX warning (dest): name{Hfootnote.22} has been referenced but does not exis
t, replaced by a fixed one


pdfTeX warning (dest): name{Hfootnote.21} has been referenced but does not exis
t, replaced by a fixed one


pdfTeX warning (dest): name{Hfootnote.20} has been referenced but does not exis
t, replaced by a fixed one


pdfTeX warning (dest): name{Hfootnote.19} has been referenced but does not exis
t, replaced by a fixed one


pdfTeX warning (dest): name{Hfootnote.18} has been referenced but does not exis
t, replaced by a fixed one


pdfTeX warning (dest): name{Hfootnote.17} has been referenced but does not exis
t, replaced by a fixed one


pdfTeX warning (dest): name{Hfootnote.16} has been referenced but does not exis
t, replaced by a fixed one


pdfTeX warning (dest): name{Hfootnote.15} has been referenced but does not exis
t, replaced by a fixed one


pdfTeX warning (dest): name{Hfootnote.14} has been referenced but does not exis
t, replaced by a fixed one


pdfTeX warning (dest): name{Hfootnote.13} has been referenced but does not exis
t, replaced by a fixed one


pdfTeX warning (dest): name{Hfootnote.12} has been referenced but does not exis
t, replaced by a fixed one


pdfTeX warning (dest): name{Hfootnote.11} has been referenced but does not exis
t, replaced by a fixed one


pdfTeX warning (dest): name{Hfootnote.10} has been referenced but does not exis
t, replaced by a fixed one


pdfTeX warning (dest): name{Hfootnote.9} has been referenced but does not exist
, replaced by a fixed one


pdfTeX warning (dest): name{Hfootnote.8} has been referenced but does not exist
, replaced by a fixed one


pdfTeX warning (dest): name{Hfootnote.7} has been referenced but does not exist
, replaced by a fixed one


pdfTeX warning (dest): name{Hfootnote.6} has been referenced but does not exist
, replaced by a fixed one


pdfTeX warning (dest): name{Hfootnote.5} has been referenced but does not exist
, replaced by a fixed one


pdfTeX warning (dest): name{Hfootnote.4} has been referenced but does not exist
, replaced by a fixed one


pdfTeX warning (dest): name{Hfootnote.3} has been referenced but does not exist
, replaced by a fixed one


pdfTeX warning (dest): name{Hfootnote.2} has been referenced but does not exist
, replaced by a fixed one


pdfTeX warning (dest): name{Hfootnote.1} has been referenced but does not exist
, replaced by a fixed one

 <C:\Users\eunic\AppData\Local\MiKTeX\fonts/pk/ljfour/jknappen/ec/dpi600\tcrm12
00.pk> <C:\Users\eunic\AppData\Local\MiKTeX\fonts/pk/ljfour/jknappen/ec/dpi600\
tcrm0700.pk> <C:\Users\eunic\AppData\Local\MiKTeX\fonts/pk/ljfour/jknappen/ec/d
pi600\tcrm1000.pk><C:/Users/eunic/AppData/Local/Programs/MiKTeX/fonts/type1/pub
lic/amsfonts/cm/cmbx10.pfb><C:/Users/eunic/AppData/Local/Programs/MiKTeX/fonts/
type1/public/amsfonts/cm/cmbx12.pfb><C:/Users/eunic/AppData/Local/Programs/MiKT
eX/fonts/type1/public/amsfonts/cm/cmex10.pfb><C:/Users/eunic/AppData/Local/Prog
rams/MiKTeX/fonts/type1/public/amsfonts/cm/cmmi10.pfb><C:/Users/eunic/AppData/L
ocal/Programs/MiKTeX/fonts/type1/public/amsfonts/cm/cmmi12.pfb><C:/Users/eunic/
AppData/Local/Programs/MiKTeX/fonts/type1/public/amsfonts/cm/cmmi7.pfb><C:/User
s/eunic/AppData/Local/Programs/MiKTeX/fonts/type1/public/amsfonts/cm/cmmi8.pfb>
<C:/Users/eunic/AppData/Local/Programs/MiKTeX/fonts/type1/public/amsfonts/cm/cm
r10.pfb><C:/Users/eunic/AppData/Local/Programs/MiKTeX/fonts/type1/public/amsfon
ts/cm/cmr12.pfb><C:/Users/eunic/AppData/Local/Programs/MiKTeX/fonts/type1/publi
c/amsfonts/cm/cmr17.pfb><C:/Users/eunic/AppData/Local/Programs/MiKTeX/fonts/typ
e1/public/amsfonts/cm/cmr7.pfb><C:/Users/eunic/AppData/Local/Programs/MiKTeX/fo
nts/type1/public/amsfonts/cm/cmr8.pfb><C:/Users/eunic/AppData/Local/Programs/Mi
KTeX/fonts/type1/public/amsfonts/cm/cmsy10.pfb><C:/Users/eunic/AppData/Local/Pr
ograms/MiKTeX/fonts/type1/public/amsfonts/cm/cmsy7.pfb><C:/Users/eunic/AppData/
Local/Programs/MiKTeX/fonts/type1/public/amsfonts/cm/cmsy8.pfb><C:/Users/eunic/
AppData/Local/Programs/MiKTeX/fonts/type1/public/amsfonts/cm/cmti10.pfb><C:/Use
rs/eunic/AppData/Local/Programs/MiKTeX/fonts/type1/public/amsfonts/cm/cmti12.pf
b><C:/Users/eunic/AppData/Local/Programs/MiKTeX/fonts/type1/public/amsfonts/cm/
cmtt10.pfb><C:/Users/eunic/AppData/Local/Programs/MiKTeX/fonts/type1/public/ams
fonts/cm/cmtt12.pfb>
Output written on C:\Users\eunic\OneDrive\Documents\GitHub\proj_bureaucrats_far
ms\code\_report\output\main_v3.pdf (52 pages, 17403525 bytes).
Transcript written on C:\Users\eunic\OneDrive\Documents\GitHub\proj_bureaucrats
_farms\code\_report\output\main_v3.log.
pdflatex: major issue: So far, you have not checked for MiKTeX updates.
