\BOOKMARK [1][-]{section.1}{\376\377\000I\000n\000t\000r\000o\000d\000u\000c\000t\000i\000o\000n}{}% 1
\BOOKMARK [1][-]{section.2}{\376\377\000T\000h\000e\000\040\000M\000a\000n\000a\000g\000e\000m\000e\000n\000t\000\040\000o\000f\000\040\000A\000i\000r\000\040\000P\000o\000l\000l\000u\000t\000i\000o\000n}{}% 2
\BOOKMARK [2][-]{subsection.2.1}{\376\377\000C\000r\000o\000p\000\040\000B\000u\000r\000n\000i\000n\000g\000\040\000i\000n\000\040\000S\000o\000u\000t\000h\000\040\000A\000s\000i\000a}{section.2}% 3
\BOOKMARK [2][-]{subsection.2.2}{\376\377\000P\000o\000l\000i\000t\000i\000c\000a\000l\000\040\000S\000a\000l\000i\000e\000n\000c\000e\000\040\000o\000f\000\040\000C\000r\000o\000p\000\040\000B\000u\000r\000n\000i\000n\000g}{section.2}% 4
\BOOKMARK [2][-]{subsection.2.3}{\376\377\000S\000t\000a\000t\000e\000\040\000P\000o\000l\000i\000t\000i\000c\000i\000a\000n\000s\000'\000\040\000R\000o\000l\000e\000\040\000i\000n\000\040\000C\000u\000r\000b\000i\000n\000g\000\040\000C\000r\000o\000p\000\040\000B\000u\000r\000n\000i\000n\000g}{section.2}% 5
\BOOKMARK [1][-]{section.3}{\376\377\000P\000o\000l\000i\000t\000i\000c\000i\000a\000n\000s\000'\000\040\000I\000n\000c\000e\000n\000t\000i\000v\000e\000s\000\040\000t\000o\000\040\000C\000o\000n\000t\000r\000o\000l\000\040\000F\000i\000r\000e\000s}{}% 6
\BOOKMARK [2][-]{subsection.3.1}{\376\377\000D\000a\000t\000a}{section.3}% 7
\BOOKMARK [2][-]{subsection.3.2}{\376\377\000E\000m\000p\000i\000r\000i\000c\000a\000l\000\040\000S\000t\000r\000a\000t\000e\000g\000y}{section.3}% 8
\BOOKMARK [2][-]{subsection.3.3}{\376\377\000R\000e\000s\000u\000l\000t\000s}{section.3}% 9
\BOOKMARK [3][-]{subsubsection.3.3.1}{\376\377\000A\000l\000t\000e\000r\000n\000a\000t\000i\000v\000e\000\040\000I\000n\000t\000e\000r\000p\000r\000e\000t\000a\000t\000i\000o\000n\000s}{subsection.3.3}% 10
\BOOKMARK [1][-]{section.4}{\376\377\000M\000e\000c\000h\000a\000n\000i\000s\000m}{}% 11
\BOOKMARK [2][-]{subsection.4.1}{\376\377\000P\000o\000l\000i\000t\000i\000c\000a\000l\000\040\000I\000n\000c\000e\000n\000t\000i\000v\000e\000s\000\040\000M\000o\000b\000i\000l\000i\000z\000e\000\040\000G\000o\000v\000e\000r\000n\000m\000e\000n\000t\000\040\000M\000a\000c\000h\000i\000n\000e\000r\000y}{section.4}% 12
\BOOKMARK [2][-]{subsection.4.2}{\376\377\000E\000x\000p\000o\000s\000u\000r\000e\000\040\000t\000o\000\040\000F\000i\000r\000e\000s\000\040\000D\000r\000i\000v\000e\000s\000\040\000E\000l\000e\000c\000t\000o\000r\000a\000l\000\040\000O\000u\000t\000c\000o\000m\000e\000s}{section.4}% 13
\BOOKMARK [1][-]{section.5}{\376\377\000C\000o\000u\000n\000t\000e\000r\000v\000a\000i\000l\000i\000n\000g\000\040\000I\000n\000c\000e\000n\000t\000i\000v\000e\000s}{}% 14
\BOOKMARK [2][-]{subsection.5.1}{\376\377\000L\000o\000b\000b\000y\000i\000n\000g}{section.5}% 15
\BOOKMARK [3][-]{subsubsection.5.1.1}{\376\377\000D\000a\000t\000a}{subsection.5.1}% 16
\BOOKMARK [3][-]{subsubsection.5.1.2}{\376\377\000E\000m\000p\000i\000r\000i\000c\000a\000l\000\040\000S\000t\000r\000a\000t\000e\000g\000y}{subsection.5.1}% 17
\BOOKMARK [3][-]{subsubsection.5.1.3}{\376\377\000R\000e\000s\000u\000l\000t\000s}{subsection.5.1}% 18
\BOOKMARK [2][-]{subsection.5.2}{\376\377\000A\000d\000v\000e\000r\000s\000e\000\040\000S\000e\000l\000e\000c\000t\000i\000o\000n}{section.5}% 19
\BOOKMARK [3][-]{subsubsection.5.2.1}{\376\377\000D\000a\000t\000a}{subsection.5.2}% 20
\BOOKMARK [3][-]{subsubsection.5.2.2}{\376\377\000E\000m\000p\000i\000r\000i\000c\000a\000l\000\040\000S\000t\000r\000a\000t\000e\000g\000y\000\040}{subsection.5.2}% 21
\BOOKMARK [3][-]{subsubsection.5.2.3}{\376\377\000R\000e\000s\000u\000l\000t\000s}{subsection.5.2}% 22
\BOOKMARK [1][-]{section.6}{\376\377\000C\000o\000n\000c\000l\000u\000s\000i\000o\000n\000s}{}% 23
\BOOKMARK [1][-]{appendix.A}{\376\377\000D\000a\000t\000a\000\040\000C\000o\000n\000s\000t\000r\000u\000c\000t\000i\000o\000n}{}% 24
\BOOKMARK [2][-]{subsection.A.1}{\376\377\000C\000o\000m\000b\000i\000n\000i\000n\000g\000\040\000a\000l\000l\000\040\000t\000h\000e\000\040\000d\000a\000t\000a\000\040\000a\000t\000\040\000a\000\040\0005\000\040\000s\000q\000u\000a\000r\000e\000\040\000k\000m\000\040\000g\000r\000i\000d\000-\000c\000e\000l\000l\000\040\000l\000e\000v\000e\000l}{appendix.A}% 25
\BOOKMARK [2][-]{subsection.A.2}{\376\377\000C\000o\000d\000i\000n\000g\000\040\000F\000a\000r\000m\000e\000r\000\040\000P\000o\000l\000i\000t\000i\000c\000i\000a\000n\000s}{appendix.A}% 26
\BOOKMARK [2][-]{subsection.A.3}{\376\377\000P\000o\000l\000i\000t\000i\000c\000i\000a\000n\000s\000'\000\040\000A\000c\000t\000i\000o\000n\000s}{appendix.A}% 27
\BOOKMARK [3][-]{subsubsection.A.3.1}{\376\377\000C\000o\000u\000r\000t\000\040\000C\000a\000s\000e\000s}{subsection.A.3}% 28
\BOOKMARK [3][-]{subsubsection.A.3.2}{\376\377\000D\000I\000S\000H\000A\000\040\000D\000o\000c\000u\000m\000e\000n\000t\000\040\000C\000o\000l\000l\000e\000c\000t\000i\000o\000n}{subsection.A.3}% 29
\BOOKMARK [2][-]{subsection.A.4}{\376\377\000A\000I\000\040\000d\000i\000s\000c\000l\000o\000s\000u\000r\000e}{appendix.A}% 30
\BOOKMARK [1][-]{appendix.B}{\376\377\000P\000o\000l\000i\000t\000i\000c\000i\000a\000n\000s\000'\000\040\000I\000n\000c\000e\000n\000t\000i\000v\000e\000s\000\040\000t\000o\000\040\000C\000o\000n\000t\000r\000o\000l\000\040\000F\000i\000r\000e\000s}{}% 31
\BOOKMARK [2][-]{subsection.B.1}{\376\377\000E\000m\000p\000i\000r\000i\000c\000a\000l\000\040\000S\000t\000r\000a\000t\000e\000g\000y\000:\000\040\000E\000v\000e\000n\000t\000-\000S\000t\000u\000d\000y}{appendix.B}% 32
\BOOKMARK [2][-]{subsection.B.2}{\376\377\000D\000e\000s\000c\000r\000i\000p\000t\000i\000v\000e\000s}{appendix.B}% 33
\BOOKMARK [2][-]{subsection.B.3}{\376\377\000T\000r\000a\000n\000s\000l\000a\000t\000i\000n\000g\000\040\000F\000i\000r\000e\000\040\000R\000e\000d\000u\000c\000t\000i\000o\000n\000s\000\040\000i\000n\000t\000o\000\040\000A\000i\000r\000\040\000Q\000u\000a\000l\000i\000t\000y\000\040\000a\000n\000d\000\040\000M\000o\000r\000t\000a\000l\000i\000t\000y\000\040\000E\000s\000t\000i\000m\000a\000t\000e\000s}{appendix.B}% 34
\BOOKMARK [2][-]{subsection.B.4}{\376\377\000R\000o\000b\000u\000s\000t\000n\000e\000s\000s}{appendix.B}% 35
\BOOKMARK [1][-]{appendix.C}{\376\377\000L\000o\000b\000b\000y\000i\000n\000g}{}% 36
\BOOKMARK [2][-]{subsection.C.1}{\376\377\000D\000e\000s\000c\000r\000i\000p\000t\000i\000v\000e\000s}{appendix.C}% 37
\BOOKMARK [2][-]{subsection.C.2}{\376\377\000E\000m\000p\000i\000r\000i\000c\000a\000l\000\040\000S\000t\000r\000a\000t\000e\000g\000y}{appendix.C}% 38
\BOOKMARK [2][-]{subsection.C.3}{\376\377\000R\000o\000b\000u\000s\000t\000n\000e\000s\000s}{appendix.C}% 39
\BOOKMARK [2][-]{subsection.C.4}{\376\377\000A\000d\000d\000i\000t\000i\000o\000n\000a\000l\000\040\000R\000e\000s\000u\000l\000t\000s}{appendix.C}% 40
\BOOKMARK [1][-]{appendix.D}{\376\377\000A\000d\000v\000e\000r\000s\000e\000\040\000S\000e\000l\000e\000c\000t\000i\000o\000n}{}% 41
\BOOKMARK [2][-]{subsection.D.1}{\376\377\000D\000e\000s\000c\000r\000i\000p\000t\000i\000v\000e\000s}{appendix.D}% 42
\BOOKMARK [2][-]{subsection.D.2}{\376\377\000R\000o\000b\000u\000s\000t\000n\000e\000s\000s}{appendix.D}% 43
\BOOKMARK [2][-]{subsection.D.3}{\376\377\000A\000d\000d\000i\000t\000i\000o\000n\000a\000l\000\040\000R\000e\000s\000u\000l\000t\000s}{appendix.D}% 44
\BOOKMARK [1][-]{appendix.E}{\376\377\000P\000o\000l\000i\000t\000i\000c\000a\000l\000\040\000I\000n\000c\000e\000n\000t\000i\000v\000e\000s\000\040\000M\000o\000b\000i\000l\000i\000z\000e\000\040\000G\000o\000v\000e\000r\000n\000m\000e\000n\000t\000\040\000M\000a\000c\000h\000i\000n\000e\000r\000y}{}% 45
