[2026-08-24 20:01:50] ST[2026-08-24 20:01:50] START politician FE=27; event study + D[2026-08-24 20:01:50] IN[2026-08-24 20:01:50] INPUT politicians_cha  Activating project at   Activating project at `~/.julia/enviro    Demean Variables: [=    Demean Variables: [==>         1/22    Demean Variables: [=    Demean Variables: [===>                 Demean Variables: [=====Demean Variables: [=====>               Demean Variables: [=====Demean Variables: [======>              Demean Variables: [=====Demean Variables: [========>            Demean Variables: [=    Deme>                       ]  6/22    Demean Variables: [=====Demean Variables: [===========>         Demean Variables: [=====Demean Variables: [============8/22    Demean Variables: [=====Demean Va>                  ]  9/>      Demean Variables: [=====Demean Variables: [===============>      Demean Variables: [=====Demean Variables: [===============22    Demean Variables: [==================>    [==================    Demean Variables: [=    Demean Variables: [============13/22    Demean Variables: [=====Demean Variables: [==================    Demean Variables: [=====Demean Variables: [==================    Demean Variables: [=====Demean Variables: [==================    Demean Variables: [=    Demean Variables: [=========]  17/22    Demean Variables: [=====Demean Variables: [===>     ]  18/22    Demean Variables: [=====Demean Variables: [=====    ]  19/22    Demean Variables: [=====Demean Variables: [==================    Demean Variables: [=====Demean Variables: [==================    Demean Variables: [=    Demean Variables: [==================[?25h[2K[ Info: RHS-variable rel[ Info: RHS-variable relative_year_bin_aux: 1.0 is collinear [ Info: RHS-variable rel[ Info: RHS-variable relative_year_bin_aux: 2.0 is collinear [ Info: RHS-variable rel[ Info: RHS-variable relative_year_bin_aux: 3.0 is collinear [ Info: RHS-variable rel[ Info: RHS-variable relative_year_bin_aux: 4.0 is collinear [ Info: RHS-variable rel[ Info: RHS-variable relative_year_bin_aux: 6.0 is collinear [ Info: RHS-variable rel[ Info: RHS-variable relative_year_bin_aux: 7.0 is collinear [ Info: RHS-variable rel[ Info: RHS-variable relative_year_bin_aux: 8.0 is collinear [ Info: RHS-variable rel[ Info: RHS-variable relative_year_bin_aux: 9.0 is collinear [ Info: RHS-variable rel[ Info: RHS-variable relative_year_bin_aux: 10.0 is collinear [ Info: RHS-variable tre[ Info: RHS-variable treat: 1.0 is collinear   Activating project at `~/.julia/en project at `~/.ju  Activating project at `~/.julia/en project at `~/.julia/enviro    Demean Variables: [====>                            ]  1/10    Demean Variables: [=====Dem                                     Demean Variables: [==========>                      ]  3/10    Demean Variables: [=====Demean V>                   ]  4>       Demean Variables: [=====Demean Varia                ]  5/10    Demean Variables: [=====Demean Variables: [=================    Demean Variables: [=====Demean Variables: [=================    Demean Variables: [==========================>      ]  8/10    Demean Variables: [=====Demean Variables: [=================    Demean Variables: [================================>]  10/10[?25h[2K[ Info: RHS-variable pos[ Info: RHS-variable post_: 1.0 is collinear [ Info: RHS-variable tre[ Info: RHS-variable treat: 1.0 is collinear   Activating project at `~/.julia/en project at `~/.ju
===== STATA TRANSCRIPT 
=====
  ___  ____  ____  ____
  ___  ____  ____  ____  ____ ®
 /__    /   ____/   /   ____/      StataNow 19.5
___/   /   /___/   /   /___/       MP—Parallel Edition

 Statistics and Data Science       Copyright 1985-2025 StataCorp LLC
                                   StataCorp
                                   4905 Lakeway Drive
                                   College Station, Texas 77845 USA
                                   800-782-8272        https://www.stata.com
                                   979-696-4600        service@stata.com

Stata license: 4-user 16-core network, expiring 14 Sep 2026
Serial number: 501909301589
  Licensed to: University of Notre Dame
               Notre Dame, IN 46556

Notes:
      1. Stata is running in batch mode.
      2. Unicode is supported; see help unicode_advice.
      3. More than 2 billion observations are allowed; see help obs_advice.
      4. Maximum number of variables is set to 5,000 but can be increased;
          see help set_maxvar.

. do /users/aquisper/proj_bureaucrats_farms/code/_stacked_downup_replication/ex
> ploratory_analysis/cohort_eventtime_fe_sweep/_politician_byprov_cohort_eventt
> ime_fe_sweep.do 27 

. *****************************************************************************
> ***
. * Politician-by-province FE sweep with cohort-specific relative-year fixed ef
> fects.
. *
. * Input: politicians_characteristics_byprov.csv
. * Sample: unchanged treated/control composition; rural; through August 2022;
. *         relative years -5,...,4.
. * POL_CTIME_STAGE selects "event", "did", or "both". The independent FE
. * rerun sets it to "both": politician event study plus DiD interaction only.
. * When stage="both", one import and one prepared sample are used for both
. * loops. No preserve/restore or analysis-data reload is used.
. *****************************************************************************
> ***
. version 17

. clear all

. set more off

. set processors 1
    The maximum number of processors or cores being used is changed from 16
    to 1.  It can be set to any number between 1 and 16

. 
. args fe_arg

. local fe_env : environment POL_CTIME_FE_LIST

. local sample_env : environment ANALYSIS_SAMPLE_SUFFIX

. local stage_env : environment POL_CTIME_STAGE

. if "`stage_env'" == "" local stage_env "both"

. if !inlist("`stage_env'", "event", "did", "both") {
.     display as error "POL_CTIME_STAGE must be event, did, or both."
.     exit 198
. }

. 
. * Standalone defaults for the five standard sbatch parameters.
. global location     "shell"

. global sample       "`sample_env'"

. global is_rural_var "is_rural"

. global fe_list      "1/32"

. global ster_suffix  "_acpop"

. global root "/groups/sgulzar/sa_fires/proj_bureaucrats_farms"

. global code "/users/aquisper/proj_bureaucrats_farms/code/_stacked_downup_repl
> ication"

. if "`fe_arg'" != "" global fe_list "`fe_arg'"

. else if "`fe_env'" != "" global fe_list "`fe_env'"

. 
. foreach selected_fe of numlist $fe_list {
  2.     if !inrange(`selected_fe', 1, 32) {
  3.         display as error "Every FE id must be from 1 through 32."
  4.         exit 198
  5.     }
  6. }

. 
. global int_data "${root}/data_output/intermediate"

. global tables "${code}/../../tables/exploratory_analysis/cohort_eventtime_fe_
> sweep"

. capture mkdir "${code}/../../tables/exploratory_analysis"

. capture mkdir "${tables}"

. 
. local input_file "${int_data}/politicians_characteristics_byprov${sample}.csv
> "

. confirm file "`input_file'"

. display as text "Input: `input_file' | FE list: $fe_list | stage: `stage_env'
> "
Input: /groups/sgulzar/sa_fires/proj_bureaucrats_farms/data_output/intermediate
> /politicians_characteristics_byprov.csv | FE list: 27 | stage: both

. import delimited using "`input_file'", clear varnames(1)
(encoding automatically selected: ISO-8859-1)
(27 vars, 16,496,199 obs)

. 
. capture confirm variable relative_year_bin

. if _rc {
.     confirm variable relative_year
.     rename relative_year relative_year_bin
. }

. local required unique_small_grid_id province ac_uq_id count month year ///
>     monthyear downup_ac_pop av_wind_speed wind_direction election_year ///
>     yeargov treat control_type cohort cohort_id cohort_province relative_year
> _bin

. foreach variable of local required {
  2.     capture confirm variable `variable'
  3.     if _rc {
  4.         display as error "Required variable absent: `variable'"
  5.         exit 111
  6.     }
  7. }

. 
. assert cohort_id == floor(cohort_id) & cohort_id > 0

. assert inlist(treat, 0, 1)

. assert control_type == 0 if treat == 1

. assert inlist(control_type, 1, 2) if treat == 0

. 
. gen double countk = count * 1000

. mergid using ///
>     "${int_data}/ghs_grid_classification_2000.dta", ///
>     keep(master match) keepusing(is_rural)

    Result                      Number of obs
    -----------------------------------------
    Not matched                             0
    Matched                        16,496,199  (_merge==3)
    -----------------------------------------

. count if _merge == 1
  0

. display as text "Rows without rural classification: " r(N)
Rows without rural classification: 0

. drop _merge

. keep if ${is_rural_var} == 1
(4,219,068 observations deleted)

. keep if year < 2022 | (year == 2022 & month <= 8)
(2,358,054 observations deleted)

. keep if inrange(relative_year_bin, -5, 4)
(1,650,238 observations deleted)

. 
. gen byte fe_complete = 1

. local complete_vars unique_small_grid_id province ac_uq_id month year ///
>     monthyear election_year yeargov cohort cohort_id cohort_province countk /
> //
>     downup_ac_pop av_wind_speed wind_direction treat control_type relative_ye
> ar_bin

. foreach variable of local complete_vars {
  2.     replace fe_complete = 0 if missing(`variable')
  3. }
(0 real changes made)
(0 real changes made)
(0 real changes made)
(0 real changes made)
(0 real changes made)
(0 real changes made)
(0 real changes made)
(0 real changes made)
(0 real changes made)
(0 real changes made)
(0 real changes made)
(0 real changes made)
(0 real changes made)
(0 real changes made)
(0 real changes made)
(0 real changes made)
(0 real changes made)
(0 real changes made)

. count if fe_complete == 0
  0

. display as text "Rows removed by common complete-case restriction: " r(N)
Rows removed by common complete-case restriction: 0

. drop if fe_complete == 0
(0 observations deleted)

. drop fe_complete

. 
. sort cohort_id unique_small_grid_id monthyear

. by cohort_id: assert province == province[1]

. by cohort_id: assert cohort == cohort[1]

. by cohort_id: assert cohort_province == cohort_province[1]

. by cohort_id unique_small_grid_id: assert treat == treat[1]

. by cohort_id unique_small_grid_id: assert control_type == control_type[1]

. isid unique_small_grid_id monthyear cohort_id treat

. 
. quietly summarize relative_year_bin

. assert r(min) == -5

. assert r(max) == 4

. gen int relative_year_bin_aux = relative_year_bin + 6

. local base = 5

. 
. egen long unique_small_grid_id_cohort = group(unique_small_grid_id cohort_id)

. egen long province_cohort = group(province cohort_id)

. egen long monthyearco = group(monthyear cohort_id)

. egen long ac_elec_yr = group(ac_uq_id election_year cohort_id)

. 
. egen byte cohort_tag = tag(cohort_id)

. count if cohort_tag
  8

. local number_cohorts = r(N)

. drop cohort_tag

. display as result "Validated province-election cohorts: `number_cohorts'"
Validated province-election cohorts: 8

. 
. local fe1  "unique_small_grid_id_cohort"

. local fe2  "unique_small_grid_id_cohort monthyearco"

. local fe3  "unique_small_grid_id_cohort province_cohort#c.monthyear"

. local fe4  "unique_small_grid_id_cohort yeargov"

. local fe5  "unique_small_grid_id_cohort province_cohort#election_year"

. local fe6  "unique_small_grid_id_cohort province_cohort#election_year#yeargov
> "

. local fe7  "unique_small_grid_id_cohort monthyearco province_cohort#c.monthye
> ar"

. local fe8  "unique_small_grid_id_cohort monthyearco yeargov"

. local fe9  "unique_small_grid_id_cohort monthyearco province_cohort#election_
> year"

. local fe10 "unique_small_grid_i