
  ___  ____  ____  ____  ____ ®
 /__    /   ____/   /   ____/      StataNow 19.5
___/   /   /___/   /   /___/       MP—Parallel Edition

 Statistics and Data Science       Copyright 1985-2025 StataCorp LLC
                                   StataCorp
                                   4905 Lakeway Drive
                                   College Station, Texas 77845 USA
                                   800-782-8272        https://www.stata.com
                                   979-696-4600        service@stata.com

Stata license: 4-user 16-core network, expiring 14 Sep 2026
Serial number: 501909301589
  Licensed to: University of Notre Dame
               Notre Dame, IN 46556

Notes:
      1. Stata is running in batch mode.
      2. Unicode is supported; see help unicode_advice.
      3. More than 2 billion observations are allowed; see help obs_advice.
      4. Maximum number of variables is set to 5,000 but can be increased;
          see help set_maxvar.

. do /users/aquisper/proj_bureaucrats_farms/code/_stacked_downup_replication/ex
> ploratory_analysis/politician_original_controls_fe_sweep/_run_politician_orig
> inal_control_all32.do 

. *****************************************************************************
> ***
. * Original politician dataset: one import, 32 FE loops, one control definitio
> n.
. *
. * One Stata process performs two independent loops and saves every FE result:
. *   1. Event study, relative years -5,...,4, omitting -1.
. *   2. DiD interaction post x treat x downup_ac_pop.
. *****************************************************************************
> ***
. version 17

. clear all

. set more off

. set processors 1
    The maximum number of processors or cores being used is changed from 16
    to 1.  It can be set to any number between 1 and 16

. 
. args control_arg

. local control_env : environment POL_ORIGINAL_CONTROL_SAMPLE

. local control_sample "`control_arg'"

. if "`control_sample'" == "" local control_sample "`control_env'"

. if "`control_sample'" == "" local control_sample "never"

. if !inlist("`control_sample'", "never", "both", "notyet") {
.     display as error "Control sample must be never, both, or notyet."
.     exit 198
. }

. 
. * Standalone defaults for the five standard parameters.
. global location     "shell"

. global sample       ""

. global is_rural_var "is_rural"

. global fe_list      "1/32"

. global ster_suffix  "_acpop"

. global root "/groups/sgulzar/sa_fires/proj_bureaucrats_farms"

. global code "/users/aquisper/proj_bureaucrats_farms/code/_stacked_downup_repl
> ication"

. global int_data "${root}/data_output/intermediate"

. global tables "${code}/../../tables/exploratory_analysis/politician_original_
> controls_fe_sweep"

. global figures "${code}/../../figures/exploratory_analysis/politician_origina
> l_controls_fe_sweep"

. capture mkdir "${tables}"

. capture mkdir "${figures}"

. quietly do "${code}/estsave_csv.ado"

. 
. *****************************************************************************
> ***
. * Import and prepare the common sample exactly once.
. *****************************************************************************
> ***
. local input_file "${int_data}/politicians_characteristics${sample}.csv"

. confirm file "`input_file'"

. display as text "Input: `input_file' | controls: `control_sample'"
Input: /groups/sgulzar/sa_fires/proj_bureaucrats_farms/data_output/intermediate
> /politicians_characteristics.csv | controls: both

. import delimited using "`input_file'", clear varnames(1)
(encoding automatically selected: ISO-8859-1)
(22 vars, 42,159,947 obs)

. 
. capture confirm variable relative_year_bin

. if _rc {
.     confirm variable relative_year
.     rename relative_year relative_year_bin
. }

. local required unique_small_grid_id province ac_uq_id count month year ///
>     monthyear downup_ac_pop av_wind_speed wind_direction election_year ///
>     yeargov treat cohort relative_year_bin control_type

. foreach variable of local required {
  2.     capture confirm variable `variable'
  3.     if _rc {
  4.         display as error "Required variable absent: `variable'"
  5.         exit 111
  6.     }
  7. }

. assert control_type == 0 if treat == 1

. assert inlist(control_type, 1, 2) if treat == 0

. 
. gen double countk = count * 1000

. merge m:1 unique_small_grid_id using ///
>     "${int_data}/ghs_grid_classification_2000.dta", ///
>     keep(master match) keepusing(is_rural)

    Result                      Number of obs
    -----------------------------------------
    Not matched                             0
    Matched                        42,159,947  (_merge==3)
    -----------------------------------------

. count if _merge == 1
  0

. display as text "Rows without rural classification: " r(N)
Rows without rural classification: 0

. drop _merge

. keep if ${is_rural_var} == 1
(11,013,790 observations deleted)

. keep if year < 2022 | (year == 2022 & month <= 8)
(5,521,118 observations deleted)

. 
. if "`control_sample'" == "never" {
.     keep if treat == 1 | control_type == 1
. }

. else if "`control_sample'" == "notyet" {
.     keep if treat == 1 | control_type == 2
.     display as error "CAUTION: control_type 2 is the legacy partial-zero-spel
> l group."
. }

. 
. gen byte fe_complete = 1

. local complete_vars unique_small_grid_id province ac_uq_id month year ///
>     monthyear election_year yeargov cohort countk downup_ac_pop ///
>     av_wind_speed wind_direction treat relative_year_bin control_type

. foreach variable of local complete_vars {
  2.     replace fe_complete = 0 if missing(`variable')
  3. }
(0 real changes made)
(0 real changes made)
(0 real changes made)
(0 real changes made)
(0 real changes made)
(0 real changes made)
(0 real changes made)
(0 real changes made)
(0 real changes made)
(0 real changes made)
(0 real changes made)
(0 real changes made)
(0 real changes made)
(0 real changes made)
(0 real changes made)
(0 real changes made)

. count if fe_complete == 0
  0

. display as text "Rows removed by common complete-case restriction: " r(N)
Rows removed by common complete-case restriction: 0

. drop if fe_complete == 0
(0 observations deleted)

. drop fe_complete

. 
. egen long unique_small_grid_id_cohort = group(unique_small_grid_id cohort)

. egen long province_cohort = group(province cohort)

. egen long monthyearco = group(month year cohort)

. egen long ac_elec_yr = group(ac_uq_id election_year cohort)

. 
. local fe1  "unique_small_grid_id_cohort"

. local fe2  "unique_small_grid_id_cohort monthyearco"

. local fe3  "unique_small_grid_id_cohort province_cohort#c.monthyear"

. local fe4  "unique_small_grid_id_cohort yeargov"

. local fe5  "unique_small_grid_id_cohort province_cohort#election_year"

. local fe6  "unique_small_grid_id_cohort province_cohort#election_year#yeargov
> "

. local fe7  "unique_small_grid_id_cohort monthyearco province_cohort#c.monthye
> ar"

. local fe8  "unique_small_grid_id_cohort monthyearco yeargov"

. local fe9  "unique_small_grid_id_cohort monthyearco province_cohort#election_
> year"

. local fe10 "unique_small_grid_id_cohort monthyearco province_cohort#election_
> year#yeargov"

. local fe11 "unique_small_grid_id_cohort province_cohort#c.monthyear yeargov"

. local fe12 "unique_small_grid_id_cohort province_cohort#c.monthyear province_
> cohort#election_year"

. local fe13 "unique_small_grid_id_cohort province_cohort#c.monthyear province_
> cohort#election_year#yeargov"

. local fe14 "unique_small_grid_id_cohort yeargov province_cohort#election_year
> "

. local fe15 "unique_small_grid_id_cohort yeargov province_cohort#election_year
> #yeargov"

. local fe16 "unique_small_grid_id_cohort province_cohort#election_year provinc
> e_cohort#election_year#yeargov"

. local fe17 "unique_small_grid_id_cohort monthyearco province_cohort#c.monthye
> ar yeargov"

. local fe18 "unique_small_grid_id_cohort monthyearco province_cohort#c.monthye
> ar province_cohort#election_year"

. local fe19 "unique_small_grid_id_cohort monthyearco province_cohort#c.monthye
> ar province_cohort#election_year#yeargov"

. local fe20 "unique_small_grid_id_cohort monthyearco yeargov province_cohort#e
> lection_year"

. local fe21 "unique_small_grid_id_cohort monthyearco yeargov province_cohort#e
> lection_year#yeargov"

. local fe22 "unique_small_grid_id_cohort monthyearco province_cohort#election_
> year province_cohort#election_year#yeargov"

. local fe23 "unique_small_grid_id_cohort province_cohort#c.monthyear yeargov p
> rovince_cohort#election_year"

. local fe24 "unique_small_grid_id_cohort province_cohort#c.monthyear yeargov p
> rovince_cohort#election_year#yeargov"

. local fe25 "unique_small_grid_id_cohort province_cohort#c.monthyear province_
> cohort#election_year province_cohort#election_year#yeargov"

. local fe26 "unique_small_grid_id_cohort yeargov province_cohort#election_year
>  province_cohort#election_year#yeargov"

. local fe27 "unique_small_grid_id_cohort monthyearco province_cohort#c.monthye
> ar yeargov province_cohort#election_year"

. local fe28 "unique_small_grid_id_cohort monthyearco province_cohort#c.monthye
> ar yeargov province_cohort#election_year#yeargov"

. local fe29 "unique_small_grid_id_cohort monthyearco province_cohort#c.monthye
> ar province_cohort#election_year province_cohort#election_year#yeargov"

. local fe30 "unique_small_grid_id_cohort monthyearco yeargov province_cohort#e
> lection_year province_cohort#election_year#yeargov"

. local fe31 "unique_small_grid_id_cohort province_cohort#c.monthyear yeargov p
> rovince_cohort#election_year province_cohort#election_year#yeargov"

. local fe32 "unique_small_grid_id_cohort monthyearco province_cohort#c.monthye
> ar yeargov province_cohort#election_year province_cohort#election_year#yeargo
> v"

. 
. tempfile full_analysis_sample

. save `full_analysis_sample'
file /tmp/1350433.1.largemem/St2808385.000001 saved as .dta format

. 
. *****************************************************************************
> ***
. * Event-study loop: prepare once, estimate FE 1/32, save each independently.
. *****************************************************************************
> ***
. use `full_analysis_sample', clear

. keep if inrange(relative_year_bin, -5, 4)
(5,597,893 observations deleted)

. quietly summarize relative_year_bin

. assert r(min) == -5

. assert r(max) == 4

. gen int relative_year_bin_aux = relative_year_bin + 6

. local base = 5

. gen byte moderator = 0

. * local moderators_list moderator downup_ac rice_area_aclvl_ahigh rice_harvar
> ea_aclvl_ahigh rice_prod_aclvl_ahigh
. local moderators_list moderator

. 
. count if treat == 1
  3,356,320

. local event_n_treated = r(N)

. count if treat == 0
  16,670,826

. local event_n_control = r(N)

. egen byte event_tag_ac = tag(ac_uq_id)

. count if event_tag_ac
  689

. local event_numacs = r(N)

. drop event_tag_ac

. quietly summarize countk if treat == 1 & relative_year_bin <= -1

. local event_ymean = r(mean)

. quietly summarize countk if treat == 1 & relative_year_bin <= -1 & moderator 
> == 1

. local event_ymean2 = r(mean)

. 
. foreach mod of local moderators_list {
  2.     replace moderator = `mod'
  3.     local event_rhs "ib`base'.relative_year_bin_aux##ib0.treat##ib0.`mod' 
> wind_direction av_wind_speed"
  4.     foreach fe of numlist $fe_list {
  5.         local fespec "`fe`fe''"
  6.         local tag : display %02.0f `fe'
  7.         local tag = strtrim("`tag'")
  8.         local prefix "politician_original_fe`tag'_controls_`control_sample
> '"
  9.         display as result "EVENT controls=`control_sample' FE=`fe'/32: `fe
> spec'"
 10.         est clear
 11.         reghdfejl countk `event_rhs', absorb(`fespec') vce(cluster ac_elec
> _yr)
 12.         estadd scalar ymean = `event_ymean'
 13.         estadd scalar ymean2 = `event_ymean2'
 14.         estadd scalar acq = `event_numacs'
 15.         estadd scalar fe_id = `fe'
 16.         estadd scalar n_treated = `event_n_treated'
 17.         estadd scalar n_control = `event_n_control'
 18.         estadd local smpl "Rural"
 19.         estadd local fespec "`fespec'"
 20.         estadd local mod "`mod'"
 21.         estadd local controls "`control_sample'"
 22.         est store evreg1
 23.         local out "${tables}/`prefix'_event_rural_acpop_all"
 24.         estwrite evreg1 using "`out'.ster", replace
 25.         estsave_csv evreg1 using "`out'.csv", replace
 26.         confirm file "`out'_scalars.csv"
 27.     }
 28. }
(0 real changes made)
EVENT controls=both FE=1/32: unique_small_grid_id_cohort
(MWFE estimator converged in 1 iterations)

HDFE linear regression with Julia                 Number of obs   = 20,027,146
Absorbing 1 HDFE group                            F(  20,   6267) =      51.13
Statistics cluster-robust                         Prob > F        =     0.0000
                                                  R-squared       =     0.1075
                                                  Adj R-squared   =     0.0947
Number of clusters (ac_elec_yr) =       6268      Within R-sq.    =     0.0082
                                                  Root MSE        =  1005.4580

                         (Std. err. adjusted for 6,268 clusters in ac_elec_yr)
------------------------------------------------------------------------------
             |               Robust
      countk | Coefficient  std. err.      t    P>|t|     [95% conf. interval]
-------------+----------------------------------------------------------------
relative_y~x |
          1  |   9.368728   5.076269     1.85   0.065    -.5824972    19.31995
          2  |   26.14337   5.910979     4.42   0.000     14.55583    37.73092
          3  |   8.778785   3.620188     2.42   0.015     1.681975    15.87559
          4  |  -5.830809   2.772526    -2.10   0.035    -11.26591   -.3957072
          6  |  -.5790732   2.868549    -0.20   0.840    -6.202411    5.044265
          7  |  -17.99194   3.795242    -4.74   0.000    -25.43191   -10.55197
          8  |   1.479963   5.506542     0.27   0.788    -9.314745    12.27467
          9  |  -18.73791    4.85085    -3.86   0.000    -28.24723    -9.22858
         10  |   7.421581   3.936817     1.89   0.059      -.29593    15.13909
             |
     1.treat |          0  (omitted)
wind_direc~n |  -.8762215   .0309104   -28.35   0.000    -.9368164   -.8156266
av_wind_sp~d |   96.09418   4.427994    21.70   0.000      87.4138    104.7746
             |
relative_y~x#|
       treat |
        1 1  |  -16.14006   8.150718    -1.98   0.048    -32.11826   -.1618568
        2 1  |  -41.35665   8.175875    -5.06   0.000    -57.38417   -25.32914
        3 1  |  -5.093238   7.790917    -0.65   0.513     -20.3661    10.17963
        4 1  |  -2.025128   6.823031    -0.30   0.767    -15.40061    11.35035
        6 1  |   4.202828   6.263946     0.67   0.502    -8.076651    16.48231
        7 1  |   19.68756   6.614075     2.98   0.003     6.721706    32.65341
        8 1  |   8.483891   8.401872     1.01   0.313    -7.986656    24.95444
        9 1  |   30.03682   8.362851     3.59   0.000     13.64276    46.43087
       10 1  |   8.033849   8.520825     0.94   0.346    -8.669887    24.73759
------------------------------------------------------------------------------

added scalar:
              e(ymean) =  112.47989

added scalar:
             e(ymean2) =  .

added scalar:
                e(acq) =  689

added scalar:
              e(fe_id) =  1

added scalar:
          e(n_treated) =  3356320

added scalar:
          e(n_control) =  16670826

added macro:
               e(smpl) : "Rural"

added macro:
             e(fespec) : "unique_small_grid_id_cohort"

added macro:
                e(mod) : "moderator"

added macro:
           e(controls) : "both"
(saving evreg1)
(file /users/aquisper/proj_bureaucrats_farms/code/_stacked_downup_replication/.
> ./../tables/exploratory_analysis/politician_original_controls_fe_sweep/politi
> cian_original_fe01_controls_both_event_rural_acpop_all.ster saved)
(21 missing values generated)
(21 missing values generated)
(21 missing values generated)
(21 missing values generated)
(21 missing values generated)
(21 missing values generated)
(21 missing values generated)
(21 missing values generated)
(21 missing values generated)
(21 missing values generated)
(21 missing values generated)
(21 missing values generated)
(21 missing values generated)
(21 missing values generated)
(21 missing values generated)
(21 missing values generated)
(21 missing values generated)
(21 missing values generated)
(21 missing values generated)
(21 missing values generated)
(21 missing values generated)
(21 missing values generated)
(21 missing values generated)
Estimates exported to /users/aquisper/proj_bureaucrats_farms/code/_stacked_down
> up_replication/../../tables/exploratory_analysis/politician_original_controls
> _fe_sweep/politician_original_fe01_controls_both_event_rural_acpop_all.csv
EVENT controls=both FE=2/32: unique_small_grid_id_cohort monthyearco
variable countk not found
r(111);

end of do-file
r(111);
