During startup - Warning messages:
1: Setting LC_COLLATE=C.UTF-8 failed 
2: Setting LC_CTYPE=C.UTF-8 failed 
3: Setting LC_MONETARY=C.UTF-8 failed 
4: Setting LC_TIME=C.UTF-8 failed 
Generated: C:/Users/eunic/OneDrive/Documents/GitHub/proj_bureaucrats_farms/figures/exploratory_analysis/politician_byprov_fe_sweep/politician_byprov_fe01_did_interaction_rural_acpop_all_1.png
Generated: C:/Users/eunic/OneDrive/Documents/GitHub/proj_bureaucrats_farms/figures/exploratory_analysis/politician_byprov_fe_sweep/politician_byprov_fe02_did_interaction_rural_acpop_all_1.png
Generated: C:/Users/eunic/OneDrive/Documents/GitHub/proj_bureaucrats_farms/figures/exploratory_analysis/politician_byprov_fe_sweep/politician_byprov_fe03_did_interaction_rural_acpop_all_1.png
Generated: C:/Users/eunic/OneDrive/Documents/GitHub/proj_bureaucrats_farms/figures/exploratory_analysis/politician_byprov_fe_sweep/politician_byprov_fe04_did_interaction_rural_acpop_all_1.png
Generated: C:/Users/eunic/OneDrive/Documents/GitHub/proj_bureaucrats_farms/figures/exploratory_analysis/politician_byprov_fe_sweep/politician_byprov_fe05_did_interaction_rural_acpop_all_1.png
Generated: C:/Users/eunic/OneDrive/Documents/GitHub/proj_bureaucrats_farms/figures/exploratory_analysis/politician_byprov_fe_sweep/politician_byprov_fe06_did_interaction_rural_acpop_all_1.png
Generated: C:/Users/eunic/OneDrive/Documents/GitHub/proj_bureaucrats_farms/figures/exploratory_analysis/politician_byprov_fe_sweep/politician_byprov_fe07_did_interaction_rural_acpop_all_1.png
Generated: C:/Users/eunic/OneDrive/Documents/GitHub/proj_bureaucrats_farms/figures/exploratory_analysis/politician_byprov_fe_sweep/politician_byprov_fe08_did_interaction_rural_acpop_all_1.png
Generated: C:/Users/eunic/OneDrive/Documents/GitHub/proj_bureaucrats_farms/figures/exploratory_analysis/politician_byprov_fe_sweep/politician_byprov_fe09_did_interaction_rural_acpop_all_1.png
Generated: C:/Users/eunic/OneDrive/Documents/GitHub/proj_bureaucrats_farms/figures/exploratory_analysis/politician_byprov_fe_sweep/politician_byprov_fe10_did_interaction_rural_acpop_all_1.png
Generated: C:/Users/eunic/OneDrive/Documents/GitHub/proj_bureaucrats_farms/figures/exploratory_analysis/politician_byprov_fe_sweep/politician_byprov_fe11_did_interaction_rural_acpop_all_1.png
Generated: C:/Users/eunic/OneDrive/Documents/GitHub/proj_bureaucrats_farms/figures/exploratory_analysis/politician_byprov_fe_sweep/politician_byprov_fe12_did_interaction_rural_acpop_all_1.png
Generated: C:/Users/eunic/OneDrive/Documents/GitHub/proj_bureaucrats_farms/figures/exploratory_analysis/politician_byprov_fe_sweep/politician_byprov_fe13_did_interaction_rural_acpop_all_1.png
Generated: C:/Users/eunic/OneDrive/Documents/GitHub/proj_bureaucrats_farms/figures/exploratory_analysis/politician_byprov_fe_sweep/politician_byprov_fe14_did_interaction_rural_acpop_all_1.png
Generated: C:/Users/eunic/OneDrive/Documents/GitHub/proj_bureaucrats_farms/figures/exploratory_analysis/politician_byprov_fe_sweep/politician_byprov_fe15_did_interaction_rural_acpop_all_1.png
Generated: C:/Users/eunic/OneDrive/Documents/GitHub/proj_bureaucrats_farms/figures/exploratory_analysis/politician_byprov_fe_sweep/politician_byprov_fe16_did_interaction_rural_acpop_all_1.png
Generated: C:/Users/eunic/OneDrive/Documents/GitHub/proj_bureaucrats_farms/figures/exploratory_analysis/politician_byprov_fe_sweep/politician_byprov_fe17_did_interaction_rural_acpop_all_1.png
Generated: C:/Users/eunic/OneDrive/Documents/GitHub/proj_bureaucrats_farms/figures/exploratory_analysis/politician_byprov_fe_sweep/politician_byprov_fe18_did_interaction_rural_acpop_all_1.png
Generated: C:/Users/eunic/OneDrive/Documents/GitHub/proj_bureaucrats_farms/figures/exploratory_analysis/politician_byprov_fe_sweep/politician_byprov_fe19_did_interaction_rural_acpop_all_1.png
Generated: C:/Users/eunic/OneDrive/Documents/GitHub/proj_bureaucrats_farms/figures/exploratory_analysis/politician_byprov_fe_sweep/politician_byprov_fe20_did_interaction_rural_acpop_all_1.png
Generated: C:/Users/eunic/OneDrive/Documents/GitHub/proj_bureaucrats_farms/figures/exploratory_analysis/politician_byprov_fe_sweep/politician_byprov_fe21_did_interaction_rural_acpop_all_1.png
Generated: C:/Users/eunic/OneDrive/Documents/GitHub/proj_bureaucrats_farms/figures/exploratory_analysis/politician_byprov_fe_sweep/politician_byprov_fe22_did_interaction_rural_acpop_all_1.png
Generated: C:/Users/eunic/OneDrive/Documents/GitHub/proj_bureaucrats_farms/figures/exploratory_analysis/politician_byprov_fe_sweep/politician_byprov_fe23_did_interaction_rural_acpop_all_1.png
Generated: C:/Users/eunic/OneDrive/Documents/GitHub/proj_bureaucrats_farms/figures/exploratory_analysis/politician_byprov_fe_sweep/politician_byprov_fe24_did_interaction_rural_acpop_all_1.png
Generated: C:/Users/eunic/OneDrive/Documents/GitHub/proj_bureaucrats_farms/figures/exploratory_analysis/politician_byprov_fe_sweep/politician_byprov_fe25_did_interaction_rural_acpop_all_1.png
Generated: C:/Users/eunic/OneDrive/Documents/GitHub/proj_bureaucrats_farms/figures/exploratory_analysis/politician_byprov_fe_sweep/politician_byprov_fe26_did_interaction_rural_acpop_all_1.png
Generated: C:/Users/eunic/OneDrive/Documents/GitHub/proj_bureaucrats_farms/figures/exploratory_analysis/politician_byprov_fe_sweep/politician_byprov_fe27_did_interaction_rural_acpop_all_1.png
Generated: C:/Users/eunic/OneDrive/Documents/GitHub/proj_bureaucrats_farms/figures/exploratory_analysis/politician_byprov_fe_sweep/politician_byprov_fe28_did_interaction_rural_acpop_all_1.png
Generated: C:/Users/eunic/OneDrive/Documents/GitHub/proj_bureaucrats_farms/figures/exploratory_analysis/politician_byprov_fe_sweep/politician_byprov_fe29_did_interaction_rural_acpop_all_1.png
Generated: C:/Users/eunic/OneDrive/Documents/GitHub/proj_bureaucrats_farms/figures/exploratory_analysis/politician_byprov_fe_sweep/politician_byprov_fe30_did_interaction_rural_acpop_all_1.png
Generated: C:/Users/eunic/OneDrive/Documents/GitHub/proj_bureaucrats_farms/figures/exploratory_analysis/politician_byprov_fe_sweep/politician_byprov_fe31_did_interaction_rural_acpop_all_1.png
Generated: C:/Users/eunic/OneDrive/Documents/GitHub/proj_bureaucrats_farms/figures/exploratory_analysis/politician_byprov_fe_sweep/politician_byprov_fe32_did_interaction_rural_acpop_all_1.png
Warning messages:
1: In grDevices::dev.off() : agg could not write to the given file
2: In grDevices::dev.off() : agg could not write to the given file
3: In grDevices::dev.off() : agg could not write to the given file
4: In grDevices::dev.off() : agg could not write to the given file
Prepared all 32 FE report inputs.
