
  ___  ____  ____  ____  ____ ®
 /__    /   ____/   /   ____/      StataNow 19.5
___/   /   /___/   /   /___/       MP—Parallel Edition

 Statistics and Data Science       Copyright 1985-2025 StataCorp LLC
                                   StataCorp
                                   4905 Lakeway Drive
                                   College Station, Texas 77845 USA
                                   800-782-8272        https://www.stata.com
                                   979-696-4600        service@stata.com

Stata license: 4-user 16-core network, expiring 14 Sep 2026
Serial number: 501909301589
  Licensed to: University of Notre Dame
               Notre Dame, IN 46556

Notes:
      1. Stata is running in batch mode.
      2. Unicode is supported; see help unicode_advice.
      3. More than 2 billion observations are allowed; see help obs_advice.
      4. Maximum number of variables is set to 5,000 but can be increased;
          see help set_maxvar.

. do /users/aquisper/proj_bureaucrats_farms/code/_stacked_downup_replication/ex
> ploratory_analysis/protest_original_controls_fe_sweep/_protest_original_contr
> ols_fe_sweep.do 

. *****************************************************************************
> ***
. * Stacked protest sample: 32 FE x 3 control definitions.
. *
. * One invocation receives an FE numlist (normally 1/15 or 16/32) and one
. * control definition. For every FE it estimates:
. *   1. Event study, relative years -8,...,1, omitting -1.
. *   2. DiD interaction post x treat x downup_ac_pop.
. *****************************************************************************
> ***
. 
. version 17

. set processors 5
    The maximum number of processors or cores being used is changed from 16
    to 5.  It can be set to any number between 1 and 16

. args fe_arg control_arg

. 
. local fe_env : environment PROTEST_FE_LIST

. local control_env : environment PROTEST_CONTROL_SAMPLE

. local sample_env : environment ANALYSIS_SAMPLE_SUFFIX

. local stage_env : environment ANALYSIS_STAGE

. 
. if "$root" == "" {
.     clear all
.     set more off
.     global location     "shell"
.     global sample       "`sample_env'"
.     global is_rural_var "is_rural"
.     global fe_list      "1/15"
.     global ster_suffix  "_acpop"
.     global shell "/groups/sgulzar/sa_fires/proj_bureaucrats_farms"
.     global dbox  "C:/Users/eunic/Dropbox/sa_fires/proj_bureaucrats_farms"
.     global code_shell "/users/aquisper/proj_bureaucrats_farms/code/_stacked_d
> ownup_replication"
.     global code_dbox "C:/Users/eunic/OneDrive/Documents/GitHub/proj_bureaucra
> ts_farms/code/_stacked_downup_replication"
.     if "$location" == "dbox" {
.         global root "$dbox"
.         global code "$code_dbox"
.     }
.     else {
.         global root "$shell"
.         global code "$code_shell"
.     }
. }

. 
. if "`fe_arg'" != "" global fe_list "`fe_arg'"

. else if "`fe_env'" != "" global fe_list "`fe_env'"

. 
. local control_sample "`control_arg'"

. if "`control_sample'" == "" local control_sample "`control_env'"

. if "`control_sample'" == "" local control_sample "never"

. if !inlist("`control_sample'", "never", "both", "notyet") {
.     display as error "Control sample must be never, both, or notyet."
.     exit 198
. }

. local analysis_stage "`stage_env'"

. if "`analysis_stage'" == "" local analysis_stage "both"

. if !inlist("`analysis_stage'", "event", "did", "both") {
.     display as error "ANALYSIS_STAGE must be event, did, or both."
.     exit 198
. }

. foreach selected_fe of numlist $fe_list {
  2.     if !inrange(`selected_fe', 1, 32) {
  3.         display as error "Every FE id must be from 1 through 32."
  4.         exit 198
  5.     }
  6. }

. 
. global int_data "${root}/data_output/intermediate"

. global tables_root "${code}/../../tables"

. global tables "${tables_root}/exploratory_analysis/protest_original_controls_
> fe_sweep"

. global figures_root "${code}/../../figures"

. global figures "${figures_root}/exploratory_analysis/protest_original_control
> s_fe_sweep"

. if "${sample}" == "_sample" {
.     global tables "${tables}/sample"
.     global figures "${figures}/sample"
. }

. capture mkdir "${tables_root}/exploratory_analysis"

. capture mkdir "${tables}"

. capture mkdir "${figures_root}/exploratory_analysis"

. capture mkdir "${figures}"

. 
. local input_file "${int_data}/stacked_data_protest5km${sample}.csv"

. confirm file "`input_file'"

. import delimited using "`input_file'", clear varnames(1)
(encoding automatically selected: ISO-8859-1)
(22 vars, 257,040,986 obs)

. 
. capture confirm variable relative_year_bin

. if _rc {
.     confirm variable relative_year
.     rename relative_year relative_year_bin
. }

. local required unique_small_grid_id province ac_uq_id count month year ///
>     monthyear downup_ac_pop av_wind_speed wind_direction election_year ///
>     yeargov treat cohort relative_year_bin control_type

. foreach variable of local required {
  2.     confirm variable `variable'
  3. }

. assert control_type == 0 if treat == 1

. assert inlist(control_type, 1, 2) if treat == 0

. 
. gen double countk = count * 1000

. merge m:1 unique_small_grid_id using ///
>     "${int_data}/ghs_grid_classification_2000.dta", ///
>     keep(master match) keepusing(is_rural)

    Result                      Number of obs
    -----------------------------------------
    Not matched                             0
    Matched                       257,040,986  (_merge==3)
    -----------------------------------------

. count if _merge == 1
  0

. display as text "Rows without rural classification: " r(N)
Rows without rural classification: 0

. drop _merge

. keep if ${is_rural_var} == 1
(56,924,924 observations deleted)

. keep if year < 2022 | (year == 2022 & month <= 8)
(36,592,248 observations deleted)

. 
. if "`control_sample'" == "never" {
.     keep if treat == 1 | control_type == 1
(6,699,894 observations deleted)
. }

. else if "`control_sample'" == "notyet" {
.     keep if treat == 1 | control_type == 2
.     display as error "CAUTION: control_type 2 is the legacy partial-zero-spel
> l group."
. }

. 
. gen byte fe_complete = 1

. local complete_vars unique_small_grid_id province ac_uq_id month year ///
>     monthyear election_year yeargov cohort countk downup_ac_pop ///
>     av_wind_speed wind_direction treat relative_year_bin control_type

. foreach variable of local complete_vars {
  2.     replace fe_complete = 0 if missing(`variable')
  3. }
(0 real changes made)
(0 real changes made)
(0 real changes made)
(0 real changes made)
(0 real changes made)
(0 real changes made)
(0 real changes made)
(0 real changes made)
(0 real changes made)
(0 real changes made)
(0 real changes made)
(0 real changes made)
(0 real changes made)
(0 real changes made)
(0 real changes made)
(0 real changes made)

. count if fe_complete == 0
  0

. display as text "Rows removed by common complete-case restriction: " r(N)
Rows removed by common complete-case restriction: 0

. drop if fe_complete == 0
(0 observations deleted)

. drop fe_complete

. 
. egen long unique_small_grid_id_cohort = group(unique_small_grid_id cohort)

. egen long province_cohort = group(province cohort)

. egen long monthyearco = group(month year cohort)

. egen long ac_elec_yr = group(ac_uq_id election_year cohort)

. 
. local fe1  "unique_small_grid_id_cohort"

. local fe2  "unique_small_grid_id_cohort monthyearco"

. local fe3  "unique_small_grid_id_cohort province_cohort#c.monthyear"

. local fe4  "unique_small_grid_id_cohort yeargov"

. local fe5  "unique_small_grid_id_cohort province_cohort#election_year"

. local fe6  "unique_small_grid_id_cohort province_cohort#election_year#yeargov
> "

. local fe7  "unique_small_grid_id_cohort monthyearco province_cohort#c.monthye
> ar"

. local fe8  "unique_small_grid_id_cohort monthyearco yeargov"

. local fe9  "unique_small_grid_id_cohort monthyearco province_cohort#election_
> year"

. local fe10 "unique_small_grid_id_cohort monthyearco province_cohort#election_
> year#yeargov"

. local fe11 "unique_small_grid_id_cohort province_cohort#c.monthyear yeargov"

. local fe12 "unique_small_grid_id_cohort province_cohort#c.monthyear province_
> cohort#election_year"

. local fe13 "unique_small_grid_id_cohort province_cohort#c.monthyear province_
> cohort#election_year#yeargov"

. local fe14 "unique_small_grid_id_cohort yeargov province_cohort#election_year
> "

. local fe15 "unique_small_grid_id_cohort yeargov province_cohort#election_year
> #yeargov"

. local fe16 "unique_small_grid_id_cohort province_cohort#election_year provinc
> e_cohort#election_year#yeargov"

. local fe17 "unique_small_grid_id_cohort monthyearco province_cohort#c.monthye
> ar yeargov"

. local fe18 "unique_small_grid_id_cohort monthyearco province_cohort#c.monthye
> ar province_cohort#election_year"

. local fe19 "unique_small_grid_id_cohort monthyearco province_cohort#c.monthye
> ar province_cohort#election_year#yeargov"

. local fe20 "unique_small_grid_id_cohort monthyearco yeargov province_cohort#e
> lection_year"

. local fe21 "unique_small_grid_id_cohort monthyearco yeargov province_cohort#e
> lection_year#yeargov"

. local fe22 "unique_small_grid_id_cohort monthyearco province_cohort#election_
> year province_cohort#election_year#yeargov"

. local fe23 "unique_small_grid_id_cohort province_cohort#c.monthyear yeargov p
> rovince_cohort#election_year"

. local fe24 "unique_small_grid_id_cohort province_cohort#c.monthyear yeargov p
> rovince_cohort#election_year#yeargov"

. local fe25 "unique_small_grid_id_cohort province_cohort#c.monthyear province_
> cohort#election_year province_cohort#election_year#yeargov"

. local fe26 "unique_small_grid_id_cohort yeargov province_cohort#election_year
>  province_cohort#election_year#yeargov"

. local fe27 "unique_small_grid_id_cohort monthyearco province_cohort#c.monthye
> ar yeargov province_cohort#election_year"

. local fe28 "unique_small_grid_id_cohort monthyearco province_cohort#c.monthye
> ar yeargov province_cohort#election_year#yeargov"

. local fe29 "unique_small_grid_id_cohort monthyearco province_cohort#c.monthye
> ar province_cohort#election_year province_cohort#election_year#yeargov"

. local fe30 "unique_small_grid_id_cohort monthyearco yeargov province_cohort#e
> lection_year province_cohort#election_year#yeargov"

. local fe31 "unique_small_grid_id_cohort province_cohort#c.monthyear yeargov p
> rovince_cohort#election_year province_cohort#election_year#yeargov"

. local fe32 "unique_small_grid_id_cohort monthyearco province_cohort#c.monthye
> ar yeargov province_cohort#election_year province_cohort#election_year#yeargo
> v"

. 
. tempfile full_analysis_sample

. save `full_analysis_sample'
file /tmp/1351494.1.largemem/St3104103.000001 saved as .dta format

. 
. * Prepare the event-study sample once and loop over the requested FEs.
. if inlist("`analysis_stage'", "event", "both") {
. use `full_analysis_sample', clear
. keep if inrange(relative_year_bin, -8, 1)
(8,652,771 observations deleted)
. quietly summarize relative_year_bin
. assert r(min) == -8
. assert r(max) == 1
. gen int relative_year_bin_aux = relative_year_bin + 9
. local base = 8
. gen byte moderator = 0
. * local moderators_list moderator downup_ac rice_area_aclvl_ahigh rice_harvar
> ea_aclvl_ahigh rice_prod_aclvl_ahigh
. local moderators_list moderator
. count if treat == 1
  973,251
. local event_n_treated = r(N)
. count if treat == 0
  147,197,898
. local event_n_control = r(N)
. egen byte event_tag_ac = tag(ac_uq_id)
. count if event_tag_ac
  808
. local event_numacs = r(N)
. drop event_tag_ac
. quietly summarize countk if treat == 1 & relative_year_bin <= -1
. local event_ymean = r(mean)
. quietly summarize countk if treat == 1 & relative_year_bin <= -1 & moderator 
> == 1
. local event_ymean2 = r(mean)
. 
. foreach mod of local moderators_list {
  2.     replace moderator = `mod'
  3.     local rhs "ib`base'.relative_year_bin_aux##ib0.treat##ib0.`mod' wind_d
> irection av_wind_speed"
  4.     foreach selected_fe of numlist $fe_list {
  5.         local fespec "`fe`selected_fe''"
  6.         local fe_tag : display %02.0f `selected_fe'
  7.         local fe_tag = strtrim("`fe_tag'")
  8.         local prefix "protest_original_fe`fe_tag'_controls_`control_sample
> '"
  9.         display as result "EVENT controls=`control_sample' FE=`selected_fe
> ': `fespec'"
 10.         est clear
 11.         reghdfejl countk `rhs', absorb(`fespec') vce(cluster ac_elec_yr)
 12.         estadd scalar ymean = `event_ymean'
 13.         estadd scalar ymean2 = `event_ymean2'
 14.         estadd scalar acq = `event_numacs'
 15.         estadd scalar fe_id = `selected_fe'
 16.         estadd scalar n_treated = `event_n_treated'
 17.         estadd scalar n_control = `event_n_control'
 18.         estadd local smpl "Rural"
 19.         estadd local fespec "`fespec'"
 20.         estadd local mod "`mod'"
 21.         estadd local controls "`control_sample'"
 22.         est store evreg1
 23.         local event_out "${tables}/`prefix'_event_rural_acpop_all"
 24.         estwrite evreg1 using "`event_out'.ster", replace
 25.         confirm file "`event_out'.ster"
 26.     }
 27. }
(0 real changes made)
EVENT controls=never FE=23: unique_small_grid_id_cohort province_cohort#c.month
> year yeargov province_cohort#election_year
(MWFE estimator converged in 39 iterations)

HDFE linear regression with Julia                 Number of obs   =  148171149
Absorbing 4 HDFE groups                           F(  20,  45579) =     384.92
Statistics cluster-robust                         Prob > F        =     0.0000
                                                  R-squared       =     0.1023
                                                  Adj R-squared   =     0.0944
Number of clusters (ac_elec_yr) =      45579      Within R-sq.    =     0.0060
                                                  Root MSE        =   832.3960

                        (Std. err. adjusted for 45,579 clusters in ac_elec_yr)
------------------------------------------------------------------------------
             |               Robust
      countk | Coefficient  std. err.      t    P>|t|     [95% conf. interval]
-------------+----------------------------------------------------------------
relative_y~x |
          1  |   97.19052   17.30148     5.62   0.000     63.27934    131.1017
          2  |   64.45336    14.9092     4.32   0.000     35.23109    93.67563
          3  |   53.98355   12.42624     4.34   0.000     29.62792    78.33918
          4  |   66.59646   10.02105     6.65   0.000     46.95505    86.23787
          5  |   53.45144   7.369922     7.25   0.000     39.00627     67.8966
          6  |   41.08649   4.925953     8.34   0.000     31.43155    50.74144
          7  |   10.81695    2.53541     4.27   0.000     5.847505    15.78639
          9  |   13.12822   3.076703     4.27   0.000     7.097834    19.15861
         10  |  -2.146086   6.049193    -0.35   0.723     -14.0026    9.710429
             |
     1.treat |          0  (omitted)
wind_direc~n |  -.6409313    .008569   -74.80   0.000    -.6577267   -.6241359
av_wind_sp~d |   55.09499   1.266747    43.49   0.000     52.61215    57.57784
             |
relative_y~x#|
       treat |
        1 1  |   57.49812   11.15817     5.15   0.000     35.62792    79.36831
        2 1  |   27.86834   11.14761     2.50   0.012      6.01884    49.71783
        3 1  |  -.2919964   10.89989    -0.03   0.979    -21.65596    21.07197
        4 1  |   29.57101   12.39869     2.39   0.017     5.269378    53.87263
        5 1  |   48.35942   13.48695     3.59   0.000     21.92478    74.79405
        6 1  |    1.27076   8.553106     0.15   0.882    -15.49347    18.03499
        7 1  |  -1.911692   10.75071    -0.18   0.859    -22.98325    19.15987
        9 1  |   56.36731   9.893338     5.70   0.000     36.97621    75.75841
       10 1  |   100.1232   24.81508     4.03   0.000     51.48522    148.7611
------------------------------------------------------------------------------

added scalar:
              e(ymean) =  439.55556

added scalar:
             e(ymean2) =  .

added scalar:
                e(acq) =  808

added scalar:
              e(fe_id) =  23

added scalar:
          e(n_treated) =  973251

added scalar:
          e(n_control) =  1.472e+08

added macro:
               e(smpl) : "Rural"

added macro:
             e(fespec) : "unique_small_grid_id_cohort province_cohort#c.monthye
> ar yeargov province_cohort#election_year"

added macro:
                e(mod) : "moderator"

added macro:
           e(controls) : "never"
(saving evreg1)
(file /users/aquisper/proj_bureaucrats_farms/code/_stacked_downup_replication/.
> ./../tables/exploratory_analysis/protest_original_controls_fe_sweep/protest_o
> riginal_fe23_controls_never_event_rural_acpop_all.ster saved)
. }

. 
. * Reload the prepared full sample once and loop over the DiD specifications.
. if inlist("`analysis_stage'", "did", "both") {
. use `full_analysis_sample', clear
. gen byte post_ = relative_year_bin >= 0
. gen byte moderator = downup_ac_pop
. local moderators_list downup_ac_pop
. count if treat == 1
  1,015,560
. local did_n_treated = r(N)
. count if treat == 0
  155,808,360
. local did_n_control = r(N)
. egen byte did_tag_ac = tag(ac_uq_id)
. count if did_tag_ac
  808
. local did_numacs = r(N)
. drop did_tag_ac
. quietly summarize countk if treat == 1 & relative_year_bin <= -1
. local did_ymean = r(mean)
. quietly summarize countk if treat == 1 & relative_year_bin <= -1 & moderator 
> == 1
. local did_ymean2 = r(mean)
. 
. foreach mod of local moderators_list {
  2.     local rhs "ib0.post_##ib0.treat##ib0.`mod' wind_direction av_wind_spee
> d"
  3.     foreach selected_fe of numlist $fe_list {
  4.         local fespec "`fe`selected_fe''"
  5.         local fe_tag : display %02.0f `selected_fe'
  6.         local fe_tag = strtrim("`fe_tag'")
  7.         local prefix "protest_original_fe`fe_tag'_controls_`control_sample
> '"
  8.         display as result "DID controls=`control_sample' FE=`selected_fe':
>  `fespec'"
  9.         est clear
 10.         reghdfejl countk `rhs', absorb(`fespec') vce(cluster ac_elec_yr)
 11.         estadd scalar ymean = `did_ymean'
 12.         estadd scalar ymean2 = `did_ymean2'
 13.         estadd scalar acq = `did_numacs'
 14.         estadd scalar fe_id = `selected_fe'
 15.         estadd scalar n_treated = `did_n_treated'
 16.         estadd scalar n_control = `did_n_control'
 17.         estadd local smpl "Rural"
 18.         estadd local fespec "`fespec'"
 19.         estadd local mod "`mod'"
 20.         estadd local controls "`control_sample'"
 21.         est store evreg1
 22.         local did_out "${tables}/`prefix'_did_interaction_rural_acpop_all"
 23.         estwrite evreg1 using "`did_out'.ster", replace
 24.         confirm file "`did_out'.ster"
 25.     }
 26. }
DID controls=never FE=23: unique_small_grid_id_cohort province_cohort#c.monthye
> ar yeargov province_cohort#election_year
(MWFE estimator converged in 28 iterations)

HDFE linear regression with Julia                 Number of obs   =  156823920
Absorbing 4 HDFE groups                           F(   8,  45579) =     887.65
Statistics cluster-robust                         Prob > F        =     0.0000
                                                  R-squared       =     0.1040
                                                  Adj R-squared   =     0.0965
Number of clusters (ac_elec_yr) =      45579      Within R-sq.    =     0.0059
                                                  Root MSE        =   835.5899

                        (Std. err. adjusted for 45,579 clusters in ac_elec_yr)
------------------------------------------------------------------------------
             |               Robust
      countk | Coefficient  std. err.      t    P>|t|     [95% conf. interval]
-------------+----------------------------------------------------------------
     1.post_ |   25.42594   1.596446    15.93   0.000     22.29689      28.555
     1.treat |          0  (omitted)
1.downup_a~p |   5.184006   .6581266     7.88   0.000     3.894068    6.473945
wind_direc~n |   -.645271   .0085431   -75.53   0.000    -.6620156   -.6285263
av_wind_sp~d |   53.66975   1.219418    44.01   0.000     51.27967    56.05983
             |
 post_#treat |
        1 1  |   68.06589   14.47036     4.70   0.000     39.70376    96.42802
             |
       post_#|
downup_ac_~p |
        1 1  |  -1.175501    .969389    -1.21   0.225    -3.075519    .7245171
             |
       treat#|
downup_ac_~p |
        1 1  |  -8.377404   19.05236    -0.44   0.660    -45.72034    28.96553
             |
 post_#treat#|
downup_ac_~p |
      1 1 1  |  -12.40408   22.10924    -0.56   0.575    -55.73855     30.9304
------------------------------------------------------------------------------

added scalar:
              e(ymean) =  446.2126

added scalar:
             e(ymean2) =  440.21376

added scalar:
                e(acq) =  808

added scalar:
              e(fe_id) =  23

added scalar:
          e(n_treated) =  1015560

added scalar:
          e(n_control) =  1.558e+08

added macro:
               e(smpl) : "Rural"

added macro:
             e(fespec) : "unique_small_grid_id_cohort province_cohort#c.monthye
> ar yeargov province_cohort#election_year"

added macro:
                e(mod) : "downup_ac_pop"

added macro:
           e(controls) : "never"
(saving evreg1)
(file /users/aquisper/proj_bureaucrats_farms/code/_stacked_downup_replication/.
> ./../tables/exploratory_analysis/protest_original_controls_fe_sweep/protest_o
> riginal_fe23_controls_never_did_interaction_rural_acpop_all.ster saved)
. }

. 
. display as result "COMPLETED protest STER files: controls=`control_sample', F
> E=$fe_list, stage=`analysis_stage'"
COMPLETED protest STER files: controls=never, FE=23, stage=both

. 
end of do-file
