
  ___  ____  ____  ____  ____ ®
 /__    /   ____/   /   ____/      StataNow 19.5
___/   /   /___/   /   /___/       MP—Parallel Edition

 Statistics and Data Science       Copyright 1985-2025 StataCorp LLC
                                   StataCorp
                                   4905 Lakeway Drive
                                   College Station, Texas 77845 USA
                                   800-782-8272        https://www.stata.com
                                   979-696-4600        service@stata.com

Stata license: 4-user 16-core network, expiring 14 Sep 2026
Serial number: 501909301589
  Licensed to: University of Notre Dame
               Notre Dame, IN 46556

Notes:
      1. Stata is running in batch mode.
      2. Unicode is supported; see help unicode_advice.
      3. More than 2 billion observations are allowed; see help obs_advice.
      4. Maximum number of variables is set to 5,000 but can be increased;
          see help set_maxvar.

. do /users/aquisper/proj_bureaucrats_farms/code/_stacked_downup_replication/_m
> ain_1_did.do combined_dt downup_ac exploratory_analysis/main_did_downup_area_
> ac_m6_p5 _stacked -6 5 

. *****************************************************************************
> ***
. * Main stacked DiD: assembly-constituency treatment
. *
. * The master runs this file twice:
. *   combined_dt.csv      / downup_ac      (area-weighted treatment)
. *   combined_dt_pop.csv  / downup_ac_pop  (population-weighted treatment)
. *****************************************************************************
> ***
. 
. * Optional direct-call arguments:
. *   stacked input stem, treatment variable, output stem, output suffix,
. *   minimum relative month, maximum relative month.
. * The final two arguments default to the production window [-6, 5].
. args stacked_file_arg downup_var_arg did_output_arg ster_suffix_arg ///
>     window_min_arg window_max_arg

. 
. if "$root" == "" {
.     clear all
.     set more off
. 
.     * Five sbatch-array parameters; defaults apply only to standalone runs.
.     global location "shell"
.     global sample ""
.     global is_rural_var "is_rural"
.     global fe_list "1/4"
.     global ster_suffix "_stacked"
. 
.     global shell "/groups/sgulzar/sa_fires/proj_bureaucrats_farms"
.     global dbox "/Users/anzony.quisperojas/Library/CloudStorage/Dropbox/sa_fi
> res/proj_bureaucrats_farms"
.     global code_shell "/users/aquisper/proj_bureaucrats_farms/code/_stacked_d
> ownup_replication"
.     global code_dbox "/Users/anzony.quisperojas/Documents/GitHub/proj_bureauc
> rats_farms/code/_stacked_downup_replication"
.     if "$location" == "dbox" {
.         global root "$dbox"
.         global code "$code_dbox"
.     }
.     else {
.         global root "$shell"
.         global code "$code_shell"
.     }
. }

. 
. * Extra switches set by the master; the defaults reproduce the area treatment
> .
. if "$stacked_file" == "" {
.     global stacked_file "combined_dt"
. }

. if "$downup_var" == "" {
.     global downup_var "downup_ac"
. }

. if "$did_output" == "" {
.     global did_output "main_did_downup_area_ac"
. }

. 
. * Command-line arguments override the defaults when this dofile is launched
. * directly from a dedicated scheduler script.
. if "`stacked_file_arg'" != "" {
.     global stacked_file "`stacked_file_arg'"
. }

. if "`downup_var_arg'" != "" {
.     global downup_var "`downup_var_arg'"
. }

. if "`did_output_arg'" != "" {
.     global did_output "`did_output_arg'"
. }

. if "`ster_suffix_arg'" != "" {
.     global ster_suffix "`ster_suffix_arg'"
. }

. 
. local window_min = -6

. local window_max = 5

. if "`window_min_arg'" != "" {
.     local window_min = real("`window_min_arg'")
. }

. if "`window_max_arg'" != "" {
.     local window_max = real("`window_max_arg'")
. }

. if missing(`window_min') | missing(`window_max') | `window_min' > `window_max
> ' {
.     display as error "Invalid relative-month window: [`window_min_arg', `wind
> ow_max_arg']"
.     exit 198
. }

. 
. global int_data "${root}/data_output/intermediate"

. global tables "${code}/../../tables"

. 
. import delimited "${int_data}/${stacked_file}${sample}.csv", clear varnames(1
> )
(encoding automatically selected: ISO-8859-1)
(20 vars, 96,776,774 obs)

. 
. * Always express the fire-count outcome in thousands.
. capture drop countk

. gen countk = count * 1000

. keep if inrange(relative_monthyear, `window_min', `window_max')
(37,888,683 observations deleted)

. display as text "Exploration window: relative_monthyear in [`window_min', `wi
> ndow_max']"
Exploration window: relative_monthyear in [-6, 5]

. 
. * Preserve the stacked-analysis convention used by the event-study templates:
. * relative_year_bin is the analysis-period copy of relative_monthyear.
. capture confirm variable relative_year_bin

. if _rc {
.     gen relative_year_bin = relative_monthyear
. }

. 
. 
. merge m:1 unique_small_grid_id using ///
>     "${int_data}/ghs_grid_classification_2000.dta", ///
>     keepusing(is_rural) keep(3) nogen

    Result                      Number of obs
    -----------------------------------------
    Not matched                             0
    Matched                        58,888,091  
    -----------------------------------------

. keep if ${is_rural_var} == 1
(13,715,376 observations deleted)

. 
. * Do not drop grids that intersect more than one assembly constituency.
. * capture confirm variable grids_with_more_1_ac
. * if _rc {
. *     merge m:1 unique_small_grid_id using ///
> *         "${int_data}/grids_with_more_1_ac.dta", keep(master match) nogen
. *     capture confirm variable dpl_ac
. *     if !_rc {
. *         drop if dpl_ac == 1
. *     }
. * }
. keep if year < 2022 | (year == 2022 & month <= 8)
(8,063,338 observations deleted)

. 
. capture confirm variable treat

. if _rc {
.     bysort unique_small_grid_id: egen byte treat = max(${downup_var})
. }

. gen byte moderator = 0

. 
. capture confirm numeric variable unique_small_grid_id

. if _rc {
.     encode unique_small_grid_id, gen(grid_id)
. }

. else {
.     gen grid_id = unique_small_grid_id
. }

. 
. capture confirm numeric variable ac_uq_id

. if _rc {
.     encode ac_uq_id, gen(ac_id)
. }

. else {
.     gen ac_id = ac_uq_id
. }

. 
. quietly summarize countk if treat == 1 & relative_year_bin <= -1

. local ymean = r(mean)

. quietly summarize countk if treat == 1 & relative_year_bin <= -1 & moderator 
> == 1

. local ymean2 = r(mean)

. quietly levelsof ac_id, local(ac_levels)

. local numacs : word count `ac_levels'

. 
. local controls wind_direction av_wind_speed

. local cluster ac_uq_id#cohort#monthyear unique_small_grid_id#cohort

. local fespec1 "No fixed effects"

. local fespec2 "AC and month-year"

. local fespec3 "AC x month-year"

. local fespec4 "Grid and AC x month-year"

. local estimates ""

. 
. foreach fe of numlist $fe_list {
  2.     if `fe' == 1 {
  3.         reg countk ${downup_var} `controls', vce(cluster grid_id)
  4.         local monthyearfe "N"
  5.         local acfe "N"
  6.         local acmonthfe "N"
  7.         local gridfe "N"
  8.     }
  9.     else if `fe' == 2 {
 10.         reghdfejl countk ${downup_var} `controls', ///
>             absorb(ac_id#cohort monthyear#cohort) cluster(`cluster')
 11.         local monthyearfe "Y"
 12.         local acfe "Y"
 13.         local acmonthfe "N"
 14.         local gridfe "N"
 15.     }
 16.     else if `fe' == 3 {
 17.         reghdfejl countk ${downup_var} `controls', ///
>             absorb(ac_id#monthyear#cohort) cluster(`cluster')
 18.         local monthyearfe "N"
 19.         local acfe "N"
 20.         local acmonthfe "Y"
 21.         local gridfe "N"
 22.     }
 23.     else if `fe' == 4 {
 24.         reghdfejl countk ${downup_var} `controls', ///
>             absorb(grid_id#cohort ac_id#monthyear#cohort) cluster(`cluster')
 25.         local monthyearfe "N"
 26.         local acfe "N"
 27.         local acmonthfe "Y"
 28.         local gridfe "Y"
 29.     }
 30.     else {
 31.         display as error "Unsupported FE specification `fe'; use 1/4."
 32.         exit 198
 33.     }
 34. 
.     estadd scalar ymean = `ymean'
 35.     estadd scalar ymean2 = `ymean2'
 36.     estadd scalar acq = `numacs'
 37.     estadd scalar window_min = `window_min'
 38.     estadd scalar window_max = `window_max'
 39.     estadd local smpl "Rural"
 40.     estadd local fespec "`fespec`fe''"
 41.     estadd local monthyearfe "`monthyearfe'"
 42.     estadd local acfe "`acfe'"
 43.     estadd local acmonthfe "`acmonthfe'"
 44.     estadd local gridfe "`gridfe'"
 45.     local estimates `estimates' eq`fe'
 46.     est store eq`fe'
 47. }

Linear regression                               Number of obs     =   37109377
                                                F(3, 75304)       =    3555.07
                                                Prob > F          =     0.0000
                                                R-squared         =     0.0060
                                                Root MSE          =     1023.4

                           (Std. err. adjusted for 75,305 clusters in grid_id)
------------------------------------------------------------------------------
             |               Robust
      countk | Coefficient  std. err.      t    P>|t|     [95% conf. interval]
-------------+----------------------------------------------------------------
   downup_ac |    5.30522   2.176774     2.44   0.015     1.038753    9.571687
wind_direc~n |   -.815574   .0090782   -89.84   0.000    -.8333673   -.7977807
av_wind_sp~d |  -45.54979    1.90882   -23.86   0.000    -49.29107   -41.80851
       _cons |   204.6021   3.458449    59.16   0.000     197.8236    211.3807
------------------------------------------------------------------------------

added scalar:
              e(ymean) =  92.885683

added scalar:
             e(ymean2) =  .

added scalar:
                e(acq) =  807

added scalar:
         e(window_min) =  -6

added scalar:
         e(window_max) =  5

added macro:
               e(smpl) : "Rural"

added macro:
             e(fespec) : "No fixed effects"

added macro:
        e(monthyearfe) : "N"

added macro:
               e(acfe) : "N"

added macro:
          e(acmonthfe) : "N"

added macro:
             e(gridfe) : "N"
(dropped 143 singleton observations)
(MWFE estimator converged in 11 iterations)

HDFE linear regression with Julia                 Number of obs   = 37,109,234
Absorbing 2 HDFE groups                           F(   3, 980827) =    3371.45
Statistics cluster-robust                         Prob > F        =     0.0000
                                                  R-squared       =     0.1652
                                                  Adj R-squared   =     0.1629
Number of clusters (ac_uq_id#cohort#monthyear) =     980827Within R-sq.=     0.
> 0061
Number of clusters (unique_small_grid_id#cohort) =    5392157Root MSE=   939.10
> 47

(Std. err. adjusted for 980,827 clusters in ac_uq_id#cohort#monthyear unique_sm
> all_grid_id#cohort)
------------------------------------------------------------------------------
             |               Robust
      countk | Coefficient  std. err.      t    P>|t|     [95% conf. interval]
-------------+----------------------------------------------------------------
   downup_ac |   3.233515   1.271093     2.54   0.011     .7422146    5.724815
wind_direc~n |  -.3041594     .00745   -40.83   0.000    -.3187612   -.2895577
av_wind_sp~d |   336.2913   3.435042    97.90   0.000     329.5587    343.0238
------------------------------------------------------------------------------

added scalar:
              e(ymean) =  92.885683

added scalar:
             e(ymean2) =  .

added scalar:
                e(acq) =  807

added scalar:
         e(window_min) =  -6

added scalar:
         e(window_max) =  5

added macro:
               e(smpl) : "Rural"

added macro:
             e(fespec) : "AC and month-year"

added macro:
        e(monthyearfe) : "Y"

added macro:
               e(acfe) : "Y"

added macro:
          e(acmonthfe) : "N"

added macro:
             e(gridfe) : "N"
(dropped 47600 singleton observations)
(MWFE estimator converged in 1 iterations)

HDFE linear regression with Julia                 Number of obs   = 37,061,777
Absorbing 1 HDFE group                            F(   3, 933369) =      59.97
Statistics cluster-robust                         Prob > F        =     0.0000
                                                  R-squared       =     0.6224
                                                  Adj R-squared   =     0.6127
Number of clusters (ac_uq_id#cohort#monthyear) =     933370Within R-sq.=     0.
> 0000
Number of clusters (unique_small_grid_id#cohort) =    5390791Root MSE=   639.09
> 17

(Std. err. adjusted for 933,370 clusters in ac_uq_id#cohort#monthyear unique_sm
> all_grid_id#cohort)
------------------------------------------------------------------------------
             |               Robust
      countk | Coefficient  std. err.      t    P>|t|     [95% conf. interval]
-------------+----------------------------------------------------------------
   downup_ac |   5.951043   1.220692     4.88   0.000     3.558528    8.343558
wind_direc~n |   .0192279   .0045708     4.21   0.000     .0102693    .0281866
av_wind_sp~d |  -58.29977   4.645824   -12.55   0.000    -67.40543   -49.19411
------------------------------------------------------------------------------

added scalar:
              e(ymean) =  92.885683

added scalar:
             e(ymean2) =  .

added scalar:
                e(acq) =  807

added scalar:
         e(window_min) =  -6

added scalar:
         e(window_max) =  5

added macro:
               e(smpl) : "Rural"

added macro:
             e(fespec) : "AC x month-year"

added macro:
        e(monthyearfe) : "N"

added macro:
               e(acfe) : "N"

added macro:
          e(acmonthfe) : "Y"

added macro:
             e(gridfe) : "N"
(dropped 136397 singleton observations)
(MWFE estimator converged in 28 iterations)

HDFE linear regression with Julia                 Number of obs   = 36,972,980
Absorbing 2 HDFE groups                           F(   3, 932959) =       3.94
Statistics cluster-robust                         Prob > F        =     0.0080
                                                  R-squared       =     0.6769
                                                  Adj R-squared   =     0.6114
Number of clusters (ac_uq_id#cohort#monthyear) =     932959Within R-sq.=     0.
> 0000
Number of clusters (unique_small_grid_id#cohort) =    5301994Root MSE=   640.78
> 35

(Std. err. adjusted for 932,959 clusters in ac_uq_id#cohort#monthyear unique_sm
> all_grid_id#cohort)
------------------------------------------------------------------------------
             |               Robust
      countk | Coefficient  std. err.      t    P>|t|     [95% conf. interval]
-------------+----------------------------------------------------------------
   downup_ac |  -2.601423   1.645433    -1.58   0.114    -5.826418    .6235709
wind_direc~n |  -.0084111   .0051731    -1.63   0.104    -.0185501     .001728
av_wind_sp~d |  -21.89843   8.342095    -2.63   0.009    -38.24866   -5.548206
------------------------------------------------------------------------------

added scalar:
              e(ymean) =  92.885683

added scalar:
             e(ymean2) =  .

added scalar:
                e(acq) =  807

added scalar:
         e(window_min) =  -6

added scalar:
         e(window_max) =  5

added macro:
               e(smpl) : "Rural"

added macro:
             e(fespec) : "Grid and AC x month-year"

added macro:
        e(monthyearfe) : "N"

added macro:
               e(acfe) : "N"

added macro:
          e(acmonthfe) : "Y"

added macro:
             e(gridfe) : "Y"

. 
. estwrite `estimates' using ///
>     "${tables}/${did_output}${sample}_rural${ster_suffix}.ster", replace
(saving eq1)
(saving eq2)
(saving eq3)
(saving eq4)
(file /users/aquisper/proj_bureaucrats_farms/code/_stacked_downup_replication/.
> ./../tables/exploratory_analysis/main_did_downup_area_ac_m6_p5_rural_stacked.
> ster saved)

. 
. display "Saved ${tables}/${did_output}${sample}_rural${ster_suffix}.ster"
Saved /users/aquisper/proj_bureaucrats_farms/code/_stacked_downup_replication/.
> ./../tables/exploratory_analysis/main_did_downup_area_ac_m6_p5_rural_stacked.
> ster

. 
end of do-file
