
  ___  ____  ____  ____  ____ ®
 /__    /   ____/   /   ____/      StataNow 19.5
___/   /   /___/   /   /___/       MP—Parallel Edition

 Statistics and Data Science       Copyright 1985-2025 StataCorp LLC
                                   StataCorp
                                   4905 Lakeway Drive
                                   College Station, Texas 77845 USA
                                   800-782-8272        https://www.stata.com
                                   979-696-4600        service@stata.com

Stata license: 4-user 16-core network, expiring 14 Sep 2026
Serial number: 501909301589
  Licensed to: University of Notre Dame
               Notre Dame, IN 46556

Notes:
      1. Stata is running in batch mode.
      2. Unicode is supported; see help unicode_advice.
      3. More than 2 billion observations are allowed; see help obs_advice.
      4. Maximum number of variables is set to 5,000 but can be increased;
          see help set_maxvar.

. do /users/aquisper/proj_bureaucrats_farms/code/_stacked_downup_replication/_m
> ain_1_did.do combined_dt_pop downup_ac_pop exploratory_analysis/main_did_down
> up_pop_ac_m5_p6 _stacked -5 6 

. *****************************************************************************
> ***
. * Main stacked DiD: assembly-constituency treatment
. *
. * The master runs this file twice:
. *   combined_dt.csv      / downup_ac      (area-weighted treatment)
. *   combined_dt_pop.csv  / downup_ac_pop  (population-weighted treatment)
. *****************************************************************************
> ***
. 
. * Optional direct-call arguments:
. *   stacked input stem, treatment variable, output stem, output suffix,
. *   minimum relative month, maximum relative month.
. * The final two arguments default to the production window [-6, 5].
. args stacked_file_arg downup_var_arg did_output_arg ster_suffix_arg ///
>     window_min_arg window_max_arg

. 
. if "$root" == "" {
.     clear all
.     set more off
. 
.     * Five sbatch-array parameters; defaults apply only to standalone runs.
.     global location "shell"
.     global sample ""
.     global is_rural_var "is_rural"
.     global fe_list "1/4"
.     global ster_suffix "_stacked"
. 
.     global shell "/groups/sgulzar/sa_fires/proj_bureaucrats_farms"
.     global dbox "/Users/anzony.quisperojas/Library/CloudStorage/Dropbox/sa_fi
> res/proj_bureaucrats_farms"
.     global code_shell "/users/aquisper/proj_bureaucrats_farms/code/_stacked_d
> ownup_replication"
.     global code_dbox "/Users/anzony.quisperojas/Documents/GitHub/proj_bureauc
> rats_farms/code/_stacked_downup_replication"
.     if "$location" == "dbox" {
.         global root "$dbox"
.         global code "$code_dbox"
.     }
.     else {
.         global root "$shell"
.         global code "$code_shell"
.     }
. }

. 
. * Extra switches set by the master; the defaults reproduce the area treatment
> .
. if "$stacked_file" == "" {
.     global stacked_file "combined_dt"
. }

. if "$downup_var" == "" {
.     global downup_var "downup_ac"
. }

. if "$did_output" == "" {
.     global did_output "main_did_downup_area_ac"
. }

. 
. * Command-line arguments override the defaults when this dofile is launched
. * directly from a dedicated scheduler script.
. if "`stacked_file_arg'" != "" {
.     global stacked_file "`stacked_file_arg'"
. }

. if "`downup_var_arg'" != "" {
.     global downup_var "`downup_var_arg'"
. }

. if "`did_output_arg'" != "" {
.     global did_output "`did_output_arg'"
. }

. if "`ster_suffix_arg'" != "" {
.     global ster_suffix "`ster_suffix_arg'"
. }

. 
. local window_min = -6

. local window_max = 5

. if "`window_min_arg'" != "" {
.     local window_min = real("`window_min_arg'")
. }

. if "`window_max_arg'" != "" {
.     local window_max = real("`window_max_arg'")
. }

. if missing(`window_min') | missing(`window_max') | `window_min' > `window_max
> ' {
.     display as error "Invalid relative-month window: [`window_min_arg', `wind
> ow_max_arg']"
.     exit 198
. }

. 
. global int_data "${root}/data_output/intermediate"

. global tables "${code}/../../tables"

. 
. import delimited "${int_data}/${stacked_file}${sample}.csv", clear varnames(1
> )
(encoding automatically selected: ISO-8859-9)
(20 vars, 95,976,111 obs)

. 
. * Always express the fire-count outcome in thousands.
. capture drop countk

. gen countk = count * 1000

. keep if inrange(relative_monthyear, `window_min', `window_max')
(37,385,876 observations deleted)

. display as text "Exploration window: relative_monthyear in [`window_min', `wi
> ndow_max']"
Exploration window: relative_monthyear in [-5, 6]

. 
. * Preserve the stacked-analysis convention used by the event-study templates:
. * relative_year_bin is the analysis-period copy of relative_monthyear.
. capture confirm variable relative_year_bin

. if _rc {
.     gen relative_year_bin = relative_monthyear
. }

. 
. 
. merge m:1 unique_small_grid_id using ///
>     "${int_data}/ghs_grid_classification_2000.dta", ///
>     keepusing(is_rural) keep(3) nogen

    Result                      Number of obs
    -----------------------------------------
    Not matched                             0
    Matched                        58,590,235  
    -----------------------------------------

. keep if ${is_rural_var} == 1
(13,625,380 observations deleted)

. 
. * Do not drop grids that intersect more than one assembly constituency.
. * capture confirm variable grids_with_more_1_ac
. * if _rc {
. *     merge m:1 unique_small_grid_id using ///
> *         "${int_data}/grids_with_more_1_ac.dta", keep(master match) nogen
. *     capture confirm variable dpl_ac
. *     if !_rc {
. *         drop if dpl_ac == 1
. *     }
. * }
. keep if year < 2022 | (year == 2022 & month <= 8)
(8,066,918 observations deleted)

. 
. capture confirm variable treat

. if _rc {
.     bysort unique_small_grid_id: egen byte treat = max(${downup_var})
. }

. gen byte moderator = 0

. 
. capture confirm numeric variable unique_small_grid_id

. if _rc {
.     encode unique_small_grid_id, gen(grid_id)
. }

. else {
.     gen grid_id = unique_small_grid_id
. }

. 
. capture confirm numeric variable ac_uq_id

. if _rc {
.     encode ac_uq_id, gen(ac_id)
. }

. else {
.     gen ac_id = ac_uq_id
. }

. 
. quietly summarize countk if treat == 1 & relative_year_bin <= -1

. local ymean = r(mean)

. quietly summarize countk if treat == 1 & relative_year_bin <= -1 & moderator 
> == 1

. local ymean2 = r(mean)

. quietly levelsof ac_id, local(ac_levels)

. local numacs : word count `ac_levels'

. 
. local controls wind_direction av_wind_speed

. local cluster ac_uq_id#cohort#monthyear unique_small_grid_id#cohort

. local fespec1 "No fixed effects"

. local fespec2 "AC and month-year"

. local fespec3 "AC x month-year"

. local fespec4 "Grid and AC x month-year"

. local estimates ""

. 
. foreach fe of numlist $fe_list {
  2.     if `fe' == 1 {
  3.         reg countk ${downup_var} `controls', vce(cluster grid_id)
  4.         local monthyearfe "N"
  5.         local acfe "N"
  6.         local acmonthfe "N"
  7.         local gridfe "N"
  8.     }
  9.     else if `fe' == 2 {
 10.         reghdfejl countk ${downup_var} `controls', ///
>             absorb(ac_id#cohort monthyear#cohort) cluster(`cluster')
 11.         local monthyearfe "Y"
 12.         local acfe "Y"
 13.         local acmonthfe "N"
 14.         local gridfe "N"
 15.     }
 16.     else if `fe' == 3 {
 17.         reghdfejl countk ${downup_var} `controls', ///
>             absorb(ac_id#monthyear#cohort) cluster(`cluster')
 18.         local monthyearfe "N"
 19.         local acfe "N"
 20.         local acmonthfe "Y"
 21.         local gridfe "N"
 22.     }
 23.     else if `fe' == 4 {
 24.         reghdfejl countk ${downup_var} `controls', ///
>             absorb(grid_id#cohort ac_id#monthyear#cohort) cluster(`cluster')
 25.         local monthyearfe "N"
 26.         local acfe "N"
 27.         local acmonthfe "Y"
 28.         local gridfe "Y"
 29.     }
 30.     else {
 31.         display as error "Unsupported FE specification `fe'; use 1/4."
 32.         exit 198
 33.     }
 34. 
.     estadd scalar ymean = `ymean'
 35.     estadd scalar ymean2 = `ymean2'
 36.     estadd scalar acq = `numacs'
 37.     estadd scalar window_min = `window_min'
 38.     estadd scalar window_max = `window_max'
 39.     estadd local smpl "Rural"
 40.     estadd local fespec "`fespec`fe''"
 41.     estadd local monthyearfe "`monthyearfe'"
 42.     estadd local acfe "`acfe'"
 43.     estadd local acmonthfe "`acmonthfe'"
 44.     estadd local gridfe "`gridfe'"
 45.     local estimates `estimates' eq`fe'
 46.     est store eq`fe'
 47. }

Linear regression                               Number of obs     =   36897937
                                                F(3, 75343)       =    3747.77
                                                Prob > F          =     0.0000
                                                R-squared         =     0.0058
                                                Root MSE          =     1000.9

                           (Std. err. adjusted for 75,344 clusters in grid_id)
------------------------------------------------------------------------------
             |               Robust
      countk | Coefficient  std. err.      t    P>|t|     [95% conf. interval]
-------------+----------------------------------------------------------------
downup_ac_~p |    3.27149   2.079541     1.57   0.116    -.8044004    7.347381
wind_direc~n |  -.7801522    .008492   -91.87   0.000    -.7967966   -.7635079
av_wind_sp~d |  -47.55028   1.891489   -25.14   0.000    -51.25759   -43.84297
       _cons |   204.3491   3.412412    59.88   0.000     197.6608    211.0374
------------------------------------------------------------------------------

added scalar:
              e(ymean) =  91.947846

added scalar:
             e(ymean2) =  .

added scalar:
                e(acq) =  808

added scalar:
         e(window_min) =  -5

added scalar:
         e(window_max) =  6

added macro:
               e(smpl) : "Rural"

added macro:
             e(fespec) : "No fixed effects"

added macro:
        e(monthyearfe) : "N"

added macro:
               e(acfe) : "N"

added macro:
          e(acmonthfe) : "N"

added macro:
             e(gridfe) : "N"
(dropped 151 singleton observations)
(MWFE estimator converged in 11 iterations)

HDFE linear regression with Julia                 Number of obs   = 36,897,786
Absorbing 2 HDFE groups                           F(   3, 971403) =    3006.98
Statistics cluster-robust                         Prob > F        =     0.0000
                                                  R-squared       =     0.1608
                                                  Adj R-squared   =     0.1585
Number of clusters (ac_uq_id#cohort#monthyear) =     971403Within R-sq.=     0.
> 0057
Number of clusters (unique_small_grid_id#cohort) =    5381809Root MSE=   920.86
> 12

(Std. err. adjusted for 971,403 clusters in ac_uq_id#cohort#monthyear unique_sm
> all_grid_id#cohort)
------------------------------------------------------------------------------
             |               Robust
      countk | Coefficient  std. err.      t    P>|t|     [95% conf. interval]
-------------+----------------------------------------------------------------
downup_ac_~p |  -2.703413   1.222688    -2.21   0.027    -5.099841   -.3069843
wind_direc~n |  -.2866256   .0073405   -39.05   0.000    -.3010127   -.2722385
av_wind_sp~d |   319.8037   3.469446    92.18   0.000     313.0037    326.6037
------------------------------------------------------------------------------

added scalar:
              e(ymean) =  91.947846

added scalar:
             e(ymean2) =  .

added scalar:
                e(acq) =  808

added scalar:
         e(window_min) =  -5

added scalar:
         e(window_max) =  6

added macro:
               e(smpl) : "Rural"

added macro:
             e(fespec) : "AC and month-year"

added macro:
        e(monthyearfe) : "Y"

added macro:
               e(acfe) : "Y"

added macro:
          e(acmonthfe) : "N"

added macro:
             e(gridfe) : "N"
(dropped 49441 singleton observations)
(MWFE estimator converged in 1 iterations)

HDFE linear regression with Julia                 Number of obs   = 36,848,496
Absorbing 1 HDFE group                            F(   3, 922113) =      49.52
Statistics cluster-robust                         Prob > F        =     0.0000
                                                  R-squared       =     0.6114
                                                  Adj R-squared   =     0.6014
Number of clusters (ac_uq_id#cohort#monthyear) =     922113Within R-sq.=     0.
> 0000
Number of clusters (unique_small_grid_id#cohort) =    5380515Root MSE=   634.02
> 43

(Std. err. adjusted for 922,113 clusters in ac_uq_id#cohort#monthyear unique_sm
> all_grid_id#cohort)
------------------------------------------------------------------------------
             |               Robust
      countk | Coefficient  std. err.      t    P>|t|     [95% conf. interval]
-------------+----------------------------------------------------------------
downup_ac_~p |   5.629538    1.17597     4.79   0.000     3.324677      7.9344
wind_direc~n |   .0169661   .0046097     3.68   0.000     .0079313    .0260009
av_wind_sp~d |   -55.2956   4.896626   -11.29   0.000    -64.89282   -45.69837
------------------------------------------------------------------------------

added scalar:
              e(ymean) =  91.947846

added scalar:
             e(ymean2) =  .

added scalar:
                e(acq) =  808

added scalar:
         e(window_min) =  -5

added scalar:
         e(window_max) =  6

added macro:
               e(smpl) : "Rural"

added macro:
             e(fespec) : "AC x month-year"

added macro:
        e(monthyearfe) : "N"

added macro:
               e(acfe) : "N"

added macro:
          e(acmonthfe) : "Y"

added macro:
             e(gridfe) : "N"
(dropped 139166 singleton observations)
(MWFE estimator converged in 28 iterations)

HDFE linear regression with Julia                 Number of obs   = 36,758,771
Absorbing 2 HDFE groups                           F(   3, 921687) =       6.62
Statistics cluster-robust                         Prob > F        =     0.0002
                                                  R-squared       =     0.6670
                                                  Adj R-squared   =     0.5993
Number of clusters (ac_uq_id#cohort#monthyear) =     921687Within R-sq.=     0.
> 0000
Number of clusters (unique_small_grid_id#cohort) =    5290790Root MSE=   636.40
> 18

(Std. err. adjusted for 921,687 clusters in ac_uq_id#cohort#monthyear unique_sm
> all_grid_id#cohort)
------------------------------------------------------------------------------
             |               Robust
      countk | Coefficient  std. err.      t    P>|t|     [95% conf. interval]
-------------+----------------------------------------------------------------
downup_ac_~p |  -5.434628   1.643604    -3.31   0.001    -8.656037    -2.21322
wind_direc~n |  -.0125243   .0053374    -2.35   0.019    -.0229854   -.0020633
av_wind_sp~d |  -16.42016   8.490438    -1.93   0.053    -33.06114    .2208103
------------------------------------------------------------------------------

added scalar:
              e(ymean) =  91.947846

added scalar:
             e(ymean2) =  .

added scalar:
                e(acq) =  808

added scalar:
         e(window_min) =  -5

added scalar:
         e(window_max) =  6

added macro:
               e(smpl) : "Rural"

added macro:
             e(fespec) : "Grid and AC x month-year"

added macro:
        e(monthyearfe) : "N"

added macro:
               e(acfe) : "N"

added macro:
          e(acmonthfe) : "Y"

added macro:
             e(gridfe) : "Y"

. 
. estwrite `estimates' using ///
>     "${tables}/${did_output}${sample}_rural${ster_suffix}.ster", replace
(saving eq1)
(saving eq2)
(saving eq3)
(saving eq4)
(file /users/aquisper/proj_bureaucrats_farms/code/_stacked_downup_replication/.
> ./../tables/exploratory_analysis/main_did_downup_pop_ac_m5_p6_rural_stacked.s
> ter saved)

. 
. display "Saved ${tables}/${did_output}${sample}_rural${ster_suffix}.ster"
Saved /users/aquisper/proj_bureaucrats_farms/code/_stacked_downup_replication/.
> ./../tables/exploratory_analysis/main_did_downup_pop_ac_m5_p6_rural_stacked.s
> ter

. 
end of do-file
