Loading CRC_default/1.1
Starting exploratory_analysis/fire_season_timing/fire_season_start_event_study.do with 1 CPU(s).
Permanent Stata log: /users/aquisper/proj_bureaucrats_farms/code/_stacked_downup_replication/logs/fireseason_es_1406650.stata.log

  ___  ____  ____  ____  ____ ®
 /__    /   ____/   /   ____/      StataNow 19.5
___/   /   /___/   /   /___/       MP—Parallel Edition

 Statistics and Data Science       Copyright 1985-2025 StataCorp LLC
                                   StataCorp
                                   4905 Lakeway Drive
                                   College Station, Texas 77845 USA
                                   800-782-8272        https://www.stata.com
                                   979-696-4600        service@stata.com

Stata license: 4-user 16-core network, expiring 14 Sep 2026
Serial number: 501909301589
  Licensed to: University of Notre Dame
               Notre Dame, IN 46556

Notes:
      1. Stata is running in batch mode.
      2. Unicode is supported; see help unicode_advice.
      3. More than 2 billion observations are allowed; see help obs_advice.
      4. Maximum number of variables is set to 5,000 but can be increased;
          see help set_maxvar.

. do /users/aquisper/proj_bureaucrats_farms/code/_stacked_downup_replication/sb
> atch/_run_dofile.do 

. *****************************************************************************
> ***
. * Environment bridge: one invocation runs exactly one result-generating dofil
> e.
. *****************************************************************************
> ***
. 
. version 17

. set more off

. 
. local dofile        : environment FARMS_DOFILE

. local root          : environment FARMS_ROOT

. local code          : environment FARMS_CODE

. local location      : environment FARMS_LOCATION

. local sample        : environment FARMS_SAMPLE

. local is_rural_var  : environment FARMS_RURAL_VAR

. local fe_list       : environment FARMS_FE_LIST

. local ster_suffix   : environment FARMS_STER_SUFFIX

. local downup_var    : environment FARMS_DOWNUP_VAR

. local stacked_file  : environment FARMS_STACKED_FILE

. local did_output    : environment FARMS_DID_OUTPUT

. local control_samples : environment FARMS_CONTROL_SAMPLES

. local analysis_subsample : environment FARMS_ANALYSIS_SUBSAMPLE

. local processors    : environment FARMS_CPUS

. 
. if "`processors'" == "" local processors "1"

. set processors `processors'
    The maximum number of processors or cores being used is changed from 16
    to 1.  It can be set to any number between 1 and 16

. 
. if "`dofile'" == "" {
.     display as error "FARMS_DOFILE is empty; use sbatch/run_dofile.sbatch."
.     exit 198
. }

. if "`root'" == "" {
.     display as error "FARMS_ROOT is empty; use sbatch/run_dofile.sbatch."
.     exit 198
. }

. if "`code'" == "" {
.     display as error "FARMS_CODE is empty; use sbatch/run_dofile.sbatch."
.     exit 198
. }

. 
. if "`sample'" == "none" local sample ""

. if "`ster_suffix'" == "none" local ster_suffix ""

. if "`downup_var'" == "none" local downup_var ""

. if "`stacked_file'" == "none" local stacked_file ""

. if "`did_output'" == "none" local did_output ""

. if "`control_samples'" == "all" local control_samples ""

. if "`analysis_subsample'" == "all" local analysis_subsample ""

. 
. global root          "`root'"

. global code          "`code'"

. global location      "`location'"

. global sample        "`sample'"

. global is_rural_var  "`is_rural_var'"

. global fe_list       "`fe_list'"

. global ster_suffix   "`ster_suffix'"

. global downup_var    "`downup_var'"

. global stacked_file  "`stacked_file'"

. global did_output    "`did_output'"

. global control_samples "`control_samples'"

. global analysis_subsample "`analysis_subsample'"

. 
. global int_data    "${root}/data_output/intermediate"

. global int_farms   "${int_data}"

. global tables      "${code}/../../tables"

. global table_farms "${tables}"

. global figures     "${code}/../../figures"

. global figure_farms "${figures}"

. 
. capture mkdir "${tables}"

. capture mkdir "${figures}"

. capture mkdir "${code}/logs"

. 
. adopath ++ "${code}"
  [1]              "/users/aquisper/proj_bureaucrats_farms/code/_stacked_downup
> _replication"
  [2]  (BASE)      "/software/s/stata/19.5/ado/base/"
  [3]  (SITE)      "/software/s/stata/ado/"
  [4]              "."
  [5]  (PERSONAL)  "~/ado/personal/"
  [6]  (PLUS)      "~/ado/plus/"
  [7]  (OLDPLACE)  "~/ado/"

. capture noisily do "${code}/estsave_csv.ado"

. *! estsave_csv v1.2 - Export stored estimates and covariance matrices to CSV
. program define estsave_csv
  1.     version 14.0
  2.     syntax namelist using/, [replace append]
  3. 
.     local outfile `"`using'"'
  4.     tempfile coef_all coef_cur scalar_all scalar_cur
  5.     local first = 1
  6. 
.     foreach est of local namelist {
  7.         quietly estimates restore `est'
  8.         matrix b = e(b)
  9.         matrix V = e(V)
 10.         local k = colsof(b)
 11.         local cnames : colfullnames b
 12. 
.         preserve
 13.         clear
 14.         quietly set obs `k'
 15.         gen strL reg = "`est'"
 16.         gen strL var = ""
 17.         gen double beta = .
 18.         capture local ymean_val `"`e(ymean)'"'
 19.         if !_rc & `"`ymean_val'"' != "" gen strL ymean = `"`ymean_val'"'
 20.         else gen strL ymean = ""
 21. 
.         forvalues j = 1/`k' {
 22.             local nm : word `j' of `cnames'
 23.             quietly replace var = "`nm'" in `j'
 24.             quietly replace beta = b[1, `j'] in `j'
 25.             gen double cov`j' = .
 26.         }
 27.         forvalues i = 1/`k' {
 28.             forvalues j = 1/`k' {
 29.                 quietly replace cov`j' = V[`i', `j'] in `i'
 30.             }
 31.         }
 32.         quietly save `coef_cur', replace
 33.         if `first' quietly save `coef_all', replace
 34.         else {
 35.             quietly use `coef_all', clear
 36.             quietly append using `coef_cur'
 37.             quietly save `coef_all', replace
 38.         }
 39.         restore
 40. 
.         preserve
 41.         clear
 42.         quietly set obs 1
 43.         gen strL reg = "`est'"
 44.         local escalars : e(scalars)
 45.         foreach sc of local escalars {
 46.             local scval = e(`sc')
 47.             local safe = subinstr("`sc'", "-", "_", .)
 48.             capture gen double `safe' = `scval'
 49.             if _rc capture gen double sc_`safe' = `scval'
 50.         }
 51.         local emacros : e(macros)
 52.         foreach mc of local emacros {
 53.             capture local mcval `"`e(`mc')'"'
 54.             if !_rc & `"`mcval'"' != "" {
 55.                 if strlen(`"`mcval'"') > 244 local mcval = substr(`"`mcval
> '"', 1, 244)
 56.                 local safe = subinstr("`mc'", "-", "_", .)
 57.                 capture gen strL `safe' = `"`mcval'"'
 58.                 if _rc capture gen strL mc_`safe' = `"`mcval'"'
 59.             }
 60.         }
 61.         quietly save `scalar_cur', replace
 62.         if `first' {
 63.             quietly save `scalar_all', replace
 64.             local first = 0
 65.         }
 66.         else {
 67.             quietly use `scalar_all', clear
 68.             quietly append using `scalar_cur'
 69.             quietly save `scalar_all', replace
 70.         }
 71.         restore
 72.     }
 73. 
.     local basefile = subinstr(`"`outfile'"', ".csv", "", .)
 74.     quietly use `coef_all', clear
 75.     order reg var beta ymean
 76.     quietly export delimited using "`basefile'.csv", `replace' `append'
 77.     quietly use `scalar_all', clear
 78.     quietly export delimited using "`basefile'_scalars.csv", `replace' `ap
> pend'
 79.     display as result "Estimates exported to `basefile'.csv"
 80. end

. 
. 
end of do-file

. capture noisily do "${code}/estload_csv.ado"

. *! estload_csv v1.0 - Reconstruct estimate objects exported by estsave_csv
. program define estload_csv
  1.     version 14.0
  2.     syntax using/
  3. 
.     local infile `"`using'"'
  4.     local basefile = subinstr(`"`infile'"', ".csv", "", .)
  5.     preserve
  6.     quietly import delimited using "`basefile'.csv", clear varnames(1)
  7.     quietly levelsof reg, local(regs)
  8. 
.     foreach r of local regs {
  9.         preserve
 10.         quietly keep if reg == "`r'"
 11.         local k = _N
 12.         matrix b = J(1, `k', .)
 13.         matrix V = J(`k', `k', .)
 14.         local varnames ""
 15.         forvalues i = 1/`k' {
 16.             local vname = var[`i']
 17.             local varnames `"`varnames' `vname'"'
 18.             matrix b[1, `i'] = beta[`i']
 19.             forvalues j = 1/`k' {
 20.                 matrix V[`i', `j'] = cov`j'[`i']
 21.             }
 22.         }
 23.         matrix colnames b = `varnames'
 24.         matrix rownames V = `varnames'
 25.         matrix colnames V = `varnames'
 26.         restore, preserve
 27.         quietly ereturn post b V
 28.         estimates store `r'
 29.         display as text "Loaded estimate: `r'"
 30.     }
 31.     restore
 32. end

. 
. 
end of do-file

. 
. display "============================================================"
============================================================

. display "Independent dofile job: `dofile'"
Independent dofile job: exploratory_analysis/fire_season_timing/fire_season_sta
> rt_event_study.do

. display "Data root: ${root}"
Data root: /groups/sgulzar/sa_fires/proj_bureaucrats_farms

. display "Tables output: ${tables}"
Tables output: /users/aquisper/proj_bureaucrats_farms/code/_stacked_downup_repl
> ication/../../tables

. display "Figures output: ${figures}"
Figures output: /users/aquisper/proj_bureaucrats_farms/code/_stacked_downup_rep
> lication/../../figures

. display "Code root: ${code}"
Code root: /users/aquisper/proj_bureaucrats_farms/code/_stacked_downup_replicat
> ion

. display "Sample: ${sample}; rural: ${is_rural_var}; FE: ${fe_list}"
Sample: _sample; rural: is_rural; FE: 1

. display "Suffix: ${ster_suffix}; moderator: ${downup_var}"
Suffix: ; moderator: downup_ac_pop

. display "Control samples: ${control_samples}"
Control samples: 

. display "Analysis subsample: ${analysis_subsample}"
Analysis subsample: 

. display "Stata processors: " c(processors)
Stata processors: 1

. display "============================================================"
============================================================

. 
. do "${code}/`dofile'"

. *****************************************************************************
> ***
. * Exploratory seasonality-balance event study for the downup_ac_pop stack.
. *
. * Outcome: 1 in October or November, 0 in every other calendar month.
. * Window and omitted period match the main population event study: -5 to +6,
. * with relative month 0 omitted.
. *
. * IMPORTANT: the main AC x month-year x cohort FE cannot be used here because
. * it absorbs this calendar-month outcome exactly. We retain grid x cohort FE,
. * the production sample restrictions, weather controls, and clustering.
. *****************************************************************************
> ***
. 
. if "$root" == "" {
.     clear all
.     set more off
. 
.     * Standalone defaults for the five sbatch-array parameters:
.     * location, sample, is_rural_var, fe_list, and ster_suffix.
.     global location     "shell"
.     global sample       ""
.     global is_rural_var "is_rural"
.     global fe_list      "1"
.     global ster_suffix  ""
. 
.     global shell "/groups/sgulzar/sa_fires/proj_bureaucrats_farms"
.     global dbox  "/Users/anzony.quisperojas/Library/CloudStorage/Dropbox/sa_f
> ires/proj_bureaucrats_farms"
.     global code_shell "/users/aquisper/proj_bureaucrats_farms/code/_stacked_d
> ownup_replication"
.     global code_dbox  "/Users/anzony.quisperojas/Documents/GitHub/proj_bureau
> crats_farms/code/_stacked_downup_replication"
. 
.     if "$location" == "dbox" {
.         global root "$dbox"
.         global code "$code_dbox"
.     }
.     else {
.         global root "$shell"
.         global code "$code_shell"
.     }
.     quietly do "${code}/estsave_csv.ado"
. }

. 
. global int_data "${root}/data_output/intermediate"

. global output_dir "${code}/../../tables/exploratory_analysis/fire_season_timi
> ng"

. capture mkdir "${code}/../../tables/exploratory_analysis"

. capture mkdir "${output_dir}"

. 
. import delimited using "${int_data}/combined_dt_pop${sample}.csv", ///
>     clear varnames(1)
(encoding automatically selected: UTF-8)
(20 vars, 493,809 obs)

. 
. keep if inrange(relative_monthyear, -5, 6)
(191,697 observations deleted)

. keep if year < 2022 | (year == 2022 & month <= 8)
(54,167 observations deleted)

. 
. gen relative_year_bin = relative_monthyear

. gen relative_year_bin_aux = relative_year_bin + 6

. local base = 6

. assert relative_year_bin == 0 if relative_year_bin_aux == `base'

. 
. * This is Saad's proposed diagnostic outcome. It marks the beginning-of-fire-
. * season window in every calendar year; it does not restrict the sample.
. gen byte fire_season_start = inlist(month, 10, 11)

. label variable fire_season_start "October-November fire-season window"

. assert inlist(fire_season_start, 0, 1)

. assert fire_season_start == 1 if inlist(month, 10, 11)

. assert fire_season_start == 0 if !inlist(month, 10, 11)

. 
. merge m:1 unique_small_grid_id using ///
>     "${int_data}/ghs_grid_classification_2000.dta", ///
>     keep(master match) keepusing(is_rural)

    Result                      Number of obs
    -----------------------------------------
    Not matched                             0
    Matched                           247,945  (_merge==3)
    -----------------------------------------

. drop _merge

. keep if ${is_rural_var} == 1
(57,212 observations deleted)

. 
. confirm variable downup_ac_pop

. confirm variable treat

. confirm variable cohort

. confirm variable monthyear

. isid unique_small_grid_id monthyear cohort treat

. 
. * Preserve the main event-study moderator structure even though this diagnost
> ic
. * intentionally has no heterogeneity moderator.
. * local moderators_list moderator downup_ac rice_area_aclvl_ahigh rice_harvar
> ea_aclvl_ahigh rice_prod_aclvl_ahigh
. gen byte moderator = 0

. local moderators_list moderator

. local dep_var fire_season_start

. local fe1 "unique_small_grid_id#cohort"

. 
. do "${code}/_apply_analysis_subsample.do"

. *****************************************************************************
> ***
. * Apply the production analysis-subsample selection after the stacked dataset
. * and required native fields are loaded, but before any common-sample model.
. *
. * $analysis_subsample == ""          : retain the complete analysis sample
. * $analysis_subsample == "rice_high" : retain above-median AC rice production
. *****************************************************************************
> ***
. 
. if "$analysis_subsample" == "rice_high" {
.     capture confirm variable rice_prod_aclvl_ahigh
.     if _rc {
.         display as error ///
>             "rice_prod_aclvl_ahigh is missing from the stacked dataset. " ///
>             "Regenerate the stacked inputs from 0_master_dataset."
.         exit 111
.     }
. 
.     assert inlist(rice_prod_aclvl_ahigh, 0, 1)
.     quietly count
.     local subsample_before = r(N)
.     keep if rice_prod_aclvl_ahigh == 1
.     quietly count
.     local subsample_after = r(N)
.     if `subsample_after' == 0 {
.         display as error "The rice-high restriction removed every row."
.         exit 2000
.     }
.     display as result "ANALYSIS SAMPLE: rice_prod_aclvl_ahigh == 1"
.     display as result "Rows retained: `subsample_after' of `subsample_before'
> "
. }

. 
end of do-file

. 
. egen tag_ac = tag(ac_uq_id)

. count if tag_ac == 1
  796

. local numacs = r(N)

. 
. est clear

. local i = 1

. local estimate_names ""

. foreach mod of local moderators_list {
  2.     replace moderator = `mod'
  3.     local rhs "ib`base'.relative_year_bin_aux##ib0.treat##ib0.`mod' wind_d
> irection av_wind_speed"
  4. 
.     quietly summarize `dep_var' if treat == 1 & relative_year_bin <= -1
  5.     local ymean = r(mean)
  6.     quietly summarize `dep_var' if treat == 1 & relative_year_bin <= -1 & 
> moderator == 1
  7.     local ymean2 = r(mean)
  8. 
.     foreach fe of numlist $fe_list {
  9.         local fespec `fe`fe''
 10.         reghdfejl `dep_var' `rhs', absorb(`fespec') ///
>             cluster(ac_uq_id#cohort#monthyear unique_small_grid_id#cohort)
 11. 
.         estadd scalar ymean = `ymean'
 12.         estadd scalar ymean2 = `ymean2'
 13.         estadd scalar acq = `numacs'
 14.         estadd local smpl "Rural"
 15.         estadd local fespec "fe`fe'"
 16.         estadd local mod "`mod'"
 17.         estadd local outcome "fire_season_start"
 18.         local estname evreg`i'
 19.         local i = `i' + 1
 20.         est store `estname'
 21.         local estimate_names "`estimate_names' `estname'"
 22.     }
 23. }
(0 real changes made)
(dropped 463 singleton observations)
(MWFE estimator converged in 1 iterations)

HDFE linear regression with Julia                 Number of obs   =    190,270
Absorbing 1 HDFE group                            F(  24,  27387) =    1206.92
Statistics cluster-robust                         Prob > F        =     0.0000
                                                  R-squared       =     0.2783
                                                  Adj R-squared   =     0.1568
Number of clusters (ac_uq_id#cohort#monthyear) =     159149Within R-sq.=     0.
> 2110
Number of clusters (unique_small_grid_id#cohort) =      27387Root MSE=     0.33
> 62

(Std. err. adjusted for 27,387 clusters in ac_uq_id#cohort#monthyear unique_sma
> ll_grid_id#cohort)
------------------------------------------------------------------------------
             |               Robust
fire_seaso~t | Coefficient  std. err.      t    P>|t|     [95% conf. interval]
-------------+----------------------------------------------------------------
relative_y~x |
          1  |   .3187408   .0076032    41.92   0.000     .3038381    .3336434
          2  |   .2127046   .0063104    33.71   0.000     .2003359    .2250733
          3  |   .1320395   .0052861    24.98   0.000     .1216786    .1424005
          4  |    .077177   .0047037    16.41   0.000     .0679575    .0863965
          5  |   .0323835   .0035565     9.11   0.000     .0254125    .0393545
          7  |  -.0637162   .0033657   -18.93   0.000    -.0703132   -.0571192
          8  |  -.1528376   .0041884   -36.49   0.000    -.1610469   -.1446282
          9  |  -.2033521   .0042587   -47.75   0.000    -.2116993   -.1950049
         10  |  -.2180034   .0047159   -46.23   0.000    -.2272468   -.2087599
         11  |  -.2222367   .0052671   -42.19   0.000    -.2325605    -.211913
         12  |  -.2168994   .0060475   -35.87   0.000    -.2287528   -.2050459
             |
     1.treat |          0  (omitted)
wind_direc~n |  -.0004714   9.95e-06   -47.38   0.000    -.0004909   -.0004519
av_wind_sp~d |  -.2879647   .0033597   -85.71   0.000    -.2945498   -.2813796
             |
relative_y~x#|
       treat |
        1 1  |  -.3940365   .0114427   -34.44   0.000    -.4164649   -.3716081
        2 1  |  -.3264384   .0098894   -33.01   0.000    -.3458222   -.3070547
        3 1  |  -.2150701   .0095783   -22.45   0.000    -.2338442   -.1962961
        4 1  |  -.1880985   .0092911   -20.25   0.000    -.2063095   -.1698875
        5 1  |  -.1480366    .007654   -19.34   0.000    -.1630389   -.1330344
        7 1  |   .1491567   .0082074    18.17   0.000     .1330697    .1652436
        8 1  |   .0889529   .0114426     7.77   0.000     .0665249     .111381
        9 1  |   .0327057   .0094354     3.47   0.001     .0142119    .0511995
       10 1  |  -.0030063   .0092033    -0.33   0.744    -.0210452    .0150325
       11 1  |   .0218516   .0099681     2.19   0.028     .0023136    .0413895
       12 1  |   .0146304   .0104373     1.40   0.161    -.0058272     .035088
------------------------------------------------------------------------------

added scalar:
              e(ymean) =  .09257855

added scalar:
             e(ymean2) =  .

added scalar:
                e(acq) =  796

added macro:
               e(smpl) : "Rural"

added macro:
             e(fespec) : "fe1"

added macro:
                e(mod) : "moderator"

added macro:
            e(outcome) : "fire_season_start"

. 
. local outbase "${output_dir}/fire_season_start_event_study${sample}_rural${st
> er_suffix}"

. estwrite `estimate_names' using "`outbase'.ster", replace
(saving evreg1)
(file /users/aquisper/proj_bureaucrats_farms/code/_stacked_downup_replication/.
> ./../tables/exploratory_analysis/fire_season_timing/fire_season_start_event_s
> tudy_sample_rural.ster saved)

. estsave_csv `estimate_names' using "`outbase'.csv", replace
(25 missing values generated)
(25 missing values generated)
(25 missing values generated)
(25 missing values generated)
(25 missing values generated)
(25 missing values generated)
(25 missing values generated)
(25 missing values generated)
(25 missing values generated)
(25 missing values generated)
(25 missing values generated)
(25 missing values generated)
(25 missing values generated)
(25 missing values generated)
(25 missing values generated)
(25 missing values generated)
(25 missing values generated)
(25 missing values generated)
(25 missing values generated)
(25 missing values generated)
(25 missing values generated)
(25 missing values generated)
(25 missing values generated)
(25 missing values generated)
(25 missing values generated)
(25 missing values generated)
(25 missing values generated)
Estimates exported to /users/aquisper/proj_bureaucrats_farms/code/_stacked_down
> up_replication/../../tables/exploratory_analysis/fire_season_timing/fire_seas
> on_start_event_study_sample_rural.csv

. confirm file "`outbase'.ster"

. confirm file "`outbase'.csv"

. display as result "Generated exploratory fire-season timing results: `outbase
> '"
Generated exploratory fire-season timing results: /users/aquisper/proj_bureaucr
> ats_farms/code/_stacked_downup_replication/../../tables/exploratory_analysis/
> fire_season_timing/fire_season_start_event_study_sample_rural

. 
. *****************************************************************************
> ***
. 
end of do-file

. 
. display as result "COMPLETED: `dofile' at $S_DATE $S_TIME"
COMPLETED: exploratory_analysis/fire_season_timing/fire_season_start_event_stud
> y.do at  2 Sep 2026 14:23:05

. 
end of do-file
Stata exit status: 0
TERM environment variable not set.
