\BOOKMARK [1][-]{section.1}{\376\377\000D\000i\000D\000\040\000R\000e\000g\000r\000e\000s\000s\000i\000o\000n\000\040\000T\000a\000b\000l\000e\000s}{}% 1
\BOOKMARK [2][-]{subsection.1.1}{\376\377\000M\000a\000i\000n\000\040\000D\000i\000D\000\040\000\050\000\137\000m\000a\000i\000n\000\137\0001\000\051}{section.1}% 2
\BOOKMARK [2][-]{subsection.1.2}{\376\377\000B\000u\000r\000e\000a\000u\000c\000r\000a\000t\000\040\000\040\000P\000o\000l\000i\000t\000i\000c\000i\000a\000n\000\040\000D\000i\000D\000\040\000\050\000\137\000m\000a\000i\000n\000\137\0003\000\051}{section.1}% 3
\BOOKMARK [2][-]{subsection.1.3}{\376\377\000P\000r\000o\000t\000e\000s\000t\000\040\0005\000k\000m\000\040\000D\000i\000D\000\040\000\050\000\137\000m\000a\000i\000n\000\137\0004\000\051}{section.1}% 4
\BOOKMARK [2][-]{subsection.1.4}{\376\377\000P\000o\000l\000i\000t\000i\000c\000i\000a\000n\000\040\000C\000h\000a\000r\000a\000c\000t\000e\000r\000i\000s\000t\000i\000c\000s\000\040\000D\000i\000D\000\040\000\050\000\137\000m\000a\000i\000n\000\137\0005\000\051}{section.1}% 5
\BOOKMARK [2][-]{subsection.1.5}{\376\377\000A\000l\000t\000e\000r\000n\000a\000t\000i\000v\000e\000\040\000D\000e\000p\000e\000n\000d\000e\000n\000t\000\040\000V\000a\000r\000i\000a\000b\000l\000e\000s\000\040\000\050\000\137\000a\000p\000p\000\137\0007\000\051}{section.1}% 6
\BOOKMARK [2][-]{subsection.1.6}{\376\377\000D\000i\000D\000\040\000b\000y\000\040\000Y\000e\000a\000r\000\040\000\050\000\137\000a\000p\000p\000\137\0008\000\051}{section.1}% 7
\BOOKMARK [2][-]{subsection.1.7}{\376\377\000D\000i\000D\000\040\000b\000y\000\040\000S\000t\000a\000t\000e\000\040\000\050\000\137\000a\000p\000p\000\137\0009\000\051}{section.1}% 8
\BOOKMARK [2][-]{subsection.1.8}{\376\377\000R\000i\000c\000e\000\040\000M\000o\000d\000e\000r\000a\000t\000o\000r\000s\000\040\000D\000i\000D\000\040\000\050\000\137\000a\000p\000p\000\137\0001\0000\000\051}{section.1}% 9
\BOOKMARK [2][-]{subsection.1.9}{\376\377\000P\000o\000l\000i\000t\000i\000c\000i\000a\000n\000\040\000C\000h\000a\000r\000.\000\040\000R\000i\000c\000e\000\040\000M\000o\000d\000e\000r\000a\000t\000o\000r\000s\000\040\000\050\000\137\000a\000p\000p\000\137\0001\0004\000\051}{section.1}% 10
\BOOKMARK [2][-]{subsection.1.10}{\376\377\000P\000o\000l\000i\000t\000i\000c\000i\000a\000n\000\040\000C\000h\000a\000r\000.\000\040\000D\000i\000D\000\040\000\050\000\137\000a\000p\000p\000\137\0001\0005\000\051}{section.1}% 11
\BOOKMARK [2][-]{subsection.1.11}{\376\377\000D\000o\000w\000n\000w\000i\000n\000d\000\040\000H\000e\000a\000t\000m\000a\000p\000\040\000D\000i\000D\000\040\000\050\000\137\000a\000p\000p\000\137\0002\0000\000\051}{section.1}% 12
\BOOKMARK [1][-]{section.2}{\376\377\000M\000a\000i\000n\000\040\000E\000v\000e\000n\000t\000\040\000S\000t\000u\000d\000y\000\040\000\050\000\137\000m\000a\000i\000n\000\137\0002\000\051}{}% 13
\BOOKMARK [2][-]{subsection.2.1}{\376\377\000N\000o\000\040\000m\000o\000d\000e\000r\000a\000t\000o\000r}{section.2}% 14
\BOOKMARK [2][-]{subsection.2.2}{\376\377\000R\000i\000c\000e\000\040\000p\000r\000o\000d\000u\000c\000t\000i\000o\000n\000\040\000m\000o\000d\000e\000r\000a\000t\000o\000r\000\040\000\050\000r\000i\000c\000e\000\137\000p\000r\000o\000d\000\137\000a\000c\000l\000v\000l\000\137\000a\000h\000i\000g\000h\000\051}{section.2}% 15
\BOOKMARK [1][-]{section.3}{\376\377\000S\000t\000a\000c\000k\000e\000d\000\040\000E\000v\000e\000n\000t\000\040\000S\000t\000u\000d\000y}{}% 16
\BOOKMARK [2][-]{subsection.3.1}{\376\377\000U\000n\000b\000a\000l\000a\000n\000c\000e\000d\000\040\000p\000a\000n\000e\000l\000\040\040\024\000\040\000n\000o\000\040\000m\000o\000d\000e\000r\000a\000t\000o\000r}{section.3}% 17
\BOOKMARK [2][-]{subsection.3.2}{\376\377\000U\000n\000b\000a\000l\000a\000n\000c\000e\000d\000\040\000p\000a\000n\000e\000l\000\040\040\024\000\040\000r\000i\000c\000e\000\040\000p\000r\000o\000d\000u\000c\000t\000i\000o\000n\000\040\000m\000o\000d\000e\000r\000a\000t\000o\000r}{section.3}% 18
\BOOKMARK [2][-]{subsection.3.3}{\376\377\000B\000a\000l\000a\000n\000c\000e\000d\000\040\000p\000a\000n\000e\000l\000\040\040\024\000\040\000n\000o\000\040\000m\000o\000d\000e\000r\000a\000t\000o\000r}{section.3}% 19
\BOOKMARK [2][-]{subsection.3.4}{\376\377\000B\000a\000l\000a\000n\000c\000e\000d\000\040\000p\000a\000n\000e\000l\000\040\040\024\000\040\000r\000i\000c\000e\000\040\000p\000r\000o\000d\000u\000c\000t\000i\000o\000n\000\040\000m\000o\000d\000e\000r\000a\000t\000o\000r}{section.3}% 20
\BOOKMARK [1][-]{section.4}{\376\377\000d\000C\000D\000H\000\040\000E\000v\000e\000n\000t\000\040\000S\000t\000u\000d\000y\000\040\000\050\000d\000e\000\040\000C\000h\000a\000i\000s\000e\000m\000a\000r\000t\000i\000n\000\040\000\046\000\040\000d\000'\000H\000a\000u\000l\000t\000f\001\123\000u\000i\000l\000l\000e\000\051}{}% 21
\BOOKMARK [2][-]{subsection.4.1}{\376\377\000N\000o\000\040\000r\000e\000s\000e\000t}{section.4}% 22
\BOOKMARK [2][-]{subsection.4.2}{\376\377\000R\000e\000s\000e\000t\000\040\000e\000v\000e\000r\000y\000\040\0006\000\040\000s\000a\000m\000e\000-\000t\000r\000e\000a\000t\000m\000e\000n\000t\000\040\000p\000e\000r\000i\000o\000d\000s\000\040\000\050\000a\000p\000p\000l\000y\000\137\000r\000e\000s\000e\000t\000\050\0006\000\051\000\051}{section.4}% 23
\BOOKMARK [2][-]{subsection.4.3}{\376\377\0001\0002\000-\000m\000o\000n\000t\000h\000\040\000c\000a\000l\000e\000n\000d\000a\000r\000\040\000b\000u\000c\000k\000e\000t\000s\000\040\000\050\000g\000e\000n\000e\000r\000a\000t\000e\000\137\0001\0002\000m\000o\000n\000t\000h\000\137\000s\000u\000b\000g\000r\000o\000u\000p\000s\000\051}{section.4}% 24
\BOOKMARK [1][-]{section.5}{\376\377\000A\000p\000p\000\040\0001\0006\000:\000\040\000P\000o\000l\000i\000t\000i\000c\000i\000a\000n\000\040\000C\000h\000a\000r\000a\000c\000t\000e\000r\000i\000s\000t\000i\000c\000s\000\040\000E\000v\000e\000n\000t\000\040\000S\000t\000u\000d\000y}{}% 25
\BOOKMARK [2][-]{subsection.5.1}{\376\377\000N\000o\000\040\000m\000o\000d\000e\000r\000a\000t\000o\000r}{section.5}% 26
\BOOKMARK [2][-]{subsection.5.2}{\376\377\000d\000o\000w\000n\000u\000p\000\137\000a\000c\000\040\000m\000o\000d\000e\000r\000a\000t\000o\000r}{section.5}% 27
\BOOKMARK [2][-]{subsection.5.3}{\376\377\000R\000i\000c\000e\000\040\000p\000r\000o\000d\000u\000c\000t\000i\000o\000n\000\040\000m\000o\000d\000e\000r\000a\000t\000o\000r}{section.5}% 28
\BOOKMARK [1][-]{section.6}{\376\377\000A\000p\000p\000\040\0001\0007\000:\000\040\0005\000k\000m\000\040\000P\000r\000o\000t\000e\000s\000t\000\040\000E\000v\000e\000n\000t\000\040\000S\000t\000u\000d\000y}{}% 29
\BOOKMARK [2][-]{subsection.6.1}{\376\377\000N\000o\000\040\000m\000o\000d\000e\000r\000a\000t\000o\000r}{section.6}% 30
\BOOKMARK [2][-]{subsection.6.2}{\376\377\000d\000o\000w\000n\000u\000p\000\137\000a\000c\000\040\000m\000o\000d\000e\000r\000a\000t\000o\000r}{section.6}% 31
\BOOKMARK [2][-]{subsection.6.3}{\376\377\000R\000i\000c\000e\000\040\000p\000r\000o\000d\000u\000c\000t\000i\000o\000n\000\040\000m\000o\000d\000e\000r\000a\000t\000o\000r}{section.6}% 32
\BOOKMARK [1][-]{section.7}{\376\377\000A\000p\000p\000\040\0001\0008\000:\000\040\000P\000r\000o\000t\000e\000s\000t\000\040\000D\000o\000w\000n\000u\000p\000\040\000I\000n\000t\000e\000r\000a\000c\000t\000i\000o\000n\000\040\000P\000l\000o\000t}{}% 33
\BOOKMARK [1][-]{section.8}{\376\377\000A\000p\000p\000\040\0001\0009\000:\000\040\000P\000o\000l\000i\000s\000c\000h\000a\000r\000\040\000D\000o\000w\000n\000u\000p\000\040\000I\000n\000t\000e\000r\000a\000c\000t\000i\000o\000n\000\040\000P\000l\000o\000t}{}% 34
