
  ___  ____  ____  ____  ____ ®
 /__    /   ____/   /   ____/      18.0
___/   /   /___/   /   /___/       MP—Parallel Edition

 Statistics and Data Science       Copyright 1985-2023 StataCorp LLC
                                   StataCorp
                                   4905 Lakeway Drive
                                   College Station, Texas 77845 USA
                                   800-STATA-PC        https://www.stata.com
                                   979-696-4600        stata@stata.com

Stata license: Single-user 4-core  perpetual
Serial number: 501806366048
  Licensed to: Any Name
               Any Name

Notes:
      1. Stata is running in batch mode.
      2. Unicode is supported; see help unicode_advice.
      3. More than 2 billion observations are allowed; see help obs_advice.
      4. Maximum number of variables is set to 5,000 but can be increased;
          see help set_maxvar.

. do C:\Users\eunic\OneDrive\Documents\GitHub\proj_bureaucrats_farms\code\_stac
> ked_downup_replication\_generate_all_tables.do 

. *****************************************************************************
> ***
. * _generate_all_tables.do
. * Single LaTeX-table entry point for rural area and population specifications
. * Run this AFTER analysis do-files have produced .ster files.
. *
. * All regression estimates now use their corresponding final stacked sample.
. * Historical .ster/.tex stems are retained so downstream \input paths resolve
> .
. *
. * Also writes a single side-by-side comparison document:
. *   ${tables}/_comparison_downup_ac_vs_acpop.tex
. * which \input's BOTH the original (_rural.tex) and the new (_rural_acpop.tex
> )
. * tables so they can be eyeballed in one PDF.
. *
. * This dofile is intended to run LOCALLY (location="dbox") - it reads ster
. * files and writes tex. The analysis dofiles handle the cluster work.
. *****************************************************************************
> ***
. 
. *****************************************************************************
> ***
. * Setup
. *****************************************************************************
> ***
. 
. if "$root" == "" {
.     clear all
.     set more off
. 
.     global location "dbox"
.     global sample ""
. 
.     global shell "/groups/sgulzar/sa_fires/proj_bureaucrats_farms"
.     global dbox "C:/Users/eunic/Dropbox/sa_fires/proj_bureaucrats_farms"
.     global code_shell "/users/aquisper/proj_bureaucrats_farms/code/_stacked_d
> ownup_replication"
.     global code_dbox "C:/Users/eunic/OneDrive/Documents/GitHub/proj_bureaucra
> ts_farms/code/_stacked_downup_replication"
. 
.     if "$location" == "dbox" {
.         global root "$dbox"
.         global code "$code_dbox"
.     }
.     else {
.         global root "$shell"
.         global code "$code_shell"
.     }
. }

. 
. global tables "${code}/../../tables"

. 
. *****************************************************************************
> ***
. * Helper: strip trailing zeros from one or more e()-stored stats.
. *****************************************************************************
> ***
. 
. capture program drop _strip_zeros_stats

. program define _strip_zeros_stats
  1.     syntax , Models(string) Stats(string)
  2.     foreach m of local models {
  3.         capture estimates restore `m'
  4.         if _rc continue
  5.         foreach s of local stats {
  6.             capture local rnum = e(`s')
  7.             if _rc continue
  8.             local raw = strtrim(string(`rnum', "%9.3f"))
  9.             local cleaned = regexr(regexr("`raw'", "0+$", ""), "\.$", "")
 10.             estadd local `s'_clean "`cleaned'"
 11.         }
 12.         estimates store `m'
 13.     }
 14. end

. 
. * The stacked main-DiD ster files predate reliable string-local roundtripping
. * through estread. Reattach the known FE tags so the original Y/N rows render
> .
. capture program drop _set_main_fe_tags

. program define _set_main_fe_tags
  1.     forvalues i = 1/4 {
  2.         local monthyearfe "N"
  3.         local acfe "N"
  4.         local acmonthfe "N"
  5.         local gridfe "N"
  6.         if `i' == 2 {
  7.             local monthyearfe "Y"
  8.         }
  9.         if `i' == 3 {
 10.             local monthyearfe "Y"
 11.             local gridfe "Y"
 12.         }
 13.         if `i' == 4 {
 14.             local acmonthfe "Y"
 15.             local gridfe "Y"
 16.         }
 17.         estimates restore eq`i'
 18.         estadd local monthyearfe "`monthyearfe'", replace
 19.         estadd local acfe "`acfe'", replace
 20.         estadd local acmonthfe "`acmonthfe'", replace
 21.         estadd local gridfe "`gridfe'", replace
 22.         estimates store eq`i'
 23.     }
 24. end

. 
. 
. * Program to add a lincom result with stars + SE in parentheses
. capture program drop _add_lincom

. program define _add_lincom
  1.     args k   // suffix number for the stored stat
  2.     local b  = r(estimate)
  3.     local se = r(se)
  4.     * two-sided p-value (use r(df) if available, otherwise normal)
.     if r(df) != . & r(df) > 0 {
  5.         local p = 2*ttail(r(df), abs(`b'/`se'))
  6.     }
  7.     else {
  8.         local p = 2*normal(-abs(`b'/`se'))
  9.     }
 10.     local stars ""
 11.     if `p' < 0.01      local stars "\sym{***}"
 12.     else if `p' < 0.05 local stars "\sym{**}"
 13.     else if `p' < 0.10 local stars "\sym{*}"
 14.     estadd local ysum`k' = string(`b', "%12.3fc") + "`stars'"
 15.     estadd local ysd`k'  = "(" + string(`se', "%12.3fc") + ")"
 16. end

. 
. 
. *****************************************************************************
> ***
. * 0. Area-weighted tables generated by the new stacked master
. *****************************************************************************
> ***
. 
. est clear

. estread using "${tables}/main_did_downup_area_ac${sample}_rural_stacked${ster
> _suffix}.ster"

-------------------------------------------------------------------------------
             |           Dependent  Number of        
        Name | Command    variable     param.  Title 
-------------+-----------------------------------------------------------------
         eq1 | regress      countk          4  Linear regression
         eq2 | reghdfejl    countk          3  HDFE linear regression with
             |                                 Julia
         eq3 | reghdfejl    countk          3  HDFE linear regression with
             |                                 Julia
         eq4 | reghdfejl    countk          3  HDFE linear regression with
             |                                 Julia
-------------------------------------------------------------------------------

. _set_main_fe_tags
(results eq1 are active now)

added macro:
        e(monthyearfe) : "N"

added macro:
               e(acfe) : "N"

added macro:
          e(acmonthfe) : "N"

added macro:
             e(gridfe) : "N"
(results eq2 are active now)

added macro:
        e(monthyearfe) : "Y"

added macro:
               e(acfe) : "N"

added macro:
          e(acmonthfe) : "N"

added macro:
             e(gridfe) : "N"
(results eq3 are active now)

added macro:
        e(monthyearfe) : "Y"

added macro:
               e(acfe) : "N"

added macro:
          e(acmonthfe) : "N"

added macro:
             e(gridfe) : "Y"
(results eq4 are active now)

added macro:
        e(monthyearfe) : "N"

added macro:
               e(acfe) : "N"

added macro:
          e(acmonthfe) : "Y"

added macro:
             e(gridfe) : "Y"

. _strip_zeros_stats, models(eq1 eq2 eq3 eq4) stats(ymean)

added macro:
        e(ymean_clean) : "91.271"

added macro:
        e(ymean_clean) : "91.271"

added macro:
        e(ymean_clean) : "91.271"

added macro:
        e(ymean_clean) : "91.271"

. 
. esttab eq1 eq2 eq3 eq4 using ///
>     "${tables}/main_did_downup_area_ac${sample}_rural${ster_suffix}.tex", ///
>     replace ///
>     cells(b(fmt(3) star) se(par fmt(3))) ///
>     star(* 0.10 ** 0.05 *** 0.01) ///
>     keep(downup_ac) order(downup_ac) ///
>     varlabels(downup_ac "Down \$>\$ Up") ///
>     stats(N acq monthyearfe gridfe acmonthfe ymean_clean, ///
>           fmt(%12.0fc %12.0fc %s %s %s %s) ///
>           labels("Observations" "N Assembly Constituencies" ///
>                  "Month-Year \$\times\$ Cohort FE" ///
>                  "Grid \$\times\$ Cohort FE" ///
>                  "AC \$\times\$ Month-Year \$\times\$ Cohort FE" ///
>                  "Mean DV")) ///
>     nomtitles nonumbers collabels(none) nobaselevels ///
>     prehead("{" ///
>             "\def\sym#1{\ifmmode^{#1}\else\(^{#1}\)\fi}" ///
>             "\begin{tabular}{l*{4}{c}}" ///
>             "\hline" ///
>             "            &\multicolumn{1}{c}{(1)}         &\multicolumn{1}{c}
> {(2)}         &\multicolumn{1}{c}{(3)}         &\multicolumn{1}{c}{(4)}      
>    \\" ///
>             "            & \multicolumn{4}{c}{Number of Fires (in 1,000 units
> )} \\ \hline") ///
>     posthead("") ///
>     postfoot("\hline" "\end{tabular}" "}")
(output written to C:/Users/eunic/OneDrive/Documents/GitHub/proj_bureaucrats_fa
> rms/code/_stacked_downup_replication/../../tables/main_did_downup_area_ac_rur
> al.tex)

. 
. est clear

. estread using "${tables}/_main_4_protest_5km_fe12_did_downup${sample}_rural${
> ster_suffix}.ster"

-------------------------------------------------------------------------------
             |           Dependent  Number of        
        Name | Command    variable     param.  Title 
-------------+-----------------------------------------------------------------
      evreg1 | reghdfejl    countk          5  HDFE linear regression with
             |                                 Julia
      evreg2 | reghdfejl    countk          5  HDFE linear regression with
             |                                 Julia
      evreg3 | reghdfejl    countk          5  HDFE linear regression with
             |                                 Julia
      evreg4 | reghdfejl    countk          9  HDFE linear regression with
             |                                 Julia
      evreg5 | reghdfejl    countk          9  HDFE linear regression with
             |                                 Julia
      evreg6 | reghdfejl    countk          9  HDFE linear regression with
             |                                 Julia
-------------------------------------------------------------------------------

. _strip_zeros_stats, models(evreg1 evreg2 evreg3 evreg4 evreg5 evreg6) stats(y
> mean ymean2)

added macro:
        e(ymean_clean) : "473.109"

added macro:
       e(ymean2_clean) : ""

added macro:
        e(ymean_clean) : "473.109"

added macro:
       e(ymean2_clean) : ""

added macro:
        e(ymean_clean) : "473.109"

added macro:
       e(ymean2_clean) : ""

added macro:
        e(ymean_clean) : "473.109"

added macro:
       e(ymean2_clean) : "458.614"

added macro:
        e(ymean_clean) : "473.109"

added macro:
       e(ymean2_clean) : "458.614"

added macro:
        e(ymean_clean) : "473.109"

added macro:
       e(ymean2_clean) : "458.614"

. 
. esttab evreg1 evreg2 evreg3 evreg4 evreg5 evreg6 using ///
>     "${tables}/_main_4_protest_5km_fe12_did_downup${sample}_rural${ster_suffi
> x}.tex", ///
>     replace ///
>     cells(b(fmt(3) star) se(par fmt(3))) ///
>     star(* 0.10 ** 0.05 *** 0.01) ///
>     keep(1.post_#1.treat 1.downup_ac 1.post_#1.downup_ac ///
>          1.treat#1.downup_ac 1.post_#1.treat#1.downup_ac) ///
>     order(1.post_#1.treat 1.downup_ac 1.post_#1.downup_ac ///
>           1.treat#1.downup_ac 1.post_#1.treat#1.downup_ac) ///
>     varlabels(1.post_#1.treat "Post \$\times\$ Protest" ///
>               1.downup_ac "Down \$>\$ Up" ///
>               1.post_#1.downup_ac "Post \$\times\$ Down \$>\$ Up" ///
>               1.treat#1.downup_ac "Protest \$\times\$ Down \$>\$ Up" ///
>               1.post_#1.treat#1.downup_ac "Post \$\times\$ Protest \$\times\$
>  Down \$>\$ Up") ///
>     stats(N acq gridfe time electionfe provtrendfe ymean_clean ymean2_clean, 
> ///
>           fmt(%12.0fc %12.0fc %s %s %s %s %s %s) ///
>           labels("Observations" "N Assembly Constituencies" ///
>                  "Grid FE" "Relative Time FE" "Legislature FE" ///
>                  "Province Trend FE" "Mean DV" "Mean DV2 (Down\$>\$Up=1)")) /
> //
>     nomtitles nonumbers collabels(none) nobaselevels ///
>     prehead("{" ///
>             "\def\sym#1{\ifmmode^{#1}\else\(^{#1}\)\fi}" ///
>             "\begin{tabular}{l*{6}{c}}" ///
>             "\hline" ///
>             "            &\multicolumn{1}{c}{(1)}         &\multicolumn{1}{c}
> {(2)}         &\multicolumn{1}{c}{(3)}         &\multicolumn{1}{c}{(4)}      
>    &\multicolumn{1}{c}{(5)}         &\multicolumn{1}{c}{(6)}         \\" ///
>             "            & \multicolumn{6}{c}{Number of Fires (in 1,000 units
> )} \\ \hline") ///
>     posthead("") prefoot("\hline") ///
>     postfoot("\hline" "\end{tabular}" "}")
(output written to C:/Users/eunic/OneDrive/Documents/GitHub/proj_bureaucrats_fa
> rms/code/_stacked_downup_replication/../../tables/_main_4_protest_5km_fe12_di
> d_downup_rural.tex)

. 
. est clear

. estread using "${tables}/_main_5_polischar_fe12_did_downup_inter${sample}_rur
> al${ster_suffix}.ster"

-------------------------------------------------------------------------------
             |           Dependent  Number of        
        Name | Command    variable     param.  Title 
-------------+-----------------------------------------------------------------
      evreg1 | reghdfejl    countk          5  HDFE linear regression with
             |                                 Julia
      evreg2 | reghdfejl    countk          5  HDFE linear regression with
             |                                 Julia
      evreg3 | reghdfejl    countk          5  HDFE linear regression with
             |                                 Julia
      evreg4 | reghdfejl    countk          9  HDFE linear regression with
             |                                 Julia
      evreg5 | reghdfejl    countk          9  HDFE linear regression with
             |                                 Julia
      evreg6 | reghdfejl    countk          9  HDFE linear regression with
             |                                 Julia
-------------------------------------------------------------------------------

. _strip_zeros_stats, models(evreg1 evreg2) stats(ymean ymean2)

added macro:
        e(ymean_clean) : "105.231"

added macro:
       e(ymean2_clean) : ""

added macro:
        e(ymean_clean) : "105.231"

added macro:
       e(ymean2_clean) : ""

. 
. esttab evreg1 evreg2 using ///
>     "${tables}/_main_5_polischar_fe12_did_downup_inter${sample}_rural${ster_s
> uffix}.tex", ///
>     replace ///
>     cells(b(fmt(3) star) se(par fmt(3))) ///
>     star(* 0.10 ** 0.05 *** 0.01) ///
>     keep(1.post_#1.treat 1.downup_ac 1.post_#1.downup_ac ///
>          1.treat#1.downup_ac 1.post_#1.treat#1.downup_ac) ///
>     order(1.post_#1.treat 1.downup_ac 1.post_#1.downup_ac ///
>           1.treat#1.downup_ac 1.post_#1.treat#1.downup_ac) ///
>     varlabels(1.post_#1.treat "Post \$\times\$ Agriculturalist" ///
>               1.downup_ac "Down \$>\$ Up" ///
>               1.post_#1.downup_ac "Post \$\times\$ Down \$>\$ Up" ///
>               1.treat#1.downup_ac "Agriculturalist \$\times\$ Down \$>\$ Up" 
> ///
>               1.post_#1.treat#1.downup_ac "Post \$\times\$ Agriculturalist \$
> \times\$ Down \$>\$ Up") ///
>     stats(N acq gridfe time electionfe provtrendfe ymean_clean ymean2_clean, 
> ///
>           fmt(%12.0fc %12.0fc %s %s %s %s %s %s) ///
>           labels("Observations" "N Assembly Constituencies" ///
>                  "Grid FE" "Relative Time FE" "Legislature FE" ///
>                  "Province Linear Time Trend FE" "Mean DV" ///
>                  "Mean DV (Down \$>\$ Up=1)")) ///
>     nomtitles nonumbers collabels(none) nobaselevels ///
>     prehead("{" ///
>             "\def\sym#1{\ifmmode^{#1}\else\(^{#1}\)\fi}" ///
>             "\begin{tabular}{l*{2}{c}}" ///
>             "\hline" ///
>             "            &\multicolumn{1}{c}{(1)}         &\multicolumn{1}{c}
> {(2)}         \\" ///
>             "            & \multicolumn{2}{c}{Number of Fires (in 1,000 units
> )} \\ \hline") ///
>     posthead("") prefoot("\hline") ///
>     postfoot("\hline" "\end{tabular}" "}")
(output written to C:/Users/eunic/OneDrive/Documents/GitHub/proj_bureaucrats_fa
> rms/code/_stacked_downup_replication/../../tables/_main_5_polischar_fe12_did_
> downup_inter_rural.tex)

. 
. *****************************************************************************
> ***
. * 1. Main DiD Table (_main_1_did)
. *****************************************************************************
> ***
. est clear

. estread using "${tables}/main_did_downup_pop_ac${sample}_rural_stacked${ster_
> suffix}.ster"

-------------------------------------------------------------------------------
             |           Dependent  Number of        
        Name | Command    variable     param.  Title 
-------------+-----------------------------------------------------------------
         eq1 | regress      countk          4  Linear regression
         eq2 | reghdfejl    countk          3  HDFE linear regression with
             |                                 Julia
         eq3 | reghdfejl    countk          3  HDFE linear regression with
             |                                 Julia
         eq4 | reghdfejl    countk          3  HDFE linear regression with
             |                                 Julia
-------------------------------------------------------------------------------

. _set_main_fe_tags
(results eq1 are active now)

added macro:
        e(monthyearfe) : "N"

added macro:
               e(acfe) : "N"

added macro:
          e(acmonthfe) : "N"

added macro:
             e(gridfe) : "N"
(results eq2 are active now)

added macro:
        e(monthyearfe) : "Y"

added macro:
               e(acfe) : "N"

added macro:
          e(acmonthfe) : "N"

added macro:
             e(gridfe) : "N"
(results eq3 are active now)

added macro:
        e(monthyearfe) : "Y"

added macro:
               e(acfe) : "N"

added macro:
          e(acmonthfe) : "N"

added macro:
             e(gridfe) : "Y"
(results eq4 are active now)

added macro:
        e(monthyearfe) : "N"

added macro:
               e(acfe) : "N"

added macro:
          e(acmonthfe) : "Y"

added macro:
             e(gridfe) : "Y"

. _strip_zeros_stats, models(eq1 eq2 eq3 eq4) stats(ymean)

added macro:
        e(ymean_clean) : "92.122"

added macro:
        e(ymean_clean) : "92.122"

added macro:
        e(ymean_clean) : "92.122"

added macro:
        e(ymean_clean) : "92.122"

. 
. * Four-column progression: no FE; month-year x cohort; grid x cohort plus
. * month-year x cohort; grid x cohort plus AC x month-year x cohort.
. esttab eq1 eq2 eq3 eq4 using "${tables}/main_did_downup_ac${sample}_rural_acp
> op${ster_suffix}.tex", ///
>     replace ///
>     cells(b(fmt(3) star) se(par fmt(3))) ///
>     star(* 0.10 ** 0.05 *** 0.01) ///
>     keep(downup_ac_pop) ///
>     order(downup_ac_pop) ///
>     varlabels(downup_ac_pop "Down \$>\$ Up") ///
>     stats(N acq monthyearfe gridfe acmonthfe ymean_clean, ///
>           fmt(%12.0fc %12.0fc %s %s %s %s) ///
>           labels("Observations" "N Assembly Constituencies" ///
>                  "Month-Year \$\times\$ Cohort FE" ///
>                  "Grid \$\times\$ Cohort FE" ///
>                  "AC \$\times\$ Month-Year \$\times\$ Cohort FE" ///
>                  "Mean DV")) ///
>     nomtitles nonumbers ///
>     collabels(none) ///
>     nobaselevels ///
>     prehead("{" ///
>             "\def\sym#1{\ifmmode^{#1}\else\(^{#1}\)\fi}" ///
>             "\begin{tabular}{l*{4}{c}}" ///
>             "\hline" ///
>             "            &\multicolumn{1}{c}{(1)}         &\multicolumn{1}{c}
> {(2)}         &\multicolumn{1}{c}{(3)}         &\multicolumn{1}{c}{(4)}      
>        \\" ///
>             "            & \multicolumn{4}{c}{Number of Fires (in 1,000 units
> )} \\ \hline") ///
>     posthead("") ///
>     postfoot("\hline" "\end{tabular}" "}")
(output written to C:/Users/eunic/OneDrive/Documents/GitHub/proj_bureaucrats_fa
> rms/code/_stacked_downup_replication/../../tables/main_did_downup_ac_rural_ac
> pop.tex)

. 
. display "Generated: main_did_downup_ac_rural_acpop.tex"
Generated: main_did_downup_ac_rural_acpop.tex

. 
. *****************************************************************************
> ***
. * 2. Bureaucrat-Politician DiD (_main_3_bureau_polisc_did)
. *****************************************************************************
> ***
. capture confirm file ///
>     "${tables}/_main_3_bureau_polisc_did${sample}_rural_stacked${ster_suffix}
> .ster"

. if _rc {
.     display as error ///
>         "SKIPPED OPTIONAL TABLE: missing bureaucrat-politician ster for ${ste
> r_suffix}"
. }

. else {
.     est clear
.     estread using "${tables}/_main_3_bureau_polisc_did${sample}_rural_stacked
> ${ster_suffix}.ster"

-------------------------------------------------------------------------------
             |           Dependent  Number of        
        Name | Command    variable     param.  Title 
-------------+-----------------------------------------------------------------
         eq1 | regress      countk          6  Linear regression
         eq2 | reghdfejl    countk          5  HDFE linear regression with
             |                                 Julia
         eq3 | reghdfejl    countk          5  HDFE linear regression with
             |                                 Julia
         eq4 | reghdfejl    countk          5  HDFE linear regression with
             |                                 Julia
         eq5 | reghdfejl    countk          5  HDFE linear regression with
             |                                 Julia
-------------------------------------------------------------------------------
.     _strip_zeros_stats, models(eq1 eq2 eq3 eq4) stats(ymean ymean2)

added macro:
        e(ymean_clean) : "91.948"

added macro:
       e(ymean2_clean) : "86.353"

added macro:
        e(ymean_clean) : "91.948"

added macro:
       e(ymean2_clean) : "86.353"

added macro:
        e(ymean_clean) : "91.948"

added macro:
       e(ymean2_clean) : "86.353"

added macro:
        e(ymean_clean) : "91.948"

added macro:
       e(ymean2_clean) : "86.353"
. 
.     esttab eq1 eq2 eq3 eq4 using "${tables}/_main_3_bureau_polisc_did${sample
> }_rural_acpop${ster_suffix}.tex", ///
>         replace ///
>         cells(b(fmt(3) star) se(par fmt(3))) ///
>         star(* 0.10 ** 0.05 *** 0.01) ///
>         keep(downup_ac_pop downup_dummy downup_interaction) ///
>         order( downup_dummy downup_ac_pop downup_interaction) ///
>         varlabels(downup_ac_pop "Down\$>\$ Up Politician" ///
>                   downup_dummy "Down\$>\$ Up Bureaucrat" ///
>                   downup_interaction "Down\$>\$ Up Pol. \$\times\$ Down\$>\$ 
> Up Bur.") ///
>         stats(N nacs ndists monthyearfe gridfe acmonthfe distmonthfe ymean_cl
> ean, ///
>               fmt(%12.0fc %12.0fc %12.0fc %s %s %s %s %s) ///
>               labels("Observations" "N Assembly Constituencies" "N Districts"
>  ///
>                      "Month-Year \$\times\$ Cohort FE" "Grid \$\times\$ Cohor
> t FE" ///
>                      "AC \$\times\$ Month-Year \$\times\$ Cohort FE" ///
>                      "District \$\times\$ Month-Year \$\times\$ Cohort FE" "M
> ean DV")) ///
>         nomtitles nonumbers ///
>         collabels(none) ///
>         nobaselevels ///
>         prehead("{\def\sym#1{\ifmmode^{#1}\else\(^{#1}\)\fi}" ///
>                 "\begin{tabular}{l*{4}{c}}" ///
>                 "\hline" ///
>                 " & (1) & (2) & (3) & (4) \\" ///
>                 " & \multicolumn{4}{c}{Number of Fires (in 1,000 units)} \\ \
> hline") ///
>         posthead("") ///
>         postfoot("\hline" "\end{tabular}" "}")
(output written to C:/Users/eunic/OneDrive/Documents/GitHub/proj_bureaucrats_fa
> rms/code/_stacked_downup_replication/../../tables/_main_3_bureau_polisc_did_r
> ural_acpop.tex)
. 
.     display "Generated: _main_3_bureau_polisc_did_rural_acpop.tex"
Generated: _main_3_bureau_polisc_did_rural_acpop.tex
. }

. 
. *****************************************************************************
> ***
. * 3. Protest DiD with Downup (_main_4_protest_5km_fe12_did_downup)
. *****************************************************************************
> ***
. {
. est clear
. estread using "${tables}/_main_4_protest_5km_fe12_did_downup${sample}_rural_a
> cpop${ster_suffix}.ster"

-------------------------------------------------------------------------------
             |           Dependent  Number of        
        Name | Command    variable     param.  Title 
-------------+-----------------------------------------------------------------
      evreg1 | reghdfejl    countk          5  HDFE linear regression with
             |                                 Julia
      evreg2 | reghdfejl    countk          5  HDFE linear regression with
             |                                 Julia
      evreg3 | reghdfejl    countk          5  HDFE linear regression with
             |                                 Julia
      evreg4 | reghdfejl    countk          9  HDFE linear regression with
             |                                 Julia
      evreg5 | reghdfejl    countk          9  HDFE linear regression with
             |                                 Julia
      evreg6 | reghdfejl    countk          9  HDFE linear regression with
             |                                 Julia
-------------------------------------------------------------------------------
. _strip_zeros_stats, models(evreg1 evreg2 evreg3 evreg4 evreg5 evreg6) stats(y
> mean ymean2)

added macro:
        e(ymean_clean) : "473.109"

added macro:
       e(ymean2_clean) : ""

added macro:
        e(ymean_clean) : "473.109"

added macro:
       e(ymean2_clean) : ""

added macro:
        e(ymean_clean) : "473.109"

added macro:
       e(ymean2_clean) : ""

added macro:
        e(ymean_clean) : "473.109"

added macro:
       e(ymean2_clean) : "459.315"

added macro:
        e(ymean_clean) : "473.109"

added macro:
       e(ymean2_clean) : "459.315"

added macro:
        e(ymean_clean) : "473.109"

added macro:
       e(ymean2_clean) : "459.315"
. 
. 
. forval i = 4(1)6 {
  2.     est restore evreg`i'
  3. 
.     lincom 1.downup_ac_pop
  4.     _add_lincom 1
  5. 
.     lincom 1.post_#1.downup_ac_pop
  6.     _add_lincom 2
  7. 
.     lincom 1.post_#1.treat + 1.post_#1.downup_ac_pop + ///
>            1.treat#1.downup_ac_pop + ///
>            1.post_#1.treat#1.downup_ac_pop
  8.     _add_lincom 3
  9. 
.     lincom (1.post_#1.treat + 1.post_#1.downup_ac_pop + ///
>            1.treat#1.downup_ac_pop + ///
>            1.post_#1.treat#1.downup_ac_pop) - ///
>            (1.post_#1.downup_ac_pop)
 10.     _add_lincom 4
 11. 
.     est store evreg`i'
 12. }
(results evreg4 are active now)

 ( 1)  1.downup_ac_pop = 0

------------------------------------------------------------------------------
      countk | Coefficient  Std. err.      t    P>|t|     [95% conf. interval]
-------------+----------------------------------------------------------------
         (1) |   5.044079   4.490439     1.12   0.261    -3.763468    13.85163
------------------------------------------------------------------------------

added macro:
              e(ysum1) : "5.044"

added macro:
               e(ysd1) : "(4.490)"

 ( 1)  1.post_#1.downup_ac_pop = 0

------------------------------------------------------------------------------
      countk | Coefficient  Std. err.      t    P>|t|     [95% conf. interval]
-------------+----------------------------------------------------------------
         (1) |  -.9872356   2.561618    -0.39   0.700    -6.011593    4.037122
------------------------------------------------------------------------------

added macro:
              e(ysum2) : "-0.987"

added macro:
               e(ysd2) : "(2.562)"

 ( 1)  1.post_#1.treat + 1.post_#1.downup_ac_pop + 1.treat#1.downup_ac_pop +
       1.post_#1.treat#1.downup_ac_pop = 0

------------------------------------------------------------------------------
      countk | Coefficient  Std. err.      t    P>|t|     [95% conf. interval]
-------------+----------------------------------------------------------------
         (1) |   132.4493   39.17497     3.38   0.001     55.61151    209.2871
------------------------------------------------------------------------------

added macro:
              e(ysum3) : "132.449\sym{***}"

added macro:
               e(ysd3) : "(39.175)"

 ( 1)  1.post_#1.treat + 1.treat#1.downup_ac_pop +
       1.post_#1.treat#1.downup_ac_pop = 0

------------------------------------------------------------------------------
      countk | Coefficient  Std. err.      t    P>|t|     [95% conf. interval]
-------------+----------------------------------------------------------------
         (1) |   133.4365   39.69242     3.36   0.001     55.58383    211.2893
------------------------------------------------------------------------------

added macro:
              e(ysum4) : "133.437\sym{***}"

added macro:
               e(ysd4) : "(39.692)"
(results evreg5 are active now)

 ( 1)  1.downup_ac_pop = 0

------------------------------------------------------------------------------
      countk | Coefficient  Std. err.      t    P>|t|     [95% conf. interval]
-------------+----------------------------------------------------------------
         (1) |   5.044079   4.490442     1.12   0.261    -3.763474    13.85163
------------------------------------------------------------------------------

added macro:
              e(ysum1) : "5.044"

added macro:
               e(ysd1) : "(4.490)"

 ( 1)  1.post_#1.downup_ac_pop = 0

------------------------------------------------------------------------------
      countk | Coefficient  Std. err.      t    P>|t|     [95% conf. interval]
-------------+----------------------------------------------------------------
         (1) |  -.9872356   2.561616    -0.39   0.700     -6.01159    4.037119
------------------------------------------------------------------------------

added macro:
              e(ysum2) : "-0.987"

added macro:
               e(ysd2) : "(2.562)"

 ( 1)  1.post_#1.treat + 1.post_#1.downup_ac_pop + 1.treat#1.downup_ac_pop +
       1.post_#1.treat#1.downup_ac_pop = 0

------------------------------------------------------------------------------
      countk | Coefficient  Std. err.      t    P>|t|     [95% conf. interval]
-------------+----------------------------------------------------------------
         (1) |   132.4493   39.17491     3.38   0.001     55.61163     209.287
------------------------------------------------------------------------------

added macro:
              e(ysum3) : "132.449\sym{***}"

added macro:
               e(ysd3) : "(39.175)"

 ( 1)  1.post_#1.treat + 1.treat#1.downup_ac_pop +
       1.post_#1.treat#1.downup_ac_pop = 0

------------------------------------------------------------------------------
      countk | Coefficient  Std. err.      t    P>|t|     [95% conf. interval]
-------------+----------------------------------------------------------------
         (1) |   133.4365   39.69236     3.36   0.001     55.58394    211.2892
------------------------------------------------------------------------------

added macro:
              e(ysum4) : "133.437\sym{***}"

added macro:
               e(ysd4) : "(39.692)"
(results evreg6 are active now)

 ( 1)  1.downup_ac_pop = 0

------------------------------------------------------------------------------
      countk | Coefficient  Std. err.      t    P>|t|     [95% conf. interval]
-------------+----------------------------------------------------------------
         (1) |   4.471905   4.562105     0.98   0.327    -4.476207    13.42002
------------------------------------------------------------------------------

added macro:
              e(ysum1) : "4.472"

added macro:
               e(ysd1) : "(4.562)"

 ( 1)  1.post_#1.downup_ac_pop = 0

------------------------------------------------------------------------------
      countk | Coefficient  Std. err.      t    P>|t|     [95% conf. interval]
-------------+----------------------------------------------------------------
         (1) |  -1.631072   2.545466    -0.64   0.522     -6.62375    3.361605
------------------------------------------------------------------------------

added macro:
              e(ysum2) : "-1.631"

added macro:
               e(ysd2) : "(2.545)"

 ( 1)  1.post_#1.treat + 1.post_#1.downup_ac_pop + 1.treat#1.downup_ac_pop +
       1.post_#1.treat#1.downup_ac_pop = 0

------------------------------------------------------------------------------
      countk | Coefficient  Std. err.      t    P>|t|     [95% conf. interval]
-------------+----------------------------------------------------------------
         (1) |   83.59175   40.02621     2.09   0.037     5.084336    162.0992
------------------------------------------------------------------------------

added macro:
              e(ysum3) : "83.592\sym{**}"

added macro:
               e(ysd3) : "(40.026)"

 ( 1)  1.post_#1.treat + 1.treat#1.downup_ac_pop +
       1.post_#1.treat#1.downup_ac_pop = 0

------------------------------------------------------------------------------
      countk | Coefficient  Std. err.      t    P>|t|     [95% conf. interval]
-------------+----------------------------------------------------------------
         (1) |   85.22282   40.58127     2.10   0.036     5.626715    164.8189
------------------------------------------------------------------------------

added macro:
              e(ysum4) : "85.223\sym{**}"

added macro:
               e(ysd4) : "(40.581)"
. 
. 
. 
. 
. *---------------------------------------------------------------
. * Panel A: estimated coefficients
. *---------------------------------------------------------------
. esttab evreg1 evreg2 evreg3 evreg4 evreg5 evreg6 ///
>     using "${tables}/_main_4_protest_5km_fe12_did_downup${sample}_rural_acpop
> _new${ster_suffix}.tex", ///
>     replace fragment ///
>     cells(b(fmt(3) star) se(par fmt(3))) ///
>     star(* 0.10 ** 0.05 *** 0.01) ///
>     keep(1.post_#1.treat ///
>           1.downup_ac_pop ///
>           1.post_#1.downup_ac_pop ///
>           1.treat#1.downup_ac_pop ///
>           1.post_#1.treat#1.downup_ac_pop) ///
>     order(1.post_#1.treat ///
>           1.downup_ac_pop ///
>           1.post_#1.downup_ac_pop ///
>           1.treat#1.downup_ac_pop ///
>           1.post_#1.treat#1.downup_ac_pop) ///
>     varlabels(1.post_#1.treat "(1) Post \$\times\$ Protest" ///
>               1.downup_ac_pop "(2) Down \$>\$ Up" ///
>               1.post_#1.downup_ac_pop "(3) Post \$\times\$ Down \$>\$ Up" ///
>               1.treat#1.downup_ac_pop "(4) Protest \$\times\$ Down \$>\$ Up" 
> ///
>               1.post_#1.treat#1.downup_ac_pop "(5) Post \$\times\$ Protest \$
> \times\$ Down \$>\$ Up") ///
>     nomtitles nonumbers collabels(none) nobaselevels noobs ///
>     prehead("{" ///
>             "\def\sym#1{\ifmmode^{#1}\else\(^{#1}\)\fi}" ///
>             "\begin{tabular}{l*{6}{c}}" ///
>             "\hline" ///
>             "            &\multicolumn{1}{c}{(1)}         &\multicolumn{1}{c}
> {(2)}         &\multicolumn{1}{c}{(3)}         &\multicolumn{1}{c}{(4)}      
>    &\multicolumn{1}{c}{(5)}         &\multicolumn{1}{c}{(6)}         \\" ///
>             "            & \multicolumn{6}{c}{Number of Fires (per 1,000 unit
> s)} \\ \hline") ///
>     posthead("\multicolumn{7}{l}{\textbf{Panel A: Estimated Coefficients}} \\
>  \hline") ///
>     prefoot("") postfoot("")
(output written to C:/Users/eunic/OneDrive/Documents/GitHub/proj_bureaucrats_fa
> rms/code/_stacked_downup_replication/../../tables/_main_4_protest_5km_fe12_di
> d_downup_rural_acpop_new.tex)
. 
. *---------------------------------------------------------------
. * Panel B: linear combinations
. *---------------------------------------------------------------
. * The row label spans the label column plus model column (1). Therefore the
. * five cells below must correspond to model columns (2)--(6); evreg2 and
. * evreg3 are blank, and the lincoms stored in evreg4--evreg6 land correctly.
. esttab evreg2 evreg3 evreg4 evreg5 evreg6 ///
>     using "${tables}/_main_4_protest_5km_fe12_did_downup${sample}_rural_acpop
> _new${ster_suffix}.tex", ///
>     append fragment ///
>     cells(none) ///
>     stats(ysum1 ysd1 ysum2 ysd2 ysum3 ysd3 ysum4 ysd4, ///
>           fmt(%s %s %s %s %s %s %s %s) ///
>           labels("\multicolumn{2}{l}{Down\$>\$Up Effect, pre-period in no pro
> test areas (2)}" "\multicolumn{2}{l}{}" ///
>                  "\multicolumn{2}{l}{Down\$>\$Up Effect, post-period in no pr
> otest areas (3)}" "\multicolumn{2}{l}{}" ///
>                  "\multicolumn{2}{l}{Down\$>\$Up Effect, post-period in prote
> st areas (1+3+4+5)}" "\multicolumn{2}{l}{}" ///
>                  "\multicolumn{2}{l}{Differential downwind effect, post perio
> d (1+3+4+5)-(3)}" "\multicolumn{2}{l}{}")) ///
>     nomtitles nonumbers collabels(none) nobaselevels noobs ///
>     prehead("") posthead("") ///
>     prefoot("\hline" ///
>             "\multicolumn{7}{l}{\textbf{Panel B: Linear Combinations}} \\ \hl
> ine") ///
>     postfoot("")
(output written to C:/Users/eunic/OneDrive/Documents/GitHub/proj_bureaucrats_fa
> rms/code/_stacked_downup_replication/../../tables/_main_4_protest_5km_fe12_di
> d_downup_rural_acpop_new.tex)
. 
. *---------------------------------------------------------------
. * Footer: sample info and fixed effects
. *---------------------------------------------------------------
. esttab evreg1 evreg2 evreg3 evreg4 evreg5 evreg6 ///
>     using "${tables}/_main_4_protest_5km_fe12_did_downup${sample}_rural_acpop
> _new${ster_suffix}.tex", ///
>     append fragment ///
>     cells(none) ///
>     stats(N acq gridfe time electionfe provtrendfe ymean_clean ymean2_clean, 
> ///
>           fmt(%12.0fc %12.0fc %s %s %s %s %s %s) ///
>           labels("Observations" "N Assembly Constituencies" ///
>                  "Grid \$\times\$ Cohort FE" "Relative Time \$\times\$ Cohort
>  FE" ///
>                  "Legislature \$\times\$ Cohort FE" "Province Trend \$\times\
> $ Cohort FE" ///
>                  "Mean DV" "Mean DV2 (Down\$>\$Up=1)")) ///
>     nomtitles nonumbers collabels(none) nobaselevels noobs ///
>     prehead("") posthead("") ///
>     prefoot("\hline") ///
>     postfoot("\hline" "\end{tabular}" "}")
(output written to C:/Users/eunic/OneDrive/Documents/GitHub/proj_bureaucrats_fa
> rms/code/_stacked_downup_replication/../../tables/_main_4_protest_5km_fe12_di
> d_downup_rural_acpop_new.tex)
. 
. display "Generated: _main_4_protest_5km_fe12_did_downup_rural_acpop_new.tex"
Generated: _main_4_protest_5km_fe12_did_downup_rural_acpop_new.tex
. }

. 
. 
. *****************************************************************************
> ***
. * 4. Politician Char DiD with Downup (_main_5_polischar_fe12_did_downup_inter
> )
. *****************************************************************************
> ***
. {
. est clear
. estread using "${tables}/_main_5_polischar_fe12_did_downup_inter${sample}_rur
> al_acpop${ster_suffix}.ster"

-------------------------------------------------------------------------------
             |           Dependent  Number of        
        Name | Command    variable     param.  Title 
-------------+-----------------------------------------------------------------
      evreg1 | reghdfejl    countk          5  HDFE linear regression with
             |                                 Julia
      evreg2 | reghdfejl    countk          5  HDFE linear regression with
             |                                 Julia
      evreg3 | reghdfejl    countk          5  HDFE linear regression with
             |                                 Julia
      evreg4 | reghdfejl    countk          9  HDFE linear regression with
             |                                 Julia
      evreg5 | reghdfejl    countk          9  HDFE linear regression with
             |                                 Julia
      evreg6 | reghdfejl    countk          9  HDFE linear regression with
             |                                 Julia
-------------------------------------------------------------------------------
. _strip_zeros_stats, models(evreg1 evreg2 evreg3 evreg4 evreg5 evreg6) stats(y
> mean ymean2)

added macro:
        e(ymean_clean) : "105.231"

added macro:
       e(ymean2_clean) : ""

added macro:
        e(ymean_clean) : "105.231"

added macro:
       e(ymean2_clean) : ""

added macro:
        e(ymean_clean) : "105.231"

added macro:
       e(ymean2_clean) : ""

added macro:
        e(ymean_clean) : "105.231"

added macro:
       e(ymean2_clean) : "106.124"

added macro:
        e(ymean_clean) : "105.231"

added macro:
       e(ymean2_clean) : "106.124"

added macro:
        e(ymean_clean) : "105.231"

added macro:
       e(ymean2_clean) : "106.124"
. 
. forval i = 4/6 {
  2.     est restore evreg`i'
  3. 
.     lincom 1.downup_ac_pop
  4.     _add_lincom 1
  5. 
.     lincom 1.post_#1.downup_ac_pop
  6.     _add_lincom 2
  7. 
.     lincom 1.post_#1.treat + 1.post_#1.downup_ac_pop + ///
>            1.treat#1.downup_ac_pop + ///
>            1.post_#1.treat#1.downup_ac_pop
  8.     _add_lincom 3
  9. 
.     lincom (1.post_#1.treat + 1.post_#1.downup_ac_pop + ///
>            1.treat#1.downup_ac_pop + ///
>            1.post_#1.treat#1.downup_ac_pop) - ///
>            (1.post_#1.downup_ac_pop)
 10.     _add_lincom 4
 11. 
.     est store evreg`i'
 12. }
(results evreg4 are active now)

 ( 1)  1.downup_ac_pop = 0

------------------------------------------------------------------------------
      countk | Coefficient  Std. err.      t    P>|t|     [95% conf. interval]
-------------+----------------------------------------------------------------
         (1) |   4.164889   4.706998     0.88   0.376    -5.065775    13.39555
------------------------------------------------------------------------------

added macro:
              e(ysum1) : "4.165"

added macro:
               e(ysd1) : "(4.707)"

 ( 1)  1.post_#1.downup_ac_pop = 0

------------------------------------------------------------------------------
      countk | Coefficient  Std. err.      t    P>|t|     [95% conf. interval]
-------------+----------------------------------------------------------------
         (1) |  -.8395962   5.591656    -0.15   0.881    -11.80512    10.12593
------------------------------------------------------------------------------

added macro:
              e(ysum2) : "-0.840"

added macro:
               e(ysd2) : "(5.592)"

 ( 1)  1.post_#1.treat + 1.post_#1.downup_ac_pop + 1.treat#1.downup_ac_pop +
       1.post_#1.treat#1.downup_ac_pop = 0

------------------------------------------------------------------------------
      countk | Coefficient  Std. err.      t    P>|t|     [95% conf. interval]
-------------+----------------------------------------------------------------
         (1) |   10.08368   9.079498     1.11   0.267    -7.721682    27.88904
------------------------------------------------------------------------------

added macro:
              e(ysum3) : "10.084"

added macro:
               e(ysd3) : "(9.079)"

 ( 1)  1.post_#1.treat + 1.treat#1.downup_ac_pop +
       1.post_#1.treat#1.downup_ac_pop = 0

------------------------------------------------------------------------------
      countk | Coefficient  Std. err.      t    P>|t|     [95% conf. interval]
-------------+----------------------------------------------------------------
         (1) |   10.92328   6.657825     1.64   0.101     -2.13306    23.97961
------------------------------------------------------------------------------

added macro:
              e(ysum4) : "10.923"

added macro:
               e(ysd4) : "(6.658)"
(results evreg5 are active now)

 ( 1)  1.downup_ac_pop = 0

------------------------------------------------------------------------------
      countk | Coefficient  Std. err.      t    P>|t|     [95% conf. interval]
-------------+----------------------------------------------------------------
         (1) |   4.164889   4.707002     0.88   0.376    -5.065783    13.39556
------------------------------------------------------------------------------

added macro:
              e(ysum1) : "4.165"

added macro:
               e(ysd1) : "(4.707)"

 ( 1)  1.post_#1.downup_ac_pop = 0

------------------------------------------------------------------------------
      countk | Coefficient  Std. err.      t    P>|t|     [95% conf. interval]
-------------+----------------------------------------------------------------
         (1) |  -.8395962   5.591662    -0.15   0.881    -11.80513    10.12594
------------------------------------------------------------------------------

added macro:
              e(ysum2) : "-0.840"

added macro:
               e(ysd2) : "(5.592)"

 ( 1)  1.post_#1.treat + 1.post_#1.downup_ac_pop + 1.treat#1.downup_ac_pop +
       1.post_#1.treat#1.downup_ac_pop = 0

------------------------------------------------------------------------------
      countk | Coefficient  Std. err.      t    P>|t|     [95% conf. interval]
-------------+----------------------------------------------------------------
         (1) |   10.08368   9.079511     1.11   0.267    -7.721706    27.88907
------------------------------------------------------------------------------

added macro:
              e(ysum3) : "10.084"

added macro:
               e(ysd3) : "(9.080)"

 ( 1)  1.post_#1.treat + 1.treat#1.downup_ac_pop +
       1.post_#1.treat#1.downup_ac_pop = 0

------------------------------------------------------------------------------
      countk | Coefficient  Std. err.      t    P>|t|     [95% conf. interval]
-------------+----------------------------------------------------------------
         (1) |   10.92328    6.65784     1.64   0.101    -2.133089    23.97964
------------------------------------------------------------------------------

added macro:
              e(ysum4) : "10.923"

added macro:
               e(ysd4) : "(6.658)"
(results evreg6 are active now)

 ( 1)  1.downup_ac_pop = 0

------------------------------------------------------------------------------
      countk | Coefficient  Std. err.      t    P>|t|     [95% conf. interval]
-------------+----------------------------------------------------------------
         (1) |   4.211969   4.732327     0.89   0.374    -5.068368     13.4923
------------------------------------------------------------------------------

added macro:
              e(ysum1) : "4.212"

added macro:
               e(ysd1) : "(4.732)"

 ( 1)  1.post_#1.downup_ac_pop = 0

------------------------------------------------------------------------------
      countk | Coefficient  Std. err.      t    P>|t|     [95% conf. interval]
-------------+----------------------------------------------------------------
         (1) |  -.9078636   5.627546    -0.16   0.872    -11.94377    10.12804
------------------------------------------------------------------------------

added macro:
              e(ysum2) : "-0.908"

added macro:
               e(ysd2) : "(5.628)"

 ( 1)  1.post_#1.treat + 1.post_#1.downup_ac_pop + 1.treat#1.downup_ac_pop +
       1.post_#1.treat#1.downup_ac_pop = 0

------------------------------------------------------------------------------
      countk | Coefficient  Std. err.      t    P>|t|     [95% conf. interval]
-------------+----------------------------------------------------------------
         (1) |   10.19071   9.118388     1.12   0.264     -7.69092    28.07233
------------------------------------------------------------------------------

added macro:
              e(ysum3) : "10.191"

added macro:
               e(ysd3) : "(9.118)"

 ( 1)  1.post_#1.treat + 1.treat#1.downup_ac_pop +
       1.post_#1.treat#1.downup_ac_pop = 0

------------------------------------------------------------------------------
      countk | Coefficient  Std. err.      t    P>|t|     [95% conf. interval]
-------------+----------------------------------------------------------------
         (1) |   11.09857   6.681562     1.66   0.097    -2.004314    24.20146
------------------------------------------------------------------------------

added macro:
              e(ysum4) : "11.099\sym"

added macro:
               e(ysd4) : "(6.682)"
. 
. 
. 
. *---------------------------------------------------------------
. * Panel A: estimated coefficients
. *---------------------------------------------------------------
. esttab evreg1 evreg2 evreg3 evreg4 evreg5 evreg6 ///
>     using "${tables}/_main_5_polischar_fe12_did_downup_inter${sample}_rural_a
> cpop${ster_suffix}.tex", ///
>     replace fragment ///
>     cells(b(fmt(3) star) se(par fmt(3))) ///
>     star(* 0.10 ** 0.05 *** 0.01) ///
>     keep(1.post_#1.treat ///
>           1.downup_ac_pop ///
>           1.post_#1.downup_ac_pop ///
>           1.treat#1.downup_ac_pop ///
>           1.post_#1.treat#1.downup_ac_pop) ///
>     order(1.post_#1.treat ///
>           1.downup_ac_pop ///
>           1.post_#1.downup_ac_pop ///
>           1.treat#1.downup_ac_pop ///
>           1.post_#1.treat#1.downup_ac_pop) ///
>     varlabels(1.post_#1.treat "(1) Post \$\times\$ Switch Agric" ///
>               1.downup_ac_pop "(2) Down \$>\$ Up" ///
>               1.post_#1.downup_ac_pop "(3) Post \$\times\$ Down \$>\$ Up" ///
>               1.treat#1.downup_ac_pop "(4) Switch Agric  \$\times\$ Down \$>\
> $ Up" ///
>               1.post_#1.treat#1.downup_ac_pop "(5) Post \$\times\$ Switch Agr
> ic  \$\times\$ Down \$>\$ Up") ///
>     nomtitles nonumbers collabels(none) nobaselevels noobs ///
>     prehead("{" ///
>             "\def\sym#1{\ifmmode^{#1}\else\(^{#1}\)\fi}" ///
>             "\begin{tabular}{l*{6}{c}}" ///
>             "\hline" ///
>             "            &\multicolumn{1}{c}{(1)}         &\multicolumn{1}{c}
> {(2)}         &\multicolumn{1}{c}{(3)}         &\multicolumn{1}{c}{(4)}      
>    &\multicolumn{1}{c}{(5)}         &\multicolumn{1}{c}{(6)}         \\" ///
>             "            & \multicolumn{6}{c}{Number of Fires (in 1,000 units
> )} \\ \hline") ///
>     posthead("\multicolumn{7}{l}{\textbf{Panel A: Estimated Coefficients}} \\
>  \hline") ///
>     prefoot("") postfoot("")
(output written to C:/Users/eunic/OneDrive/Documents/GitHub/proj_bureaucrats_fa
> rms/code/_stacked_downup_replication/../../tables/_main_5_polischar_fe12_did_
> downup_inter_rural_acpop.tex)
. 
. *---------------------------------------------------------------
. * Panel B: linear combinations
. *---------------------------------------------------------------
. * The row label spans the label column plus model column (1). Therefore the
. * five cells below must correspond to model columns (2)--(6); evreg2 and
. * evreg3 are blank, and the lincoms stored in evreg4--evreg6 land correctly.
. esttab evreg2 evreg3 evreg4 evreg5 evreg6 ///
>     using "${tables}/_main_5_polischar_fe12_did_downup_inter${sample}_rural_a
> cpop${ster_suffix}.tex", ///
>     append fragment ///
>     cells(none) ///
>     stats(ysum1 ysd1 ysum2 ysd2 ysum3 ysd3 ysum4 ysd4, ///
>           fmt(%s %s %s %s %s %s %s %s) ///
>           labels("\multicolumn{2}{l}{Down\$>\$Up Effect, pre-period of no-swi
> tch politicians (2)}" "\multicolumn{2}{l}{}" ///
>                  "\multicolumn{2}{l}{Down\$>\$Up Effect, post-period of no-sw
> itch politicians (3)}" "\multicolumn{2}{l}{}" ///
>                  "\multicolumn{2}{l}{Down\$>\$Up Effect, post-period of switc
> h politicians (1+3+4+5)}" "\multicolumn{2}{l}{}" ///
>                  "\multicolumn{2}{l}{Differential downwind effect, post perio
> d (1+3+4+5)-(3)}" "\multicolumn{2}{l}{}")) ///
>     nomtitles nonumbers collabels(none) nobaselevels noobs ///
>     prehead("") posthead("") ///
>     prefoot("\hline" ///
>             "\multicolumn{7}{l}{\textbf{Panel B: Linear Combinations}} \\ \hl
> ine") ///
>     postfoot("")
(output written to C:/Users/eunic/OneDrive/Documents/GitHub/proj_bureaucrats_fa
> rms/code/_stacked_downup_replication/../../tables/_main_5_polischar_fe12_did_
> downup_inter_rural_acpop.tex)
. 
. *---------------------------------------------------------------
. * Footer: sample info and fixed effects
. *---------------------------------------------------------------
. esttab evreg1 evreg2 evreg3 evreg4 evreg5 evreg6 ///
>     using "${tables}/_main_5_polischar_fe12_did_downup_inter${sample}_rural_a
> cpop${ster_suffix}.tex", ///
>     append fragment ///
>     cells(none) ///
>     stats(N acq gridfe time electionfe provtrendfe ymean_clean ymean2_clean, 
> ///
>           fmt(%12.0fc %12.0fc %s %s %s %s %s %s) ///
>           labels("Observations" "N Assembly Constituencies" ///
>                  "Grid \$\times\$ Cohort FE" "Relative Time \$\times\$ Cohort
>  FE" ///
>                  "Legislature \$\times\$ Cohort FE" "Province Trend \$\times\
> $ Cohort FE" ///
>                  "Mean DV" "Mean DV2 (Down\$>\$Up=1)")) ///
>     nomtitles nonumbers collabels(none) nobaselevels noobs ///
>     prehead("") posthead("") ///
>     prefoot("\hline") ///
>     postfoot("\hline" "\end{tabular}" "}")
(output written to C:/Users/eunic/OneDrive/Documents/GitHub/proj_bureaucrats_fa
> rms/code/_stacked_downup_replication/../../tables/_main_5_polischar_fe12_did_
> downup_inter_rural_acpop.tex)
. 
. display "Generated: _main_5_polischar_fe12_did_downup_inter_rural_acpop.tex"
Generated: _main_5_polischar_fe12_did_downup_inter_rural_acpop.tex
.         }

. 
. 
. *****************************************************************************
> ***
. * 5. Alternative DVs (_app_7_main_did_downup_area_ac_dv)
. *****************************************************************************
> ***
. est clear

. estread using "${tables}/_app_7_main_did_downup_area_ac_dv${sample}_rural_sta
> cked${ster_suffix}.ster"

-------------------------------------------------------------------------------
             |           Dependent  Number of        
        Name | Command    variable     param.  Title 
-------------+-----------------------------------------------------------------
         eq1 | reghdfejl   anyfire          3  HDFE linear regression with
             |                                 Julia
         eq2 | reghdfejl   logfire          3  HDFE linear regression with
             |                                 Julia
         eq3 | reghdfejl mean_brigh~s       3  HDFE linear regression with
             |                                 Julia
-------------------------------------------------------------------------------

. _strip_zeros_stats, models(eq1 eq2 eq3) stats(ymean)

added macro:
        e(ymean_clean) : "0.037"

added macro:
        e(ymean_clean) : "0.04"

added macro:
        e(ymean_clean) : "12.416"

. 
. esttab eq1 eq2 eq3 ///
>     using "${tables}/_app_7_main_did_downup_area_ac_dv${sample}_rural_acpop${
> ster_suffix}.tex", ///
>     replace ///
>     cells(b(fmt(4) star) se(par fmt(4))) ///
>     star(* 0.10 ** 0.05 *** 0.01) ///
>     keep(downup_ac_pop) ///
>     varlabels(downup_ac_pop "Down \$>\$ Up") ///
>     stats(N acq gridfe acmonthfe ymean_clean, ///
>           fmt(%12.0fc %12.0fc %s %s %s) ///
>           labels("Observations" "N Assembly Constituencies" ///
>                  "Grid FE \$\times\$ Cohort" ///
>                  "Assembly \$\times\$ Month-Year \$\times\$ Cohort FE" ///
>                  "Mean DV")) ///
>     nomtitles nonumbers ///
>     collabels(none) ///
>     nobaselevels ///
>     prehead("\begin{tabular}{lccc}" ///
>             "\tabularnewline \hline" ///
>             "& (1) & (2) & (3)\\" ///
>             "& Any Fire & Log (N) Fires & Mean Brightness\\" ///
>             "\hline") ///
>     posthead("") ///
>     prefoot("\hline") ///
>     postfoot("\hline" "\end{tabular}")
(output written to C:/Users/eunic/OneDrive/Documents/GitHub/proj_bureaucrats_fa
> rms/code/_stacked_downup_replication/../../tables/_app_7_main_did_downup_area
> _ac_dv_rural_acpop.tex)

. 
. display "Generated: _app_7_main_did_downup_area_ac_dv_rural_acpop.tex"
Generated: _app_7_main_did_downup_area_ac_dv_rural_acpop.tex

. 
. *****************************************************************************
> ***
. * 6. DiD by Year (_app_8_main_did_by_year)
. *****************************************************************************
> ***
. est clear

. estread using "${tables}/_app_8_main_did_by_year${sample}_rural_stacked${ster
> _suffix}.ster"

-------------------------------------------------------------------------------
             |           Dependent  Number of        
        Name | Command    variable     param.  Title 
-------------+-----------------------------------------------------------------
         eq1 | reghdfejl    countk          3  HDFE linear regression with
             |                                 Julia
         eq2 | reghdfejl    countk          3  HDFE linear regression with
             |                                 Julia
         eq3 | reghdfejl    countk          3  HDFE linear regression with
             |                                 Julia
         eq4 | reghdfejl    countk          3  HDFE linear regression with
             |                                 Julia
         eq5 | reghdfejl    countk          3  HDFE linear regression with
             |                                 Julia
         eq6 | reghdfejl    countk          3  HDFE linear regression with
             |                                 Julia
         eq7 | reghdfejl    countk          3  HDFE linear regression with
             |                                 Julia
         eq8 | reghdfejl    countk          3  HDFE linear regression with
             |                                 Julia
         eq9 | reghdfejl    countk          3  HDFE linear regression with
             |                                 Julia
        eq10 | reghdfejl    countk          3  HDFE linear regression with
             |                                 Julia
-------------------------------------------------------------------------------

. _strip_zeros_stats, models(eq1 eq2 eq3 eq4 eq5 eq6 eq7 eq8 eq9 eq10) stats(ym
> ean)

added macro:
        e(ymean_clean) : "84.908"

added macro:
        e(ymean_clean) : "86.026"

added macro:
        e(ymean_clean) : "75.184"

added macro:
        e(ymean_clean) : "96.688"

added macro:
        e(ymean_clean) : "94.598"

added macro:
        e(ymean_clean) : "100.845"

added macro:
        e(ymean_clean) : "114.162"

added macro:
        e(ymean_clean) : "63.216"

added macro:
        e(ymean_clean) : "105.062"

added macro:
        e(ymean_clean) : "99.398"

. 
. esttab eq1 eq2 eq3 eq4 eq5 eq6 eq7 eq8 eq9 eq10 ///
>     using "${tables}/_app_8_main_did_by_year${sample}_rural_acpop${ster_suffi
> x}.tex", ///
>     replace ///
>     cells(b(fmt(3) star) se(par fmt(3))) ///
>     star(* 0.10 ** 0.05 *** 0.01) ///
>     keep(downup_ac_pop) ///
>     varlabels(downup_ac_pop "Down\$>\$Up") ///
>     stats(N acq gridfe acmonthfe ymean_clean, ///
>           fmt(%12.0fc %12.0fc %s %s %s) ///
>           labels("Observations" "N Assembly Constituencies" ///
>                  "Grid FE \$\times\$ Cohort" ///
>                  "Assembly \$\times\$ Month-Year \$\times\$ Cohort FE" ///
>                  "Mean DV")) ///
>     nomtitles nonumbers ///
>     collabels(none) ///
>     nobaselevels ///
>     prehead("\begin{tabular}{lcccccccccc} \hline" ///
>             " & (1) & (2) & (3) & (4) & (5) & (6) & (7) & (8) & (9) & (10) \\
> " ///
>             " & \multicolumn{10}{c}{Number of Fires (per 1,000 units)}\\" ///
>             " & 2012/2013 & 2013/2014 & 2014/2015 & 2015/2016 & 2016/2017 & 2
> 017/2018 & 2018/2019 & 2019/2020 & 2020/2021 & 2021/2022 \\ \hline") ///
>     posthead("") ///
>     postfoot("\hline" "\end{tabular}")
(output written to C:/Users/eunic/OneDrive/Documents/GitHub/proj_bureaucrats_fa
> rms/code/_stacked_downup_replication/../../tables/_app_8_main_did_by_year_rur
> al_acpop.tex)

. 
. display "Generated: _app_8_main_did_by_year_rural_acpop.tex"
Generated: _app_8_main_did_by_year_rural_acpop.tex

. 
. *****************************************************************************
> ***
. * 7. DiD by State (_app_9_main_did_by_state)
. *****************************************************************************
> ***
. est clear

. estread using "${tables}/_app_9_main_did_by_state${sample}_rural_stacked${ste
> r_suffix}.ster"

-------------------------------------------------------------------------------
             |           Dependent  Number of        
        Name | Command    variable     param.  Title 
-------------+-----------------------------------------------------------------
         eq1 | reghdfejl    countk          3  HDFE linear regression with
             |                                 Julia
         eq2 | reghdfejl    countk          3  HDFE linear regression with
             |                                 Julia
         eq3 | reghdfejl    countk          3  HDFE linear regression with
             |                                 Julia
         eq4 | reghdfejl    countk          3  HDFE linear regression with
             |                                 Julia
-------------------------------------------------------------------------------

. _strip_zeros_stats, models(eq1 eq2 eq3 eq4) stats(ymean)

added macro:
        e(ymean_clean) : "55.155"

added macro:
        e(ymean_clean) : "103.195"

added macro:
        e(ymean_clean) : "348.495"

added macro:
        e(ymean_clean) : "44.393"

. 
. esttab eq1 eq2 eq3 eq4 ///
>     using "${tables}/_app_9_main_did_by_state${sample}_rural_acpop${ster_suff
> ix}.tex", ///
>     replace ///
>     cells(b(fmt(3) star) se(par fmt(3))) ///
>     star(* 0.10 ** 0.05 *** 0.01) ///
>     keep(downup_ac_pop) ///
>     varlabels(downup_ac_pop "Down\$>\$Up (Pop)") ///
>     stats(N acq gridfe acmonthfe ymean_clean, ///
>           fmt(%12.0fc %12.0fc %s %s %s) ///
>           labels("Observations" "N Assembly Constituencies" ///
>                  "Grid FE  \$\times\$ Cohort" ///
>                  "Assembly \$\times\$ Month-Year \$\times\$ Cohort FE" ///
>                  "Mean DV")) ///
>     nomtitles nonumbers ///
>     collabels(none) ///
>     nobaselevels ///
>     prehead("\begin{tabular}{lcccc} \hline" ///
>             " & (1) & (2) & (3) & (4) \\" ///
>             " & \multicolumn{4}{c}{Number of Fires (in 1,000 units)}\\" ///
>             " & Bihar & Haryana & Punjab & Uttar Pradesh \\ \hline") ///
>     posthead("") ///
>     postfoot("\hline" "\end{tabular}")
(output written to C:/Users/eunic/OneDrive/Documents/GitHub/proj_bureaucrats_fa
> rms/code/_stacked_downup_replication/../../tables/_app_9_main_did_by_state_ru
> ral_acpop.tex)

. 
. display "Generated: _app_9_main_did_by_state_rural_acpop.tex"
Generated: _app_9_main_did_by_state_rural_acpop.tex

. 
. *****************************************************************************
> ***
. * 8. Rice Moderators (_app_10_did_rice_moderators)
. *****************************************************************************
> ***
. if "$production_only" != "1" {
. est clear
. capture noisily estread using "${tables}/_app_10_did_rice_moderators_rural_st
> acked${ster_suffix}.ster"

-------------------------------------------------------------------------------
             |           Dependent  Number of        
        Name | Command    variable     param.  Title 
-------------+-----------------------------------------------------------------
         eq1 | reghdfejl    countk          5  HDFE linear regression with
             |                                 Julia
         eq2 | reghdfejl    countk          5  HDFE linear regression with
             |                                 Julia
         eq3 | reghdfejl    countk          5  HDFE linear regression with
             |                                 Julia
-------------------------------------------------------------------------------
. _strip_zeros_stats, models(eq1 eq2 eq3) stats(ymean ymean2 ymean3)

added macro:
        e(ymean_clean) : "173.248"

added macro:
       e(ymean2_clean) : "130.75"

added macro:
       e(ymean3_clean) : "233.336"

added macro:
        e(ymean_clean) : "173.248"

added macro:
       e(ymean2_clean) : "61.101"

added macro:
       e(ymean3_clean) : "315.929"

added macro:
        e(ymean_clean) : "173.248"

added macro:
       e(ymean2_clean) : "48.534"

added macro:
       e(ymean3_clean) : "301.609"
. 
. capture noisily esttab eq1 eq2 eq3 ///
>     using "${tables}/_app_10_did_rice_moderators${sample}_rural_acpop${ster_s
> uffix}.tex", ///
>     replace ///
>     cells(b(fmt(3) star) se(par fmt(3))) ///
>     star(* 0.10 ** 0.05 *** 0.01) ///
>     keep(1.downup_ac_pop ///
>          1.downup_ac_pop#1.rice_area_aclvl_ahigh ///
>          1.downup_ac_pop#1.rice_harvarea_aclvl_ahigh ///
>          1.downup_ac_pop#1.rice_prod_aclvl_ahigh) ///
>     order(1.downup_ac_pop ///
>           1.downup_ac_pop#1.rice_area_aclvl_ahigh ///
>           1.downup_ac_pop#1.rice_harvarea_aclvl_ahigh ///
>           1.downup_ac_pop#1.rice_prod_aclvl_ahigh) ///
>     varlabels(1.downup_ac_pop "Down\$>\$up AC (Pop)" ///
>               1.downup_ac_pop#1.rice_area_aclvl_ahigh "Down\$>\$up AC (Pop) \
> $\times\$ Above Median Rice Area" ///
>               1.downup_ac_pop#1.rice_harvarea_aclvl_ahigh "Down\$>\$up AC (Po
> p) \$\times\$ Above Median Harvested Rice Area" ///
>               1.downup_ac_pop#1.rice_prod_aclvl_ahigh "Down\$>\$up AC (Pop) \
> $\times\$ Above Median Rice Production") ///
>     stats(N acq gridfe acmonthfe ymean_clean ymean2_clean ymean3_clean, ///
>           fmt(%12.0fc %12.0fc %s %s %s %s %s) ///
>           labels("Observations" "N Assembly Constituencies" "Grid FE" ///
>                  "AC \$\times\$ Month-Year FE" "Mean DV" "Mean DV2" "Mean DV3
> ")) ///
>     nomtitles nonumbers ///
>     collabels(none) ///
>     nobaselevels ///
>     prehead("\begin{tabular}{lccc}" ///
>             "      \hline" ///
>             "       & \multicolumn{3}{c}{Number of Fires (in 1,000 units) - R
> ural Grids}\\" ///
>             "                                                              & 
> (1)            & (2)            & (3)\\\\  " ///
>             "      \midrule") ///
>     posthead("") ///
>     prefoot("\hline") ///
>     postfoot("\hline" "\end{tabular}")
(output written to C:/Users/eunic/OneDrive/Documents/GitHub/proj_bureaucrats_fa
> rms/code/_stacked_downup_replication/../../tables/_app_10_did_rice_moderators
> _rural_acpop.tex)
. 
. display "Generated: _app_10_did_rice_moderators_rural_acpop.tex"
Generated: _app_10_did_rice_moderators_rural_acpop.tex
. }

. 
. *****************************************************************************
> ***
. * 9. Politician Rice Mods (_app_14_polischar_fe12_did_ricemods)
. *****************************************************************************
> ***
. if "$production_only" != "1" {
. est clear
. capture noisily estread using "${tables}/_app_14_polischar_fe12_did_ricemods$
> {sample}_rural_stacked${ster_suffix}.ster"

-------------------------------------------------------------------------------
             |           Dependent  Number of        
        Name | Command    variable     param.  Title 
-------------+-----------------------------------------------------------------
      evreg1 | reghdfejl    countk          5  HDFE linear regression with
             |                                 Julia
      evreg2 | reghdfejl    countk          9  HDFE linear regression with
             |                                 Julia
      evreg3 | reghdfejl    countk          9  HDFE linear regression with
             |                                 Julia
      evreg4 | reghdfejl    countk          9  HDFE linear regression with
             |                                 Julia
-------------------------------------------------------------------------------
. _strip_zeros_stats, models(evreg1 evreg2 evreg3 evreg4) stats(ymean ymean2 ym
> ean3)

added macro:
        e(ymean_clean) : "200.662"

added macro:
       e(ymean2_clean) : "200.662"

added macro:
       e(ymean3_clean) : ""

added macro:
        e(ymean_clean) : "200.662"

added macro:
       e(ymean2_clean) : "107.351"

added macro:
       e(ymean3_clean) : ""

added macro:
        e(ymean_clean) : "200.662"

added macro:
       e(ymean2_clean) : "44.741"

added macro:
       e(ymean3_clean) : ""

added macro:
        e(ymean_clean) : "200.662"

added macro:
       e(ymean2_clean) : "39.083"

added macro:
       e(ymean3_clean) : ""
. 
. capture noisily esttab evreg1 evreg2 evreg3 evreg4 ///
>     using "${tables}/_app_14_polischar_fe12_did_ricemods${sample}_rural_acpop
> ${ster_suffix}.tex", ///
>     replace ///
>     cells(b(fmt(3) star) se(par fmt(3))) ///
>     star(* 0.10 ** 0.05 *** 0.01) ///
>     keep(1.post_#1.treat ///
>          1.post_#1.treat#1.rice_area_aclvl_ahigh ///
>          1.post_#1.treat#1.rice_harvarea_aclvl_ahigh ///
>          1.post_#1.treat#1.rice_prod_aclvl_ahigh) ///
>     order(1.post_#1.treat ///
>           1.post_#1.treat#1.rice_area_aclvl_ahigh ///
>           1.post_#1.treat#1.rice_harvarea_aclvl_ahigh ///
>           1.post_#1.treat#1.rice_prod_aclvl_ahigh) ///
>     varlabels(1.post_#1.treat "Post \$\times\$ Agriculturalist" ///
>               1.post_#1.treat#1.rice_area_aclvl_ahigh "Post \$\times\$ Agricu
> lturalist \$\times\$ Rice Areas" ///
>               1.post_#1.treat#1.rice_harvarea_aclvl_ahigh "Post \$\times\$ Ag
> riculturalist \$\times\$ Harvested Rice Area" ///
>               1.post_#1.treat#1.rice_prod_aclvl_ahigh "Post \$\times\$ Agricu
> lturalist \$\times\$ Rice Production") ///
>     stats(N acq gridfe time electionfe provtrendfe ymean_clean ymean2_clean y
> mean3_clean, ///
>           fmt(%12.0fc %12.0fc %s %s %s %s %s %s %s) ///
>           labels("Observations" "N Assembly Constituencies" ///
>                  "Grid  \$\times\$ Cohort FE" "Relative Time FE" "Legislature
>   \$\times\$ Cohort FE" "Province  \$\times\$ Cohort Trend FE" ///
>                  "Mean DV" "Mean DV2" "Mean DV3")) ///
>     nomtitles nonumbers ///
>     collabels(none) ///
>     nobaselevels ///
>     prehead("{" ///
>             "\def\sym#1{\ifmmode^{#1}\else\(^{#1}\)\fi}" ///
>             "\begin{tabular}{l*{4}{c}}" ///
>             "\hline" ///
>             "            &\multicolumn{1}{c}{(1)}         &\multicolumn{1}{c}
> {(2)}         &\multicolumn{1}{c}{(3)} &\multicolumn{1}{c}{(4)}         \\" /
> //
>             "            & \multicolumn{4}{c}{Number of Fires (in 1,000 units
> )} \\ \hline") ///
>     posthead("") ///
>     prefoot("\hline") ///
>     postfoot("\hline" "\end{tabular}" "}")
(output written to C:/Users/eunic/OneDrive/Documents/GitHub/proj_bureaucrats_fa
> rms/code/_stacked_downup_replication/../../tables/_app_14_polischar_fe12_did_
> ricemods_rural_acpop.tex)
. 
. display "Generated: _app_14_polischar_fe12_did_ricemods_rural_acpop.tex"
Generated: _app_14_polischar_fe12_did_ricemods_rural_acpop.tex
. }

. 
. *****************************************************************************
> ***
. * 10. Politician FE DiD (_app_15_polischar_fe12_did)
. *****************************************************************************
> ***
. if "$production_only" != "1" {
. est clear
. capture noisily estread using "${tables}/_app_15_polischar_fe12_did${sample}_
> rural_stacked${ster_suffix}.ster"

-------------------------------------------------------------------------------
             |           Dependent  Number of        
        Name | Command    variable     param.  Title 
-------------+-----------------------------------------------------------------
      evreg1 | reghdfejl    countk          5  HDFE linear regression with
             |                                 Julia
      evreg2 | reghdfejl    countk          5  HDFE linear regression with
             |                                 Julia
      evreg3 | reghdfejl    countk          5  HDFE linear regression with
             |                                 Julia
-------------------------------------------------------------------------------
. _strip_zeros_stats, models(evreg1 evreg2 evreg3) stats(ymean)

added macro:
        e(ymean_clean) : "200.662"

added macro:
        e(ymean_clean) : "200.662"

added macro:
        e(ymean_clean) : "200.662"
. 
. capture noisily esttab evreg1 evreg2 evreg3 ///
>     using "${tables}/_app_15_polischar_fe12_did${sample}_rural_acpop${ster_su
> ffix}.tex", ///
>     replace ///
>     cells(b(fmt(3) star) se(par fmt(3))) ///
>     star(* 0.10 ** 0.05 *** 0.01) ///
>     keep(1.post_#1.treat) ///
>     order(1.post_#1.treat) ///
>     varlabels(1.post_#1.treat "Post \$\times\$ Agriculturalist") ///
>     stats(N acq gridfe time electionfe provtrendfe ymean_clean, ///
>           fmt(%12.0fc %12.0fc %s %s %s %s %s) ///
>           labels("Observations" "N Assembly Constituencies" ///
>                  "Grid \$\times\$ Cohort FE" "Relative Time FE" "Legislature 
>  \$\times\$ Cohort FE" "Province  \$\times\$ Cohort Trend FE" "Mean DV")) ///
>     nomtitles nonumbers ///
>     collabels(none) ///
>     nobaselevels ///
>     prehead("{" ///
>             "\def\sym#1{\ifmmode^{#1}\else\(^{#1}\)\fi}" ///
>             "\begin{tabular}{l*{3}{c}}" ///
>             "\hline" ///
>             "            &\multicolumn{1}{c}{(1)}         &\multicolumn{1}{c}
> {(2)}         &\multicolumn{1}{c}{(3)}         \\" ///
>             "            & \multicolumn{3}{c}{Number of Fires (in 1,000 units
> ) } \\ \hline") ///
>     posthead("") ///
>     prefoot("\hline") ///
>     postfoot("\hline" "\end{tabular}" "}")
(output written to C:/Users/eunic/OneDrive/Documents/GitHub/proj_bureaucrats_fa
> rms/code/_stacked_downup_replication/../../tables/_app_15_polischar_fe12_did_
> rural_acpop.tex)
. 
. display "Generated: _app_15_polischar_fe12_did_rural_acpop.tex"
Generated: _app_15_polischar_fe12_did_rural_acpop.tex
. }

. 
. *****************************************************************************
> ***
. * 11. Canonical treatment-definition table (version 3 specification)
. *****************************************************************************
> ***
. est clear

. estread using "${tables}/_app_6_main_did_treat_definition${sample}_rural_acpo
> p${ster_suffix}.ster"

-------------------------------------------------------------------------------
             |           Dependent  Number of        
        Name | Command    variable     param.  Title 
-------------+-----------------------------------------------------------------
         eq1 | reghdfejl    countk          3  HDFE linear regression with
             |                                 Julia
         eq2 | reghdfejl    countk          3  HDFE linear regression with
             |                                 Julia
         eq3 | reghdfejl    countk          3  HDFE linear regression with
             |                                 Julia
         eq4 | reghdfejl    countk          3  HDFE linear regression with
             |                                 Julia
         eq5 | reghdfejl    countk          3  HDFE linear regression with
             |                                 Julia
         eq6 | reghdfejl    countk          3  HDFE linear regression with
             |                                 Julia
         eq7 | reghdfejl    countk          5  HDFE linear regression with
             |                                 Julia
-------------------------------------------------------------------------------

. _strip_zeros_stats, models(eq1 eq2 eq3 eq4 eq5 eq6 eq7) stats(ymean)

added macro:
        e(ymean_clean) : "92.119"

added macro:
        e(ymean_clean) : "92.119"

added macro:
        e(ymean_clean) : "92.119"

added macro:
        e(ymean_clean) : "92.119"

added macro:
        e(ymean_clean) : "92.119"

added macro:
        e(ymean_clean) : "92.119"

added macro:
        e(ymean_clean) : "92.119"

. 
. * Exclude eq2: the downup_ac area treatment is no longer reported here.
. esttab eq1 eq3 eq6 eq5 eq7 using ///
>     "${tables}/_app_6_main_did_treat_definition${sample}_rural_acpop${ster_su
> ffix}.tex", ///
>     replace cells(b(fmt(4) star) se(par fmt(4))) ///
>     star(* 0.10 ** 0.05 *** 0.01) ///
>     rename(1.downup_ac_pop downup_ac_pop) ///
>     keep(downup_ac_pop downup_1sd_pop down_percent ///
>          downup_diff_percent_pop 1.downup_ac_pop#1.rice_prod_aclvl_ahigh) ///
>     order(downup_ac_pop downup_1sd_pop down_percent ///
>           downup_diff_percent_pop 1.downup_ac_pop#1.rice_prod_aclvl_ahigh) //
> /
>     varlabels(downup_ac_pop "Down\$>\$Up (Pop)" ///
>               downup_1sd_pop "Down\$>\$Up by 1std" ///
>               down_percent "Downwind over total Population" ///
>               downup_diff_percent_pop "Down-Up Percent" ///
>               1.downup_ac_pop#1.rice_prod_aclvl_ahigh "Down\$>\$Up (Pop) \$\t
> imes\$ Above Median Rice Production") ///
>     stats(N acq gridfe acmonthfe ymean_clean, ///
>           fmt(%12.0fc %12.0fc %s %s %s) ///
>           labels("Observations" "N Assembly Constituencies" ///
>                  "Grid \$\times\$ Cohort FE" ///
>                  "Assembly \$\times\$ Month-Year \$\times\$ Cohort FE" ///
>                  "Mean DV")) ///
>     nomtitles nonumbers collabels(none) nobaselevels ///
>     prehead("\begin{tabular}{lccccc}" ///
>              "\hline" ///
>              "& (1) & (2) & (3) & (4) & (5)\\" ///
>              "& \multicolumn{5}{c}{Number of Fires (in 1,000 units) }\\" ///
>             "\hline") ///
>     posthead("") prefoot("\hline") ///
>     postfoot("\hline" "\end{tabular}")
(output written to C:/Users/eunic/OneDrive/Documents/GitHub/proj_bureaucrats_fa
> rms/code/_stacked_downup_replication/../../tables/_app_6_main_did_treat_defin
> ition_rural_acpop.tex)

. 
. display "Generated: _app_6_main_did_treat_definition_rural_acpop.tex (version
>  3)"
Generated: _app_6_main_did_treat_definition_rural_acpop.tex (version 3)

. 
. *****************************************************************************
> ***
. * 12. Population placebo within 13 km
. *****************************************************************************
> ***
. est clear

. estread using "${tables}/_app_11_placebo_pop_13km${sample}_rural${ster_suffix
> }.ster"

-------------------------------------------------------------------------------
             |           Dependent  Number of        
        Name | Command    variable     param.  Title 
-------------+-----------------------------------------------------------------
         eq1 | reghdfejl    countk          3  HDFE linear regression with
             |                                 Julia
         eq2 | reghdfejl    countk          3  HDFE linear regression with
             |                                 Julia
         eq3 | reghdfejl    countk          3  HDFE linear regression with
             |                                 Julia
-------------------------------------------------------------------------------

. _strip_zeros_stats, models(eq1 eq2 eq3) stats(ymean)

added macro:
        e(ymean_clean) : "90.983"

added macro:
        e(ymean_clean) : "90.983"

added macro:
        e(ymean_clean) : "90.983"

. 
. esttab eq1 eq2 eq3 using ///
>     "${tables}/_app_11_placebo_pop_13km${sample}_rural${ster_suffix}.tex", //
> /
>     replace ///
>     cells(b(fmt(3) star) se(par fmt(3))) ///
>     star(* 0.10 ** 0.05 *** 0.01) ///
>     keep(downup_pop_13km) order(downup_pop_13km) ///
>     varlabels(downup_pop_13km "Down\$>\$Up (Placebo)") ///
>     stats(N acq gridfe acmonthfe ymean_clean, ///
>           fmt(%12.0fc %12.0fc %s %s %s) ///
>           labels("Observations" "N Assembly Constituencies" ///
>                  "Grid \$\times\$ Cohort FE" ///
>                  "AC \$\times\$ Month-Year \$\times\$ Cohort FE" ///
>                  "Mean DV")) ///
>     nomtitles nonumbers collabels(none) nobaselevels ///
>     prehead("\begin{tabular}{lccc}" ///
>             "\hline" ///
>             "& \multicolumn{3}{c}{Number of Fires (in 1,000 units)}\\" ///
>             "& Full Sample & Treated for Politicians & Control for Politician
> s \\" ///
>             "& (1) & (2) & (3) \\" ///
>             "\midrule") ///
>     posthead("") prefoot("\hline") ///
>     postfoot("\hline" "\end{tabular}")
(output written to C:/Users/eunic/OneDrive/Documents/GitHub/proj_bureaucrats_fa
> rms/code/_stacked_downup_replication/../../tables/_app_11_placebo_pop_13km_ru
> ral.tex)

. 
. display "Generated: _app_11_placebo_pop_13km_rural.tex"
Generated: _app_11_placebo_pop_13km_rural.tex

. 
. *****************************************************************************
> ***
. * 13. Downwind Heterogeneity (_app_20_did_downwind_hm)
. *****************************************************************************
> ***
. if "$production_only" != "1" {
. est clear
. estread using "${tables}/_app_20_did_downwind_hm_rural_stacked${ster_suffix}.
> ster"

-------------------------------------------------------------------------------
             |           Dependent  Number of        
        Name | Command    variable     param.  Title 
-------------+-----------------------------------------------------------------
         eq1 | regress      countk         11  Linear regression
         eq2 | reghdfejl    countk          5  HDFE linear regression with
             |                                 Julia
         eq3 | reghdfejl    countk          5  HDFE linear regression with
             |                                 Julia
         eq4 | reghdfejl    countk          5  HDFE linear regression with
             |                                 Julia
-------------------------------------------------------------------------------
. _strip_zeros_stats, models(eq1 eq2 eq3 eq4) stats(ymean)

added macro:
        e(ymean_clean) : "539.585"

added macro:
        e(ymean_clean) : "539.585"

added macro:
        e(ymean_clean) : "539.585"

added macro:
        e(ymean_clean) : "539.585"
. _strip_zeros_stats, models(eq1 eq2 eq3 eq4) stats(ymean2)

added macro:
       e(ymean2_clean) : "1107.366"

added macro:
       e(ymean2_clean) : "1107.366"

added macro:
       e(ymean2_clean) : "1107.366"

added macro:
       e(ymean2_clean) : "1107.366"
. 
. esttab eq1 eq2 eq3 eq4 using "${tables}/_app_20_did_downwind_hm${sample}_rura
> l_acpop${ster_suffix}.tex", ///
>     replace ///
>     cells(b(fmt(3) star) se(par fmt(3))) ///
>     star(* 0.10 ** 0.05 *** 0.01) ///
>     keep(1.downup_ac_pop 1.downup_ac_pop#1.rice_prod_aclvl_ahigh ) ///
>     order(1.downup_ac_pop 1.downup_ac_pop#1.rice_prod_aclvl_ahigh) ///
>     varlabels(1.downup_ac_pop "Down \$>\$ Up (Pop)" 1.downup_ac_pop#1.rice_pr
> od_aclvl_ahigh "Down \$>\$ Up (Pop) \$\times\$ Rice Production" ) ///
>     stats(N acq monthyearfe acfe acmonthfe gridfe ymean_clean ymean2_clean, /
> //
>           fmt(%12.0fc %12.0fc %s %s %s %s %s %s) ///
>           labels("Observations" "N Assembly Constituencies" ///
>                  "Month-Year FE" "AC FE" "AC \$\times\$ Month-Year FE" ///
>                  "Grid FE" "Mean DV" "ymean2\_clean")) ///
>     nomtitles nonumbers ///
>     collabels(none) ///
>     nobaselevels ///
>     prehead("{" ///
>             "\def\sym#1{\ifmmode^{#1}\else\(^{#1}\)\fi}" ///
>             "\begin{tabular}{l*{4}{c}}" ///
>             "\hline" ///
>             "            &\multicolumn{1}{c}{(1)}         &\multicolumn{1}{c}
> {(2)}         &\multicolumn{1}{c}{(3)}         &\multicolumn{1}{c}{(4)}      
>    \\" ///
>             "            & \multicolumn{4}{c}{Number of Fires (in 1,000 units
> )} \\ \hline") ///
>     posthead("") ///
>     postfoot("\hline" "\end{tabular}" "}")
(output written to C:/Users/eunic/OneDrive/Documents/GitHub/proj_bureaucrats_fa
> rms/code/_stacked_downup_replication/../../tables/_app_20_did_downwind_hm_rur
> al_acpop.tex)
. 
. display "Generated: _app_20_did_downwind_hm_rural_acpop.tex"
Generated: _app_20_did_downwind_hm_rural_acpop.tex
. }

. 
. *****************************************************************************
> ***
. * Side-by-side comparison document
. * Writes ${tables}/_comparison_downup_ac_vs_acpop.tex
. * Each section \input's the original (_rural.tex) and the new (_rural_acpop.t
> ex)
. * so the two can be eyeballed in a single PDF.
. *****************************************************************************
> ***
. 
. if "$production_only" != "1" {
. 
. tempname cmp
. file open `cmp' using "${tables}/_comparison_downup_ac_vs_acpop${sample}${ste
> r_suffix}.tex", write replace
. 
. file write `cmp' "\documentclass[10pt]{article}" _n
. file write `cmp' "\usepackage[margin=0.6in]{geometry}" _n
. file write `cmp' "\usepackage{booktabs}" _n
. file write `cmp' "\usepackage{array}" _n
. file write `cmp' "\usepackage{multirow}" _n
. file write `cmp' "\usepackage{xcolor}" _n
. file write `cmp' "\usepackage{colortbl}" _n
. file write `cmp' "\usepackage{tabularx}" _n
. file write `cmp' "\usepackage{graphicx}" _n
. file write `cmp' "\usepackage{adjustbox}" _n
. file write `cmp' "\usepackage{amsmath}" _n
. file write `cmp' "\usepackage{amssymb}" _n
. file write `cmp' "\usepackage{titlesec}" _n
. file write `cmp' "\providecommand{\sym}[1]{\ifmmode^{#1}\else\(^{#1}\)\fi}" _
> n
. file write `cmp' "\titleformat{\section}{\normalfont\Large\bfseries\color{blu
> e!60!black}}{\thesection}{1em}{}" _n
. file write `cmp' "\newcommand{\OLD}[1]{\begin{center}\colorbox{red!8}{\parbox
> {0.97\linewidth}{\textbf{\textcolor{red!60!black}{ORIGINAL (downup\_ac):}}\pa
> r\vspace{0.4em}\centering\begin{adjustbox}{max width=\linewidth}#1\end{adjust
> box}}}\end{center}}" _n
. file write `cmp' "\newcommand{\NEW}[1]{\begin{center}\colorbox{green!8}{\parb
> ox{0.97\linewidth}{\textbf{\textcolor{green!50!black}{NEW (downup\_ac\_pop):}
> }\par\vspace{0.4em}\centering\begin{adjustbox}{max width=\linewidth}#1\end{ad
> justbox}}}\end{center}}" _n
. file write `cmp' "\begin{document}" _n
. file write `cmp' "\begin{center}{\Huge\bfseries Rural Replication Comparison}
> \\[0.4em]" _n
. file write `cmp' "{\large Treatment: \texttt{downup\_ac} vs \texttt{downup\_a
> c\_pop}}\\[0.4em]" _n
. file write `cmp' "{\normalsize Generated \today}\end{center}" _n
. file write `cmp' "\vspace{1em}" _n
. file write `cmp' "\noindent Each section shows the original specification (re
> d, treatment = \texttt{downup\_ac}) above the new specification (green, treat
> ment = \texttt{downup\_ac\_pop}). Both tex files are produced by the \texttt{
> \_generate\_all\_tables} dofiles in \texttt{code/\_replication\_rural} and \t
> exttt{code/\_replication\_rural\_acpop}.\par" _n
. file write `cmp' "\newpage" _n
. 
. * Emit a comparison section: title (already TeX-escaped), old tex stem, new t
> ex stem
. capture program drop _cmpsection
. program define _cmpsection
  1.     args fh title old new
  2.     file write `fh' "\section{`title'}" _n
  3.     file write `fh' "\noindent\textbf{Original file:} \texttt{`old'}\par" 
> _n
  4.     file write `fh' "\OLD{\IfFileExists{`old'}{\input{`old'}}{\textit{(mis
> sing: `old')}}}" _n
  5.     file write `fh' "\vspace{0.4em}" _n
  6.     file write `fh' "\noindent\textbf{New file:} \texttt{`new'}\par" _n
  7.     file write `fh' "\NEW{\IfFileExists{`new'}{\input{`new'}}{\textit{(mis
> sing: `new')}}}" _n
  8.     file write `fh' "\clearpage" _n
  9. end
. 
. _cmpsection `cmp' "Main DiD (\_main\_1\_did)" ///
>     "main_did_downup_area_ac${sample}_rural${ster_suffix}.tex" ///
>     "main_did_downup_ac${sample}_rural_acpop${ster_suffix}.tex"
. 
. _cmpsection `cmp' "Bureaucrat $\times$ Politician DiD (\_main\_3\_bureau\_pol
> isc\_did)" ///
>     "_main_3_bureau_polisc_did${sample}_rural${ster_suffix}.tex" ///
>     "_main_3_bureau_polisc_did${sample}_rural_acpop${ster_suffix}.tex"
. 
. _cmpsection `cmp' "Protest DiD with Down$>$Up (\_main\_4\_protest\_5km\_fe12\
> _did\_downup)" ///
>     "_main_4_protest_5km_fe12_did_downup${sample}_rural${ster_suffix}.tex" //
> /
>     "_main_4_protest_5km_fe12_did_downup${sample}_rural_acpop_new${ster_suffi
> x}.tex"
. 
. _cmpsection `cmp' "Politician Char DiD with Down$>$Up (\_main\_5\_polischar\_
> fe12\_did\_downup\_inter)" ///
>     "_main_5_polischar_fe12_did_downup_inter${sample}_rural${ster_suffix}.tex
> " ///
>     "_main_5_polischar_fe12_did_downup_inter${sample}_rural_acpop${ster_suffi
> x}.tex"
. 
. _cmpsection `cmp' "Alternative DVs (\_app\_7\_main\_did\_downup\_area\_ac\_dv
> )" ///
>     "_app_7_main_did_downup_area_ac_dv${sample}_rural${ster_suffix}.tex" ///
>     "_app_7_main_did_downup_area_ac_dv${sample}_rural_acpop${ster_suffix}.tex
> "
. 
. _cmpsection `cmp' "DiD by Year (\_app\_8\_main\_did\_by\_year)" ///
>     "_app_8_main_did_by_year${sample}_rural${ster_suffix}.tex" ///
>     "_app_8_main_did_by_year${sample}_rural_acpop${ster_suffix}.tex"
. 
. _cmpsection `cmp' "DiD by State (\_app\_9\_main\_did\_by\_state)" ///
>     "_app_9_main_did_by_state${sample}_rural${ster_suffix}.tex" ///
>     "_app_9_main_did_by_state${sample}_rural_acpop${ster_suffix}.tex"
. 
. _cmpsection `cmp' "Rice Moderators (\_app\_10\_did\_rice\_moderators)" ///
>     "_app_10_did_rice_moderators${sample}_rural${ster_suffix}.tex" ///
>     "_app_10_did_rice_moderators${sample}_rural_acpop${ster_suffix}.tex"
. 
. _cmpsection `cmp' "Politician Rice Mods (\_app\_14\_polischar\_fe12\_did\_ric
> emods)" ///
>     "_app_14_polischar_fe12_did_ricemods${sample}_rural${ster_suffix}.tex" //
> /
>     "_app_14_polischar_fe12_did_ricemods${sample}_rural_acpop${ster_suffix}.t
> ex"
. 
. _cmpsection `cmp' "Politician FE DiD (\_app\_15\_polischar\_fe12\_did)" ///
>     "_app_15_polischar_fe12_did${sample}_rural${ster_suffix}.tex" ///
>     "_app_15_polischar_fe12_did${sample}_rural_acpop${ster_suffix}.tex"
. 
. _cmpsection `cmp' "Downwind Heterogeneity (\_app\_20\_did\_downwind\_hm)" ///
>     "_app_20_did_downwind_hm${sample}_rural${ster_suffix}.tex" ///
>     "_app_20_did_downwind_hm${sample}_rural_acpop${ster_suffix}.tex"
. 
. file write `cmp' "\end{document}" _n
. file close `cmp'
. 
. display "Comparison document: ${tables}/_comparison_downup_ac_vs_acpop${sampl
> e}.tex"
Comparison document: C:/Users/eunic/OneDrive/Documents/GitHub/proj_bureaucrats_
> farms/code/_stacked_downup_replication/../../tables/_comparison_downup_ac_vs_
> acpop.tex
. display "Compile with: pdflatex ${tables}/_comparison_downup_ac_vs_acpop${sam
> ple}.tex"
Compile with: pdflatex C:/Users/eunic/OneDrive/Documents/GitHub/proj_bureaucrat
> s_farms/code/_stacked_downup_replication/../../tables/_comparison_downup_ac_v
> s_acpop.tex
. }

. 
. *****************************************************************************
> ***
. if "$production_only" == "1" {
.     display as result "Production table pass completed."
. }

. else {
.     display "Table pass completed. Missing optional .ster files or model name
> s were reported above; available tables were generated."
Table pass completed. Missing optional .ster files or model names were reported
>  above; available tables were generated.
. }

. *****************************************************************************
> ***
. 
end of do-file
