
  ___  ____  ____  ____  ____ ®
 /__    /   ____/   /   ____/      18.0
___/   /   /___/   /   /___/       MP—Parallel Edition

 Statistics and Data Science       Copyright 1985-2023 StataCorp LLC
                                   StataCorp
                                   4905 Lakeway Drive
                                   College Station, Texas 77845 USA
                                   800-STATA-PC        https://www.stata.com
                                   979-696-4600        stata@stata.com

Stata license: Single-user 4-core  perpetual
Serial number: 501806366048
  Licensed to: Any Name
               Any Name

Notes:
      1. Stata is running in batch mode.
      2. Unicode is supported; see help unicode_advice.
      3. More than 2 billion observations are allowed; see help obs_advice.
      4. Maximum number of variables is set to 5,000 but can be increased;
          see help set_maxvar.

. do C:\Users\eunic\OneDrive\Documents\GitHub\proj_bureaucrats_farms\code\_stac
> ked_downup_replication\_generate_interaction_plots.do 

. *****************************************************************************
> ***
. * Generate every interaction figure from independently produced .ster files
. *****************************************************************************
> ***
. 
. version 17

. set more off

. set graphics off

. 
. if "$root" == "" {
.     clear all
.     global location     "dbox"
.     global sample       ""
.     global is_rural_var "is_rural"
.     global fe_list      "1"
.     global ster_suffix  ""
.     global shell "/groups/sgulzar/sa_fires/proj_bureaucrats_farms"
.     global dbox  "C:/Users/eunic/Dropbox/sa_fires/proj_bureaucrats_farms"
.     global code_shell "/users/aquisper/proj_bureaucrats_farms/code/_stacked_d
> ownup_replication"
.     global code_dbox "C:/Users/eunic/OneDrive/Documents/GitHub/proj_bureaucra
> ts_farms/code/_stacked_downup_replication"
.     if "$location" == "dbox" {
.         global root "$dbox"
.         global code "$code_dbox"
.     }
.     else {
.         global root "$shell"
.         global code "$code_shell"
.     }
. }

. 
. global tables  "${code}/../../tables"

. global figures "${code}/../../figures"

. capture mkdir "${figures}/Interaction_downwind"

. quietly do "${code}/interaction_graph.ado"

. 
. * Population-weighted figures actively referenced by main.tex.
. est clear

. interaction_graph using ///
>     "${tables}/_app_18_protest_5km_fe12_did_downup_plot${sample}_rural_acpop$
> {ster_suffix}.ster", ///
>     estimates(1) ///
>     output("${figures}/_app_18_protest_5km_fe12_did_downup_plot_rural_acpop${
> sample}${ster_suffix}") ///
>     type(protest) modvar(downup_ac_pop)

-------------------------------------------------------------------------------
             |           Dependent  Number of        
        Name | Command    variable     param.  Title 
-------------+-----------------------------------------------------------------
      evreg1 | reghdfejl    countk          9  HDFE linear regression with
             |                                 Julia
-------------------------------------------------------------------------------
(results evreg1 are active now)

INTERACTION AUDIT (CONTROL-PRE STANDARDIZED): protest, estimate evreg1, moderat
> or downup_ac_pop
Control pre  : b =     0.000000   95% CI [    0.000000,     0.000000]   90% CI 
> [    0.000000,     0.000000]
Control post : b =    -1.608441   95% CI [   -6.603688,     3.386805]   90% CI 
> [   -5.799864,     2.582981]
Treated post : b =    83.499519   95% CI [    5.228715,   161.770322]   90% CI 
> [   17.823880,   149.175157]
Difference   : b =    85.107960   SE =    40.460604   95% CI [    5.748524,   1
> 64.467395]   90% CI [   18.518869,   151.697050]   p =  0.035575
file
    C:/Users/eunic/OneDrive/Documents/GitHub/proj_bureaucrats_farms/code/_sta
    > cked_downup_replication/../../figures/_app_18_protest_5km_fe12_did_down
    > up_plot_rural_acpop_1.png saved as PNG format
Exported: C:/Users/eunic/OneDrive/Documents/GitHub/proj_bureaucrats_farms/code/
> _stacked_downup_replication/../../figures/_app_18_protest_5km_fe12_did_downup
> _plot_rural_acpop_1.png

. copy "${figures}/_app_18_protest_5km_fe12_did_downup_plot_rural_acpop${sample
> }${ster_suffix}_1.png" ///
>      "${figures}/_app_18_protest_5km_fe12_did_downup_plot_rural_acpop${sample
> }${ster_suffix}.png", replace

. 
. est clear

. interaction_graph using ///
>     "${tables}/_app_19_polischar_fe12_did_downup_inter_plot${sample}_rural_ac
> pop${ster_suffix}.ster", ///
>     estimates(1) ///
>     output("${figures}/_app_19_polischar_fe12_did_downup_inter_plot_rural_acp
> op${sample}${ster_suffix}") ///
>     type(politician) modvar(downup_ac_pop)

-------------------------------------------------------------------------------
             |           Dependent  Number of        
        Name | Command    variable     param.  Title 
-------------+-----------------------------------------------------------------
      evreg1 | reghdfejl    countk          9  HDFE linear regression with
             |                                 Julia
-------------------------------------------------------------------------------
(results evreg1 are active now)

INTERACTION AUDIT (CONTROL-PRE STANDARDIZED): politician, estimate evreg1, mode
> rator downup_ac_pop
Control pre  : b =     0.000000   95% CI [    0.000000,     0.000000]   90% CI 
> [    0.000000,     0.000000]
Control post : b =    -0.839596   95% CI [  -11.805121,    10.125929]   90% CI 
> [  -10.040957,     8.361765]
Treated post : b =    10.083680   95% CI [   -7.721682,    27.889042]   90% CI 
> [   -4.857106,    25.024467]
Difference   : b =    10.923277   SE =     6.657825   95% CI [   -2.133060,    
> 23.979613]   90% CI [   -0.032521,    21.879074]   p =  0.101011
file
    C:/Users/eunic/OneDrive/Documents/GitHub/proj_bureaucrats_farms/code/_sta
    > cked_downup_replication/../../figures/_app_19_polischar_fe12_did_downup
    > _inter_plot_rural_acpop_1.png saved as PNG format
Exported: C:/Users/eunic/OneDrive/Documents/GitHub/proj_bureaucrats_farms/code/
> _stacked_downup_replication/../../figures/_app_19_polischar_fe12_did_downup_i
> nter_plot_rural_acpop_1.png

. copy "${figures}/_app_19_polischar_fe12_did_downup_inter_plot_rural_acpop${sa
> mple}${ster_suffix}_1.png" ///
>      "${figures}/_app_19_polischar_fe12_did_downup_inter_plot_rural_acpop${sa
> mple}${ster_suffix}.png", replace

. 
. * Area-weighted counterparts retained under their historical names.
. est clear

. interaction_graph using ///
>     "${tables}/_app_18_protest_5km_fe12_did_downup_plot${sample}_rural${ster_
> suffix}.ster", ///
>     estimates(1) ///
>     output("${figures}/Interaction_downwind/_app_downup_rel_protest${sample}$
> {ster_suffix}") ///
>     type(protest) modvar(downup_ac)

-------------------------------------------------------------------------------
             |           Dependent  Number of        
        Name | Command    variable     param.  Title 
-------------+-----------------------------------------------------------------
      evreg1 | reghdfejl    countk          9  HDFE linear regression with
             |                                 Julia
-------------------------------------------------------------------------------
(results evreg1 are active now)

INTERACTION AUDIT (CONTROL-PRE STANDARDIZED): protest, estimate evreg1, moderat
> or downup_ac
Control pre  : b =     0.000000   95% CI [    0.000000,     0.000000]   90% CI 
> [    0.000000,     0.000000]
Control post : b =    -1.285161   95% CI [   -6.272143,     3.701822]   90% CI 
> [   -5.469649,     2.899328]
Treated post : b =    80.531854   95% CI [    4.421219,   156.642489]   90% CI 
> [   16.668774,   144.394934]
Difference   : b =    81.817015   SE =    39.334895   95% CI [    4.665546,   1
> 58.968483]   90% CI [   17.080590,   146.553439]   p =  0.037678
file
    C:/Users/eunic/OneDrive/Documents/GitHub/proj_bureaucrats_farms/code/_sta
    > cked_downup_replication/../../figures/Interaction_downwind/_app_downup_
    > rel_protest_1.png saved as PNG format
Exported: C:/Users/eunic/OneDrive/Documents/GitHub/proj_bureaucrats_farms/code/
> _stacked_downup_replication/../../figures/Interaction_downwind/_app_downup_re
> l_protest_1.png

. copy "${figures}/Interaction_downwind/_app_downup_rel_protest${sample}${ster_
> suffix}_1.png" ///
>      "${figures}/Interaction_downwind/_app_downup_rel_protest${sample}${ster_
> suffix}.png", replace

. 
. est clear

. interaction_graph using ///
>     "${tables}/_app_19_polischar_fe12_did_downup_inter_plot${sample}_rural${s
> ter_suffix}.ster", ///
>     estimates(1) ///
>     output("${figures}/Interaction_downwind/_app_downup_rel_polischar${sample
> }${ster_suffix}") ///
>     type(politician) modvar(downup_ac)

-------------------------------------------------------------------------------
             |           Dependent  Number of        
        Name | Command    variable     param.  Title 
-------------+-----------------------------------------------------------------
      evreg1 | reghdfejl    countk          9  HDFE linear regression with
             |                                 Julia
-------------------------------------------------------------------------------
(results evreg1 are active now)

INTERACTION AUDIT (CONTROL-PRE STANDARDIZED): politician, estimate evreg1, mode
> rator downup_ac
Control pre  : b =     0.000000   95% CI [    0.000000,     0.000000]   90% CI 
> [    0.000000,     0.000000]
Control post : b =    -1.589622   95% CI [  -11.493605,     8.314362]   90% CI 
> [   -9.900225,     6.720982]
Treated post : b =     8.479823   95% CI [   -8.185460,    25.145106]   90% CI 
> [   -5.504304,    22.463949]
Difference   : b =    10.069444   SE =     6.454755   95% CI [   -2.588662,    
> 22.727550]   90% CI [   -0.552191,    20.691079]   p =  0.118904
file
    C:/Users/eunic/OneDrive/Documents/GitHub/proj_bureaucrats_farms/code/_sta
    > cked_downup_replication/../../figures/Interaction_downwind/_app_downup_
    > rel_polischar_1.png saved as PNG format
Exported: C:/Users/eunic/OneDrive/Documents/GitHub/proj_bureaucrats_farms/code/
> _stacked_downup_replication/../../figures/Interaction_downwind/_app_downup_re
> l_polischar_1.png

. copy "${figures}/Interaction_downwind/_app_downup_rel_polischar${sample}${ste
> r_suffix}_1.png" ///
>      "${figures}/Interaction_downwind/_app_downup_rel_polischar${sample}${ste
> r_suffix}.png", replace

. 
. display as result "Generated protest and politician interaction figures in ${
> figures}"
Generated protest and politician interaction figures in C:/Users/eunic/OneDrive
> /Documents/GitHub/proj_bureaucrats_farms/code/_stacked_downup_replication/../
> ../figures

. 
end of do-file
