
  ___  ____  ____  ____  ____ ®
 /__    /   ____/   /   ____/      18.0
___/   /   /___/   /   /___/       MP—Parallel Edition

 Statistics and Data Science       Copyright 1985-2023 StataCorp LLC
                                   StataCorp
                                   4905 Lakeway Drive
                                   College Station, Texas 77845 USA
                                   800-STATA-PC        https://www.stata.com
                                   979-696-4600        stata@stata.com

Stata license: Single-user 4-core  perpetual
Serial number: 501806366048
  Licensed to: Any Name
               Any Name

Notes:
      1. Stata is running in batch mode.
      2. Unicode is supported; see help unicode_advice.
      3. More than 2 billion observations are allowed; see help obs_advice.
      4. Maximum number of variables is set to 5,000 but can be increased;
          see help set_maxvar.

. do C:\Users\eunic\OneDrive\Documents\GitHub\proj_bureaucrats_farms\code\_stac
> ked_downup_replication\_run_local_main_postprocessing.do 

. *****************************************************************************
> ***
. * Environment-driven local post-processing bridge.
. * FARMS_LOCAL_STAGE must be export, tables, or interactions. The launcher run
> s the
. * export first, then runs tables and interaction figures in parallel with the
. * four R event-study/HonestDiD processes.
. *****************************************************************************
> ***
. 
. version 17

. clear all

. set more off

. 
. local repo        : environment FARMS_LOCAL_REPO

. local data_root   : environment FARMS_LOCAL_DATA_ROOT

. local sample      : environment FARMS_LOCAL_SAMPLE

. local suffix      : environment FARMS_LOCAL_SUFFIX

. local stage       : environment FARMS_LOCAL_STAGE

. 
. if "`repo'" == "" {
.     display as error "FARMS_LOCAL_REPO is required."
.     exit 198
. }

. if "`data_root'" == "" local data_root "`repo'"

. if "`sample'" == "none" local sample ""

. if "`suffix'" == "none" local suffix ""

. if !inlist("`stage'", "export", "tables", "interactions") {
.     display as error "FARMS_LOCAL_STAGE must be export, tables, or interactio
> ns."
.     exit 198
. }

. 
. global location "dbox"

. global root "`data_root'"

. global repo "`repo'"

. global code "${repo}/code/_stacked_downup_replication"

. global tables "${repo}/tables"

. global figures "${repo}/figures"

. global sample "`sample'"

. global ster_suffix "`suffix'"

. global is_rural_var "is_rural"

. global fe_list "1"

. global production_only "1"

. 
. capture mkdir "${tables}"

. capture mkdir "${figures}"

. capture mkdir "${code}/logs"

. adopath ++ "${code}"
  [1]              "C:/Users/eunic/OneDrive/Documents/GitHub/proj_bureaucrats_f
> arms/code/_stacked_downup_replication"
  [2]  (BASE)      "C:\Program Files\Stata18\ado\base/"
  [3]  (SITE)      "C:\Program Files\Stata18\ado\site/"
  [4]              "."
  [5]  (PERSONAL)  "C:\Users\eunic\ado\personal/"
  [6]  (PLUS)      "C:\Users\eunic\ado\plus/"
  [7]  (OLDPLACE)  "c:\ado/"

. 
. capture log close _all

. log using "${code}/logs/local_main_`stage'${sample}${ster_suffix}.stata.log",
>  ///
>     replace text name(mainpost)
-------------------------------------------------------------------------------
      name:  mainpost
       log:  C:/Users/eunic/OneDrive/Documents/GitHub/proj_bureaucrats_farms/co
> de/_stacked_downup_replication/logs/local_main_interactions.stata.log
  log type:  text
 opened on:  27 Aug 2026, 12:18:02

. 
. display as text "Local stage: `stage'"
Local stage: interactions

. display as text "Sample suffix: ${sample}"
Sample suffix: 

. display as text "Output suffix: ${ster_suffix}"
Output suffix: 

. 
. if "`stage'" == "export" {
.     do "${code}/_export_event_study_csv.do"
. }

. else if "`stage'" == "tables" {
.     do "${code}/_generate_all_tables.do"
.     do "${code}/_generate_interaction_plots.do"
. }

. else {
.     do "${code}/_generate_interaction_plots.do"

. *****************************************************************************
> ***
. * Generate every interaction figure from independently produced .ster files
. *****************************************************************************
> ***
. 
. version 17

. set more off

. set graphics off

. 
. if "$root" == "" {
.     clear all
.     global location     "dbox"
.     global sample       ""
.     global is_rural_var "is_rural"
.     global fe_list      "1"
.     global ster_suffix  ""
.     global shell "/groups/sgulzar/sa_fires/proj_bureaucrats_farms"
.     global dbox  "C:/Users/eunic/Dropbox/sa_fires/proj_bureaucrats_farms"
.     global code_shell "/users/aquisper/proj_bureaucrats_farms/code/_stacked_d
> ownup_replication"
.     global code_dbox "C:/Users/eunic/OneDrive/Documents/GitHub/proj_bureaucra
> ts_farms/code/_stacked_downup_replication"
.     if "$location" == "dbox" {
.         global root "$dbox"
.         global code "$code_dbox"
.     }
.     else {
.         global root "$shell"
.         global code "$code_shell"
.     }
. }

. 
. * Direct local runs generate only the two production population-weighted
. * figures. Set production_only=0 explicitly to request historical area plots.
. if "$production_only" == "" global production_only "1"

. 
. global tables  "${code}/../../tables"

. global figures "${code}/../../figures"

. capture mkdir "${figures}/Interaction_downwind"

. quietly do "${code}/interaction_graph.ado"

. 
. * Population-weighted figures actively referenced by main.tex.
. est clear

. interaction_graph using ///
>     "${tables}/_app_18_protest_5km_fe12_did_downup_plot${sample}_rural_acpop$
> {ster_suffix}.ster", ///
>     estimates(1) ///
>     output("${figures}/_app_18_protest_5km_fe12_did_downup_plot_rural_acpop${
> sample}${ster_suffix}") ///
>     type(protest) modvar(downup_ac_pop)

-------------------------------------------------------------------------------
             |           Dependent  Number of        
        Name | Command    variable     param.  Title 
-------------+-----------------------------------------------------------------
      evreg1 | reghdfejl    countk          9  HDFE linear regression with
             |                                 Julia
-------------------------------------------------------------------------------
(results evreg1 are active now)

INTERACTION AUDIT (CONTROL-PRE STANDARDIZED): protest, estimate evreg1, moderat
> or downup_ac_pop
Control pre  : b =     0.000000   95% CI [    0.000000,     0.000000]   90% CI 
> [    0.000000,     0.000000]
Control post : b =    -1.608441   95% CI [   -6.603688,     3.386805]   90% CI 
> [   -5.799864,     2.582981]
Treated post : b =    83.499519   95% CI [    5.228715,   161.770322]   90% CI 
> [   17.823880,   149.175157]
Difference   : b =    85.107960   SE =    40.460604   95% CI [    5.748524,   1
> 64.467395]   90% CI [   18.518869,   151.697050]   p =  0.035575
(file
    C:/Users/eunic/OneDrive/Documents/GitHub/proj_bureaucrats_farms/code/_sta
    > cked_downup_replication/../../figures/_app_18_protest_5km_fe12_did_down
    > up_plot_rural_acpop_1.png not found)
file
    C:/Users/eunic/OneDrive/Documents/GitHub/proj_bureaucrats_farms/code/_sta
    > cked_downup_replication/../../figures/_app_18_protest_5km_fe12_did_down
    > up_plot_rural_acpop_1.png saved as PNG format
Exported: C:/Users/eunic/OneDrive/Documents/GitHub/proj_bureaucrats_farms/code/
> _stacked_downup_replication/../../figures/_app_18_protest_5km_fe12_did_downup
> _plot_rural_acpop_1.png

. copy "${figures}/_app_18_protest_5km_fe12_did_downup_plot_rural_acpop${sample
> }${ster_suffix}_1.png" ///
>      "${figures}/_app_18_protest_5km_fe12_did_downup_plot_rural_acpop${sample
> }${ster_suffix}.png", replace

. erase "${figures}/_app_18_protest_5km_fe12_did_downup_plot_rural_acpop${sampl
> e}${ster_suffix}_1.png"

. 
. est clear

. interaction_graph using ///
>     "${tables}/_app_19_polischar_fe12_did_downup_inter_plot${sample}_rural_ac
> pop${ster_suffix}.ster", ///
>     estimates(1) ///
>     output("${figures}/_app_19_polischar_fe12_did_downup_inter_plot_rural_acp
> op${sample}${ster_suffix}") ///
>     type(politician) modvar(downup_ac_pop)

-------------------------------------------------------------------------------
             |           Dependent  Number of        
        Name | Command    variable     param.  Title 
-------------+-----------------------------------------------------------------
      evreg1 | reghdfejl    countk          9  HDFE linear regression with
             |                                 Julia
-------------------------------------------------------------------------------
(results evreg1 are active now)

INTERACTION AUDIT (CONTROL-PRE STANDARDIZED): politician, estimate evreg1, mode
> rator downup_ac_pop
Control pre  : b =     0.000000   95% CI [    0.000000,     0.000000]   90% CI 
> [    0.000000,     0.000000]
Control post : b =    -0.907364   95% CI [  -11.943260,    10.128532]   90% CI 
> [  -10.167774,     8.353046]
Treated post : b =    10.192064   95% CI [   -7.689526,    28.073653]   90% CI 
> [   -4.812686,    25.196814]
Difference   : b =    11.099428   SE =     6.681548   95% CI [   -2.003430,    
> 24.202285]   90% CI [    0.104594,    22.094261]   p =  0.096816
(file
    C:/Users/eunic/OneDrive/Documents/GitHub/proj_bureaucrats_farms/code/_sta
    > cked_downup_replication/../../figures/_app_19_polischar_fe12_did_downup
    > _inter_plot_rural_acpop_1.png not found)
file
    C:/Users/eunic/OneDrive/Documents/GitHub/proj_bureaucrats_farms/code/_sta
    > cked_downup_replication/../../figures/_app_19_polischar_fe12_did_downup
    > _inter_plot_rural_acpop_1.png saved as PNG format
Exported: C:/Users/eunic/OneDrive/Documents/GitHub/proj_bureaucrats_farms/code/
> _stacked_downup_replication/../../figures/_app_19_polischar_fe12_did_downup_i
> nter_plot_rural_acpop_1.png

. copy "${figures}/_app_19_polischar_fe12_did_downup_inter_plot_rural_acpop${sa
> mple}${ster_suffix}_1.png" ///
>      "${figures}/_app_19_polischar_fe12_did_downup_inter_plot_rural_acpop${sa
> mple}${ster_suffix}.png", replace

. erase "${figures}/_app_19_polischar_fe12_did_downup_inter_plot_rural_acpop${s
> ample}${ster_suffix}_1.png"

. 
. * Area-weighted historical figures are excluded from the production pass.
. if "$production_only" != "1" {
.     est clear
.     interaction_graph using ///
>         "${tables}/_app_18_protest_5km_fe12_did_downup_plot${sample}_rural${s
> ter_suffix}.ster", ///
>         estimates(1) ///
>         output("${figures}/Interaction_downwind/_app_downup_rel_protest${samp
> le}${ster_suffix}") ///
>         type(protest) modvar(downup_ac)
.     copy "${figures}/Interaction_downwind/_app_downup_rel_protest${sample}${s
> ter_suffix}_1.png" ///
>          "${figures}/Interaction_downwind/_app_downup_rel_protest${sample}${s
> ter_suffix}.png", replace
. 
.     est clear
.     interaction_graph using ///
>         "${tables}/_app_19_polischar_fe12_did_downup_inter_plot${sample}_rura
> l${ster_suffix}.ster", ///
>         estimates(1) ///
>         output("${figures}/Interaction_downwind/_app_downup_rel_polischar${sa
> mple}${ster_suffix}") ///
>         type(politician) modvar(downup_ac)
.     copy "${figures}/Interaction_downwind/_app_downup_rel_polischar${sample}$
> {ster_suffix}_1.png" ///
>          "${figures}/Interaction_downwind/_app_downup_rel_polischar${sample}$
> {ster_suffix}.png", replace
. }

. 
. display as result "Generated protest and politician interaction figures in ${
> figures}"
Generated protest and politician interaction figures in C:/Users/eunic/OneDrive
> /Documents/GitHub/proj_bureaucrats_farms/code/_stacked_downup_replication/../
> ../figures

. 
end of do-file
. }

. 
. display as result "LOCAL MAIN POST-PROCESSING STAGE COMPLETED: `stage'"
LOCAL MAIN POST-PROCESSING STAGE COMPLETED: interactions

. log close mainpost
      name:  mainpost
       log:  C:/Users/eunic/OneDrive/Documents/GitHub/proj_bureaucrats_farms/co
> de/_stacked_downup_replication/logs/local_main_interactions.stata.log
  log type:  text
 closed on:  27 Aug 2026, 12:18:29
-------------------------------------------------------------------------------

. 
end of do-file
