
  ___  ____  ____  ____  ____ ®
 /__    /   ____/   /   ____/      StataNow 19.5
___/   /   /___/   /   /___/       MP—Parallel Edition

 Statistics and Data Science       Copyright 1985-2025 StataCorp LLC
                                   StataCorp
                                   4905 Lakeway Drive
                                   College Station, Texas 77845 USA
                                   800-782-8272        https://www.stata.com
                                   979-696-4600        service@stata.com

Stata license: 4-user 16-core network, expiring 14 Sep 2026
Serial number: 501909301589
  Licensed to: University of Notre Dame
               Notre Dame, IN 46556

Notes:
      1. Stata is running in batch mode.
      2. Unicode is supported; see help unicode_advice.
      3. More than 2 billion observations are allowed; see help obs_advice.
      4. Maximum number of variables is set to 5,000 but can be increased;
          see help set_maxvar.

. do /users/aquisper/proj_bureaucrats_farms/code/_stacked_downup_replication/sb
> atch/_run_dofile.do 

. *****************************************************************************
> ***
. * Environment bridge: one invocation runs exactly one result-generating dofil
> e.
. *****************************************************************************
> ***
. 
. version 17

. set more off

. 
. local dofile        : environment FARMS_DOFILE

. local root          : environment FARMS_ROOT

. local code          : environment FARMS_CODE

. local location      : environment FARMS_LOCATION

. local sample        : environment FARMS_SAMPLE

. local is_rural_var  : environment FARMS_RURAL_VAR

. local fe_list       : environment FARMS_FE_LIST

. local ster_suffix   : environment FARMS_STER_SUFFIX

. local downup_var    : environment FARMS_DOWNUP_VAR

. local stacked_file  : environment FARMS_STACKED_FILE

. local did_output    : environment FARMS_DID_OUTPUT

. local control_samples : environment FARMS_CONTROL_SAMPLES

. local analysis_subsample : environment FARMS_ANALYSIS_SUBSAMPLE

. local processors    : environment FARMS_CPUS

. 
. if "`processors'" == "" local processors "1"

. set processors `processors'
    The maximum number of processors or cores being used is changed from 16
    to 1.  It can be set to any number between 1 and 16

. 
. if "`dofile'" == "" {
.     display as error "FARMS_DOFILE is empty; use sbatch/run_dofile.sbatch."
.     exit 198
. }

. if "`root'" == "" {
.     display as error "FARMS_ROOT is empty; use sbatch/run_dofile.sbatch."
.     exit 198
. }

. if "`code'" == "" {
.     display as error "FARMS_CODE is empty; use sbatch/run_dofile.sbatch."
.     exit 198
. }

. 
. if "`sample'" == "none" local sample ""

. if "`ster_suffix'" == "none" local ster_suffix ""

. if "`downup_var'" == "none" local downup_var ""

. if "`stacked_file'" == "none" local stacked_file ""

. if "`did_output'" == "none" local did_output ""

. if "`control_samples'" == "all" local control_samples ""

. if "`analysis_subsample'" == "all" local analysis_subsample ""

. 
. global root          "`root'"

. global code          "`code'"

. global location      "`location'"

. global sample        "`sample'"

. global is_rural_var  "`is_rural_var'"

. global fe_list       "`fe_list'"

. global ster_suffix   "`ster_suffix'"

. global downup_var    "`downup_var'"

. global stacked_file  "`stacked_file'"

. global did_output    "`did_output'"

. global control_samples "`control_samples'"

. global analysis_subsample "`analysis_subsample'"

. 
. global int_data    "${root}/data_output/intermediate"

. global int_farms   "${int_data}"

. global tables      "${code}/../../tables"

. global table_farms "${tables}"

. global figures     "${code}/../../figures"

. global figure_farms "${figures}"

. 
. capture mkdir "${tables}"

. capture mkdir "${figures}"

. capture mkdir "${code}/logs"

. 
. adopath ++ "${code}"
  [1]              "/users/aquisper/proj_bureaucrats_farms/code/_stacked_downup
> _replication"
  [2]  (BASE)      "/software/s/stata/19.5/ado/base/"
  [3]  (SITE)      "/software/s/stata/ado/"
  [4]              "."
  [5]  (PERSONAL)  "~/ado/personal/"
  [6]  (PLUS)      "~/ado/plus/"
  [7]  (OLDPLACE)  "~/ado/"

. capture noisily do "${code}/estsave_csv.ado"

. *! estsave_csv v1.2 - Export stored estimates and covariance matrices to CSV
. program define estsave_csv
  1.     version 14.0
  2.     syntax namelist using/, [replace append]
  3. 
.     local outfile `"`using'"'
  4.     tempfile coef_all coef_cur scalar_all scalar_cur
  5.     local first = 1
  6. 
.     foreach est of local namelist {
  7.         quietly estimates restore `est'
  8.         matrix b = e(b)
  9.         matrix V = e(V)
 10.         local k = colsof(b)
 11.         local cnames : colfullnames b
 12. 
.         preserve
 13.         clear
 14.         quietly set obs `k'
 15.         gen strL reg = "`est'"
 16.         gen strL var = ""
 17.         gen double beta = .
 18.         capture local ymean_val `"`e(ymean)'"'
 19.         if !_rc & `"`ymean_val'"' != "" gen strL ymean = `"`ymean_val'"'
 20.         else gen strL ymean = ""
 21. 
.         forvalues j = 1/`k' {
 22.             local nm : word `j' of `cnames'
 23.             quietly replace var = "`nm'" in `j'
 24.             quietly replace beta = b[1, `j'] in `j'
 25.             gen double cov`j' = .
 26.         }
 27.         forvalues i = 1/`k' {
 28.             forvalues j = 1/`k' {
 29.                 quietly replace cov`j' = V[`i', `j'] in `i'
 30.             }
 31.         }
 32.         quietly save `coef_cur', replace
 33.         if `first' quietly save `coef_all', replace
 34.         else {
 35.             quietly use `coef_all', clear
 36.             quietly append using `coef_cur'
 37.             quietly save `coef_all', replace
 38.         }
 39.         restore
 40. 
.         preserve
 41.         clear
 42.         quietly set obs 1
 43.         gen strL reg = "`est'"
 44.         local escalars : e(scalars)
 45.         foreach sc of local escalars {
 46.             local scval = e(`sc')
 47.             local safe = subinstr("`sc'", "-", "_", .)
 48.             capture gen double `safe' = `scval'
 49.             if _rc capture gen double sc_`safe' = `scval'
 50.         }
 51.         local emacros : e(macros)
 52.         foreach mc of local emacros {
 53.             capture local mcval `"`e(`mc')'"'
 54.             if !_rc & `"`mcval'"' != "" {
 55.                 if strlen(`"`mcval'"') > 244 local mcval = substr(`"`mcval
> '"', 1, 244)
 56.                 local safe = subinstr("`mc'", "-", "_", .)
 57.                 capture gen strL `safe' = `"`mcval'"'
 58.                 if _rc capture gen strL mc_`safe' = `"`mcval'"'
 59.             }
 60.         }
 61.         quietly save `scalar_cur', replace
 62.         if `first' {
 63.             quietly save `scalar_all', replace
 64.             local first = 0
 65.         }
 66.         else {
 67.             quietly use `scalar_all', clear
 68.             quietly append using `scalar_cur'
 69.             quietly save `scalar_all', replace
 70.         }
 71.         restore
 72.     }
 73. 
.     local basefile = subinstr(`"`outfile'"', ".csv", "", .)
 74.     quietly use `coef_all', clear
 75.     order reg var beta ymean
 76.     quietly export delimited using "`basefile'.csv", `replace' `append'
 77.     quietly use `scalar_all', clear
 78.     quietly export delimited using "`basefile'_scalars.csv", `replace' `ap
> pend'
 79.     display as result "Estimates exported to `basefile'.csv"
 80. end

. 
. 
end of do-file

. capture noisily do "${code}/estload_csv.ado"

. *! estload_csv v1.0 - Reconstruct estimate objects exported by estsave_csv
. program define estload_csv
  1.     version 14.0
  2.     syntax using/
  3. 
.     local infile `"`using'"'
  4.     local basefile = subinstr(`"`infile'"', ".csv", "", .)
  5.     preserve
  6.     quietly import delimited using "`basefile'.csv", clear varnames(1)
  7.     quietly levelsof reg, local(regs)
  8. 
.     foreach r of local regs {
  9.         preserve
 10.         quietly keep if reg == "`r'"
 11.         local k = _N
 12.         matrix b = J(1, `k', .)
 13.         matrix V = J(`k', `k', .)
 14.         local varnames ""
 15.         forvalues i = 1/`k' {
 16.             local vname = var[`i']
 17.             local varnames `"`varnames' `vname'"'
 18.             matrix b[1, `i'] = beta[`i']
 19.             forvalues j = 1/`k' {
 20.                 matrix V[`i', `j'] = cov`j'[`i']
 21.             }
 22.         }
 23.         matrix colnames b = `varnames'
 24.         matrix rownames V = `varnames'
 25.         matrix colnames V = `varnames'
 26.         restore, preserve
 27.         quietly ereturn post b V
 28.         estimates store `r'
 29.         display as text "Loaded estimate: `r'"
 30.     }
 31.     restore
 32. end

. 
. 
end of do-file

. 
. display "============================================================"
============================================================

. display "Independent dofile job: `dofile'"
Independent dofile job: _app_11_placebo_pop_13km.do

. display "Data root: ${root}"
Data root: /groups/sgulzar/sa_fires/proj_bureaucrats_farms

. display "Tables output: ${tables}"
Tables output: /users/aquisper/proj_bureaucrats_farms/code/_stacked_downup_repl
> ication/../../tables

. display "Figures output: ${figures}"
Figures output: /users/aquisper/proj_bureaucrats_farms/code/_stacked_downup_rep
> lication/../../figures

. display "Code root: ${code}"
Code root: /users/aquisper/proj_bureaucrats_farms/code/_stacked_downup_replicat
> ion

. display "Sample: ${sample}; rural: ${is_rural_var}; FE: ${fe_list}"
Sample: ; rural: is_rural; FE: 1

. display "Suffix: ${ster_suffix}; moderator: ${downup_var}"
Suffix: ; moderator: 

. display "Control samples: ${control_samples}"
Control samples: 

. display "Analysis subsample: ${analysis_subsample}"
Analysis subsample: 

. display "Stata processors: " c(processors)
Stata processors: 1

. display "============================================================"
============================================================

. 
. do "${code}/`dofile'"

. *****************************************************************************
> ***
. * Population placebo within 13 km, using the generated stacked placebo panel
. *****************************************************************************
> ***
. 
. if "$root" == "" {
.     clear all
.     set more off
.     * Standalone defaults for the five sbatch-array parameters.
.     global location     "shell"
.     global sample       ""
.     global is_rural_var "is_rural"
.     global fe_list      "1"
.     global ster_suffix  ""
.     global shell "/groups/sgulzar/sa_fires/proj_bureaucrats_farms"
.     global dbox  "/Users/anzony.quisperojas/Library/CloudStorage/Dropbox/sa_f
> ires/proj_bureaucrats_farms"
.     if "$location" == "dbox" {
.         global root "$dbox"
.     }
.     else {
.         global root "$shell"
.     }
. }

. 
. global int_data "${root}/data_output/intermediate"

. global tables   "${code}/../../tables"

. 
. import delimited using "${int_data}/stacked_downup_13kmpl${sample}.csv", ///
>     clear varnames(1)
(encoding automatically selected: ISO-8859-1)
(21 vars, 90,407,272 obs)

. keep if inrange(relative_monthyear, -5, 6)
(34,139,769 observations deleted)

. display as text "Final event-study sample: relative_monthyear in [-5, 6]"
Final event-study sample: relative_monthyear in [-5, 6]

. 
. rename downup_13kmpl downup_pop_13km

. capture drop countk

. gen countk = count * 1000

. gen relative_year_bin = relative_monthyear

. gen moderator = 0

. 
. merge m:1 unique_small_grid_id using ///
>     "${int_data}/ghs_grid_classification_2000.dta", ///
>     keep(master match) keepusing(is_rural)

    Result                      Number of obs
    -----------------------------------------
    Not matched                             0
    Matched                        56,267,503  (_merge==3)
    -----------------------------------------

. drop _merge

. keep if ${is_rural_var} == 1
(13,077,301 observations deleted)

. keep if year < 2022 | (year == 2022 & month <= 8)
(7,827,772 observations deleted)

. 
. capture confirm numeric variable unique_small_grid_id

. if _rc {
.     encode unique_small_grid_id, gen(grid_id)
. }

. else {
.     gen grid_id = unique_small_grid_id
. }

. 
. capture confirm numeric variable ac_uq_id

. if _rc {
.     encode ac_uq_id, gen(ac_id)
. }

. else {
.     gen ac_id = ac_uq_id
. }

. 
. egen cluster_acmonth = group(ac_id monthyear)

. do "${code}/_apply_analysis_subsample.do"

. *****************************************************************************
> ***
. * Apply the production analysis-subsample selection after the stacked dataset
. * and required native fields are loaded, but before any common-sample model.
. *
. * $analysis_subsample == ""          : retain the complete analysis sample
. * $analysis_subsample == "rice_high" : retain above-median AC rice production
. *****************************************************************************
> ***
. 
. if "$analysis_subsample" == "rice_high" {
.     capture confirm variable rice_prod_aclvl_ahigh
.     if _rc {
.         display as error ///
>             "rice_prod_aclvl_ahigh is missing from the stacked dataset. " ///
>             "Regenerate the stacked inputs from 0_master_dataset."
.         exit 111
.     }
. 
.     assert inlist(rice_prod_aclvl_ahigh, 0, 1)
.     quietly count
.     local subsample_before = r(N)
.     keep if rice_prod_aclvl_ahigh == 1
.     quietly count
.     local subsample_after = r(N)
.     if `subsample_after' == 0 {
.         display as error "The rice-high restriction removed every row."
.         exit 2000
.     }
.     display as result "ANALYSIS SAMPLE: rice_prod_aclvl_ahigh == 1"
.     display as result "Rows retained: `subsample_after' of `subsample_before'
> "
. }

. 
end of do-file

. 
. egen tag_ac = tag(ac_id)

. count if tag_ac == 1
  808

. local numacs = r(N)

. 
. quietly summarize countk if treat == 1 & relative_year_bin <= -1

. local ymean = r(mean)

. quietly summarize countk if treat == 1 & relative_year_bin <= -1 & moderator 
> == 1

. local ymean2 = r(mean)

. 
. local if1 ""

. local if2 "if downup_ac_pop == 1"

. local if3 "if downup_ac_pop == 0"

. local fe1 "grid_id#cohort ac_id#monthyear#cohort"

. 
. est clear

. forvalues i = 1/3 {
  2.     foreach fe of numlist $fe_list {
  3.         if `fe' != 1 {
  4.             display as error "The placebo table defines FE specification 1
>  only."
  5.             exit 198
  6.         }
  7.         reghdfejl countk downup_pop_13km av_wind_speed wind_direction `if`
> i'', ///
>             absorb(`fe`fe'') cluster(grid_id cluster_acmonth)
  8.         estadd scalar ymean = `ymean'
  9.         estadd scalar ymean2 = `ymean2'
 10.         estadd scalar acq = `numacs'
 11.         estadd local smpl "Rural"
 12.         estadd local gridfe "Y"
 13.         estadd local acmonthfe "Y"
 14.         est store eq`i'
 15.     }
 16. }
(dropped 161024 singleton observations)
(MWFE estimator converged in 28 iterations)

HDFE linear regression with Julia                 Number of obs   = 35,201,406
Absorbing 2 HDFE groups                           F(   3,  74913) =       0.91
Statistics cluster-robust                         Prob > F        =     0.4357
                                                  R-squared       =     0.6819
                                                  Adj R-squared   =     0.6173
Number of clusters (grid_id) =      74914         Within R-sq.    =     0.0000
Number of clusters (cluster_acmonth) =      95283 Root MSE        =   651.6949

           (Std. err. adjusted for 74,914 clusters in grid_id cluster_acmonth)
------------------------------------------------------------------------------
             |               Robust
      countk | Coefficient  std. err.      t    P>|t|     [95% conf. interval]
-------------+----------------------------------------------------------------
downup_pop~m |   1.097119   2.747379     0.40   0.690    -4.287731    6.481969
av_wind_sp~d |    19.9535   23.88432     0.84   0.403    -26.85968    66.76667
wind_direc~n |   -.016732      .0125    -1.34   0.181    -.0412319    .0077679
------------------------------------------------------------------------------

added scalar:
              e(ymean) =  90.983413

added scalar:
             e(ymean2) =  .

added scalar:
                e(acq) =  808

added macro:
               e(smpl) : "Rural"

added macro:
             e(gridfe) : "Y"

added macro:
          e(acmonthfe) : "Y"
(dropped 559536 singleton observations)
(MWFE estimator converged in 103 iterations)

HDFE linear regression with Julia                 Number of obs   = 16,492,400
Absorbing 2 HDFE groups                           F(   3,  72603) =       1.39
Statistics cluster-robust                         Prob > F        =     0.2439
                                                  R-squared       =     0.7229
                                                  Adj R-squared   =     0.6404
Number of clusters (grid_id) =      72604         Within R-sq.    =     0.0000
Number of clusters (cluster_acmonth) =      92971 Root MSE        =   659.5819

           (Std. err. adjusted for 72,604 clusters in grid_id cluster_acmonth)
------------------------------------------------------------------------------
             |               Robust
      countk | Coefficient  std. err.      t    P>|t|     [95% conf. interval]
-------------+----------------------------------------------------------------
downup_pop~m |   2.500191   4.074974     0.61   0.540    -5.486744    10.48713
av_wind_sp~d |   76.56161   42.36638     1.81   0.071    -6.476353    159.5996
wind_direc~n |   -.010325   .0186245    -0.55   0.579     -.046829    .0261789
------------------------------------------------------------------------------

added scalar:
              e(ymean) =  90.983413

added scalar:
             e(ymean2) =  .

added scalar:
                e(acq) =  808

added macro:
               e(smpl) : "Rural"

added macro:
             e(gridfe) : "Y"

added macro:
          e(acmonthfe) : "Y"
(dropped 550505 singleton observations)
(MWFE estimator converged in 104 iterations)

HDFE linear regression with Julia                 Number of obs   = 17,759,989
Absorbing 2 HDFE groups                           F(   3,  72035) =       2.52
Statistics cluster-robust                         Prob > F        =     0.0563
                                                  R-squared       =     0.7102
                                                  Adj R-squared   =     0.6258
Number of clusters (grid_id) =      72035         Within R-sq.    =     0.0000
Number of clusters (cluster_acmonth) =      93760 Root MSE        =   622.0231

           (Std. err. adjusted for 72,035 clusters in grid_id cluster_acmonth)
------------------------------------------------------------------------------
             |               Robust
      countk | Coefficient  std. err.      t    P>|t|     [95% conf. interval]
-------------+----------------------------------------------------------------
downup_pop~m |   11.12094    4.70203     2.37   0.018     1.904974     20.3369
av_wind_sp~d |    34.6304   41.00097     0.84   0.398    -45.73137    114.9922
wind_direc~n |  -.0173363   .0180335    -0.96   0.336     -.052682    .0180094
------------------------------------------------------------------------------

added scalar:
              e(ymean) =  90.983413

added scalar:
             e(ymean2) =  .

added scalar:
                e(acq) =  808

added macro:
               e(smpl) : "Rural"

added macro:
             e(gridfe) : "Y"

added macro:
          e(acmonthfe) : "Y"

. 
. estwrite eq* using ///
>     "${tables}/_app_11_placebo_pop_13km${sample}_rural${ster_suffix}.ster", r
> eplace
(saving eq1)
(saving eq2)
(saving eq3)
(file /users/aquisper/proj_bureaucrats_farms/code/_stacked_downup_replication/.
> ./../tables/_app_11_placebo_pop_13km_rural.ster saved)

. 
. *****************************************************************************
> ***
. 
end of do-file

. 
. display as result "COMPLETED: `dofile' at $S_DATE $S_TIME"
COMPLETED: _app_11_placebo_pop_13km.do at 25 Aug 2026 15:03:13

. 
end of do-file
