
  ___  ____  ____  ____  ____ ®
 /__    /   ____/   /   ____/      StataNow 19.5
___/   /   /___/   /   /___/       MP—Parallel Edition

 Statistics and Data Science       Copyright 1985-2025 StataCorp LLC
                                   StataCorp
                                   4905 Lakeway Drive
                                   College Station, Texas 77845 USA
                                   800-782-8272        https://www.stata.com
                                   979-696-4600        service@stata.com

Stata license: 4-user 16-core network, expiring  1 Apr 2027
Serial number: 501909301589
  Licensed to: University of Notre Dame
               Notre Dame, IN

Notes:
      1. Stata is running in batch mode.
      2. Unicode is supported; see help unicode_advice.
      3. More than 2 billion observations are allowed; see help obs_advice.
      4. Maximum number of variables is set to 5,000 but can be increased;
          see help set_maxvar.

. do /users/aquispe/proj_bureaucrats_farms_git/code/_stacked_downup_replication
> /sbatch/_run_dofile.do 

. *****************************************************************************
> ***
. * Environment bridge: one invocation runs exactly one result-generating dofil
> e.
. *****************************************************************************
> ***
. 
. version 17

. set more off

. 
. local dofile        : environment FARMS_DOFILE

. local root          : environment FARMS_ROOT

. local code          : environment FARMS_CODE

. local location      : environment FARMS_LOCATION

. local sample        : environment FARMS_SAMPLE

. local is_rural_var  : environment FARMS_RURAL_VAR

. local fe_list       : environment FARMS_FE_LIST

. local ster_suffix   : environment FARMS_STER_SUFFIX

. local downup_var    : environment FARMS_DOWNUP_VAR

. local stacked_file  : environment FARMS_STACKED_FILE

. local did_output    : environment FARMS_DID_OUTPUT

. local control_samples : environment FARMS_CONTROL_SAMPLES

. local analysis_subsample : environment FARMS_ANALYSIS_SUBSAMPLE

. local processors    : environment FARMS_CPUS

. 
. if "`processors'" == "" local processors "1"

. set processors `processors'
    The maximum number of processors or cores being used is changed from 16
    to 1.  It can be set to any number between 1 and 16

. 
. if "`dofile'" == "" {
.     display as error "FARMS_DOFILE is empty; use sbatch/run_dofile.sbatch."
.     exit 198
. }

. if "`root'" == "" {
.     display as error "FARMS_ROOT is empty; use sbatch/run_dofile.sbatch."
.     exit 198
. }

. if "`code'" == "" {
.     display as error "FARMS_CODE is empty; use sbatch/run_dofile.sbatch."
.     exit 198
. }

. 
. if "`sample'" == "none" local sample ""

. if "`ster_suffix'" == "none" local ster_suffix ""

. if "`downup_var'" == "none" local downup_var ""

. if "`stacked_file'" == "none" local stacked_file ""

. if "`did_output'" == "none" local did_output ""

. if "`control_samples'" == "all" local control_samples ""

. if "`analysis_subsample'" == "all" local analysis_subsample ""

. 
. global root          "`root'"

. global code          "`code'"

. global location      "`location'"

. global sample        "`sample'"

. global is_rural_var  "`is_rural_var'"

. global fe_list       "`fe_list'"

. global ster_suffix   "`ster_suffix'"

. global downup_var    "`downup_var'"

. global stacked_file  "`stacked_file'"

. global did_output    "`did_output'"

. global control_samples "`control_samples'"

. global analysis_subsample "`analysis_subsample'"

. 
. global int_data    "${root}/data_output/intermediate"

. global int_farms   "${int_data}"

. global tables      "${code}/../../tables"

. global table_farms "${tables}"

. global figures     "${code}/../../figures"

. global figure_farms "${figures}"

. 
. capture mkdir "${tables}"

. capture mkdir "${figures}"

. capture mkdir "${code}/logs"

. 
. adopath ++ "${code}"
  [1]              "/users/aquispe/proj_bureaucrats_farms_git/code/_stacked_dow
> nup_replication"
  [2]  (BASE)      "/software/s/stata/19.5-1/ado/base/"
  [3]  (SITE)      "/software/s/stata/ado/"
  [4]              "."
  [5]  (PERSONAL)  "~/ado/personal/"
  [6]  (PLUS)      "~/ado/plus/"
  [7]  (OLDPLACE)  "~/ado/"

. capture noisily do "${code}/estsave_csv.ado"

. *! estsave_csv v1.2 - Export stored estimates and covariance matrices to CSV
. program define estsave_csv
  1.     version 14.0
  2.     syntax namelist using/, [replace append]
  3. 
.     local outfile `"`using'"'
  4.     tempfile coef_all coef_cur scalar_all scalar_cur
  5.     local first = 1
  6. 
.     foreach est of local namelist {
  7.         quietly estimates restore `est'
  8.         matrix b = e(b)
  9.         matrix V = e(V)
 10.         local k = colsof(b)
 11.         local cnames : colfullnames b
 12. 
.         preserve
 13.         clear
 14.         quietly set obs `k'
 15.         gen strL reg = "`est'"
 16.         gen strL var = ""
 17.         gen double beta = .
 18.         capture local ymean_val `"`e(ymean)'"'
 19.         if !_rc & `"`ymean_val'"' != "" gen strL ymean = `"`ymean_val'"'
 20.         else gen strL ymean = ""
 21. 
.         forvalues j = 1/`k' {
 22.             local nm : word `j' of `cnames'
 23.             quietly replace var = "`nm'" in `j'
 24.             quietly replace beta = b[1, `j'] in `j'
 25.             gen double cov`j' = .
 26.         }
 27.         forvalues i = 1/`k' {
 28.             forvalues j = 1/`k' {
 29.                 quietly replace cov`j' = V[`i', `j'] in `i'
 30.             }
 31.         }
 32.         quietly save `coef_cur', replace
 33.         if `first' quietly save `coef_all', replace
 34.         else {
 35.             quietly use `coef_all', clear
 36.             quietly append using `coef_cur'
 37.             quietly save `coef_all', replace
 38.         }
 39.         restore
 40. 
.         preserve
 41.         clear
 42.         quietly set obs 1
 43.         gen strL reg = "`est'"
 44.         local escalars : e(scalars)
 45.         foreach sc of local escalars {
 46.             local scval = e(`sc')
 47.             local safe = subinstr("`sc'", "-", "_", .)
 48.             capture gen double `safe' = `scval'
 49.             if _rc capture gen double sc_`safe' = `scval'
 50.         }
 51.         local emacros : e(macros)
 52.         foreach mc of local emacros {
 53.             capture local mcval `"`e(`mc')'"'
 54.             if !_rc & `"`mcval'"' != "" {
 55.                 if strlen(`"`mcval'"') > 244 local mcval = substr(`"`mcval
> '"', 1, 244)
 56.                 local safe = subinstr("`mc'", "-", "_", .)
 57.                 capture gen strL `safe' = `"`mcval'"'
 58.                 if _rc capture gen strL mc_`safe' = `"`mcval'"'
 59.             }
 60.         }
 61.         quietly save `scalar_cur', replace
 62.         if `first' {
 63.             quietly save `scalar_all', replace
 64.             local first = 0
 65.         }
 66.         else {
 67.             quietly use `scalar_all', clear
 68.             quietly append using `scalar_cur'
 69.             quietly save `scalar_all', replace
 70.         }
 71.         restore
 72.     }
 73. 
.     local basefile = subinstr(`"`outfile'"', ".csv", "", .)
 74.     quietly use `coef_all', clear
 75.     order reg var beta ymean
 76.     quietly export delimited using "`basefile'.csv", `replace' `append'
 77.     quietly use `scalar_all', clear
 78.     quietly export delimited using "`basefile'_scalars.csv", `replace' `ap
> pend'
 79.     display as result "Estimates exported to `basefile'.csv"
 80. end

. 
. 
end of do-file

. capture noisily do "${code}/estload_csv.ado"

. *! estload_csv v1.0 - Reconstruct estimate objects exported by estsave_csv
. program define estload_csv
  1.     version 14.0
  2.     syntax using/
  3. 
.     local infile `"`using'"'
  4.     local basefile = subinstr(`"`infile'"', ".csv", "", .)
  5.     preserve
  6.     quietly import delimited using "`basefile'.csv", clear varnames(1)
  7.     quietly levelsof reg, local(regs)
  8. 
.     foreach r of local regs {
  9.         preserve
 10.         quietly keep if reg == "`r'"
 11.         local k = _N
 12.         matrix b = J(1, `k', .)
 13.         matrix V = J(`k', `k', .)
 14.         local varnames ""
 15.         forvalues i = 1/`k' {
 16.             local vname = var[`i']
 17.             local varnames `"`varnames' `vname'"'
 18.             matrix b[1, `i'] = beta[`i']
 19.             forvalues j = 1/`k' {
 20.                 matrix V[`i', `j'] = cov`j'[`i']
 21.             }
 22.         }
 23.         matrix colnames b = `varnames'
 24.         matrix rownames V = `varnames'
 25.         matrix colnames V = `varnames'
 26.         restore, preserve
 27.         quietly ereturn post b V
 28.         estimates store `r'
 29.         display as text "Loaded estimate: `r'"
 30.     }
 31.     restore
 32. end

. 
. 
end of do-file

. 
. display "============================================================"
============================================================

. display "Independent dofile job: `dofile'"
Independent dofile job: _main_3_bureau_polisc_did.do

. display "Data root: ${root}"
Data root: /users/aquispe/proj_bureaucrats_farms

. display "Tables output: ${tables}"
Tables output: /users/aquispe/proj_bureaucrats_farms_git/code/_stacked_downup_r
> eplication/../../tables

. display "Figures output: ${figures}"
Figures output: /users/aquispe/proj_bureaucrats_farms_git/code/_stacked_downup_
> replication/../../figures

. display "Code root: ${code}"
Code root: /users/aquispe/proj_bureaucrats_farms_git/code/_stacked_downup_repli
> cation

. display "Sample: ${sample}; rural: ${is_rural_var}; FE: ${fe_list}"
Sample: ; rural: is_rural; FE: 1/4

. display "Suffix: ${ster_suffix}; moderator: ${downup_var}"
Suffix: ; moderator: 

. display "Control samples: ${control_samples}"
Control samples: 

. display "Analysis subsample: ${analysis_subsample}"
Analysis subsample: 

. display "Stata processors: " c(processors)
Stata processors: 1

. display "============================================================"
============================================================

. 
. do "${code}/`dofile'"

. *****************************************************************************
> ***
. * _main_bureau_polisc_did_rural.do
. * Replicates analysis from _main_bureau_polisc_did.R - RURAL GRIDS ONLY
. * Generates DiD table with bureaucrat and politician downup treatments
. *****************************************************************************
> ***
. 
. *****************************************************************************
> ***
. * Setup - Only set globals if running standalone (not from master)
. *****************************************************************************
> ***
. if "$root" == "" {
.     clear all
.     set more off
. 
.     * Set toggles for standalone run
.     global location "shell"
.     global sample ""
.     global is_rural_var "is_rural"
.     global fe_list "1/4"
.     global ster_suffix ""
. 
.     global shell "/groups/sgulzar/sa_fires/proj_bureaucrats_farms"
.     global dbox "/Users/anzony.quisperojas/Library/CloudStorage/Dropbox/sa_fi
> res/proj_bureaucrats_farms"
. 
.     if "$location" == "dbox" {
.         global root "$dbox"
.     }
.     else {
.         global root "$shell"
.     }
. }

. 
. global int_farms "${root}/data_output/intermediate"

. global table_farms "${code}/../../tables"

. global figure_farms "${code}/../../figures"

. 
. *****************************************************************************
> ***
. * Import Data
. *****************************************************************************
> ***
. 
. * Getting downup_dummy & mean_brigthness
. import delimited "${root}/data_output/intermediate/combined_dt_pop${sample}.c
> sv", clear
(encoding automatically selected: ISO-8859-1)
(20 vars, 95,976,111 obs)

. keep if inrange(relative_monthyear, -5, 6)
(37,385,876 observations deleted)

. display as text "Final event-study sample: relative_monthyear in [-5, 6]"
Final event-study sample: relative_monthyear in [-5, 6]

. 
. preserve

.                 import delimited using "${root}/data_output/intermediate/0_ma
> ster_dataset${sample}.csv", ///
>     clear varnames(1)
(encoding automatically selected: ISO-8859-1)
(81 vars, 14,837,592 obs)

.                 keep ac_uq_id unique_small_grid_id year month downup_dummy di
> str_id mean_brightness

. 
.                 tempfile dta

.                 save `dta'
file /tmp/1508734.1.long/St1074452.000002 saved as .dta format

.         restore

.         
.         merge m:1 unique_small_grid_id month year using `dta', keep(master ma
> tch)

    Result                      Number of obs
    -----------------------------------------
    Not matched                             0
    Matched                        58,590,235  (_merge==3)
    -----------------------------------------

.         assert _merge == 3

.         drop _merge

. 
. 
. 
. * Merge with rural classification
. merge m:1 unique_small_grid_id using "${root}/data_output/intermediate/ghs_gr
> id_classification_2000.dta", keepusing(is_rural)

    Result                      Number of obs
    -----------------------------------------
    Not matched                        59,933
        from master                         0  (_merge==1)
        from using                     59,933  (_merge==2)

    Matched                        58,590,235  (_merge==3)
    -----------------------------------------

. keep if _merge == 3
(59,933 observations deleted)

. drop _merge

. 
. * Keep only rural grids
. keep if ${is_rural_var} == 1
(13,625,380 observations deleted)

. 
. display "Observations after rural filter: " _N
Observations after rural filter: 44964855

. 
. 
. confirm variable rice_prod_aclvl_ahigh

. assert inlist(rice_prod_aclvl_ahigh, 0, 1)

. 
. * Create count in thousands
. capture drop countk

. gen countk = count * 1000

. 
. * Filter data: year < 2022 or (year == 2022 & month <= 8)
. keep if year < 2022 | (year == 2022 & month <= 8)
(8,066,918 observations deleted)

. 
. * Sort data
. sort unique_small_grid_id monthyear

. 
. *****************************************************************************
> ***
. * Create interaction variable
. *****************************************************************************
> ***
. 
. gen downup_interaction = downup_ac_pop * downup_dummy

. 
. *****************************************************************************
> ***
. * Encode string IDs if necessary
. *****************************************************************************
> ***
. 
. * Check if variables need encoding
. capture confirm numeric variable unique_small_grid_id

. if _rc {
.     encode unique_small_grid_id, gen(grid_id)
. }

. else {
.     gen grid_id = unique_small_grid_id
. }

. 
. capture confirm numeric variable distr_id

. if _rc {
.     encode distr_id, gen(district_id)
. }

. else {
.     gen district_id = distr_id
. }

. 
. capture confirm numeric variable ac_uq_id

. if _rc {
.     encode ac_uq_id, gen(assembly_id)
. }

. else {
.     gen assembly_id = ac_uq_id
. }

. 
. capture confirm numeric variable ac_uq_id

. if _rc {
.     encode ac_uq_id, gen(ac_id)
. }

. else {
.     gen ac_id = ac_uq_id
. }

. 
. * Project-standard event-time and moderator variables.
. gen relative_year_bin = floor(relative_monthyear / 12)

. gen moderator = downup_dummy

. do "${code}/_apply_analysis_subsample.do"

. *****************************************************************************
> ***
. * Apply the production analysis-subsample selection after the stacked dataset
. * and required native fields are loaded, but before any common-sample model.
. *
. * $analysis_subsample == ""          : retain the complete analysis sample
. * $analysis_subsample == "rice_high" : retain above-median AC rice production
. *****************************************************************************
> ***
. 
. if "$analysis_subsample" == "rice_high" {
.     capture confirm variable rice_prod_aclvl_ahigh
.     if _rc {
.         display as error ///
>             "rice_prod_aclvl_ahigh is missing from the stacked dataset. " ///
>             "Regenerate the stacked inputs from 0_master_dataset."
.         exit 111
.     }
. 
.     assert inlist(rice_prod_aclvl_ahigh, 0, 1)
.     quietly count
.     local subsample_before = r(N)
.     keep if rice_prod_aclvl_ahigh == 1
.     quietly count
.     local subsample_after = r(N)
.     if `subsample_after' == 0 {
.         display as error "The rice-high restriction removed every row."
.         exit 2000
.     }
.     display as result "ANALYSIS SAMPLE: rice_prod_aclvl_ahigh == 1"
.     display as result "Rows retained: `subsample_after' of `subsample_before'
> "
. }

. 
end of do-file

. 
. *****************************************************************************
> ***
. * DiD Regressions
. *****************************************************************************
> ***
. 
. * FE
. global setfe ac_id#cohort ac_id#monthyear#cohort

. 
. * Controls
. global controls av_wind_speed wind_direction

. 
. * Cluster variables (stacked: interact with cohort)
. global cluster unique_small_grid_id#cohort district_id#cohort#monthyear

. 
. 
. *****************************************************************************
> ***
. * Anchor every column and every footer statistic to the final specification.
. *
. * Run displayed specification 4 first and use its e(sample) for every column
. * and every footer statistic.  This guarantees that N, the number of ACs, the
. * number of districts, and the outcome means all describe exactly the sample
. * used by the final table specification.
. *****************************************************************************
> ***
. 
. quietly reghdfejl countk downup_dummy downup_ac_pop downup_interaction $contr
> ols, ///
>     absorb(grid_id#cohort district_id#monthyear#cohort) ///
>     cluster($cluster)

. gen byte common_sample = e(sample)

. quietly count if common_sample

. local common_n = r(N)

. assert `common_n' > 0

. keep if common_sample
(93,084 observations deleted)

. drop common_sample

. 
. isid unique_small_grid_id monthyear cohort

. export delimited using ///
>     "${int_farms}/bureau_polisc_downup_ac_pop_esample${sample}.csv", replace
file /users/aquispe/proj_bureaucrats_farms/data_output/intermediate/bureau_poli
> sc_downup_ac_pop_esample.csv saved

. display as result "Exported bureaucrat-politician displayed-specification-4 s
> ample: `common_n' rows"
Exported bureaucrat-politician displayed-specification-4 sample: 36804853 rows

. 
. * Count the original identifiers—not encoded working copies—on the anchored
. * estimation sample used by the table.
. egen tag_assembly = tag(ac_uq_id)

. quietly count if tag_assembly == 1 & !missing(ac_uq_id)

. local numacs = r(N)

. 
. egen tag_district = tag(distr_id)

. quietly count if tag_district == 1 & !missing(distr_id)

. local numdist = r(N)

. 
. quietly summarize countk if treat == 1 & relative_monthyear <= -1

. local meandv = r(mean)

. quietly summarize countk if treat == 1 & relative_monthyear <= -1 & moderator
>  == 1

. local meandv2 = r(mean)

. 
. display as text "Anchored common sample: `common_n' observations"
Anchored common sample: 36804853 observations

. display as text "Anchored AC count: `numacs'"
Anchored AC count: 808

. display as text "Anchored district count: `numdist'"
Anchored district count: 160

. display as text "Anchored treated pre-period mean: `meandv'"
Anchored treated pre-period mean: 92.00041270168811

. 
. * Specification 1: AC x cohort + MonthYear x cohort FE
. reghdfejl countk downup_dummy downup_ac_pop downup_interaction $controls, ///
>     absorb(assembly_id#cohort monthyear#cohort) ///
>     cluster($cluster)
(MWFE estimator converged in 15 iterations)

HDFE linear regression with Julia                 Number of obs   = 36,804,853
Absorbing 2 HDFE groups                           F(   5, 204055) =     525.76
Statistics cluster-robust                         Prob > F        =     0.0000
                                                  R-squared       =     0.1610
                                                  Adj R-squared   =     0.1587
Number of clusters (unique_small_grid_id#cohort) =    5292258Within R-sq.=     
> 0.0058
Number of clusters (district_id#cohort#monthyear) =     204056Root MSE=   921.7
> 146

(Std. err. adjusted for 204,056 clusters in unique_small_grid_id#cohort distric
> t_id#cohort#monthyear)
------------------------------------------------------------------------------
             |               Robust
      countk | Coefficient  std. err.      t    P>|t|     [95% conf. interval]
-------------+----------------------------------------------------------------
downup_dummy |  -22.14626   1.351858   -16.38   0.000    -24.79587   -19.49666
downup_ac_~p |  -7.905356   2.073917    -3.81   0.000    -11.97018   -3.840528
downup_int~n |   3.524257   2.456916     1.43   0.151    -1.291238    8.339753
av_wind_sp~d |   321.9834   6.505964    49.49   0.000     309.2319    334.7349
wind_direc~n |  -.2854128   .0124409   -22.94   0.000    -.3097966   -.2610289
------------------------------------------------------------------------------

. assert e(N) == `common_n'

. estadd scalar ymean = `meandv'

added scalar:
              e(ymean) =  92.000413

. estadd scalar ymean2 = `meandv2'

added scalar:
             e(ymean2) =  86.384898

. estadd scalar acq = `numacs'

added scalar:
                e(acq) =  808

. estadd scalar nacs = `numacs'

added scalar:
               e(nacs) =  808

. estadd scalar ndists = `numdist'

added scalar:
             e(ndists) =  160

. estadd local monthyearfe "Y"

added macro:
        e(monthyearfe) : "Y"

. estadd local acfe "Y"

added macro:
               e(acfe) : "Y"

. estadd local acmonthfe "N"

added macro:
          e(acmonthfe) : "N"

. estadd local distmonthfe "N"

added macro:
        e(distmonthfe) : "N"

. estadd local gridfe "N"

added macro:
             e(gridfe) : "N"

. estimates store eq1

. 
. * Specification 2: Grid x cohort + MonthYear x cohort FE
. reghdfejl countk downup_dummy downup_ac_pop downup_interaction $controls, ///
>     absorb(grid_id#cohort monthyear#cohort) ///
>     cluster($cluster)
(MWFE estimator converged in 20 iterations)

HDFE linear regression with Julia                 Number of obs   = 36,804,853
Absorbing 2 HDFE groups                           F(   5, 204055) =     574.51
Statistics cluster-robust                         Prob > F        =     0.0000
                                                  R-squared       =     0.2284
                                                  Adj R-squared   =     0.0988
Number of clusters (unique_small_grid_id#cohort) =    5292258Within R-sq.=     
> 0.0069
Number of clusters (district_id#cohort#monthyear) =     204056Root MSE=   953.9
> 842

(Std. err. adjusted for 204,056 clusters in unique_small_grid_id#cohort distric
> t_id#cohort#monthyear)
------------------------------------------------------------------------------
             |               Robust
      countk | Coefficient  std. err.      t    P>|t|     [95% conf. interval]
-------------+----------------------------------------------------------------
downup_dummy |  -34.51972   1.765972   -19.55   0.000    -37.98098   -31.05845
downup_ac_~p |  -43.55344    4.06084   -10.73   0.000    -51.51259   -35.59429
downup_int~n |   7.979326   3.350179     2.38   0.017     1.413056     14.5456
av_wind_sp~d |   364.3088   7.090071    51.38   0.000     350.4124    378.2051
wind_direc~n |  -.2662901   .0121649   -21.89   0.000     -.290133   -.2424471
------------------------------------------------------------------------------

. assert e(N) == `common_n'

. estadd scalar ymean = `meandv'

added scalar:
              e(ymean) =  92.000413

. estadd scalar ymean2 = `meandv2'

added scalar:
             e(ymean2) =  86.384898

. estadd scalar acq = `numacs'

added scalar:
                e(acq) =  808

. estadd scalar nacs = `numacs'

added scalar:
               e(nacs) =  808

. estadd scalar ndists = `numdist'

added scalar:
             e(ndists) =  160

. estadd local monthyearfe "Y"

added macro:
        e(monthyearfe) : "Y"

. estadd local acfe "N"

added macro:
               e(acfe) : "N"

. estadd local acmonthfe "N"

added macro:
          e(acmonthfe) : "N"

. estadd local distmonthfe "N"

added macro:
        e(distmonthfe) : "N"

. estadd local gridfe "Y"

added macro:
             e(gridfe) : "Y"

. estimates store eq2

. 
. * Specification 3: Grid x cohort + AC x MonthYear x cohort FE
. reghdfejl countk downup_dummy downup_ac_pop downup_interaction $controls, ///
>     absorb(grid_id#cohort assembly_id#monthyear#cohort) ///
>     cluster($cluster)
(MWFE estimator converged in 39 iterations)

HDFE linear regression with Julia                 Number of obs   = 36,804,853
Absorbing 2 HDFE groups                           F(   5, 204055) =      14.49
Statistics cluster-robust                         Prob > F        =     0.0000
                                                  R-squared       =     0.6672
                                                  Adj R-squared   =     0.5989
Number of clusters (unique_small_grid_id#cohort) =    5292258Within R-sq.=     
> 0.0000
Number of clusters (district_id#cohort#monthyear) =     204056Root MSE=   636.4
> 070

(Std. err. adjusted for 204,056 clusters in unique_small_grid_id#cohort distric
> t_id#cohort#monthyear)
------------------------------------------------------------------------------
             |               Robust
      countk | Coefficient  std. err.      t    P>|t|     [95% conf. interval]
-------------+----------------------------------------------------------------
downup_dummy |  -7.096038   1.002683    -7.08   0.000    -9.061272   -5.130803
downup_ac_~p |  -10.45316   2.059965    -5.07   0.000    -14.49064   -6.415675
downup_int~n |   9.953906    2.00462     4.97   0.000       6.0249    13.88291
av_wind_sp~d |  -14.50516   9.091461    -1.60   0.111     -32.3242    3.313878
wind_direc~n |  -.0123366   .0057411    -2.15   0.032     -.023589   -.0010842
------------------------------------------------------------------------------

. assert e(N) == `common_n'

. estadd scalar ymean = `meandv'

added scalar:
              e(ymean) =  92.000413

. estadd scalar ymean2 = `meandv2'

added scalar:
             e(ymean2) =  86.384898

. estadd scalar acq = `numacs'

added scalar:
                e(acq) =  808

. estadd scalar nacs = `numacs'

added scalar:
               e(nacs) =  808

. estadd scalar ndists = `numdist'

added scalar:
             e(ndists) =  160

. estadd local monthyearfe "N"

added macro:
        e(monthyearfe) : "N"

. estadd local acfe "N"

added macro:
               e(acfe) : "N"

. estadd local acmonthfe "Y"

added macro:
          e(acmonthfe) : "Y"

. estadd local distmonthfe "N"

added macro:
        e(distmonthfe) : "N"

. estadd local gridfe "Y"

added macro:
             e(gridfe) : "Y"

. estimates store eq3

. 
. * Specification 4: Grid x cohort + District x MonthYear x cohort FE
. reghdfejl countk downup_dummy downup_ac_pop downup_interaction $controls, ///
>     absorb(grid_id#cohort district_id#monthyear#cohort) ///
>     cluster($cluster)
(MWFE estimator converged in 53 iterations)

HDFE linear regression with Julia                 Number of obs   = 36,804,853
Absorbing 2 HDFE groups                           F(   5, 204055) =      61.19
Statistics cluster-robust                         Prob > F        =     0.0000
                                                  R-squared       =     0.5911
                                                  Adj R-squared   =     0.5194
Number of clusters (unique_small_grid_id#cohort) =    5292258Within R-sq.=     
> 0.0001
Number of clusters (district_id#cohort#monthyear) =     204056Root MSE=   696.6
> 922

(Std. err. adjusted for 204,056 clusters in unique_small_grid_id#cohort distric
> t_id#cohort#monthyear)
------------------------------------------------------------------------------
             |               Robust
      countk | Coefficient  std. err.      t    P>|t|     [95% conf. interval]
-------------+----------------------------------------------------------------
downup_dummy |    -18.105    1.15439   -15.68   0.000    -20.36758   -15.84243
downup_ac_~p |  -6.455415   2.164832    -2.98   0.003    -10.69843   -2.212397
downup_int~n |   1.625705   2.254799     0.72   0.471    -2.793646    6.045055
av_wind_sp~d |  -28.95608   8.346422    -3.47   0.001    -45.31486   -12.59729
wind_direc~n |  -.0392921   .0065274    -6.02   0.000    -.0520856   -.0264986
------------------------------------------------------------------------------

. assert e(N) == `common_n'

. estadd scalar ymean = `meandv'

added scalar:
              e(ymean) =  92.000413

. estadd scalar ymean2 = `meandv2'

added scalar:
             e(ymean2) =  86.384898

. estadd scalar acq = `numacs'

added scalar:
                e(acq) =  808

. estadd scalar nacs = `numacs'

added scalar:
               e(nacs) =  808

. estadd scalar ndists = `numdist'

added scalar:
             e(ndists) =  160

. estadd local monthyearfe "N"

added macro:
        e(monthyearfe) : "N"

. estadd local acfe "N"

added macro:
               e(acfe) : "N"

. estadd local acmonthfe "N"

added macro:
          e(acmonthfe) : "N"

. estadd local distmonthfe "Y"

added macro:
        e(distmonthfe) : "Y"

. estadd local gridfe "Y"

added macro:
             e(gridfe) : "Y"

. estimates store eq4

. 
. 
. *****************************************************************************
> ***
. * Save estimates
. *****************************************************************************
> ***
. 
. estwrite eq1 eq2 eq3 eq4 using ///
>     "${table_farms}/_main_3_bureau_polisc_did${sample}_rural_stacked${ster_su
> ffix}.ster", replace
(saving eq1)
(saving eq2)
(saving eq3)
(saving eq4)
(file /users/aquispe/proj_bureaucrats_farms_git/code/_stacked_downup_replicatio
> n/../../tables/_main_3_bureau_polisc_did_rural_stacked.ster saved)

. 
. display "Estimates saved to: ${table_farms}/_main_3_bureau_polisc_did${sample
> }_rural_stacked${ster_suffix}.ster"
Estimates saved to: /users/aquispe/proj_bureaucrats_farms_git/code/_stacked_dow
> nup_replication/../../tables/_main_3_bureau_polisc_did_rural_stacked.ster

. 
. *****************************************************************************
> ***
. 
end of do-file

. 
. display as result "COMPLETED: `dofile' at $S_DATE $S_TIME"
COMPLETED: _main_3_bureau_polisc_did.do at  5 Oct 2026 16:29:12

. 
end of do-file
