HonestDiD parallel workers: 10
Running registered result: final_stacked_area_baseline
Generated: /users/aquispe/proj_bureaucrats_farms_git/figures/stacked_event_study_5pre_rural_1_ori.png
Generated: /users/aquispe/proj_bureaucrats_farms_git/figures/stacked_event_study_5pre_rural_1_rotated.png
Generated: /users/aquispe/proj_bureaucrats_farms_git/figures/stacked_event_study_5pre_rural_1_honest1.png
Generated: /users/aquispe/proj_bureaucrats_farms_git/figures/stacked_event_study_5pre_rural_1_honest2.png
Generated: /users/aquispe/proj_bureaucrats_farms_git/figures/stacked_event_study_5pre_rural_1_rot_honest1.png
Generated: /users/aquispe/proj_bureaucrats_farms_git/figures/stacked_event_study_5pre_rural_1_rot_honest2.png
Running registered result: final_stacked_area_rice
Generated: /users/aquispe/proj_bureaucrats_farms_git/figures/stacked_event_study_5pre_rural_riceP_ori.png
Generated: /users/aquispe/proj_bureaucrats_farms_git/figures/stacked_event_study_5pre_rural_riceP_rotated.png
Generated: /users/aquispe/proj_bureaucrats_farms_git/figures/stacked_event_study_5pre_rural_riceP_honest1.png
Generated: /users/aquispe/proj_bureaucrats_farms_git/figures/stacked_event_study_5pre_rural_riceP_honest2.png
Generated: /users/aquispe/proj_bureaucrats_farms_git/figures/stacked_event_study_5pre_rural_riceP_rot_honest1.png
Generated: /users/aquispe/proj_bureaucrats_farms_git/figures/stacked_event_study_5pre_rural_riceP_rot_honest2.png
Running registered result: final_stacked_population_baseline
Generated: /users/aquispe/proj_bureaucrats_farms_git/figures/stacked_event_study_pop_5pre_rural_1_ori.png
Generated: /users/aquispe/proj_bureaucrats_farms_git/figures/stacked_event_study_pop_5pre_rural_1_rotated.png
Generated: /users/aquispe/proj_bureaucrats_farms_git/figures/stacked_event_study_pop_5pre_rural_1_honest1.png
Generated: /users/aquispe/proj_bureaucrats_farms_git/figures/stacked_event_study_pop_5pre_rural_1_honest2.png
Generated: /users/aquispe/proj_bureaucrats_farms_git/figures/stacked_event_study_pop_5pre_rural_1_rot_honest1.png
Generated: /users/aquispe/proj_bureaucrats_farms_git/figures/stacked_event_study_pop_5pre_rural_1_rot_honest2.png
Running registered result: final_stacked_population_rice
Generated: /users/aquispe/proj_bureaucrats_farms_git/figures/stacked_event_study_pop_5pre_rural_riceP_ori.png
Generated: /users/aquispe/proj_bureaucrats_farms_git/figures/stacked_event_study_pop_5pre_rural_riceP_rotated.png
Generated: /users/aquispe/proj_bureaucrats_farms_git/figures/stacked_event_study_pop_5pre_rural_riceP_honest1.png
Generated: /users/aquispe/proj_bureaucrats_farms_git/figures/stacked_event_study_pop_5pre_rural_riceP_honest2.png
Generated: /users/aquispe/proj_bureaucrats_farms_git/figures/stacked_event_study_pop_5pre_rural_riceP_rot_honest1.png
Generated: /users/aquispe/proj_bureaucrats_farms_git/figures/stacked_event_study_pop_5pre_rural_riceP_rot_honest2.png
Running registered result: final_politician_fe03_baseline
Generated: /users/aquispe/proj_bureaucrats_farms_git/figures/_app_16_polischar_fe03_evst_main_rural_acpop_1_ori.png
Generated: /users/aquispe/proj_bureaucrats_farms_git/figures/_app_16_polischar_fe03_evst_main_rural_acpop_1_rotated.png
Generated: /users/aquispe/proj_bureaucrats_farms_git/figures/_app_16_polischar_fe03_evst_main_rural_acpop_1_honest1.png
Generated: /users/aquispe/proj_bureaucrats_farms_git/figures/_app_16_polischar_fe03_evst_main_rural_acpop_1_honest2.png
Generated: /users/aquispe/proj_bureaucrats_farms_git/figures/_app_16_polischar_fe03_evst_main_rural_acpop_1_rot_honest1.png
Generated: /users/aquispe/proj_bureaucrats_farms_git/figures/_app_16_polischar_fe03_evst_main_rural_acpop_1_rot_honest2.png
Running registered result: final_politician_fe03_rice
Generated: /users/aquispe/proj_bureaucrats_farms_git/figures/_app_16_polischar_fe12_evst_all_rural_acpop_riceP_5_ori.png
Generated: /users/aquispe/proj_bureaucrats_farms_git/figures/_app_16_polischar_fe12_evst_all_rural_acpop_riceP_5_rotated.png
Generated: /users/aquispe/proj_bureaucrats_farms_git/figures/_app_16_polischar_fe12_evst_all_rural_acpop_riceP_5_honest1.png
Generated: /users/aquispe/proj_bureaucrats_farms_git/figures/_app_16_polischar_fe12_evst_all_rural_acpop_riceP_5_honest2.png
Generated: /users/aquispe/proj_bureaucrats_farms_git/figures/_app_16_polischar_fe12_evst_all_rural_acpop_riceP_5_rot_honest1.png
Generated: /users/aquispe/proj_bureaucrats_farms_git/figures/_app_16_polischar_fe12_evst_all_rural_acpop_riceP_5_rot_honest2.png
There were 18 warnings (use warnings() to see them)
Generated: /users/aquispe/proj_bureaucrats_farms_git/figures/_app_17_5km_fe12_evst_all_rural_fe03_1_ori.png
Generated: /users/aquispe/proj_bureaucrats_farms_git/figures/_app_17_5km_fe12_evst_all_rural_fe03_1_rotated.png
Generated: /users/aquispe/proj_bureaucrats_farms_git/figures/_app_17_5km_fe12_evst_all_rural_fe03_1_honest1.png
Generated: /users/aquispe/proj_bureaucrats_farms_git/figures/_app_17_5km_fe12_evst_all_rural_fe03_1_honest2.png
Generated: /users/aquispe/proj_bureaucrats_farms_git/figures/_app_17_5km_fe12_evst_all_rural_fe03_1_rot_honest1.png
Generated: /users/aquispe/proj_bureaucrats_farms_git/figures/_app_17_5km_fe12_evst_all_rural_fe03_1_rot_honest2.png
Generated: /users/aquispe/proj_bureaucrats_farms_git/figures/_app_17_5km_fe12_evst_all_rural_fe03_riceP_ori.png
Generated: /users/aquispe/proj_bureaucrats_farms_git/figures/_app_17_5km_fe12_evst_all_rural_fe03_riceP_rotated.png
Generated: /users/aquispe/proj_bureaucrats_farms_git/figures/_app_17_5km_fe12_evst_all_rural_fe03_riceP_honest1.png
Generated: /users/aquispe/proj_bureaucrats_farms_git/figures/_app_17_5km_fe12_evst_all_rural_fe03_riceP_honest2.png
Generated: /users/aquispe/proj_bureaucrats_farms_git/figures/_app_17_5km_fe12_evst_all_rural_fe03_riceP_rot_honest1.png
Generated: /users/aquispe/proj_bureaucrats_farms_git/figures/_app_17_5km_fe12_evst_all_rural_fe03_riceP_rot_honest2.png
Warning messages:
1: In .warnIfNotSymmPSD(sigma) : sigma is not a symmetric matrix
2: In .warnIfNotSymmPSD(sigma) : sigma is not a symmetric matrix
3: In .warnIfNotSymmPSD(sigma) : sigma is not a symmetric matrix
4: In .warnIfNotSymmPSD(sigma) :
  sigma is not numerically positive semi-definite
5: In .warnIfNotSymmPSD(sigma) :
  sigma is not numerically positive semi-definite
6: In .warnIfNotSymmPSD(sigma) :
  sigma is not numerically positive semi-definite
7: In .warnIfNotSymmPSD(sigma) : sigma is not a symmetric matrix
8: In .warnIfNotSymmPSD(sigma) : sigma is not a symmetric matrix
9: In .warnIfNotSymmPSD(sigma) : sigma is not a symmetric matrix
All requested event-study and HonestDiD plots completed.
