
  ___  ____  ____  ____  ____ ®
 /__    /   ____/   /   ____/      StataNow 19.5
___/   /   /___/   /   /___/       MP—Parallel Edition

 Statistics and Data Science       Copyright 1985-2025 StataCorp LLC
                                   StataCorp
                                   4905 Lakeway Drive
                                   College Station, Texas 77845 USA
                                   800-782-8272        https://www.stata.com
                                   979-696-4600        service@stata.com

Stata license: 4-user 16-core network, expiring 14 Sep 2026
Serial number: 501909301589
  Licensed to: University of Notre Dame
               Notre Dame, IN 46556

Notes:
      1. Stata is running in batch mode.
      2. Unicode is supported; see help unicode_advice.
      3. More than 2 billion observations are allowed; see help obs_advice.
      4. Maximum number of variables is set to 5,000 but can be increased;
          see help set_maxvar.

. do /users/aquisper/proj_bureaucrats_farms/code/_stacked_downup_replication/sb
> atch/_run_dofile.do 

. *****************************************************************************
> ***
. * Environment bridge: one invocation runs exactly one result-generating dofil
> e.
. *****************************************************************************
> ***
. 
. version 17

. set more off

. 
. local dofile        : environment FARMS_DOFILE

. local root          : environment FARMS_ROOT

. local code          : environment FARMS_CODE

. local location      : environment FARMS_LOCATION

. local sample        : environment FARMS_SAMPLE

. local is_rural_var  : environment FARMS_RURAL_VAR

. local fe_list       : environment FARMS_FE_LIST

. local ster_suffix   : environment FARMS_STER_SUFFIX

. local downup_var    : environment FARMS_DOWNUP_VAR

. local stacked_file  : environment FARMS_STACKED_FILE

. local did_output    : environment FARMS_DID_OUTPUT

. local control_samples : environment FARMS_CONTROL_SAMPLES

. local analysis_subsample : environment FARMS_ANALYSIS_SUBSAMPLE

. local processors    : environment FARMS_CPUS

. 
. if "`processors'" == "" local processors "1"

. set processors `processors'
    The maximum number of processors or cores being used is changed from 16
    to 1.  It can be set to any number between 1 and 16

. 
. if "`dofile'" == "" {
.     display as error "FARMS_DOFILE is empty; use sbatch/run_dofile.sbatch."
.     exit 198
. }

. if "`root'" == "" {
.     display as error "FARMS_ROOT is empty; use sbatch/run_dofile.sbatch."
.     exit 198
. }

. if "`code'" == "" {
.     display as error "FARMS_CODE is empty; use sbatch/run_dofile.sbatch."
.     exit 198
. }

. 
. if "`sample'" == "none" local sample ""

. if "`ster_suffix'" == "none" local ster_suffix ""

. if "`downup_var'" == "none" local downup_var ""

. if "`stacked_file'" == "none" local stacked_file ""

. if "`did_output'" == "none" local did_output ""

. if "`control_samples'" == "all" local control_samples ""

. if "`analysis_subsample'" == "all" local analysis_subsample ""

. 
. global root          "`root'"

. global code          "`code'"

. global location      "`location'"

. global sample        "`sample'"

. global is_rural_var  "`is_rural_var'"

. global fe_list       "`fe_list'"

. global ster_suffix   "`ster_suffix'"

. global downup_var    "`downup_var'"

. global stacked_file  "`stacked_file'"

. global did_output    "`did_output'"

. global control_samples "`control_samples'"

. global analysis_subsample "`analysis_subsample'"

. 
. global int_data    "${root}/data_output/intermediate"

. global int_farms   "${int_data}"

. global tables      "${code}/../../tables"

. global table_farms "${tables}"

. global figures     "${code}/../../figures"

. global figure_farms "${figures}"

. 
. capture mkdir "${tables}"

. capture mkdir "${figures}"

. capture mkdir "${code}/logs"

. 
. adopath ++ "${code}"
  [1]              "/users/aquisper/proj_bureaucrats_farms/code/_stacked_downup
> _replication"
  [2]  (BASE)      "/software/s/stata/19.5/ado/base/"
  [3]  (SITE)      "/software/s/stata/ado/"
  [4]              "."
  [5]  (PERSONAL)  "~/ado/personal/"
  [6]  (PLUS)      "~/ado/plus/"
  [7]  (OLDPLACE)  "~/ado/"

. capture noisily do "${code}/estsave_csv.ado"

. *! estsave_csv v1.2 - Export stored estimates and covariance matrices to CSV
. program define estsave_csv
  1.     version 14.0
  2.     syntax namelist using/, [replace append]
  3. 
.     local outfile `"`using'"'
  4.     tempfile coef_all coef_cur scalar_all scalar_cur
  5.     local first = 1
  6. 
.     foreach est of local namelist {
  7.         quietly estimates restore `est'
  8.         matrix b = e(b)
  9.         matrix V = e(V)
 10.         local k = colsof(b)
 11.         local cnames : colfullnames b
 12. 
.         preserve
 13.         clear
 14.         quietly set obs `k'
 15.         gen strL reg = "`est'"
 16.         gen strL var = ""
 17.         gen double beta = .
 18.         capture local ymean_val `"`e(ymean)'"'
 19.         if !_rc & `"`ymean_val'"' != "" gen strL ymean = `"`ymean_val'"'
 20.         else gen strL ymean = ""
 21. 
.         forvalues j = 1/`k' {
 22.             local nm : word `j' of `cnames'
 23.             quietly replace var = "`nm'" in `j'
 24.             quietly replace beta = b[1, `j'] in `j'
 25.             gen double cov`j' = .
 26.         }
 27.         forvalues i = 1/`k' {
 28.             forvalues j = 1/`k' {
 29.                 quietly replace cov`j' = V[`i', `j'] in `i'
 30.             }
 31.         }
 32.         quietly save `coef_cur', replace
 33.         if `first' quietly save `coef_all', replace
 34.         else {
 35.             quietly use `coef_all', clear
 36.             quietly append using `coef_cur'
 37.             quietly save `coef_all', replace
 38.         }
 39.         restore
 40. 
.         preserve
 41.         clear
 42.         quietly set obs 1
 43.         gen strL reg = "`est'"
 44.         local escalars : e(scalars)
 45.         foreach sc of local escalars {
 46.             local scval = e(`sc')
 47.             local safe = subinstr("`sc'", "-", "_", .)
 48.             capture gen double `safe' = `scval'
 49.             if _rc capture gen double sc_`safe' = `scval'
 50.         }
 51.         local emacros : e(macros)
 52.         foreach mc of local emacros {
 53.             capture local mcval `"`e(`mc')'"'
 54.             if !_rc & `"`mcval'"' != "" {
 55.                 if strlen(`"`mcval'"') > 244 local mcval = substr(`"`mcval
> '"', 1, 244)
 56.                 local safe = subinstr("`mc'", "-", "_", .)
 57.                 capture gen strL `safe' = `"`mcval'"'
 58.                 if _rc capture gen strL mc_`safe' = `"`mcval'"'
 59.             }
 60.         }
 61.         quietly save `scalar_cur', replace
 62.         if `first' {
 63.             quietly save `scalar_all', replace
 64.             local first = 0
 65.         }
 66.         else {
 67.             quietly use `scalar_all', clear
 68.             quietly append using `scalar_cur'
 69.             quietly save `scalar_all', replace
 70.         }
 71.         restore
 72.     }
 73. 
.     local basefile = subinstr(`"`outfile'"', ".csv", "", .)
 74.     quietly use `coef_all', clear
 75.     order reg var beta ymean
 76.     quietly export delimited using "`basefile'.csv", `replace' `append'
 77.     quietly use `scalar_all', clear
 78.     quietly export delimited using "`basefile'_scalars.csv", `replace' `ap
> pend'
 79.     display as result "Estimates exported to `basefile'.csv"
 80. end

. 
. 
end of do-file

. capture noisily do "${code}/estload_csv.ado"

. *! estload_csv v1.0 - Reconstruct estimate objects exported by estsave_csv
. program define estload_csv
  1.     version 14.0
  2.     syntax using/
  3. 
.     local infile `"`using'"'
  4.     local basefile = subinstr(`"`infile'"', ".csv", "", .)
  5.     preserve
  6.     quietly import delimited using "`basefile'.csv", clear varnames(1)
  7.     quietly levelsof reg, local(regs)
  8. 
.     foreach r of local regs {
  9.         preserve
 10.         quietly keep if reg == "`r'"
 11.         local k = _N
 12.         matrix b = J(1, `k', .)
 13.         matrix V = J(`k', `k', .)
 14.         local varnames ""
 15.         forvalues i = 1/`k' {
 16.             local vname = var[`i']
 17.             local varnames `"`varnames' `vname'"'
 18.             matrix b[1, `i'] = beta[`i']
 19.             forvalues j = 1/`k' {
 20.                 matrix V[`i', `j'] = cov`j'[`i']
 21.             }
 22.         }
 23.         matrix colnames b = `varnames'
 24.         matrix rownames V = `varnames'
 25.         matrix colnames V = `varnames'
 26.         restore, preserve
 27.         quietly ereturn post b V
 28.         estimates store `r'
 29.         display as text "Loaded estimate: `r'"
 30.     }
 31.     restore
 32. end

. 
. 
end of do-file

. 
. display "============================================================"
============================================================

. display "Independent dofile job: `dofile'"
Independent dofile job: _generate_interaction_plots.do

. display "Data root: ${root}"
Data root: /groups/sgulzar/sa_fires/proj_bureaucrats_farms

. display "Tables output: ${tables}"
Tables output: /users/aquisper/proj_bureaucrats_farms/code/_stacked_downup_repl
> ication/../../tables

. display "Figures output: ${figures}"
Figures output: /users/aquisper/proj_bureaucrats_farms/code/_stacked_downup_rep
> lication/../../figures

. display "Code root: ${code}"
Code root: /users/aquisper/proj_bureaucrats_farms/code/_stacked_downup_replicat
> ion

. display "Sample: ${sample}; rural: ${is_rural_var}; FE: ${fe_list}"
Sample: ; rural: is_rural; FE: 1

. display "Suffix: ${ster_suffix}; moderator: ${downup_var}"
Suffix: _rice_high; moderator: 

. display "Control samples: ${control_samples}"
Control samples: 

. display "Analysis subsample: ${analysis_subsample}"
Analysis subsample: rice_high

. display "Stata processors: " c(processors)
Stata processors: 1

. display "============================================================"
============================================================

. 
. do "${code}/`dofile'"

. *****************************************************************************
> ***
. * Generate every interaction figure from independently produced .ster files
. *****************************************************************************
> ***
. 
. version 17

. set more off

. 
. if "$root" == "" {
.     clear all
.     global location     "dbox"
.     global sample       ""
.     global is_rural_var "is_rural"
.     global fe_list      "1"
.     global ster_suffix  ""
.     global shell "/groups/sgulzar/sa_fires/proj_bureaucrats_farms"
.     global dbox  "C:/Users/eunic/Dropbox/sa_fires/proj_bureaucrats_farms"
.     global code_shell "/users/aquisper/proj_bureaucrats_farms/code/_stacked_d
> ownup_replication"
.     global code_dbox "C:/Users/eunic/OneDrive/Documents/GitHub/proj_bureaucra
> ts_farms/code/_stacked_downup_replication"
.     if "$location" == "dbox" {
.         global root "$dbox"
.         global code "$code_dbox"
.     }
.     else {
.         global root "$shell"
.         global code "$code_shell"
.     }
. }

. 
. global tables  "${code}/../../tables"

. global figures "${code}/../../figures"

. capture mkdir "${figures}/Interaction_downwind"

. quietly do "${code}/interaction_graph.ado"

. 
. * Population-weighted figures actively referenced by main.tex.
. est clear

. interaction_graph using ///
>     "${tables}/_app_18_protest_5km_fe12_did_downup_plot${sample}_rural_acpop$
> {ster_suffix}.ster", ///
>     estimates(1) ///
>     output("${figures}/_app_18_protest_5km_fe12_did_downup_plot_rural_acpop${
> sample}${ster_suffix}") ///
>     type(protest) modvar(downup_ac_pop)

-------------------------------------------------------------------------------
             |           Dependent  Number of        
        Name | Command    variable     param.  Title 
-------------+-----------------------------------------------------------------
      evreg1 | reghdfejl    countk          9  HDFE linear regression with
             |                                 Julia
-------------------------------------------------------------------------------
(results evreg1 are active now)

INTERACTION AUDIT (CONTROL-PRE STANDARDIZED): protest, estimate evreg1, moderat
> or downup_ac_pop
Control pre  : b =     0.000000   95% CI [    0.000000,     0.000000]   90% CI 
> [    0.000000,     0.000000]
Control post : b =     0.409544   95% CI [   -9.016536,     9.835624]   90% CI 
> [   -7.498798,     8.317886]
Treated post : b =    84.291619   95% CI [   -8.382434,   176.965673]   90% CI 
> [    6.539453,   162.043786]
Difference   : b =    83.882075   SE =    48.378052   95% CI [  -11.053345,   1
> 78.817496]   90% CI [    4.232655,   163.531496]   p =  0.083250
(file /users/aquisper/proj_bureaucrats_farms/code/_stacked_downup_replication/.
> ./../figures/_app_18_protest_5km_fe12_did_downup_plot_rural_acpop_rice_high_1
> .png not found)
file /users/aquisper/proj_bureaucrats_farms/code/_stacked_downup_replication/..
> /../figures/_app_18_protest_5km_fe12_did_downup_plot_rural_acpop_rice_high_1.
> png written in PNG format
Exported: /users/aquisper/proj_bureaucrats_farms/code/_stacked_downup_replicati
> on/../../figures/_app_18_protest_5km_fe12_did_downup_plot_rural_acpop_rice_hi
> gh_1.png

. copy "${figures}/_app_18_protest_5km_fe12_did_downup_plot_rural_acpop${sample
> }${ster_suffix}_1.png" ///
>      "${figures}/_app_18_protest_5km_fe12_did_downup_plot_rural_acpop${sample
> }${ster_suffix}.png", replace
(file
    /users/aquisper/proj_bureaucrats_farms/code/_stacked_downup_replication/.
    > ./../figures/_app_18_protest_5km_fe12_did_downup_plot_rural_acpop_rice_
    > high.png not found)

. 
. est clear

. interaction_graph using ///
>     "${tables}/_app_19_polischar_fe12_did_downup_inter_plot${sample}_rural_ac
> pop${ster_suffix}.ster", ///
>     estimates(1) ///
>     output("${figures}/_app_19_polischar_fe12_did_downup_inter_plot_rural_acp
> op${sample}${ster_suffix}") ///
>     type(politician) modvar(downup_ac_pop)

-------------------------------------------------------------------------------
             |           Dependent  Number of        
        Name | Command    variable     param.  Title 
-------------+-----------------------------------------------------------------
      evreg1 | reghdfejl    countk          9  HDFE linear regression with
             |                                 Julia
-------------------------------------------------------------------------------
(results evreg1 are active now)

INTERACTION AUDIT (CONTROL-PRE STANDARDIZED): politician, estimate evreg1, mode
> rator downup_ac_pop
Control pre  : b =     0.000000   95% CI [    0.000000,     0.000000]   90% CI 
> [    0.000000,     0.000000]
Control post : b =    -1.947293   95% CI [  -21.046760,    17.152174]   90% CI 
> [  -17.971720,    14.077134]
Treated post : b =    14.183884   95% CI [  -16.787807,    45.155576]   90% CI 
> [  -11.801323,    40.169092]
Difference   : b =    16.131177   SE =    11.629201   95% CI [   -6.688017,    
> 38.950371]   90% CI [   -3.014096,    35.276450]   p =  0.165698
(file /users/aquisper/proj_bureaucrats_farms/code/_stacked_downup_replication/.
> ./../figures/_app_19_polischar_fe12_did_downup_inter_plot_rural_acpop_rice_hi
> gh_1.png not found)
file /users/aquisper/proj_bureaucrats_farms/code/_stacked_downup_replication/..
> /../figures/_app_19_polischar_fe12_did_downup_inter_plot_rural_acpop_rice_hig
> h_1.png written in PNG format
Exported: /users/aquisper/proj_bureaucrats_farms/code/_stacked_downup_replicati
> on/../../figures/_app_19_polischar_fe12_did_downup_inter_plot_rural_acpop_ric
> e_high_1.png

. copy "${figures}/_app_19_polischar_fe12_did_downup_inter_plot_rural_acpop${sa
> mple}${ster_suffix}_1.png" ///
>      "${figures}/_app_19_polischar_fe12_did_downup_inter_plot_rural_acpop${sa
> mple}${ster_suffix}.png", replace
(file
    /users/aquisper/proj_bureaucrats_farms/code/_stacked_downup_replication/.
    > ./../figures/_app_19_polischar_fe12_did_downup_inter_plot_rural_acpop_r
    > ice_high.png not found)

. 
. * Area-weighted counterparts retained under their historical names.
. est clear

. interaction_graph using ///
>     "${tables}/_app_18_protest_5km_fe12_did_downup_plot${sample}_rural${ster_
> suffix}.ster", ///
>     estimates(1) ///
>     output("${figures}/Interaction_downwind/_app_downup_rel_protest${sample}$
> {ster_suffix}") ///
>     type(protest) modvar(downup_ac)

-------------------------------------------------------------------------------
             |           Dependent  Number of        
        Name | Command    variable     param.  Title 
-------------+-----------------------------------------------------------------
      evreg1 | reghdfejl    countk          9  HDFE linear regression with
             |                                 Julia
-------------------------------------------------------------------------------
(results evreg1 are active now)

INTERACTION AUDIT (CONTROL-PRE STANDARDIZED): protest, estimate evreg1, moderat
> or downup_ac
Control pre  : b =     0.000000   95% CI [    0.000000,     0.000000]   90% CI 
> [    0.000000,     0.000000]
Control post : b =     1.676731   95% CI [   -7.657335,    11.010798]   90% CI 
> [   -6.154413,     9.507876]
Treated post : b =    81.875701   95% CI [   -8.245980,   171.997382]   90% CI 
> [    6.264937,   157.486465]
Difference   : b =    80.198970   SE =    47.021767   95% CI [  -12.074925,   1
> 72.472864]   90% CI [    2.782530,   157.615409]   p =  0.088402
(file /users/aquisper/proj_bureaucrats_farms/code/_stacked_downup_replication/.
> ./../figures/Interaction_downwind/_app_downup_rel_protest_rice_high_1.png not
>  found)
file /users/aquisper/proj_bureaucrats_farms/code/_stacked_downup_replication/..
> /../figures/Interaction_downwind/_app_downup_rel_protest_rice_high_1.png writ
> ten in PNG format
Exported: /users/aquisper/proj_bureaucrats_farms/code/_stacked_downup_replicati
> on/../../figures/Interaction_downwind/_app_downup_rel_protest_rice_high_1.png

. copy "${figures}/Interaction_downwind/_app_downup_rel_protest${sample}${ster_
> suffix}_1.png" ///
>      "${figures}/Interaction_downwind/_app_downup_rel_protest${sample}${ster_
> suffix}.png", replace
(file
    /users/aquisper/proj_bureaucrats_farms/code/_stacked_downup_replication/.
    > ./../figures/Interaction_downwind/_app_downup_rel_protest_rice_high.png
    not found)

. 
. est clear

. interaction_graph using ///
>     "${tables}/_app_19_polischar_fe12_did_downup_inter_plot${sample}_rural${s
> ter_suffix}.ster", ///
>     estimates(1) ///
>     output("${figures}/Interaction_downwind/_app_downup_rel_polischar${sample
> }${ster_suffix}") ///
>     type(politician) modvar(downup_ac)

-------------------------------------------------------------------------------
             |           Dependent  Number of        
        Name | Command    variable     param.  Title 
-------------+-----------------------------------------------------------------
      evreg1 | reghdfejl    countk          9  HDFE linear regression with
             |                                 Julia
-------------------------------------------------------------------------------
(results evreg1 are active now)

INTERACTION AUDIT (CONTROL-PRE STANDARDIZED): politician, estimate evreg1, mode
> rator downup_ac
Control pre  : b =     0.000000   95% CI [    0.000000,     0.000000]   90% CI 
> [    0.000000,     0.000000]
Control post : b =    -1.514813   95% CI [  -18.620297,    15.590670]   90% CI 
> [  -15.866291,    12.836664]
Treated post : b =    15.028311   95% CI [  -14.151233,    44.207854]   90% CI 
> [   -9.453287,    39.509908]
Difference   : b =    16.543124   SE =    11.333165   95% CI [   -5.695179,    
> 38.781428]   90% CI [   -2.114783,    35.201031]   p =  0.144670
(file /users/aquisper/proj_bureaucrats_farms/code/_stacked_downup_replication/.
> ./../figures/Interaction_downwind/_app_downup_rel_polischar_rice_high_1.png n
> ot found)
file /users/aquisper/proj_bureaucrats_farms/code/_stacked_downup_replication/..
> /../figures/Interaction_downwind/_app_downup_rel_polischar_rice_high_1.png wr
> itten in PNG format
Exported: /users/aquisper/proj_bureaucrats_farms/code/_stacked_downup_replicati
> on/../../figures/Interaction_downwind/_app_downup_rel_polischar_rice_high_1.p
> ng

. copy "${figures}/Interaction_downwind/_app_downup_rel_polischar${sample}${ste
> r_suffix}_1.png" ///
>      "${figures}/Interaction_downwind/_app_downup_rel_polischar${sample}${ste
> r_suffix}.png", replace
(file
    /users/aquisper/proj_bureaucrats_farms/code/_stacked_downup_replication/.
    > ./../figures/Interaction_downwind/_app_downup_rel_polischar_rice_high.p
    > ng not found)

. 
. display as result "Generated protest and politician interaction figures in ${
> figures}"
Generated protest and politician interaction figures in /users/aquisper/proj_bu
> reaucrats_farms/code/_stacked_downup_replication/../../figures

. 
end of do-file

. 
. display as result "COMPLETED: `dofile' at $S_DATE $S_TIME"
COMPLETED: _generate_interaction_plots.do at 25 Aug 2026 07:28:33

. 
end of do-file
