
  ___  ____  ____  ____  ____ ®
 /__    /   ____/   /   ____/      StataNow 19.5
___/   /   /___/   /   /___/       MP—Parallel Edition

 Statistics and Data Science       Copyright 1985-2025 StataCorp LLC
                                   StataCorp
                                   4905 Lakeway Drive
                                   College Station, Texas 77845 USA
                                   800-782-8272        https://www.stata.com
                                   979-696-4600        service@stata.com

Stata license: 4-user 16-core network, expiring 14 Sep 2026
Serial number: 501909301589
  Licensed to: University of Notre Dame
               Notre Dame, IN 46556

Notes:
      1. Stata is running in batch mode.
      2. Unicode is supported; see help unicode_advice.
      3. More than 2 billion observations are allowed; see help obs_advice.
      4. Maximum number of variables is set to 5,000 but can be increased;
          see help set_maxvar.

. do /users/aquisper/proj_bureaucrats_farms/code/_stacked_downup_replication/sb
> atch/_run_dofile.do 

. *****************************************************************************
> ***
. * Environment bridge: one invocation runs exactly one result-generating dofil
> e.
. *****************************************************************************
> ***
. 
. version 17

. set more off

. 
. local dofile        : environment FARMS_DOFILE

. local root          : environment FARMS_ROOT

. local code          : environment FARMS_CODE

. local location      : environment FARMS_LOCATION

. local sample        : environment FARMS_SAMPLE

. local is_rural_var  : environment FARMS_RURAL_VAR

. local fe_list       : environment FARMS_FE_LIST

. local ster_suffix   : environment FARMS_STER_SUFFIX

. local downup_var    : environment FARMS_DOWNUP_VAR

. local stacked_file  : environment FARMS_STACKED_FILE

. local did_output    : environment FARMS_DID_OUTPUT

. local control_samples : environment FARMS_CONTROL_SAMPLES

. local analysis_subsample : environment FARMS_ANALYSIS_SUBSAMPLE

. local processors    : environment FARMS_CPUS

. 
. if "`processors'" == "" local processors "1"

. set processors `processors'
    The maximum number of processors or cores being used is changed from 16
    to 1.  It can be set to any number between 1 and 16

. 
. if "`dofile'" == "" {
.     display as error "FARMS_DOFILE is empty; use sbatch/run_dofile.sbatch."
.     exit 198
. }

. if "`root'" == "" {
.     display as error "FARMS_ROOT is empty; use sbatch/run_dofile.sbatch."
.     exit 198
. }

. if "`code'" == "" {
.     display as error "FARMS_CODE is empty; use sbatch/run_dofile.sbatch."
.     exit 198
. }

. 
. if "`sample'" == "none" local sample ""

. if "`ster_suffix'" == "none" local ster_suffix ""

. if "`downup_var'" == "none" local downup_var ""

. if "`stacked_file'" == "none" local stacked_file ""

. if "`did_output'" == "none" local did_output ""

. if "`control_samples'" == "all" local control_samples ""

. if "`analysis_subsample'" == "all" local analysis_subsample ""

. 
. global root          "`root'"

. global code          "`code'"

. global location      "`location'"

. global sample        "`sample'"

. global is_rural_var  "`is_rural_var'"

. global fe_list       "`fe_list'"

. global ster_suffix   "`ster_suffix'"

. global downup_var    "`downup_var'"

. global stacked_file  "`stacked_file'"

. global did_output    "`did_output'"

. global control_samples "`control_samples'"

. global analysis_subsample "`analysis_subsample'"

. 
. global int_data    "${root}/data_output/intermediate"

. global int_farms   "${int_data}"

. global tables      "${code}/../../tables"

. global table_farms "${tables}"

. global figures     "${code}/../../figures"

. global figure_farms "${figures}"

. 
. capture mkdir "${tables}"

. capture mkdir "${figures}"

. capture mkdir "${code}/logs"

. 
. adopath ++ "${code}"
  [1]              "/users/aquisper/proj_bureaucrats_farms/code/_stacked_downup
> _replication"
  [2]  (BASE)      "/software/s/stata/19.5/ado/base/"
  [3]  (SITE)      "/software/s/stata/ado/"
  [4]              "."
  [5]  (PERSONAL)  "~/ado/personal/"
  [6]  (PLUS)      "~/ado/plus/"
  [7]  (OLDPLACE)  "~/ado/"

. capture noisily do "${code}/estsave_csv.ado"

. *! estsave_csv v1.2 - Export stored estimates and covariance matrices to CSV
. program define estsave_csv
  1.     version 14.0
  2.     syntax namelist using/, [replace append]
  3. 
.     local outfile `"`using'"'
  4.     tempfile coef_all coef_cur scalar_all scalar_cur
  5.     local first = 1
  6. 
.     foreach est of local namelist {
  7.         quietly estimates restore `est'
  8.         matrix b = e(b)
  9.         matrix V = e(V)
 10.         local k = colsof(b)
 11.         local cnames : colfullnames b
 12. 
.         preserve
 13.         clear
 14.         quietly set obs `k'
 15.         gen strL reg = "`est'"
 16.         gen strL var = ""
 17.         gen double beta = .
 18.         capture local ymean_val `"`e(ymean)'"'
 19.         if !_rc & `"`ymean_val'"' != "" gen strL ymean = `"`ymean_val'"'
 20.         else gen strL ymean = ""
 21. 
.         forvalues j = 1/`k' {
 22.             local nm : word `j' of `cnames'
 23.             quietly replace var = "`nm'" in `j'
 24.             quietly replace beta = b[1, `j'] in `j'
 25.             gen double cov`j' = .
 26.         }
 27.         forvalues i = 1/`k' {
 28.             forvalues j = 1/`k' {
 29.                 quietly replace cov`j' = V[`i', `j'] in `i'
 30.             }
 31.         }
 32.         quietly save `coef_cur', replace
 33.         if `first' quietly save `coef_all', replace
 34.         else {
 35.             quietly use `coef_all', clear
 36.             quietly append using `coef_cur'
 37.             quietly save `coef_all', replace
 38.         }
 39.         restore
 40. 
.         preserve
 41.         clear
 42.         quietly set obs 1
 43.         gen strL reg = "`est'"
 44.         local escalars : e(scalars)
 45.         foreach sc of local escalars {
 46.             local scval = e(`sc')
 47.             local safe = subinstr("`sc'", "-", "_", .)
 48.             capture gen double `safe' = `scval'
 49.             if _rc capture gen double sc_`safe' = `scval'
 50.         }
 51.         local emacros : e(macros)
 52.         foreach mc of local emacros {
 53.             capture local mcval `"`e(`mc')'"'
 54.             if !_rc & `"`mcval'"' != "" {
 55.                 if strlen(`"`mcval'"') > 244 local mcval = substr(`"`mcval
> '"', 1, 244)
 56.                 local safe = subinstr("`mc'", "-", "_", .)
 57.                 capture gen strL `safe' = `"`mcval'"'
 58.                 if _rc capture gen strL mc_`safe' = `"`mcval'"'
 59.             }
 60.         }
 61.         quietly save `scalar_cur', replace
 62.         if `first' {
 63.             quietly save `scalar_all', replace
 64.             local first = 0
 65.         }
 66.         else {
 67.             quietly use `scalar_all', clear
 68.             quietly append using `scalar_cur'
 69.             quietly save `scalar_all', replace
 70.         }
 71.         restore
 72.     }
 73. 
.     local basefile = subinstr(`"`outfile'"', ".csv", "", .)
 74.     quietly use `coef_all', clear
 75.     order reg var beta ymean
 76.     quietly export delimited using "`basefile'.csv", `replace' `append'
 77.     quietly use `scalar_all', clear
 78.     quietly export delimited using "`basefile'_scalars.csv", `replace' `ap
> pend'
 79.     display as result "Estimates exported to `basefile'.csv"
 80. end

. 
. 
end of do-file

. capture noisily do "${code}/estload_csv.ado"

. *! estload_csv v1.0 - Reconstruct estimate objects exported by estsave_csv
. program define estload_csv
  1.     version 14.0
  2.     syntax using/
  3. 
.     local infile `"`using'"'
  4.     local basefile = subinstr(`"`infile'"', ".csv", "", .)
  5.     preserve
  6.     quietly import delimited using "`basefile'.csv", clear varnames(1)
  7.     quietly levelsof reg, local(regs)
  8. 
.     foreach r of local regs {
  9.         preserve
 10.         quietly keep if reg == "`r'"
 11.         local k = _N
 12.         matrix b = J(1, `k', .)
 13.         matrix V = J(`k', `k', .)
 14.         local varnames ""
 15.         forvalues i = 1/`k' {
 16.             local vname = var[`i']
 17.             local varnames `"`varnames' `vname'"'
 18.             matrix b[1, `i'] = beta[`i']
 19.             forvalues j = 1/`k' {
 20.                 matrix V[`i', `j'] = cov`j'[`i']
 21.             }
 22.         }
 23.         matrix colnames b = `varnames'
 24.         matrix rownames V = `varnames'
 25.         matrix colnames V = `varnames'
 26.         restore, preserve
 27.         quietly ereturn post b V
 28.         estimates store `r'
 29.         display as text "Loaded estimate: `r'"
 30.     }
 31.     restore
 32. end

. 
. 
end of do-file

. 
. display "============================================================"
============================================================

. display "Independent dofile job: `dofile'"
Independent dofile job: _app_8_main_did_by_year.do

. display "Data root: ${root}"
Data root: /groups/sgulzar/sa_fires/proj_bureaucrats_farms

. display "Tables output: ${tables}"
Tables output: /users/aquisper/proj_bureaucrats_farms/code/_stacked_downup_repl
> ication/../../tables

. display "Figures output: ${figures}"
Figures output: /users/aquisper/proj_bureaucrats_farms/code/_stacked_downup_rep
> lication/../../figures

. display "Code root: ${code}"
Code root: /users/aquisper/proj_bureaucrats_farms/code/_stacked_downup_replicat
> ion

. display "Sample: ${sample}; rural: ${is_rural_var}; FE: ${fe_list}"
Sample: ; rural: is_rural; FE: 1/10

. display "Suffix: ${ster_suffix}; moderator: ${downup_var}"
Suffix: _rice_high; moderator: 

. display "Control samples: ${control_samples}"
Control samples: 

. display "Analysis subsample: ${analysis_subsample}"
Analysis subsample: rice_high

. display "Stata processors: " c(processors)
Stata processors: 1

. display "============================================================"
============================================================

. 
. do "${code}/`dofile'"

. *****************************************************************************
> ***
. * _app_main_did_by_year_rural.do
. * Replicates _app_main_did_by_year.R - RURAL GRIDS ONLY
. * DiD regressions by agricultural year (Sep-Aug)
. *****************************************************************************
> ***
. 
. *****************************************************************************
> ***
. * Setup - Only set globals if running standalone (not from master)
. *****************************************************************************
> ***
. 
. if "$root" == "" {
.     clear all
.     set more off
. 
.     global location "shell"
.     global sample ""
.     global is_rural_var "is_rural"
.     global fe_list "1/10"
.     global ster_suffix ""
. 
.     global shell "/groups/sgulzar/sa_fires/proj_bureaucrats_farms"
.     global dbox "/Users/anzony.quisperojas/Library/CloudStorage/Dropbox/sa_fi
> res/proj_bureaucrats_farms"
. 
.     if "$location" == "dbox" {
.         global root "$dbox"
.     }
.     else {
.         global root "$shell"
.     }
. }

. 
. cd "${root}"
/groups/sgulzar/sa_fires/proj_bureaucrats_farms

. global int_farms "${root}/data_output/intermediate"

. global table_farms "${code}/../../tables"

. global figure_farms "${code}/../../figures"

. *****************************************************************************
> ***
. * Import Data
. *****************************************************************************
> ***
. 
. import delimited using "${int_farms}/combined_dt_pop${sample}.csv", clear var
> names(1)
(encoding automatically selected: ISO-8859-1)
(20 vars, 95,976,111 obs)

. keep if inrange(relative_monthyear, -5, 6)
(37,385,876 observations deleted)

. display as text "Final event-study sample: relative_monthyear in [-5, 6]"
Final event-study sample: relative_monthyear in [-5, 6]

. 
. * Merge with rural classification
. merge m:1 unique_small_grid_id using "${root}/data_output/intermediate/ghs_gr
> id_classification_2000.dta", keepusing(is_rural)

    Result                      Number of obs
    -----------------------------------------
    Not matched                        59,933
        from master                         0  (_merge==1)
        from using                     59,933  (_merge==2)

    Matched                        58,590,235  (_merge==3)
    -----------------------------------------

. keep if _merge == 3
(59,933 observations deleted)

. drop _merge

. 
. * Keep only rural grids
. keep if ${is_rural_var} == 1
(13,625,380 observations deleted)

. 
. display "Observations after rural filter: " _N
Observations after rural filter: 44964855

. 
. * Do not drop grids that intersect more than one assembly constituency.
. * merge m:1 unique_small_grid_id using "${root}/data_output/intermediate/grid
> s_with_more_1_ac.dta"
. * drop if dpl_ac == 1
. * drop _merge
. 
. * Create count in thousands
. capture drop countk

. gen countk = count * 1000

. 
. * Filter data: year < 2022 or (year == 2022 & month <= 8)
. keep if year < 2022 | (year == 2022 & month <= 8)
(8,066,918 observations deleted)

. 
. * Sort data
. sort unique_small_grid_id monthyear

. 
. *****************************************************************************
> ***
. * Encode IDs
. *****************************************************************************
> ***
. 
. capture confirm numeric variable unique_small_grid_id

. if _rc {
.     encode unique_small_grid_id, gen(grid_id)
. }

. else {
.     gen grid_id = unique_small_grid_id
. }

. 
. capture confirm numeric variable ac_uq_id

. if _rc {
.     encode ac_uq_id, gen(ac_id)
. }

. else {
.     gen ac_id = ac_uq_id
. }

. 
. * Create cluster variable (stacked: interact with cohort)
. global cluster unique_small_grid_id#cohort ac_uq_id#cohort#monthyear

. 
. 
. * Count unique ACs
. do "${code}/_apply_analysis_subsample.do"

. *****************************************************************************
> ***
. * Apply the production analysis-subsample selection after the stacked dataset
. * and required native fields are loaded, but before any common-sample model.
. *
. * $analysis_subsample == ""          : retain the complete analysis sample
. * $analysis_subsample == "rice_high" : retain above-median AC rice production
. *****************************************************************************
> ***
. 
. if "$analysis_subsample" == "rice_high" {
.     capture confirm variable rice_prod_aclvl_ahigh
.     if _rc {
.         display as error ///
>             "rice_prod_aclvl_ahigh is missing from the stacked dataset. " ///
>             "Regenerate the stacked inputs from 0_master_dataset."
.         exit 111
.     }
. 
.     assert inlist(rice_prod_aclvl_ahigh, 0, 1)
.     quietly count
.     local subsample_before = r(N)
.     keep if rice_prod_aclvl_ahigh == 1
(20,227,833 observations deleted)
.     quietly count
.     local subsample_after = r(N)
.     if `subsample_after' == 0 {
.         display as error "The rice-high restriction removed every row."
.         exit 2000
.     }
.     display as result "ANALYSIS SAMPLE: rice_prod_aclvl_ahigh == 1"
ANALYSIS SAMPLE: rice_prod_aclvl_ahigh == 1
.     display as result "Rows retained: `subsample_after' of `subsample_before'
> "
Rows retained: 16670104 of 36897937
. }

. 
end of do-file

. 
. egen tag_ac = tag(ac_id)

. count if tag_ac == 1
  399

. local numacs = r(N)

. 
. *****************************************************************************
> ***
. * Run Regressions by Agricultural Year (Sep-Aug)
. *****************************************************************************
> ***
. 
. global controls av_wind_speed wind_direction

. 
. * Store year labels for table header
. local yearlabels ""

. 
. local i = 1

. forvalues yr = 2012/2021 {
  2. 
.     local yr_next = `yr' + 1
  3. 
.     * Define agricultural year: Sep of yr to Aug of yr+1
.     * (year == yr & month >= 9) | (year == yr+1 & month <= 8)
. 
.         preserve
  4.                 keep if (year == `yr' & month >= 9) | (year == `yr_next' &
>  month <= 8)
  5. 
.                 * Project-standard treated-group pre-treatment means for this
>  subsample.
.                 gen relative_year_bin = floor(relative_monthyear / 12)
  6.                 gen moderator = 0
  7.                 quietly summarize countk if treat == 1 & relative_year_bin
>  <= -1
  8.                 local meandv`i' = r(mean)
  9.                 quietly summarize countk if treat == 1 & relative_year_bin
>  <= -1 & moderator == 1
 10.                 local meandv2`i' = r(mean)
 11. 
.                 * Run regression
.                 reghdfejl countk downup_ac_pop $controls , ///
>                         absorb(grid_id#cohort ac_id#monthyear#cohort) cluster
> ($cluster )
 12. 
.                 * Store statistics
.                 estadd local gridfe "Y"
 13.                 estadd local acmonthfe "Y"
 14.                 estadd scalar ymean = `meandv`i''
 15.                 estadd scalar ymean2 = `meandv2`i''
 16.                 estadd scalar acq = `numacs'
 17.                 est store eq`i'
 18.                 
.     restore
 19. 
.     * Build year label
.     local yearlabels "`yearlabels' `yr'/`yr_next'"
 20. 
.     local i = `i' + 1
 21. }
(15,151,897 observations deleted)
(dropped 6601 singleton observations)
(MWFE estimator converged in 23 iterations)

HDFE linear regression with Julia                 Number of obs   =  1,511,606
Absorbing 2 HDFE groups                           F(   3,  40819) =       6.30
Statistics cluster-robust                         Prob > F        =     0.0003
                                                  R-squared       =     0.7050
                                                  Adj R-squared   =     0.6326
Number of clusters (unique_small_grid_id#cohort) =     257197Within R-sq.=     
> 0.0000
Number of clusters (ac_uq_id#cohort#monthyear) =      40820Root MSE=   830.2660

(Std. err. adjusted for 40,820 clusters in unique_small_grid_id#cohort ac_uq_id
> #cohort#monthyear)
------------------------------------------------------------------------------
             |               Robust
      countk | Coefficient  std. err.      t    P>|t|     [95% conf. interval]
-------------+----------------------------------------------------------------
downup_ac_~p |   8.002523   8.197227     0.98   0.329    -8.064223    24.06927
av_wind_sp~d |  -205.2521   47.91585    -4.28   0.000    -299.1682   -111.3359
wind_direc~n |  -.0015348   .0208807    -0.07   0.941    -.0424614    .0393918
------------------------------------------------------------------------------

added macro:
             e(gridfe) : "Y"

added macro:
          e(acmonthfe) : "Y"

added scalar:
              e(ymean) =  142.57998

added scalar:
             e(ymean2) =  .

added scalar:
                e(acq) =  399
(15,000,732 observations deleted)
(dropped 51067 singleton observations)
(MWFE estimator converged in 23 iterations)

HDFE linear regression with Julia                 Number of obs   =  1,618,305
Absorbing 2 HDFE groups                           F(   3,  47657) =       6.81
Statistics cluster-robust                         Prob > F        =     0.0001
                                                  R-squared       =     0.6928
                                                  Adj R-squared   =     0.6107
Number of clusters (unique_small_grid_id#cohort) =     293399Within R-sq.=     
> 0.0001
Number of clusters (ac_uq_id#cohort#monthyear) =      47657Root MSE=   797.2410

(Std. err. adjusted for 47,657 clusters in unique_small_grid_id#cohort ac_uq_id
> #cohort#monthyear)
------------------------------------------------------------------------------
             |               Robust
      countk | Coefficient  std. err.      t    P>|t|     [95% conf. interval]
-------------+----------------------------------------------------------------
downup_ac_~p |  -4.721111   9.392336    -0.50   0.615    -23.13022      13.688
av_wind_sp~d |  -185.9493    43.4711    -4.28   0.000    -271.1533   -100.7454
wind_direc~n |  -.1144832   .0714728    -1.60   0.109    -.2545708    .0256044
------------------------------------------------------------------------------

added macro:
             e(gridfe) : "Y"

added macro:
          e(acmonthfe) : "Y"

added scalar:
              e(ymean) =  148.18766

added scalar:
             e(ymean2) =  .

added scalar:
                e(acq) =  399
(15,006,880 observations deleted)
(dropped 50371 singleton observations)
(MWFE estimator converged in 25 iterations)

HDFE linear regression with Julia                 Number of obs   =  1,612,853
Absorbing 2 HDFE groups                           F(   3,  47449) =       1.77
Statistics cluster-robust                         Prob > F        =     0.1496
                                                  R-squared       =     0.7283
                                                  Adj R-squared   =     0.6560
Number of clusters (unique_small_grid_id#cohort) =     291300Within R-sq.=     
> 0.0000
Number of clusters (ac_uq_id#cohort#monthyear) =      47450Root MSE=   841.4315

(Std. err. adjusted for 47,450 clusters in unique_small_grid_id#cohort ac_uq_id
> #cohort#monthyear)
------------------------------------------------------------------------------
             |               Robust
      countk | Coefficient  std. err.      t    P>|t|     [95% conf. interval]
-------------+----------------------------------------------------------------
downup_ac_~p |   6.043388   8.246646     0.73   0.464    -10.12015    22.20693
av_wind_sp~d |  -29.48021   53.68297    -0.55   0.583    -134.6996    75.73916
wind_direc~n |  -.0623178   .0296044    -2.11   0.035    -.1203429   -.0042928
------------------------------------------------------------------------------

added macro:
             e(gridfe) : "Y"

added macro:
          e(acmonthfe) : "Y"

added scalar:
              e(ymean) =  127.59038

added scalar:
             e(ymean2) =  .

added scalar:
                e(acq) =  399
(14,994,945 observations deleted)
(dropped 48462 singleton observations)
(MWFE estimator converged in 25 iterations)

HDFE linear regression with Julia                 Number of obs   =  1,626,697
Absorbing 2 HDFE groups                           F(   3,  47749) =       5.77
Statistics cluster-robust                         Prob > F        =     0.0006
                                                  R-squared       =     0.6701
                                                  Adj R-squared   =     0.5834
Number of clusters (unique_small_grid_id#cohort) =     290682Within R-sq.=     
> 0.0000
Number of clusters (ac_uq_id#cohort#monthyear) =      47750Root MSE=   845.7860

(Std. err. adjusted for 47,750 clusters in unique_small_grid_id#cohort ac_uq_id
> #cohort#monthyear)
------------------------------------------------------------------------------
             |               Robust
      countk | Coefficient  std. err.      t    P>|t|     [95% conf. interval]
-------------+----------------------------------------------------------------
downup_ac_~p |  -3.255672   8.389755    -0.39   0.698    -19.69971    13.18836
av_wind_sp~d |  -41.55399   55.83326    -0.74   0.457    -150.9879    67.87996
wind_direc~n |   .1262884   .0306776     4.12   0.000     .0661599    .1864168
------------------------------------------------------------------------------

added macro:
             e(gridfe) : "Y"

added macro:
          e(acmonthfe) : "Y"

added scalar:
              e(ymean) =  146.47098

added scalar:
             e(ymean2) =  .

added scalar:
                e(acq) =  399
(14,984,726 observations deleted)
(dropped 52570 singleton observations)
(MWFE estimator converged in 22 iterations)

HDFE linear regression with Julia                 Number of obs   =  1,632,808
Absorbing 2 HDFE groups                           F(   3,  47621) =       6.50
Statistics cluster-robust                         Prob > F        =     0.0002
                                                  R-squared       =     0.7325
                                                  Adj R-squared   =     0.6636
Number of clusters (unique_small_grid_id#cohort) =     287161Within R-sq.=     
> 0.0000
Number of clusters (ac_uq_id#cohort#monthyear) =      47621Root MSE=   954.6738

(Std. err. adjusted for 47,621 clusters in unique_small_grid_id#cohort ac_uq_id
> #cohort#monthyear)
------------------------------------------------------------------------------
             |               Robust
      countk | Coefficient  std. err.      t    P>|t|     [95% conf. interval]
-------------+----------------------------------------------------------------
downup_ac_~p |  -11.87328    10.6512    -1.11   0.265    -32.74978    9.003227
av_wind_sp~d |   32.07491   73.27714     0.44   0.662    -111.5493    175.6991
wind_direc~n |  -.1748995   .0412485    -4.24   0.000    -.2557472   -.0940517
------------------------------------------------------------------------------

added macro:
             e(gridfe) : "Y"

added macro:
          e(acmonthfe) : "Y"

added scalar:
              e(ymean) =  152.03505

added scalar:
             e(ymean2) =  .

added scalar:
                e(acq) =  399
(14,994,149 observations deleted)
(dropped 47416 singleton observations)
(MWFE estimator converged in 25 iterations)

HDFE linear regression with Julia                 Number of obs   =  1,628,539
Absorbing 2 HDFE groups                           F(   3,  47677) =       1.52
Statistics cluster-robust                         Prob > F        =     0.2067
                                                  R-squared       =     0.6372
                                                  Adj R-squared   =     0.5416
Number of clusters (unique_small_grid_id#cohort) =     292134Within R-sq.=     
> 0.0000
Number of clusters (ac_uq_id#cohort#monthyear) =      47678Root MSE=   859.7543

(Std. err. adjusted for 47,678 clusters in unique_small_grid_id#cohort ac_uq_id
> #cohort#monthyear)
------------------------------------------------------------------------------
             |               Robust
      countk | Coefficient  std. err.      t    P>|t|     [95% conf. interval]
-------------+----------------------------------------------------------------
downup_ac_~p |  -12.40422   10.76798    -1.15   0.249    -33.50961    8.701173
av_wind_sp~d |  -22.08794   61.34904    -0.36   0.719    -142.3329    98.15703
wind_direc~n |  -.0358407   .0202647    -1.77   0.077    -.0755599    .0038785
------------------------------------------------------------------------------

added macro:
             e(gridfe) : "Y"

added macro:
          e(acmonthfe) : "Y"

added scalar:
              e(ymean) =  163.60366

added scalar:
             e(ymean2) =  .

added scalar:
                e(acq) =  399
(14,973,224 observations deleted)
(dropped 49671 singleton observations)
(MWFE estimator converged in 23 iterations)

HDFE linear regression with Julia                 Number of obs   =  1,647,209
Absorbing 2 HDFE groups                           F(   3,  48371) =       1.14
Statistics cluster-robust                         Prob > F        =     0.3303
                                                  R-squared       =     0.6845
                                                  Adj R-squared   =     0.6025
Number of clusters (unique_small_grid_id#cohort) =     291396Within R-sq.=     
> 0.0000
Number of clusters (ac_uq_id#cohort#monthyear) =      48372Root MSE=   887.1547

(Std. err. adjusted for 48,372 clusters in unique_small_grid_id#cohort ac_uq_id
> #cohort#monthyear)
------------------------------------------------------------------------------
             |               Robust
      countk | Coefficient  std. err.      t    P>|t|     [95% conf. interval]
-------------+----------------------------------------------------------------
downup_ac_~p |   -19.1554   11.89024    -1.61   0.107    -42.46043    4.149619
av_wind_sp~d |   65.14783   59.58485     1.09   0.274    -51.63924    181.9349
wind_direc~n |   .0036276   .0426484     0.09   0.932    -.0799638     .087219
------------------------------------------------------------------------------

added macro:
             e(gridfe) : "Y"

added macro:
          e(acmonthfe) : "Y"

added scalar:
              e(ymean) =  188.13115

added scalar:
             e(ymean2) =  .

added scalar:
                e(acq) =  399
(14,978,651 observations deleted)
(dropped 52088 singleton observations)
(MWFE estimator converged in 25 iterations)

HDFE linear regression with Julia                 Number of obs   =  1,639,365
Absorbing 2 HDFE groups                           F(   3,  48913) =       0.98
Statistics cluster-robust                         Prob > F        =     0.4025
                                                  R-squared       =     0.6598
                                                  Adj R-squared   =     0.5703
Number of clusters (unique_small_grid_id#cohort) =     292770Within R-sq.=     
> 0.0000
Number of clusters (ac_uq_id#cohort#monthyear) =      48914Root MSE=   679.3395

(Std. err. adjusted for 48,914 clusters in unique_small_grid_id#cohort ac_uq_id
> #cohort#monthyear)
------------------------------------------------------------------------------
             |               Robust
      countk | Coefficient  std. err.      t    P>|t|     [95% conf. interval]
-------------+----------------------------------------------------------------
downup_ac_~p |  -7.351506   8.122147    -0.91   0.365    -23.27101    8.568003
av_wind_sp~d |   32.81083   44.62309     0.74   0.462    -54.65099    120.2726
wind_direc~n |  -.0233104   .0178938    -1.30   0.193    -.0583825    .0117617
------------------------------------------------------------------------------

added macro:
             e(gridfe) : "Y"

added macro:
          e(acmonthfe) : "Y"

added scalar:
              e(ymean) =  108.90109

added scalar:
             e(ymean2) =  .

added scalar:
                e(acq) =  399
(14,966,588 observations deleted)
(dropped 52484 singleton observations)
(MWFE estimator converged in 23 iterations)

HDFE linear regression with Julia                 Number of obs   =  1,651,032
Absorbing 2 HDFE groups                           F(   3,  48735) =       2.82
Statistics cluster-robust                         Prob > F        =     0.0376
                                                  R-squared       =     0.7345
                                                  Adj R-squared   =     0.6653
Number of clusters (unique_small_grid_id#cohort) =     292678Within R-sq.=     
> 0.0000
Number of clusters (ac_uq_id#cohort#monthyear) =      48736Root MSE=   905.3508

(Std. err. adjusted for 48,736 clusters in unique_small_grid_id#cohort ac_uq_id
> #cohort#monthyear)
------------------------------------------------------------------------------
             |               Robust
      countk | Coefficient  std. err.      t    P>|t|     [95% conf. interval]
-------------+----------------------------------------------------------------
downup_ac_~p |  -13.69034   11.32692    -1.21   0.227    -35.89125    8.510572
av_wind_sp~d |   -20.5329   59.34941    -0.35   0.729    -136.8585     95.7927
wind_direc~n |  -.0601585   .0236135    -2.55   0.011    -.1064412   -.0138758
------------------------------------------------------------------------------

added macro:
             e(gridfe) : "Y"

added macro:
          e(acmonthfe) : "Y"

added scalar:
              e(ymean) =  153.51372

added scalar:
             e(ymean2) =  .

added scalar:
                e(acq) =  399
(14,979,144 observations deleted)
(dropped 56807 singleton observations)
(MWFE estimator converged in 24 iterations)

HDFE linear regression with Julia                 Number of obs   =  1,634,153
Absorbing 2 HDFE groups                           F(   3,  48837) =      15.00
Statistics cluster-robust                         Prob > F        =     0.0000
                                                  R-squared       =     0.7491
                                                  Adj R-squared   =     0.6828
Number of clusters (unique_small_grid_id#cohort) =     292797Within R-sq.=     
> 0.0001
Number of clusters (ac_uq_id#cohort#monthyear) =      48837Root MSE=   972.6488

(Std. err. adjusted for 48,837 clusters in unique_small_grid_id#cohort ac_uq_id
> #cohort#monthyear)
------------------------------------------------------------------------------
             |               Robust
      countk | Coefficient  std. err.      t    P>|t|     [95% conf. interval]
-------------+----------------------------------------------------------------
downup_ac_~p |  -2.759484   11.72793    -0.24   0.814    -25.74637     20.2274
av_wind_sp~d |   255.9148   70.37458     3.64   0.000     117.9797    393.8499
wind_direc~n |  -.1904499   .0373402    -5.10   0.000    -.2636373   -.1172626
------------------------------------------------------------------------------

added macro:
             e(gridfe) : "Y"

added macro:
          e(acmonthfe) : "Y"

added scalar:
              e(ymean) =  163.15939

added scalar:
             e(ymean2) =  .

added scalar:
                e(acq) =  399

. 
. *****************************************************************************
> ***
. * Save ster file
. *****************************************************************************
> ***
. 
. estwrite eq* using ///
>     "${code}/../../tables/_app_8_main_did_by_year${sample}_rural_stacked${ste
> r_suffix}.ster", replace
(saving eq1)
(saving eq2)
(saving eq3)
(saving eq4)
(saving eq5)
(saving eq6)
(saving eq7)
(saving eq8)
(saving eq9)
(saving eq10)
(file /users/aquisper/proj_bureaucrats_farms/code/_stacked_downup_replication/.
> ./../tables/_app_8_main_did_by_year_rural_stacked_rice_high.ster saved)

. 
. display "Ster: ${code}/../../tables/_app_8_main_did_by_year${sample}_rural_st
> acked${ster_suffix}.ster"
Ster: /users/aquisper/proj_bureaucrats_farms/code/_stacked_downup_replication/.
> ./../tables/_app_8_main_did_by_year_rural_stacked_rice_high.ster

. 
. *****************************************************************************
> ***
. 
end of do-file

. 
. display as result "COMPLETED: `dofile' at $S_DATE $S_TIME"
COMPLETED: _app_8_main_did_by_year.do at 25 Aug 2026 07:20:34

. 
end of do-file
