
  ___  ____  ____  ____  ____ ®
 /__    /   ____/   /   ____/      StataNow 19.5
___/   /   /___/   /   /___/       MP—Parallel Edition

 Statistics and Data Science       Copyright 1985-2025 StataCorp LLC
                                   StataCorp
                                   4905 Lakeway Drive
                                   College Station, Texas 77845 USA
                                   800-782-8272        https://www.stata.com
                                   979-696-4600        service@stata.com

Stata license: 4-user 16-core network, expiring 14 Sep 2026
Serial number: 501909301589
  Licensed to: University of Notre Dame
               Notre Dame, IN 46556

Notes:
      1. Stata is running in batch mode.
      2. Unicode is supported; see help unicode_advice.
      3. More than 2 billion observations are allowed; see help obs_advice.
      4. Maximum number of variables is set to 5,000 but can be increased;
          see help set_maxvar.

. do /users/aquisper/proj_bureaucrats_farms/code/_stacked_downup_replication/sb
> atch/_run_dofile.do 

. *****************************************************************************
> ***
. * Environment bridge: one invocation runs exactly one result-generating dofil
> e.
. *****************************************************************************
> ***
. 
. version 17

. set more off

. 
. local dofile        : environment FARMS_DOFILE

. local root          : environment FARMS_ROOT

. local code          : environment FARMS_CODE

. local location      : environment FARMS_LOCATION

. local sample        : environment FARMS_SAMPLE

. local is_rural_var  : environment FARMS_RURAL_VAR

. local fe_list       : environment FARMS_FE_LIST

. local ster_suffix   : environment FARMS_STER_SUFFIX

. local downup_var    : environment FARMS_DOWNUP_VAR

. local stacked_file  : environment FARMS_STACKED_FILE

. local did_output    : environment FARMS_DID_OUTPUT

. local control_samples : environment FARMS_CONTROL_SAMPLES

. local analysis_subsample : environment FARMS_ANALYSIS_SUBSAMPLE

. local processors    : environment FARMS_CPUS

. 
. if "`processors'" == "" local processors "1"

. set processors `processors'
    The maximum number of processors or cores being used is changed from 16
    to 1.  It can be set to any number between 1 and 16

. 
. if "`dofile'" == "" {
.     display as error "FARMS_DOFILE is empty; use sbatch/run_dofile.sbatch."
.     exit 198
. }

. if "`root'" == "" {
.     display as error "FARMS_ROOT is empty; use sbatch/run_dofile.sbatch."
.     exit 198
. }

. if "`code'" == "" {
.     display as error "FARMS_CODE is empty; use sbatch/run_dofile.sbatch."
.     exit 198
. }

. 
. if "`sample'" == "none" local sample ""

. if "`ster_suffix'" == "none" local ster_suffix ""

. if "`downup_var'" == "none" local downup_var ""

. if "`stacked_file'" == "none" local stacked_file ""

. if "`did_output'" == "none" local did_output ""

. if "`control_samples'" == "all" local control_samples ""

. if "`analysis_subsample'" == "all" local analysis_subsample ""

. 
. global root          "`root'"

. global code          "`code'"

. global location      "`location'"

. global sample        "`sample'"

. global is_rural_var  "`is_rural_var'"

. global fe_list       "`fe_list'"

. global ster_suffix   "`ster_suffix'"

. global downup_var    "`downup_var'"

. global stacked_file  "`stacked_file'"

. global did_output    "`did_output'"

. global control_samples "`control_samples'"

. global analysis_subsample "`analysis_subsample'"

. 
. global int_data    "${root}/data_output/intermediate"

. global int_farms   "${int_data}"

. global tables      "${code}/../../tables"

. global table_farms "${tables}"

. global figures     "${code}/../../figures"

. global figure_farms "${figures}"

. 
. capture mkdir "${tables}"

. capture mkdir "${figures}"

. capture mkdir "${code}/logs"

. 
. adopath ++ "${code}"
  [1]              "/users/aquisper/proj_bureaucrats_farms/code/_stacked_downup
> _replication"
  [2]  (BASE)      "/software/s/stata/19.5/ado/base/"
  [3]  (SITE)      "/software/s/stata/ado/"
  [4]              "."
  [5]  (PERSONAL)  "~/ado/personal/"
  [6]  (PLUS)      "~/ado/plus/"
  [7]  (OLDPLACE)  "~/ado/"

. capture noisily do "${code}/estsave_csv.ado"

. *! estsave_csv v1.2 - Export stored estimates and covariance matrices to CSV
. program define estsave_csv
  1.     version 14.0
  2.     syntax namelist using/, [replace append]
  3. 
.     local outfile `"`using'"'
  4.     tempfile coef_all coef_cur scalar_all scalar_cur
  5.     local first = 1
  6. 
.     foreach est of local namelist {
  7.         quietly estimates restore `est'
  8.         matrix b = e(b)
  9.         matrix V = e(V)
 10.         local k = colsof(b)
 11.         local cnames : colfullnames b
 12. 
.         preserve
 13.         clear
 14.         quietly set obs `k'
 15.         gen strL reg = "`est'"
 16.         gen strL var = ""
 17.         gen double beta = .
 18.         capture local ymean_val `"`e(ymean)'"'
 19.         if !_rc & `"`ymean_val'"' != "" gen strL ymean = `"`ymean_val'"'
 20.         else gen strL ymean = ""
 21. 
.         forvalues j = 1/`k' {
 22.             local nm : word `j' of `cnames'
 23.             quietly replace var = "`nm'" in `j'
 24.             quietly replace beta = b[1, `j'] in `j'
 25.             gen double cov`j' = .
 26.         }
 27.         forvalues i = 1/`k' {
 28.             forvalues j = 1/`k' {
 29.                 quietly replace cov`j' = V[`i', `j'] in `i'
 30.             }
 31.         }
 32.         quietly save `coef_cur', replace
 33.         if `first' quietly save `coef_all', replace
 34.         else {
 35.             quietly use `coef_all', clear
 36.             quietly append using `coef_cur'
 37.             quietly save `coef_all', replace
 38.         }
 39.         restore
 40. 
.         preserve
 41.         clear
 42.         quietly set obs 1
 43.         gen strL reg = "`est'"
 44.         local escalars : e(scalars)
 45.         foreach sc of local escalars {
 46.             local scval = e(`sc')
 47.             local safe = subinstr("`sc'", "-", "_", .)
 48.             capture gen double `safe' = `scval'
 49.             if _rc capture gen double sc_`safe' = `scval'
 50.         }
 51.         local emacros : e(macros)
 52.         foreach mc of local emacros {
 53.             capture local mcval `"`e(`mc')'"'
 54.             if !_rc & `"`mcval'"' != "" {
 55.                 if strlen(`"`mcval'"') > 244 local mcval = substr(`"`mcval
> '"', 1, 244)
 56.                 local safe = subinstr("`mc'", "-", "_", .)
 57.                 capture gen strL `safe' = `"`mcval'"'
 58.                 if _rc capture gen strL mc_`safe' = `"`mcval'"'
 59.             }
 60.         }
 61.         quietly save `scalar_cur', replace
 62.         if `first' {
 63.             quietly save `scalar_all', replace
 64.             local first = 0
 65.         }
 66.         else {
 67.             quietly use `scalar_all', clear
 68.             quietly append using `scalar_cur'
 69.             quietly save `scalar_all', replace
 70.         }
 71.         restore
 72.     }
 73. 
.     local basefile = subinstr(`"`outfile'"', ".csv", "", .)
 74.     quietly use `coef_all', clear
 75.     order reg var beta ymean
 76.     quietly export delimited using "`basefile'.csv", `replace' `append'
 77.     quietly use `scalar_all', clear
 78.     quietly export delimited using "`basefile'_scalars.csv", `replace' `ap
> pend'
 79.     display as result "Estimates exported to `basefile'.csv"
 80. end

. 
. 
end of do-file

. capture noisily do "${code}/estload_csv.ado"

. *! estload_csv v1.0 - Reconstruct estimate objects exported by estsave_csv
. program define estload_csv
  1.     version 14.0
  2.     syntax using/
  3. 
.     local infile `"`using'"'
  4.     local basefile = subinstr(`"`infile'"', ".csv", "", .)
  5.     preserve
  6.     quietly import delimited using "`basefile'.csv", clear varnames(1)
  7.     quietly levelsof reg, local(regs)
  8. 
.     foreach r of local regs {
  9.         preserve
 10.         quietly keep if reg == "`r'"
 11.         local k = _N
 12.         matrix b = J(1, `k', .)
 13.         matrix V = J(`k', `k', .)
 14.         local varnames ""
 15.         forvalues i = 1/`k' {
 16.             local vname = var[`i']
 17.             local varnames `"`varnames' `vname'"'
 18.             matrix b[1, `i'] = beta[`i']
 19.             forvalues j = 1/`k' {
 20.                 matrix V[`i', `j'] = cov`j'[`i']
 21.             }
 22.         }
 23.         matrix colnames b = `varnames'
 24.         matrix rownames V = `varnames'
 25.         matrix colnames V = `varnames'
 26.         restore, preserve
 27.         quietly ereturn post b V
 28.         estimates store `r'
 29.         display as text "Loaded estimate: `r'"
 30.     }
 31.     restore
 32. end

. 
. 
end of do-file

. 
. display "============================================================"
============================================================

. display "Independent dofile job: `dofile'"
Independent dofile job: _app_16_polischar_fe12_evst_all.do

. display "Data root: ${root}"
Data root: /groups/sgulzar/sa_fires/proj_bureaucrats_farms

. display "Tables output: ${tables}"
Tables output: /users/aquisper/proj_bureaucrats_farms/code/_stacked_downup_repl
> ication/../../tables

. display "Figures output: ${figures}"
Figures output: /users/aquisper/proj_bureaucrats_farms/code/_stacked_downup_rep
> lication/../../figures

. display "Code root: ${code}"
Code root: /users/aquisper/proj_bureaucrats_farms/code/_stacked_downup_replicat
> ion

. display "Sample: ${sample}; rural: ${is_rural_var}; FE: ${fe_list}"
Sample: ; rural: is_rural; FE: 1

. display "Suffix: ${ster_suffix}; moderator: ${downup_var}"
Suffix: _acpop_rice_high; moderator: downup_ac_pop

. display "Control samples: ${control_samples}"
Control samples: 

. display "Analysis subsample: ${analysis_subsample}"
Analysis subsample: rice_high

. display "Stata processors: " c(processors)
Stata processors: 1

. display "============================================================"
============================================================

. 
. do "${code}/`dofile'"

. *****************************************************************************
> ***
. * Politician-characteristics event study (rural stacked sample)
. *
. * Input: politicians_characteristics_byprov${sample}.csv.
. * Final sample: the input's unchanged treated/control composition, as in the
. * politician_byprov_fe_sweep exploratory analysis. The canonical output keeps
. * the historical _controls_both suffix for downstream plotting compatibility.
. * Final FE (selected as FE03): grid x province-election cohort_id,
. * province-cohort linear month-year trends, and event year x cohort_id.
. *
. * The caller selects downup_ac or downup_ac_pop through $downup_var and uses
. * $ster_suffix (normally "" or "_acpop") to keep the two result families apar
> t.
. *****************************************************************************
> ***
. 
. if "$root" == "" {
.     clear all
.     set more off
. 
.     * Standalone defaults for the five sbatch-array parameters:
.     * location, sample, is_rural_var, fe_list, and ster_suffix.
.     global location     "shell"
.     global sample       ""
.     global is_rural_var "is_rural"
.     global fe_list      "1"
.     global ster_suffix  ""
.     global control_samples "both"
. 
.     global shell "/groups/sgulzar/sa_fires/proj_bureaucrats_farms"
.     global dbox  "/Users/anzony.quisperojas/Library/CloudStorage/Dropbox/sa_f
> ires/proj_bureaucrats_farms"
.     global code_shell "/users/aquisper/proj_bureaucrats_farms/code/_stacked_d
> ownup_replication"
.     global code_dbox  "/Users/anzony.quisperojas/Documents/GitHub/proj_bureau
> crats_farms/code/_stacked_downup_replication"
. 
.     if "$location" == "dbox" {
.         global root "$dbox"
.         global code "$code_dbox"
.     }
.     else {
.         global root "$shell"
.         global code "$code_shell"
.     }
.     quietly do "${code}/estsave_csv.ado"
. }

. 
. if "$downup_var" == "" {
.     global downup_var "downup_ac_pop"
. }

. if "$control_samples" == "" {
.     global control_samples "both"
. }

. 
. global int_data "${root}/data_output/intermediate"

. global tables   "${code}/../../tables"

. 
. import delimited using "${int_data}/politicians_characteristics_byprov${sampl
> e}.csv", ///
>     clear varnames(1)
(encoding automatically selected: ISO-8859-1)
(27 vars, 16,496,199 obs)

. 
. * The new stack stores relative_year; retain the established analysis name.
. capture confirm variable relative_year_bin

. if _rc {
.     confirm variable relative_year
.     rename relative_year relative_year_bin
. }

. 
. * Always express the fire-count outcome in thousands.
. capture drop countk

. gen countk = count * 1000

. 
. merge m:1 unique_small_grid_id using ///
>     "${int_data}/ghs_grid_classification_2000.dta", ///
>     keep(master match) keepusing(is_rural)

    Result                      Number of obs
    -----------------------------------------
    Not matched                             0
    Matched                        16,496,199  (_merge==3)
    -----------------------------------------

. drop _merge

. keep if ${is_rural_var} == 1
(4,219,068 observations deleted)

. keep if year < 2022 | (year == 2022 & month <= 8)
(2,358,054 observations deleted)

. keep if inrange(relative_year_bin, -5, 4)
(1,650,238 observations deleted)

. 
. * The politician stack carries the only substantive rice moderator used here.
. confirm variable rice_prod_aclvl_ahigh

. assert inlist(rice_prod_aclvl_ahigh, 0, 1)

. 
. confirm variable control_type

. confirm variable cohort_id

. confirm variable cohort_province

. assert control_type == 0 if treat == 1

. assert inlist(control_type, 1, 2) if treat == 0

. assert cohort_id == floor(cohort_id) & cohort_id > 0

. 
. sort cohort_id unique_small_grid_id monthyear

. by cohort_id: assert province == province[1]

. by cohort_id: assert cohort == cohort[1]

. by cohort_id: assert cohort_province == cohort_province[1]

. by cohort_id unique_small_grid_id: assert treat == treat[1]

. by cohort_id unique_small_grid_id: assert control_type == control_type[1]

. isid unique_small_grid_id monthyear cohort_id treat

. 
. egen unique_small_grid_id_cohort = group(unique_small_grid_id cohort_id)

. egen province_cohort = group(province cohort_id)

. egen ac_elec_yr = group(ac_uq_id election_year cohort_id)

. 
. quietly summarize relative_year_bin

. local rmin = r(min)

. gen relative_year_bin_aux = relative_year_bin - `rmin' + 1

. local base = -1 - `rmin' + 1

. 
. * Final FE03 selected by the province-cohort exploratory sweep.
. local fe1 "unique_small_grid_id_cohort province_cohort#c.monthyear relative_y
> ear_bin_aux#cohort_id"

. 
. local filter1 "1"

. gen moderator = 0

. 
. * Baseline plus the only substantive event-study moderator.
. local moderators_list moderator rice_prod_aclvl_ahigh

. 
. do "${code}/_apply_analysis_subsample.do"

. *****************************************************************************
> ***
. * Apply the production analysis-subsample selection after the stacked dataset
. * and required native fields are loaded, but before any common-sample model.
. *
. * $analysis_subsample == ""          : retain the complete analysis sample
. * $analysis_subsample == "rice_high" : retain above-median AC rice production
. *****************************************************************************
> ***
. 
. if "$analysis_subsample" == "rice_high" {
.     capture confirm variable rice_prod_aclvl_ahigh
.     if _rc {
.         display as error ///
>             "rice_prod_aclvl_ahigh is missing from the stacked dataset. " ///
>             "Regenerate the stacked inputs from 0_master_dataset."
.         exit 111
.     }
. 
.     assert inlist(rice_prod_aclvl_ahigh, 0, 1)
.     quietly count
.     local subsample_before = r(N)
.     keep if rice_prod_aclvl_ahigh == 1
(4,551,026 observations deleted)
.     quietly count
.     local subsample_after = r(N)
.     if `subsample_after' == 0 {
.         display as error "The rice-high restriction removed every row."
.         exit 2000
.     }
.     display as result "ANALYSIS SAMPLE: rice_prod_aclvl_ahigh == 1"
ANALYSIS SAMPLE: rice_prod_aclvl_ahigh == 1
.     display as result "Rows retained: `subsample_after' of `subsample_before'
> "
Rows retained: 3717813 of 8268839
. }

. 
end of do-file

. 
. tempfile analysis_base

. save `analysis_base'
file /tmp/1383860.1.largemem/St1087404.000001 saved as .dta format

. 
. foreach control_sample in $control_samples {
  2.     if !inlist("`control_sample'", "never", "both", "notyet") {
  3.         display as error "Unknown control sample: `control_sample'"
  4.         exit 198
  5.     }
  6.     use `analysis_base', clear
  7. 
.     local control_suffix "_controls_never"
  8.     if "`control_sample'" == "never" {
  9.         keep if treat == 1 | control_type == 1
 10.     }
 11.     else if "`control_sample'" == "both" {
 12.         local control_suffix "_controls_both"
 13.     }
 14.     else if "`control_sample'" == "notyet" {
 15.         keep if treat == 1 | control_type == 2
 16.         local control_suffix "_controls_notyet"
 17.         display as error ///
>             "CAUTION: control_type 2 is the legacy partial-zero-spell group; 
> " ///
>             "it is not a pure not-yet-treated sample."
 18.     }
 19. 
.     display as text "Politician event study: controls=`control_sample', downu
> p=${downup_var}, N=" _N
 20. 
.     * Use the richest rice-moderated FE03 event study to define a common samp
> le
.     * for the baseline and moderated estimates.
.     quietly reghdfejl countk ///
>         ib`base'.relative_year_bin_aux##ib0.treat##ib0.rice_prod_aclvl_ahigh 
> ///
>         wind_direction av_wind_speed, absorb(`fe1') vce(cluster ac_elec_yr)
 21.     gen byte common_sample = e(sample)
 22.     keep if common_sample
 23.     drop common_sample
 24.     local common_n = _N
 25. 
.     egen tag_ac = tag(ac_uq_id)
 26.     count if tag_ac == 1
 27.     local numacs = r(N)
 28. 
.     est clear
 29.     local i = 1
 30.     local estimate_names ""
 31.     foreach mod of local moderators_list {
 32.         replace moderator = `mod'
 33.         local rhs "ib`base'.relative_year_bin_aux##ib0.treat##ib0.`mod' wi
> nd_direction av_wind_speed"
 34.         local fcond `filter1'
 35. 
.         quietly summarize countk if treat == 1 & relative_year_bin <= -1 & `f
> cond'
 36.         local ymean = r(mean)
 37.         quietly summarize countk if treat == 1 & relative_year_bin <= -1 &
>  moderator == 1 & `fcond'
 38.         local ymean2 = r(mean)
 39. 
.         foreach fe of numlist $fe_list {
 40.             local fespec `fe`fe''
 41.             reghdfejl countk `rhs' if `fcond', ///
>                 absorb(`fespec') vce(cluster ac_elec_yr)
 42.             assert e(N) == `common_n'
 43. 
.             estadd scalar ymean  = `ymean'
 44.             estadd scalar ymean2 = `ymean2'
 45.             estadd scalar acq    = `numacs'
 46.             estadd local smpl "Rural"
 47.             estadd local fespec "fe`fe'"
 48.             estadd local mod "`mod'"
 49.             estadd local controls "`control_sample'"
 50.             local estname evreg`i'
 51.             local i = `i' + 1
 52.             est store `estname'
 53.             local estimate_names "`estimate_names' `estname'"
 54.         }
 55.     }
 56. 
.     local outbase "${tables}/_app_16_polischar_fe12_evst_all${sample}_rural${
> ster_suffix}`control_suffix'"
 57.     estwrite evreg* using "`outbase'.ster", replace
 58.     confirm file "`outbase'.ster"
 59.     display as result "Saved: `outbase'.ster"
 60. }
Politician event study: controls=both, downup=downup_ac_pop, N=3717813
(0 observations deleted)
  335
(0 real changes made)
(MWFE estimator converged in 19 iterations)

HDFE linear regression with Julia                 Number of obs   =  3,717,813
Absorbing 3 HDFE groups                           F(  11,   1047) =      25.83
Statistics cluster-robust                         Prob > F        =     0.0000
                                                  R-squared       =     0.1048
                                                  Adj R-squared   =     0.0929
Number of clusters (ac_elec_yr) =       1047      Within R-sq.    =     0.0139
                                                  Root MSE        =  1337.6973

                         (Std. err. adjusted for 1,047 clusters in ac_elec_yr)
------------------------------------------------------------------------------
             |               Robust
      countk | Coefficient  std. err.      t    P>|t|     [95% conf. interval]
-------------+----------------------------------------------------------------
relative_y~x |
          1  |          0  (omitted)
          2  |          0  (omitted)
          3  |          0  (omitted)
          4  |          0  (omitted)
          6  |          0  (omitted)
          7  |          0  (omitted)
          8  |          0  (omitted)
          9  |          0  (omitted)
         10  |          0  (omitted)
             |
     1.treat |          0  (omitted)
wind_direc~n |  -1.561928   .0937268   -16.66   0.000    -1.745841   -1.378014
av_wind_sp~d |   152.0866   19.24365     7.90   0.000     114.3261    189.8471
             |
relative_y~x#|
       treat |
        1 1  |   1.708909   14.98684     0.11   0.909    -27.69876    31.11658
        2 1  |   15.17606   11.52759     1.32   0.188    -7.443738    37.79587
        3 1  |   24.15761   12.21527     1.98   0.048     .1884123     48.1268
        4 1  |   15.49037   11.14689     1.39   0.165    -6.382409    37.36315
        6 1  |   32.08103   11.07878     2.90   0.004     10.34188    53.82017
        7 1  |    45.9615    12.5311     3.67   0.000     21.37257    70.55044
        8 1  |   36.26921   14.40102     2.52   0.012     8.011057    64.52735
        9 1  |   52.57389   16.38768     3.21   0.001     20.41747    84.73032
       10 1  |   23.16166   13.68909     1.69   0.091     -3.69952    50.02284
------------------------------------------------------------------------------

added scalar:
              e(ymean) =  194.69149

added scalar:
             e(ymean2) =  .

added scalar:
                e(acq) =  335

added macro:
               e(smpl) : "Rural"

added macro:
             e(fespec) : "fe1"

added macro:
                e(mod) : "moderator"

added macro:
           e(controls) : "both"
(3,717,813 real changes made)
(MWFE estimator converged in 19 iterations)

HDFE linear regression with Julia                 Number of obs   =  3,717,813
Absorbing 3 HDFE groups                           F(  11,   1047) =      25.83
Statistics cluster-robust                         Prob > F        =     0.0000
                                                  R-squared       =     0.1048
                                                  Adj R-squared   =     0.0929
Number of clusters (ac_elec_yr) =       1047      Within R-sq.    =     0.0139
                                                  Root MSE        =  1337.6973

                         (Std. err. adjusted for 1,047 clusters in ac_elec_yr)
------------------------------------------------------------------------------
             |               Robust
      countk | Coefficient  std. err.      t    P>|t|     [95% conf. interval]
-------------+----------------------------------------------------------------
relative_y~x |
          1  |          0  (omitted)
          2  |          0  (omitted)
          3  |          0  (omitted)
          4  |          0  (omitted)
          6  |          0  (omitted)
          7  |          0  (omitted)
          8  |          0  (omitted)
          9  |          0  (omitted)
         10  |          0  (omitted)
             |
     1.treat |          0  (omitted)
wind_direc~n |  -1.561928   .0937268   -16.66   0.000    -1.745841   -1.378014
av_wind_sp~d |   152.0866   19.24365     7.90   0.000     114.3261    189.8471
             |
relative_y~x#|
       treat |
        1 1  |   1.708909   14.98684     0.11   0.909    -27.69876    31.11658
        2 1  |   15.17606   11.52759     1.32   0.188    -7.443738    37.79587
        3 1  |   24.15761   12.21527     1.98   0.048     .1884123     48.1268
        4 1  |   15.49037   11.14689     1.39   0.165    -6.382409    37.36315
        6 1  |   32.08103   11.07878     2.90   0.004     10.34188    53.82017
        7 1  |    45.9615    12.5311     3.67   0.000     21.37257    70.55044
        8 1  |   36.26921   14.40102     2.52   0.012     8.011057    64.52735
        9 1  |   52.57389   16.38768     3.21   0.001     20.41747    84.73032
       10 1  |   23.16166   13.68909     1.69   0.091     -3.69952    50.02284
------------------------------------------------------------------------------

added scalar:
              e(ymean) =  194.69149

added scalar:
             e(ymean2) =  194.69149

added scalar:
                e(acq) =  335

added macro:
               e(smpl) : "Rural"

added macro:
             e(fespec) : "fe1"

added macro:
                e(mod) : "rice_prod_aclvl_ahigh"

added macro:
           e(controls) : "both"
(saving evreg1)
(saving evreg2)
(file /users/aquisper/proj_bureaucrats_farms/code/_stacked_downup_replication/.
> ./../tables/_app_16_polischar_fe12_evst_all_rural_acpop_rice_high_controls_bo
> th.ster saved)
Saved: /users/aquisper/proj_bureaucrats_farms/code/_stacked_downup_replication/
> ../../tables/_app_16_polischar_fe12_evst_all_rural_acpop_rice_high_controls_b
> oth.ster

. 
. *****************************************************************************
> ***
. 
end of do-file

. 
. display as result "COMPLETED: `dofile' at $S_DATE $S_TIME"
COMPLETED: _app_16_polischar_fe12_evst_all.do at 25 Aug 2026 07:16:24

. 
end of do-file
