
  ___  ____  ____  ____  ____ ®
 /__    /   ____/   /   ____/      StataNow 19.5
___/   /   /___/   /   /___/       MP—Parallel Edition

 Statistics and Data Science       Copyright 1985-2025 StataCorp LLC
                                   StataCorp
                                   4905 Lakeway Drive
                                   College Station, Texas 77845 USA
                                   800-782-8272        https://www.stata.com
                                   979-696-4600        service@stata.com

Stata license: 4-user 16-core network, expiring 14 Sep 2026
Serial number: 501909301589
  Licensed to: University of Notre Dame
               Notre Dame, IN 46556

Notes:
      1. Stata is running in batch mode.
      2. Unicode is supported; see help unicode_advice.
      3. More than 2 billion observations are allowed; see help obs_advice.
      4. Maximum number of variables is set to 5,000 but can be increased;
          see help set_maxvar.

. do /users/aquisper/proj_bureaucrats_farms/code/_stacked_downup_replication/sb
> atch/_run_dofile.do 

. *****************************************************************************
> ***
. * Environment bridge: one invocation runs exactly one result-generating dofil
> e.
. *****************************************************************************
> ***
. 
. version 17

. set more off

. 
. local dofile        : environment FARMS_DOFILE

. local root          : environment FARMS_ROOT

. local code          : environment FARMS_CODE

. local location      : environment FARMS_LOCATION

. local sample        : environment FARMS_SAMPLE

. local is_rural_var  : environment FARMS_RURAL_VAR

. local fe_list       : environment FARMS_FE_LIST

. local ster_suffix   : environment FARMS_STER_SUFFIX

. local downup_var    : environment FARMS_DOWNUP_VAR

. local stacked_file  : environment FARMS_STACKED_FILE

. local did_output    : environment FARMS_DID_OUTPUT

. local processors    : environment FARMS_CPUS

. 
. if "`processors'" == "" local processors "1"

. set processors `processors'
    The maximum number of processors or cores being used is changed from 16
    to 1.  It can be set to any number between 1 and 16

. 
. if "`dofile'" == "" {
.     display as error "FARMS_DOFILE is empty; use sbatch/run_dofile.sbatch."
.     exit 198
. }

. if "`root'" == "" {
.     display as error "FARMS_ROOT is empty; use sbatch/run_dofile.sbatch."
.     exit 198
. }

. if "`code'" == "" {
.     display as error "FARMS_CODE is empty; use sbatch/run_dofile.sbatch."
.     exit 198
. }

. 
. if "`sample'" == "none" local sample ""

. if "`ster_suffix'" == "none" local ster_suffix ""

. if "`downup_var'" == "none" local downup_var ""

. if "`stacked_file'" == "none" local stacked_file ""

. if "`did_output'" == "none" local did_output ""

. 
. global root          "`root'"

. global code          "`code'"

. global location      "`location'"

. global sample        "`sample'"

. global is_rural_var  "`is_rural_var'"

. global fe_list       "`fe_list'"

. global ster_suffix   "`ster_suffix'"

. global downup_var    "`downup_var'"

. global stacked_file  "`stacked_file'"

. global did_output    "`did_output'"

. 
. global int_data    "${root}/data_output/intermediate"

. global int_farms   "${int_data}"

. global tables      "${root}/tex/paper/tables"

. global table_farms "${tables}"

. global figures     "${root}/tex/paper/figures"

. global figure_farms "${figures}"

. 
. capture mkdir "${root}/tex"

. capture mkdir "${root}/tex/paper"

. capture mkdir "${tables}"

. capture mkdir "${figures}"

. capture mkdir "${code}/logs"

. 
. adopath ++ "${code}"
  [1]              "/users/aquisper/proj_bureaucrats_farms/code/_stacked_downup
> _replication"
  [2]  (BASE)      "/software/s/stata/19.5/ado/base/"
  [3]  (SITE)      "/software/s/stata/ado/"
  [4]              "."
  [5]  (PERSONAL)  "~/ado/personal/"
  [6]  (PLUS)      "~/ado/plus/"
  [7]  (OLDPLACE)  "~/ado/"

. capture noisily do "${code}/estsave_csv.ado"

. *! estsave_csv v1.2 - Export stored estimates and covariance matrices to CSV
. program define estsave_csv
  1.     version 14.0
  2.     syntax namelist using/, [replace append]
  3. 
.     local outfile `"`using'"'
  4.     tempfile coef_all coef_cur scalar_all scalar_cur
  5.     local first = 1
  6. 
.     foreach est of local namelist {
  7.         quietly estimates restore `est'
  8.         matrix b = e(b)
  9.         matrix V = e(V)
 10.         local k = colsof(b)
 11.         local cnames : colfullnames b
 12. 
.         preserve
 13.         clear
 14.         quietly set obs `k'
 15.         gen strL reg = "`est'"
 16.         gen strL var = ""
 17.         gen double beta = .
 18.         capture local ymean_val `"`e(ymean)'"'
 19.         if !_rc & `"`ymean_val'"' != "" gen strL ymean = `"`ymean_val'"'
 20.         else gen strL ymean = ""
 21. 
.         forvalues j = 1/`k' {
 22.             local nm : word `j' of `cnames'
 23.             quietly replace var = "`nm'" in `j'
 24.             quietly replace beta = b[1, `j'] in `j'
 25.             gen double cov`j' = .
 26.         }
 27.         forvalues i = 1/`k' {
 28.             forvalues j = 1/`k' {
 29.                 quietly replace cov`j' = V[`i', `j'] in `i'
 30.             }
 31.         }
 32.         quietly save `coef_cur', replace
 33.         if `first' quietly save `coef_all', replace
 34.         else {
 35.             quietly use `coef_all', clear
 36.             quietly append using `coef_cur'
 37.             quietly save `coef_all', replace
 38.         }
 39.         restore
 40. 
.         preserve
 41.         clear
 42.         quietly set obs 1
 43.         gen strL reg = "`est'"
 44.         local escalars : e(scalars)
 45.         foreach sc of local escalars {
 46.             local scval = e(`sc')
 47.             local safe = subinstr("`sc'", "-", "_", .)
 48.             capture gen double `safe' = `scval'
 49.             if _rc capture gen double sc_`safe' = `scval'
 50.         }
 51.         local emacros : e(macros)
 52.         foreach mc of local emacros {
 53.             capture local mcval `"`e(`mc')'"'
 54.             if !_rc & `"`mcval'"' != "" {
 55.                 if strlen(`"`mcval'"') > 244 local mcval = substr(`"`mcval
> '"', 1, 244)
 56.                 local safe = subinstr("`mc'", "-", "_", .)
 57.                 capture gen strL `safe' = `"`mcval'"'
 58.                 if _rc capture gen strL mc_`safe' = `"`mcval'"'
 59.             }
 60.         }
 61.         quietly save `scalar_cur', replace
 62.         if `first' {
 63.             quietly save `scalar_all', replace
 64.             local first = 0
 65.         }
 66.         else {
 67.             quietly use `scalar_all', clear
 68.             quietly append using `scalar_cur'
 69.             quietly save `scalar_all', replace
 70.         }
 71.         restore
 72.     }
 73. 
.     local basefile = subinstr(`"`outfile'"', ".csv", "", .)
 74.     quietly use `coef_all', clear
 75.     order reg var beta ymean
 76.     quietly export delimited using "`basefile'.csv", `replace' `append'
 77.     quietly use `scalar_all', clear
 78.     quietly export delimited using "`basefile'_scalars.csv", `replace' `ap
> pend'
 79.     display as result "Estimates exported to `basefile'.csv"
 80. end

. 
. 
end of do-file

. capture noisily do "${code}/estload_csv.ado"

. *! estload_csv v1.0 - Reconstruct estimate objects exported by estsave_csv
. program define estload_csv
  1.     version 14.0
  2.     syntax using/
  3. 
.     local infile `"`using'"'
  4.     local basefile = subinstr(`"`infile'"', ".csv", "", .)
  5.     preserve
  6.     quietly import delimited using "`basefile'.csv", clear varnames(1)
  7.     quietly levelsof reg, local(regs)
  8. 
.     foreach r of local regs {
  9.         preserve
 10.         quietly keep if reg == "`r'"
 11.         local k = _N
 12.         matrix b = J(1, `k', .)
 13.         matrix V = J(`k', `k', .)
 14.         local varnames ""
 15.         forvalues i = 1/`k' {
 16.             local vname = var[`i']
 17.             local varnames `"`varnames' `vname'"'
 18.             matrix b[1, `i'] = beta[`i']
 19.             forvalues j = 1/`k' {
 20.                 matrix V[`i', `j'] = cov`j'[`i']
 21.             }
 22.         }
 23.         matrix colnames b = `varnames'
 24.         matrix rownames V = `varnames'
 25.         matrix colnames V = `varnames'
 26.         restore, preserve
 27.         quietly ereturn post b V
 28.         estimates store `r'
 29.         display as text "Loaded estimate: `r'"
 30.     }
 31.     restore
 32. end

. 
. 
end of do-file

. 
. display "============================================================"
============================================================

. display "Independent dofile job: `dofile'"
Independent dofile job: _generate_all_tables.do

. display "Data/output root: ${root}"
Data/output root: /groups/sgulzar/sa_fires/proj_bureaucrats_farms

. display "Code root: ${code}"
Code root: /users/aquisper/proj_bureaucrats_farms/code/_stacked_downup_replicat
> ion

. display "Sample: ${sample}; rural: ${is_rural_var}; FE: ${fe_list}"
Sample: ; rural: is_rural; FE: 1

. display "Suffix: ${ster_suffix}; moderator: ${downup_var}"
Suffix: ; moderator: 

. display "Stata processors: " c(processors)
Stata processors: 1

. display "============================================================"
============================================================

. 
. do "${code}/`dofile'"

. *****************************************************************************
> ***
. * _generate_all_tables.do
. * Single LaTeX-table entry point for rural area and population specifications
. * Run this AFTER analysis do-files have produced .ster files.
. *
. * NOTE: the stacked analyses (main_1, main_3, app_7, app_8, app_9, app_10,
. * app_20) now read the "_rural_stacked.ster" files those do-files write.
. * The analyses not yet converted to the stacked design (main_4, main_5,
. * app_14, app_15) still read their "_rural_acpop.ster" files.
. * The .tex output filenames are unchanged (_rural_acpop.tex) so downstream
. * \input's keep resolving.
. *
. * Also writes a single side-by-side comparison document:
. *   ${tables}/_comparison_downup_ac_vs_acpop.tex
. * which \input's BOTH the original (_rural.tex) and the new (_rural_acpop.tex
> )
. * tables so they can be eyeballed in one PDF.
. *
. * This dofile is intended to run LOCALLY (location="dbox") - it reads ster
. * files and writes tex. The analysis dofiles handle the cluster work.
. *****************************************************************************
> ***
. 
. *****************************************************************************
> ***
. * Setup
. *****************************************************************************
> ***
. 
. if "$root" == "" {
.     clear all
.     set more off
. 
.     global location "shell"
.     global sample ""
. 
.     global shell "/groups/sgulzar/sa_fires/proj_bureaucrats_farms"
.     global dbox "/Users/anzony.quisperojas/Library/CloudStorage/Dropbox/sa_fi
> res/proj_bureaucrats_farms"
. 
.     if "$location" == "dbox" {
.         global root "$dbox"
.     }
.     else {
.         global root "$shell"
.     }
. }

. 
. global tables "${root}/tex/paper/tables"

. 
. *****************************************************************************
> ***
. * Helper: strip trailing zeros from one or more e()-stored stats.
. *****************************************************************************
> ***
. 
. capture program drop _strip_zeros_stats

. program define _strip_zeros_stats
  1.     syntax , Models(string) Stats(string)
  2.     foreach m of local models {
  3.         capture estimates restore `m'
  4.         if _rc continue
  5.         foreach s of local stats {
  6.             capture local rnum = e(`s')
  7.             if _rc continue
  8.             local raw = strtrim(string(`rnum', "%9.3f"))
  9.             local cleaned = regexr(regexr("`raw'", "0+$", ""), "\.$", "")
 10.             estadd local `s'_clean "`cleaned'"
 11.         }
 12.         estimates store `m'
 13.     }
 14. end

. 
. *****************************************************************************
> ***
. * 0. Area-weighted tables generated by the new stacked master
. *****************************************************************************
> ***
. 
. est clear

. capture noisily estread using ///
>     "${tables}/main_did_downup_area_ac${sample}_rural_stacked.ster"

-------------------------------------------------------------------------------
             |           Dependent  Number of        
        Name | Command    variable     param.  Title 
-------------+-----------------------------------------------------------------
         eq1 | reghdfejl    countk          3  HDFE linear regression with
             |                                 Julia
         eq2 | reghdfejl    countk          3  HDFE linear regression with
             |                                 Julia
         eq3 | reghdfejl    countk          3  HDFE linear regression with
             |                                 Julia
         eq4 | reghdfejl    countk          3  HDFE linear regression with
             |                                 Julia
-------------------------------------------------------------------------------

. capture noisily esttab eq1 eq2 eq3 eq4 using ///
>     "${tables}/main_did_downup_area_ac${sample}_rural.tex", ///
>     replace cells(b(fmt(3) star) se(par fmt(3))) ///
>     star(* 0.10 ** 0.05 *** 0.01) keep(downup_ac) ///
>     stats(N acq ymean, fmt(%12.0fc %12.0fc 3) ///
>           labels("Observations" "N Assembly Constituencies" "Mean DV")) ///
>     nomtitles nonumbers collabels(none) nobaselevels
(file
    /groups/sgulzar/sa_fires/proj_bureaucrats_farms/tex/paper/tables/main_did
    > _downup_area_ac_rural.tex not found)
(output written to /groups/sgulzar/sa_fires/proj_bureaucrats_farms/tex/paper/ta
> bles/main_did_downup_area_ac_rural.tex)

. 
. est clear

. capture noisily estread using ///
>     "${tables}/_main_4_protest_5km_fe12_did_downup${sample}_rural.ster"

-------------------------------------------------------------------------------
             |           Dependent  Number of        
        Name | Command    variable     param.  Title 
-------------+-----------------------------------------------------------------
      evreg1 | reghdfejl    countk          5  HDFE linear regression with
             |                                 Julia
      evreg2 | reghdfejl    countk          5  HDFE linear regression with
             |                                 Julia
      evreg3 | reghdfejl    countk          5  HDFE linear regression with
             |                                 Julia
      evreg4 | reghdfejl    countk          9  HDFE linear regression with
             |                                 Julia
      evreg5 | reghdfejl    countk          9  HDFE linear regression with
             |                                 Julia
      evreg6 | reghdfejl    countk          9  HDFE linear regression with
             |                                 Julia
-------------------------------------------------------------------------------

. capture noisily esttab evreg1 evreg2 evreg3 evreg4 evreg5 evreg6 using ///
>     "${tables}/_main_4_protest_5km_fe12_did_downup${sample}_rural.tex", ///
>     replace cells(b(fmt(3) star) se(par fmt(3))) ///
>     star(* 0.10 ** 0.05 *** 0.01) keep(*post_*treat*) ///
>     stats(N acq ymean ymean2, fmt(%12.0fc %12.0fc 3 3) ///
>           labels("Observations" "N Assembly Constituencies" ///
>                  "Mean DV" "Mean DV, moderator=1")) ///
>     nomtitles nonumbers collabels(none) nobaselevels
(file
    /groups/sgulzar/sa_fires/proj_bureaucrats_farms/tex/paper/tables/_main_4_
    > protest_5km_fe12_did_downup_rural.tex not found)
(output written to /groups/sgulzar/sa_fires/proj_bureaucrats_farms/tex/paper/ta
> bles/_main_4_protest_5km_fe12_did_downup_rural.tex)

. 
. est clear

. capture noisily estread using ///
>     "${tables}/_main_5_polischar_fe12_did_downup_inter${sample}_rural.ster"

-------------------------------------------------------------------------------
             |           Dependent  Number of        
        Name | Command    variable     param.  Title 
-------------+-----------------------------------------------------------------
      evreg1 | reghdfejl    countk          5  HDFE linear regression with
             |                                 Julia
      evreg2 | reghdfejl    countk          5  HDFE linear regression with
             |                                 Julia
      evreg3 | reghdfejl    countk          5  HDFE linear regression with
             |                                 Julia
      evreg4 | reghdfejl    countk          9  HDFE linear regression with
             |                                 Julia
      evreg5 | reghdfejl    countk          9  HDFE linear regression with
             |                                 Julia
      evreg6 | reghdfejl    countk          9  HDFE linear regression with
             |                                 Julia
-------------------------------------------------------------------------------

. capture noisily esttab evreg1 evreg2 evreg3 evreg4 evreg5 evreg6 using ///
>     "${tables}/_main_5_polischar_fe12_did_downup_inter${sample}_rural.tex", /
> //
>     replace cells(b(fmt(3) star) se(par fmt(3))) ///
>     star(* 0.10 ** 0.05 *** 0.01) keep(*post_*treat*) ///
>     stats(N acq ymean ymean2, fmt(%12.0fc %12.0fc 3 3) ///
>           labels("Observations" "N Assembly Constituencies" ///
>                  "Mean DV" "Mean DV, moderator=1")) ///
>     nomtitles nonumbers collabels(none) nobaselevels
(file
    /groups/sgulzar/sa_fires/proj_bureaucrats_farms/tex/paper/tables/_main_5_
    > polischar_fe12_did_downup_inter_rural.tex not found)
(output written to /groups/sgulzar/sa_fires/proj_bureaucrats_farms/tex/paper/ta
> bles/_main_5_polischar_fe12_did_downup_inter_rural.tex)

. 
. *****************************************************************************
> ***
. * 1. Main DiD Table (_main_1_did)
. *****************************************************************************
> ***
. est clear

. estread using "${tables}/main_did_downup_pop_ac${sample}_rural_stacked.ster"

-------------------------------------------------------------------------------
             |           Dependent  Number of        
        Name | Command    variable     param.  Title 
-------------+-----------------------------------------------------------------
         eq1 | reghdfejl    countk          3  HDFE linear regression with
             |                                 Julia
         eq2 | reghdfejl    countk          3  HDFE linear regression with
             |                                 Julia
         eq3 | reghdfejl    countk          3  HDFE linear regression with
             |                                 Julia
         eq4 | reghdfejl    countk          3  HDFE linear regression with
             |                                 Julia
-------------------------------------------------------------------------------

. _strip_zeros_stats, models(eq1 eq2 eq3 eq4) stats(ymean)

added macro:
        e(ymean_clean) : ""

added macro:
        e(ymean_clean) : "136.898"

added macro:
        e(ymean_clean) : "136.898"

added macro:
        e(ymean_clean) : "136.898"

. 
. esttab eq1 eq2 eq3 eq4 using "${tables}/main_did_downup_ac${sample}_rural_acp
> op.tex", ///
>     replace ///
>     cells(b(fmt(3) star) se(par fmt(3))) ///
>     star(* 0.10 ** 0.05 *** 0.01) ///
>     keep(downup_ac_pop) ///
>     order(downup_ac_pop) ///
>     varlabels(downup_ac_pop "Down \$>\$ Up Population") ///
>     stats(N acq monthyearfe acfe acmonthfe gridfe ymean_clean, ///
>           fmt(%12.0fc %12.0fc %s %s %s %s %s) ///
>           labels("Observations" "N Assembly Constituencies" ///
>                  "Month-Year FE" "AC FE" "AC \$\times\$ Month-Year FE" "Grid 
> FE" "Mean DV")) ///
>     nomtitles nonumbers ///
>     collabels(none) ///
>     nobaselevels ///
>     prehead("{" ///
>             "\def\sym#1{\ifmmode^{#1}\else\(^{#1}\)\fi}" ///
>             "\begin{tabular}{l*{4}{c}}" ///
>             "\hline" ///
>             "            &\multicolumn{1}{c}{(1)}         &\multicolumn{1}{c}
> {(2)}         &\multicolumn{1}{c}{(3)}         &\multicolumn{1}{c}{(4)}      
>    \\" ///
>             "            & \multicolumn{4}{c}{Number of Fires (in 1,000 units
> )} \\ \hline") ///
>     posthead("") ///
>     postfoot("\hline" "\end{tabular}" "}")
(file
    /groups/sgulzar/sa_fires/proj_bureaucrats_farms/tex/paper/tables/main_did
    > _downup_ac_rural_acpop.tex not found)
(output written to /groups/sgulzar/sa_fires/proj_bureaucrats_farms/tex/paper/ta
> bles/main_did_downup_ac_rural_acpop.tex)

. 
. display "Generated: main_did_downup_ac_rural_acpop.tex"
Generated: main_did_downup_ac_rural_acpop.tex

. 
. *****************************************************************************
> ***
. * 2. Bureaucrat-Politician DiD (_main_3_bureau_polisc_did)
. *****************************************************************************
> ***
. est clear

. estread using "${tables}/_main_3_bureau_polisc_did${sample}_rural_stacked.ste
> r"

-------------------------------------------------------------------------------
             |           Dependent  Number of        
        Name | Command    variable     param.  Title 
-------------+-----------------------------------------------------------------
         eq1 | regress      countk          6  Linear regression
         eq2 | reghdfejl    countk          5  HDFE linear regression with
             |                                 Julia
         eq3 | reghdfejl    countk          5  HDFE linear regression with
             |                                 Julia
         eq4 | reghdfejl    countk          5  HDFE linear regression with
             |                                 Julia
         eq5 | reghdfejl    countk          5  HDFE linear regression with
             |                                 Julia
-------------------------------------------------------------------------------

. _strip_zeros_stats, models(eq1 eq2 eq3 eq4 eq5) stats(ymean ymean2)

added macro:
        e(ymean_clean) : "164.435"

added macro:
       e(ymean2_clean) : "177.681"

added macro:
        e(ymean_clean) : "164.435"

added macro:
       e(ymean2_clean) : "177.681"

added macro:
        e(ymean_clean) : "164.435"

added macro:
       e(ymean2_clean) : "177.681"

added macro:
        e(ymean_clean) : "164.435"

added macro:
       e(ymean2_clean) : "177.681"

added macro:
        e(ymean_clean) : "164.435"

added macro:
       e(ymean2_clean) : "177.681"

. 
. esttab eq1 eq2 eq3 eq4 eq5 using "${tables}/_main_3_bureau_polisc_did${sample
> }_rural_acpop.tex", ///
>     replace ///
>     cells(b(fmt(3) star) se(par fmt(3))) ///
>     star(* 0.10 ** 0.05 *** 0.01) ///
>     keep(downup_ac_pop downup_dummy downup_interaction) ///
>     order( downup_dummy downup_ac_pop downup_interaction) ///
>     varlabels(downup_ac_pop "Down\$>\$ Up Politician (Pop)" ///
>               downup_dummy "Down\$>\$ Up Bureaucrat" ///
>               downup_interaction "Down\$>\$ Up Pol. (Pop) \$\times\$ Down\$>\
> $ Up Bur.") ///
>     stats(N nacs ndists monthyearfe acfe  acmonthfe distmonthfe gridfe ymean2
> _clean, ///
>           fmt(%12.0fc %12.0fc %12.0fc %s %s %s %s %s %s) ///
>           labels("Observations" "N Assembly Constituencies" "N Districts" ///
>                  "Month-Year FE" "AC FE" "AC \$\times\$ Month-Year FE" "Distr
> ict \$\times\$ Month-Year FE" "Grid FE" "Mean DV")) ///
>     nomtitles nonumbers ///
>     collabels(none) ///
>     nobaselevels ///
>     prehead("{\def\sym#1{\ifmmode^{#1}\else\(^{#1}\)\fi}" ///
>             "\begin{tabular}{l*{5}{c}}" ///
>             "\hline" ///
>             " & (1) & (2) & (3) & (4) & (5) \\" ///
>             " & \multicolumn{5}{c}{Number of Fires (in 1,000 units)} \\ \hlin
> e") ///
>     posthead("") ///
>     postfoot("\hline" "\end{tabular}" "}")
(file
    /groups/sgulzar/sa_fires/proj_bureaucrats_farms/tex/paper/tables/_main_3_
    > bureau_polisc_did_rural_acpop.tex not found)
(output written to /groups/sgulzar/sa_fires/proj_bureaucrats_farms/tex/paper/ta
> bles/_main_3_bureau_polisc_did_rural_acpop.tex)

. 
. display "Generated: _main_3_bureau_polisc_did_rural_acpop.tex"
Generated: _main_3_bureau_polisc_did_rural_acpop.tex

. 
. *****************************************************************************
> ***
. * 3. Protest DiD with Downup (_main_4_protest_5km_fe12_did_downup)
. *****************************************************************************
> ***
. est clear

. estread using "${tables}/_main_4_protest_5km_fe12_did_downup${sample}_rural_a
> cpop.ster"

-------------------------------------------------------------------------------
             |           Dependent  Number of        
        Name | Command    variable     param.  Title 
-------------+-----------------------------------------------------------------
      evreg1 | reghdfejl    countk          5  HDFE linear regression with
             |                                 Julia
      evreg2 | reghdfejl    countk          5  HDFE linear regression with
             |                                 Julia
      evreg3 | reghdfejl    countk          5  HDFE linear regression with
             |                                 Julia
      evreg4 | reghdfejl    countk          9  HDFE linear regression with
             |                                 Julia
      evreg5 | reghdfejl    countk          9  HDFE linear regression with
             |                                 Julia
      evreg6 | reghdfejl    countk          9  HDFE linear regression with
             |                                 Julia
-------------------------------------------------------------------------------

. _strip_zeros_stats, models(evreg1 evreg2 evreg3 evreg4 evreg5 evreg6) stats(y
> mean ymean2 ymean3)

added macro:
        e(ymean_clean) : "446.213"

added macro:
       e(ymean2_clean) : ""

added macro:
       e(ymean3_clean) : ""

added macro:
        e(ymean_clean) : "446.213"

added macro:
       e(ymean2_clean) : ""

added macro:
       e(ymean3_clean) : ""

added macro:
        e(ymean_clean) : "446.213"

added macro:
       e(ymean2_clean) : ""

added macro:
       e(ymean3_clean) : ""

added macro:
        e(ymean_clean) : "446.213"

added macro:
       e(ymean2_clean) : "440.214"

added macro:
       e(ymean3_clean) : ""

added macro:
        e(ymean_clean) : "446.213"

added macro:
       e(ymean2_clean) : "440.214"

added macro:
       e(ymean3_clean) : ""

added macro:
        e(ymean_clean) : "446.213"

added macro:
       e(ymean2_clean) : "440.214"

added macro:
       e(ymean3_clean) : ""

. 
. esttab evreg1 evreg2 evreg3 evreg4 evreg5 evreg6 ///
>     using "${tables}/_main_4_protest_5km_fe12_did_downup${sample}_rural_acpop
> _new.tex", ///
>     replace ///
>     cells(b(fmt(3) star) se(par fmt(3))) ///
>     star(* 0.10 ** 0.05 *** 0.01) ///
>     keep(1.post_#1.treat ///
>           1.moderator ///
>           1.post_#1.moderator ///
>           1.treat#1.moderator ///
>           1.post_#1.treat#1.moderator) ///
>     order(1.post_#1.treat ///
>           1.moderator ///
>           1.post_#1.moderator ///
>           1.treat#1.moderator ///
>           1.post_#1.treat#1.moderator) ///
>     varlabels(1.post_#1.treat "Post \$\times\$ Protest" ///
>               1.moderator "Down \$>\$ Up (Pop)" ///
>               1.post_#1.moderator "Post \$\times\$ Down \$>\$ Up (Pop)" ///
>               1.treat#1.moderator "Protest \$\times\$ Down \$>\$ Up (Pop)" //
> /
>               1.post_#1.treat#1.moderator "Post \$\times\$ Protest \$\times\$
>  Down \$>\$ Up (Pop)") ///
>     stats(      N    acq gridfe time electionfe provtrendfe ymean_clean ymean
> 2_clean, ///
>           fmt(%12.0fc  %s    %s %s    %s         %s          %s          %s) 
> ///
>           labels("Observations" "N Assembly Constituencies" ///
>                  "Grid FE" "Relative Time FE" "Legislature FE" "Province Tren
> d FE" ///
>                  "Mean DV" "Mean DV2 (Down\$>\$Up=1)")) ///
>     nomtitles nonumbers ///
>     collabels(none) ///
>     nobaselevels ///
>     prehead("{" ///
>             "\def\sym#1{\ifmmode^{#1}\else\(^{#1}\)\fi}" ///
>             "\begin{tabular}{l*{6}{c}}" ///
>             "\hline" ///
>             "            &\multicolumn{1}{c}{(1)}         &\multicolumn{1}{c}
> {(2)}         &\multicolumn{1}{c}{(3)}         &\multicolumn{1}{c}{(4)}      
>    &\multicolumn{1}{c}{(5)}         &\multicolumn{1}{c}{(6)}         \\" ///
>             "            & \multicolumn{6}{c}{Number of Fires (in 1,000 units
> )} \\ \hline") ///
>     posthead("") ///
>     prefoot("\hline") ///
>     postfoot("\hline" "\end{tabular}" "}")
invalid %format
r(120);

end of do-file
r(120);

end of do-file
r(120);
