
  ___  ____  ____  ____  ____ ®
 /__    /   ____/   /   ____/      StataNow 19.5
___/   /   /___/   /   /___/       MP—Parallel Edition

 Statistics and Data Science       Copyright 1985-2025 StataCorp LLC
                                   StataCorp
                                   4905 Lakeway Drive
                                   College Station, Texas 77845 USA
                                   800-782-8272        https://www.stata.com
                                   979-696-4600        service@stata.com

Stata license: 4-user 16-core network, expiring  1 Apr 2027
Serial number: 501909301589
  Licensed to: University of Notre Dame
               Notre Dame, IN

Notes:
      1. Stata is running in batch mode.
      2. Unicode is supported; see help unicode_advice.
      3. More than 2 billion observations are allowed; see help obs_advice.
      4. Maximum number of variables is set to 5,000 but can be increased;
          see help set_maxvar.

. do /users/aquispe/proj_bureaucrats_farms_git/code/_stacked_downup_replication
> /sbatch/_run_dofile.do 

. *****************************************************************************
> ***
. * Environment bridge: one invocation runs exactly one result-generating dofil
> e.
. *****************************************************************************
> ***
. 
. version 17

. set more off

. 
. local dofile        : environment FARMS_DOFILE

. local root          : environment FARMS_ROOT

. local code          : environment FARMS_CODE

. local location      : environment FARMS_LOCATION

. local sample        : environment FARMS_SAMPLE

. local is_rural_var  : environment FARMS_RURAL_VAR

. local fe_list       : environment FARMS_FE_LIST

. local ster_suffix   : environment FARMS_STER_SUFFIX

. local downup_var    : environment FARMS_DOWNUP_VAR

. local stacked_file  : environment FARMS_STACKED_FILE

. local did_output    : environment FARMS_DID_OUTPUT

. local control_samples : environment FARMS_CONTROL_SAMPLES

. local analysis_subsample : environment FARMS_ANALYSIS_SUBSAMPLE

. local processors    : environment FARMS_CPUS

. 
. if "`processors'" == "" local processors "1"

. set processors `processors'
    The maximum number of processors or cores being used is changed from 16
    to 1.  It can be set to any number between 1 and 16

. 
. if "`dofile'" == "" {
.     display as error "FARMS_DOFILE is empty; use sbatch/run_dofile.sbatch."
.     exit 198
. }

. if "`root'" == "" {
.     display as error "FARMS_ROOT is empty; use sbatch/run_dofile.sbatch."
.     exit 198
. }

. if "`code'" == "" {
.     display as error "FARMS_CODE is empty; use sbatch/run_dofile.sbatch."
.     exit 198
. }

. 
. if "`sample'" == "none" local sample ""

. if "`ster_suffix'" == "none" local ster_suffix ""

. if "`downup_var'" == "none" local downup_var ""

. if "`stacked_file'" == "none" local stacked_file ""

. if "`did_output'" == "none" local did_output ""

. if "`control_samples'" == "all" local control_samples ""

. if "`analysis_subsample'" == "all" local analysis_subsample ""

. 
. global root          "`root'"

. global code          "`code'"

. global location      "`location'"

. global sample        "`sample'"

. global is_rural_var  "`is_rural_var'"

. global fe_list       "`fe_list'"

. global ster_suffix   "`ster_suffix'"

. global downup_var    "`downup_var'"

. global stacked_file  "`stacked_file'"

. global did_output    "`did_output'"

. global control_samples "`control_samples'"

. global analysis_subsample "`analysis_subsample'"

. 
. global int_data    "${root}/data_output/intermediate"

. global int_farms   "${int_data}"

. global tables      "${code}/../../tables"

. global table_farms "${tables}"

. global figures     "${code}/../../figures"

. global figure_farms "${figures}"

. 
. capture mkdir "${tables}"

. capture mkdir "${figures}"

. capture mkdir "${code}/logs"

. 
. adopath ++ "${code}"
  [1]              "/users/aquispe/proj_bureaucrats_farms_git/code/_stacked_dow
> nup_replication"
  [2]  (BASE)      "/software/s/stata/19.5-1/ado/base/"
  [3]  (SITE)      "/software/s/stata/ado/"
  [4]              "."
  [5]  (PERSONAL)  "~/ado/personal/"
  [6]  (PLUS)      "~/ado/plus/"
  [7]  (OLDPLACE)  "~/ado/"

. capture noisily do "${code}/estsave_csv.ado"

. *! estsave_csv v1.2 - Export stored estimates and covariance matrices to CSV
. program define estsave_csv
  1.     version 14.0
  2.     syntax namelist using/, [replace append]
  3. 
.     local outfile `"`using'"'
  4.     tempfile coef_all coef_cur scalar_all scalar_cur
  5.     local first = 1
  6. 
.     foreach est of local namelist {
  7.         quietly estimates restore `est'
  8.         matrix b = e(b)
  9.         matrix V = e(V)
 10.         local k = colsof(b)
 11.         local cnames : colfullnames b
 12. 
.         preserve
 13.         clear
 14.         quietly set obs `k'
 15.         gen strL reg = "`est'"
 16.         gen strL var = ""
 17.         gen double beta = .
 18.         capture local ymean_val `"`e(ymean)'"'
 19.         if !_rc & `"`ymean_val'"' != "" gen strL ymean = `"`ymean_val'"'
 20.         else gen strL ymean = ""
 21. 
.         forvalues j = 1/`k' {
 22.             local nm : word `j' of `cnames'
 23.             quietly replace var = "`nm'" in `j'
 24.             quietly replace beta = b[1, `j'] in `j'
 25.             gen double cov`j' = .
 26.         }
 27.         forvalues i = 1/`k' {
 28.             forvalues j = 1/`k' {
 29.                 quietly replace cov`j' = V[`i', `j'] in `i'
 30.             }
 31.         }
 32.         quietly save `coef_cur', replace
 33.         if `first' quietly save `coef_all', replace
 34.         else {
 35.             quietly use `coef_all', clear
 36.             quietly append using `coef_cur'
 37.             quietly save `coef_all', replace
 38.         }
 39.         restore
 40. 
.         preserve
 41.         clear
 42.         quietly set obs 1
 43.         gen strL reg = "`est'"
 44.         local escalars : e(scalars)
 45.         foreach sc of local escalars {
 46.             local scval = e(`sc')
 47.             local safe = subinstr("`sc'", "-", "_", .)
 48.             capture gen double `safe' = `scval'
 49.             if _rc capture gen double sc_`safe' = `scval'
 50.         }
 51.         local emacros : e(macros)
 52.         foreach mc of local emacros {
 53.             capture local mcval `"`e(`mc')'"'
 54.             if !_rc & `"`mcval'"' != "" {
 55.                 if strlen(`"`mcval'"') > 244 local mcval = substr(`"`mcval
> '"', 1, 244)
 56.                 local safe = subinstr("`mc'", "-", "_", .)
 57.                 capture gen strL `safe' = `"`mcval'"'
 58.                 if _rc capture gen strL mc_`safe' = `"`mcval'"'
 59.             }
 60.         }
 61.         quietly save `scalar_cur', replace
 62.         if `first' {
 63.             quietly save `scalar_all', replace
 64.             local first = 0
 65.         }
 66.         else {
 67.             quietly use `scalar_all', clear
 68.             quietly append using `scalar_cur'
 69.             quietly save `scalar_all', replace
 70.         }
 71.         restore
 72.     }
 73. 
.     local basefile = subinstr(`"`outfile'"', ".csv", "", .)
 74.     quietly use `coef_all', clear
 75.     order reg var beta ymean
 76.     quietly export delimited using "`basefile'.csv", `replace' `append'
 77.     quietly use `scalar_all', clear
 78.     quietly export delimited using "`basefile'_scalars.csv", `replace' `ap
> pend'
 79.     display as result "Estimates exported to `basefile'.csv"
 80. end

. 
. 
end of do-file

. capture noisily do "${code}/estload_csv.ado"

. *! estload_csv v1.0 - Reconstruct estimate objects exported by estsave_csv
. program define estload_csv
  1.     version 14.0
  2.     syntax using/
  3. 
.     local infile `"`using'"'
  4.     local basefile = subinstr(`"`infile'"', ".csv", "", .)
  5.     preserve
  6.     quietly import delimited using "`basefile'.csv", clear varnames(1)
  7.     quietly levelsof reg, local(regs)
  8. 
.     foreach r of local regs {
  9.         preserve
 10.         quietly keep if reg == "`r'"
 11.         local k = _N
 12.         matrix b = J(1, `k', .)
 13.         matrix V = J(`k', `k', .)
 14.         local varnames ""
 15.         forvalues i = 1/`k' {
 16.             local vname = var[`i']
 17.             local varnames `"`varnames' `vname'"'
 18.             matrix b[1, `i'] = beta[`i']
 19.             forvalues j = 1/`k' {
 20.                 matrix V[`i', `j'] = cov`j'[`i']
 21.             }
 22.         }
 23.         matrix colnames b = `varnames'
 24.         matrix rownames V = `varnames'
 25.         matrix colnames V = `varnames'
 26.         restore, preserve
 27.         quietly ereturn post b V
 28.         estimates store `r'
 29.         display as text "Loaded estimate: `r'"
 30.     }
 31.     restore
 32. end

. 
. 
end of do-file

. 
. display "============================================================"
============================================================

. display "Independent dofile job: `dofile'"
Independent dofile job: _generate_interaction_plots.do

. display "Data root: ${root}"
Data root: /users/aquispe/proj_bureaucrats_farms

. display "Tables output: ${tables}"
Tables output: /users/aquispe/proj_bureaucrats_farms_git/code/_stacked_downup_r
> eplication/../../tables

. display "Figures output: ${figures}"
Figures output: /users/aquispe/proj_bureaucrats_farms_git/code/_stacked_downup_
> replication/../../figures

. display "Code root: ${code}"
Code root: /users/aquispe/proj_bureaucrats_farms_git/code/_stacked_downup_repli
> cation

. display "Sample: ${sample}; rural: ${is_rural_var}; FE: ${fe_list}"
Sample: ; rural: is_rural; FE: 1

. display "Suffix: ${ster_suffix}; moderator: ${downup_var}"
Suffix: ; moderator: 

. display "Control samples: ${control_samples}"
Control samples: 

. display "Analysis subsample: ${analysis_subsample}"
Analysis subsample: 

. display "Stata processors: " c(processors)
Stata processors: 1

. display "============================================================"
============================================================

. 
. do "${code}/`dofile'"

. *****************************************************************************
> ***
. * Generate every interaction figure from independently produced .ster files
. *****************************************************************************
> ***
. 
. version 17

. set more off

. set graphics off

. 
. if "$root" == "" {
.     clear all
.     global location     "dbox"
.     global sample       ""
.     global is_rural_var "is_rural"
.     global fe_list      "1"
.     global ster_suffix  ""
.     global shell "/groups/sgulzar/sa_fires/proj_bureaucrats_farms"
.     global dbox  "C:/Users/eunic/Dropbox/sa_fires/proj_bureaucrats_farms"
.     global code_shell "/users/aquisper/proj_bureaucrats_farms/code/_stacked_d
> ownup_replication"
.     global code_dbox "C:/Users/eunic/OneDrive/Documents/GitHub/proj_bureaucra
> ts_farms/code/_stacked_downup_replication"
.     if "$location" == "dbox" {
.         global root "$dbox"
.         global code "$code_dbox"
.     }
.     else {
.         global root "$shell"
.         global code "$code_shell"
.     }
. }

. 
. * Direct local runs generate only the two production population-weighted
. * figures. Set production_only=0 explicitly to request historical area plots.
. if "$production_only" == "" global production_only "1"

. 
. global tables  "${code}/../../tables"

. global figures "${code}/../../figures"

. capture mkdir "${figures}/Interaction_downwind"

. quietly do "${code}/interaction_graph.ado"

. 
. * Population-weighted figures actively referenced by main.tex.
. est clear

. interaction_graph using ///
>     "${tables}/_app_18_protest_5km_fe12_did_downup_plot${sample}_rural_acpop$
> {ster_suffix}.ster", ///
>     estimates(1) ///
>     output("${figures}/_app_18_protest_5km_fe12_did_downup_plot_rural_acpop${
> sample}${ster_suffix}") ///
>     type(protest) modvar(downup_ac_pop)

-------------------------------------------------------------------------------
             |           Dependent  Number of        
        Name | Command    variable     param.  Title 
-------------+-----------------------------------------------------------------
      evreg1 | reghdfejl    countk          9  HDFE linear regression with
             |                                 Julia
-------------------------------------------------------------------------------
(results evreg1 are active now)

INTERACTION AUDIT (CONTROL-PRE STANDARDIZED): protest, estimate evreg1, moderat
> or downup_ac_pop
Control pre  : b =     0.000000   95% CI [    0.000000,     0.000000]   90% CI 
> [    0.000000,     0.000000]
Control post : b =    -1.801207   95% CI [   -6.796530,     3.194117]   90% CI 
> [   -5.992694,     2.390280]
Treated post : b =    82.365557   95% CI [    5.509180,   159.221933]   90% CI 
> [   17.876739,   146.854374]
Difference   : b =    84.166763   SE =    39.697865   95% CI [    6.303364,   1
> 62.030162]   90% CI [   18.832970,   149.500556]   p =  0.034139
(file /users/aquispe/proj_bureaucrats_farms_git/code/_stacked_downup_replicatio
> n/../../figures/_app_18_protest_5km_fe12_did_downup_plot_rural_acpop_1.png no
> t found)
file /users/aquispe/proj_bureaucrats_farms_git/code/_stacked_downup_replication
> /../../figures/_app_18_protest_5km_fe12_did_downup_plot_rural_acpop_1.png wri
> tten in PNG format
Exported: /users/aquispe/proj_bureaucrats_farms_git/code/_stacked_downup_replic
> ation/../../figures/_app_18_protest_5km_fe12_did_downup_plot_rural_acpop_1.pn
> g

. copy "${figures}/_app_18_protest_5km_fe12_did_downup_plot_rural_acpop${sample
> }${ster_suffix}_1.png" ///
>      "${figures}/_app_18_protest_5km_fe12_did_downup_plot_rural_acpop${sample
> }${ster_suffix}.png", replace

. erase "${figures}/_app_18_protest_5km_fe12_did_downup_plot_rural_acpop${sampl
> e}${ster_suffix}_1.png"

. 
. est clear

. interaction_graph using ///
>     "${tables}/_app_19_polischar_fe12_did_downup_inter_plot${sample}_rural_ac
> pop${ster_suffix}.ster", ///
>     estimates(1) ///
>     output("${figures}/_app_19_polischar_fe12_did_downup_inter_plot_rural_acp
> op${sample}${ster_suffix}") ///
>     type(politician) modvar(downup_ac_pop)

-------------------------------------------------------------------------------
             |           Dependent  Number of        
        Name | Command    variable     param.  Title 
-------------+-----------------------------------------------------------------
      evreg1 | reghdfejl    countk          9  HDFE linear regression with
             |                                 Julia
-------------------------------------------------------------------------------
(results evreg1 are active now)

INTERACTION AUDIT (CONTROL-PRE STANDARDIZED): politician, estimate evreg1, mode
> rator downup_ac_pop
Control pre  : b =     0.000000   95% CI [    0.000000,     0.000000]   90% CI 
> [    0.000000,     0.000000]
Control post : b =    -0.839596   95% CI [  -11.805121,    10.125928]   90% CI 
> [  -10.040957,     8.361764]
Treated post : b =    10.083680   95% CI [   -7.721688,    27.889049]   90% CI 
> [   -4.857112,    25.024472]
Difference   : b =    10.923277   SE =     6.657833   95% CI [   -2.133075,    
> 23.979628]   90% CI [   -0.032533,    21.879086]   p =  0.101011
(file /users/aquispe/proj_bureaucrats_farms_git/code/_stacked_downup_replicatio
> n/../../figures/_app_19_polischar_fe12_did_downup_inter_plot_rural_acpop_1.pn
> g not found)
file /users/aquispe/proj_bureaucrats_farms_git/code/_stacked_downup_replication
> /../../figures/_app_19_polischar_fe12_did_downup_inter_plot_rural_acpop_1.png
>  written in PNG format
Exported: /users/aquispe/proj_bureaucrats_farms_git/code/_stacked_downup_replic
> ation/../../figures/_app_19_polischar_fe12_did_downup_inter_plot_rural_acpop_
> 1.png

. copy "${figures}/_app_19_polischar_fe12_did_downup_inter_plot_rural_acpop${sa
> mple}${ster_suffix}_1.png" ///
>      "${figures}/_app_19_polischar_fe12_did_downup_inter_plot_rural_acpop${sa
> mple}${ster_suffix}.png", replace

. erase "${figures}/_app_19_polischar_fe12_did_downup_inter_plot_rural_acpop${s
> ample}${ster_suffix}_1.png"

. 
. * Area-weighted historical figures are excluded from the production pass.
. if "$production_only" != "1" {
.     est clear
.     interaction_graph using ///
>         "${tables}/_app_18_protest_5km_fe12_did_downup_plot${sample}_rural${s
> ter_suffix}.ster", ///
>         estimates(1) ///
>         output("${figures}/Interaction_downwind/_app_downup_rel_protest${samp
> le}${ster_suffix}") ///
>         type(protest) modvar(downup_ac)
.     copy "${figures}/Interaction_downwind/_app_downup_rel_protest${sample}${s
> ter_suffix}_1.png" ///
>          "${figures}/Interaction_downwind/_app_downup_rel_protest${sample}${s
> ter_suffix}.png", replace
. 
.     est clear
.     interaction_graph using ///
>         "${tables}/_app_19_polischar_fe12_did_downup_inter_plot${sample}_rura
> l${ster_suffix}.ster", ///
>         estimates(1) ///
>         output("${figures}/Interaction_downwind/_app_downup_rel_polischar${sa
> mple}${ster_suffix}") ///
>         type(politician) modvar(downup_ac)
.     copy "${figures}/Interaction_downwind/_app_downup_rel_polischar${sample}$
> {ster_suffix}_1.png" ///
>          "${figures}/Interaction_downwind/_app_downup_rel_polischar${sample}$
> {ster_suffix}.png", replace
. }

. 
. display as result "Generated protest and politician interaction figures in ${
> figures}"
Generated protest and politician interaction figures in /users/aquispe/proj_bur
> eaucrats_farms_git/code/_stacked_downup_replication/../../figures

. 
end of do-file

. 
. display as result "COMPLETED: `dofile' at $S_DATE $S_TIME"
COMPLETED: _generate_interaction_plots.do at  2 Oct 2026 13:24:34

. 
end of do-file
