-------------------------------------------------------------------------------
      name:  mainpost
       log:  C:/Users/eunic/OneDrive/Documents/GitHub/proj_bureaucrats_farms/co
> de/_stacked_downup_replication/logs/local_main_tables.stata.log
  log type:  text
 opened on:  25 Aug 2026, 15:30:09

. 
. display as text "Local stage: `stage'"
Local stage: tables

. display as text "Sample suffix: ${sample}"
Sample suffix: 

. display as text "Output suffix: ${ster_suffix}"
Output suffix: 

. 
. if "`stage'" == "export" {
.     do "${code}/_export_event_study_csv.do"
. }

. else if "`stage'" == "tables" {
.     do "${code}/_generate_all_tables.do"

. *****************************************************************************
> ***
. * _generate_all_tables.do
. * Single LaTeX-table entry point for rural area and population specifications
. * Run this AFTER analysis do-files have produced .ster files.
. *
. * All regression estimates now use their corresponding final stacked sample.
. * Historical .ster/.tex stems are retained so downstream \input paths resolve
> .
. *
. * Also writes a single side-by-side comparison document:
. *   ${tables}/_comparison_downup_ac_vs_acpop.tex
. * which \input's BOTH the original (_rural.tex) and the new (_rural_acpop.tex
> )
. * tables so they can be eyeballed in one PDF.
. *
. * This dofile is intended to run LOCALLY (location="dbox") - it reads ster
. * files and writes tex. The analysis dofiles handle the cluster work.
. *****************************************************************************
> ***
. 
. *****************************************************************************
> ***
. * Setup
. *****************************************************************************
> ***
. 
. if "$root" == "" {
.     clear all
.     set more off
. 
.     global location "dbox"
.     global sample ""
. 
.     global shell "/groups/sgulzar/sa_fires/proj_bureaucrats_farms"
.     global dbox "C:/Users/eunic/Dropbox/sa_fires/proj_bureaucrats_farms"
.     global code_shell "/users/aquisper/proj_bureaucrats_farms/code/_stacked_d
> ownup_replication"
.     global code_dbox "C:/Users/eunic/OneDrive/Documents/GitHub/proj_bureaucra
> ts_farms/code/_stacked_downup_replication"
. 
.     if "$location" == "dbox" {
.         global root "$dbox"
.         global code "$code_dbox"
.     }
.     else {
.         global root "$shell"
.         global code "$code_shell"
.     }
. }

. 
. global tables "${code}/../../tables"

. 
. *****************************************************************************
> ***
. * Helper: strip trailing zeros from one or more e()-stored stats.
. *****************************************************************************
> ***
. 
. capture program drop _strip_zeros_stats

. program define _strip_zeros_stats
  1.     syntax , Models(string) Stats(string)
  2.     foreach m of local models {
  3.         capture estimates restore `m'
  4.         if _rc continue
  5.         foreach s of local stats {
  6.             capture local rnum = e(`s')
  7.             if _rc continue
  8.             local raw = strtrim(string(`rnum', "%9.3f"))
  9.             local cleaned = regexr(regexr("`raw'", "0+$", ""), "\.$", "")
 10.             estadd local `s'_clean "`cleaned'"
 11.         }
 12.         estimates store `m'
 13.     }
 14. end

. 
. * The stacked main-DiD ster files predate reliable string-local roundtripping
. * through estread. Reattach the known FE tags so the original Y/N rows render
> .
. capture program drop _set_main_fe_tags

. program define _set_main_fe_tags
  1.     forvalues i = 1/4 {
  2.         local monthyearfe "N"
  3.         local acfe "N"
  4.         local acmonthfe "N"
  5.         local gridfe "N"
  6.         if `i' == 2 {
  7.             local monthyearfe "Y"
  8.         }
  9.         if `i' == 3 {
 10.             local monthyearfe "Y"
 11.             local gridfe "Y"
 12.         }
 13.         if `i' == 4 {
 14.             local acmonthfe "Y"
 15.             local gridfe "Y"
 16.         }
 17.         estimates restore eq`i'
 18.         estadd local monthyearfe "`monthyearfe'", replace
 19.         estadd local acfe "`acfe'", replace
 20.         estadd local acmonthfe "`acmonthfe'", replace
 21.         estadd local gridfe "`gridfe'", replace
 22.         estimates store eq`i'
 23.     }
 24. end

. 
. 
. * Program to add a lincom result with stars + SE in parentheses
. capture program drop _add_lincom

. program define _add_lincom
  1.     args k   // suffix number for the stored stat
  2.     local b  = r(estimate)
  3.     local se = r(se)
  4.     * two-sided p-value (use r(df) if available, otherwise normal)
.     if r(df) != . & r(df) > 0 {
  5.         local p = 2*ttail(r(df), abs(`b'/`se'))
  6.     }
  7.     else {
  8.         local p = 2*normal(-abs(`b'/`se'))
  9.     }
 10.     local stars ""
 11.     if `p' < 0.01      local stars "\sym{***}"
 12.     else if `p' < 0.05 local stars "\sym{**}"
 13.     else if `p' < 0.10 local stars "\sym{*}"
 14.     estadd local ysum`k' = string(`b', "%12.3fc") + "`stars'"
 15.     estadd local ysd`k'  = "(" + string(`se', "%12.3fc") + ")"
 16. end

. 
. 
. *****************************************************************************
> ***
. * 0. Area-weighted tables generated by the new stacked master
. *****************************************************************************
> ***
. 
. est clear

. estread using "${tables}/main_did_downup_area_ac${sample}_rural_stacked${ster
> _suffix}.ster"

-------------------------------------------------------------------------------
             |           Dependent  Number of        
        Name | Command    variable     param.  Title 
-------------+-----------------------------------------------------------------
         eq1 | regress      countk          4  Linear regression
         eq2 | reghdfejl    countk          3  HDFE linear regression with
             |                                 Julia
         eq3 | reghdfejl    countk          3  HDFE linear regression with
             |                                 Julia
         eq4 | reghdfejl    countk          3  HDFE linear regression with
             |                                 Julia
-------------------------------------------------------------------------------

. _set_main_fe_tags
(results eq1 are active now)

added macro:
        e(monthyearfe) : "N"

added macro:
               e(acfe) : "N"

added macro:
          e(acmonthfe) : "N"

added macro:
             e(gridfe) : "N"
(results eq2 are active now)

added macro:
        e(monthyearfe) : "Y"

added macro:
               e(acfe) : "N"

added macro:
          e(acmonthfe) : "N"

added macro:
             e(gridfe) : "N"
(results eq3 are active now)

added macro:
        e(monthyearfe) : "Y"

added macro:
               e(acfe) : "N"

added macro:
          e(acmonthfe) : "N"

added macro:
             e(gridfe) : "Y"
(results eq4 are active now)

added macro:
        e(monthyearfe) : "N"

added macro:
               e(acfe) : "N"

added macro:
          e(acmonthfe) : "Y"

added macro:
             e(gridfe) : "Y"

. _strip_zeros_stats, models(eq1 eq2 eq3 eq4) stats(ymean)

added macro:
        e(ymean_clean) : "91.271"

added macro:
        e(ymean_clean) : "91.271"

added macro:
        e(ymean_clean) : "91.271"

added macro:
        e(ymean_clean) : "91.271"

. 
. esttab eq1 eq2 eq3 eq4 using ///
>     "${tables}/main_did_downup_area_ac${sample}_rural${ster_suffix}.tex", ///
>     replace ///
>     cells(b(fmt(3) star) se(par fmt(3))) ///
>     star(* 0.10 ** 0.05 *** 0.01) ///
>     keep(downup_ac) order(downup_ac) ///
>     varlabels(downup_ac "Down \$>\$ Up") ///
>     stats(N acq monthyearfe gridfe acmonthfe ymean_clean, ///
>           fmt(%12.0fc %12.0fc %s %s %s %s) ///
>           labels("Observations" "N Assembly Constituencies" ///
>                  "Month-Year \$\times\$ Cohort FE" ///
>                  "Grid \$\times\$ Cohort FE" ///
>                  "AC \$\times\$ Month-Year \$\times\$ Cohort FE" ///
>                  "Mean DV")) ///
>     nomtitles nonumbers collabels(none) nobaselevels ///
>     prehead("{" ///
>             "\def\sym#1{\ifmmode^{#1}\else\(^{#1}\)\fi}" ///
>             "\begin{tabular}{l*{4}{c}}" ///
>             "\hline" ///
>             "            &\multicolumn{1}{c}{(1)}         &\multicolumn{1}{c}
> {(2)}         &\multicolumn{1}{c}{(3)}         &\multicolumn{1}{c}{(4)}      
>    \\" ///
>             "            & \multicolumn{4}{c}{Number of Fires (in 1,000 units
> )} \\ \hline") ///
>     posthead("") ///
>     postfoot("\hline" "\end{tabular}" "}")
(output written to C:/Users/eunic/OneDrive/Documents/GitHub/proj_bureaucrats_fa
> rms/code/_stacked_downup_replication/../../tables/main_did_downup_area_ac_rur
> al.tex)

. 
. est clear

. estread using "${tables}/_main_4_protest_5km_fe12_did_downup${sample}_rural${
> ster_suffix}.ster"

-------------------------------------------------------------------------------
             |           Dependent  Number of        
        Name | Command    variable     param.  Title 
-------------+-----------------------------------------------------------------
      evreg1 | reghdfejl    countk          5  HDFE linear regression with
             |                                 Julia
      evreg2 | reghdfejl    countk          5  HDFE linear regression with
             |                                 Julia
      evreg3 | reghdfejl    countk          5  HDFE linear regression with
             |                                 Julia
      evreg4 | reghdfejl    countk          9  HDFE linear regression with
             |                                 Julia
      evreg5 | reghdfejl    countk          9  HDFE linear regression with
             |                                 Julia
      evreg6 | reghdfejl    countk          9  HDFE linear regression with
             |                                 Julia
-------------------------------------------------------------------------------

. _strip_zeros_stats, models(evreg1 evreg2 evreg3 evreg4 evreg5 evreg6) stats(y
> mean ymean2)

added macro:
        e(ymean_clean) : "473.109"

added macro:
       e(ymean2_clean) : ""

added macro:
        e(ymean_clean) : "473.109"

added macro:
       e(ymean2_clean) : ""

added macro:
        e(ymean_clean) : "473.109"

added macro:
       e(ymean2_clean) : ""

added macro:
        e(ymean_clean) : "473.109"

added macro:
       e(ymean2_clean) : "458.614"

added macro:
        e(ymean_clean) : "473.109"

added macro:
       e(ymean2_clean) : "458.614"

added macro:
        e(ymean_clean) : "473.109"

added macro:
       e(ymean2_clean) : "458.614"

. 
. esttab evreg1 evreg2 evreg3 evreg4 evreg5 evreg6 using ///
>     "${tables}/_main_4_protest_5km_fe12_did_downup${sample}_rural${ster_suffi
> x}.tex", ///
>     replace ///
>     cells(b(fmt(3) star) se(par fmt(3))) ///
>     star(* 0.10 ** 0.05 *** 0.01) ///
>     keep(1.post_#1.treat 1.downup_ac 1.post_#1.downup_ac ///
>          1.treat#1.downup_ac 1.post_#1.treat#1.downup_ac) ///
>     order(1.post_#1.treat 1.downup_ac 1.post_#1.downup_ac ///
>           1.treat#1.downup_ac 1.post_#1.treat#1.downup_ac) ///
>     varlabels(1.post_#1.treat "Post \$\times\$ Protest" ///
>               1.downup_ac "Down \$>\$ Up" ///
>               1.post_#1.downup_ac "Post \$\times\$ Down \$>\$ Up" ///
>               1.treat#1.downup_ac "Protest \$\times\$ Down \$>\$ Up" ///
>               1.post_#1.treat#1.downup_ac "Post \$\times\$ Protest \$\times\$
>  Down \$>\$ Up") ///
>     stats(N acq gridfe time electionfe provtrendfe ymean_clean ymean2_clean, 
> ///
>           fmt(%12.0fc %12.0fc %s %s %s %s %s %s) ///
>           labels("Observations" "N Assembly Constituencies" ///
>                  "Grid FE" "Relative Time FE" "Legislature FE" ///
>                  "Province Trend FE" "Mean DV" "Mean DV2 (Down\$>\$Up=1)")) /
> //
>     nomtitles nonumbers collabels(none) nobaselevels ///
>     prehead("{" ///
>             "\def\sym#1{\ifmmode^{#1}\else\(^{#1}\)\fi}" ///
>             "\begin{tabular}{l*{6}{c}}" ///
>             "\hline" ///
>             "            &\multicolumn{1}{c}{(1)}         &\multicolumn{1}{c}
> {(2)}         &\multicolumn{1}{c}{(3)}         &\multicolumn{1}{c}{(4)}      
>    &\multicolumn{1}{c}{(5)}         &\multicolumn{1}{c}{(6)}         \\" ///
>             "            & \multicolumn{6}{c}{Number of Fires (in 1,000 units
> )} \\ \hline") ///
>     posthead("") prefoot("\hline") ///
>     postfoot("\hline" "\end{tabular}" "}")
(output written to C:/Users/eunic/OneDrive/Documents/GitHub/proj_bureaucrats_fa
> rms/code/_stacked_downup_replication/../../tables/_main_4_protest_5km_fe12_di
> d_downup_rural.tex)

. 
. est clear

. estread using "${tables}/_main_5_polischar_fe12_did_downup_inter${sample}_rur
> al${ster_suffix}.ster"

-------------------------------------------------------------------------------
             |           Dependent  Number of        
        Name | Command    variable     param.  Title 
-------------+-----------------------------------------------------------------
      evreg1 | reghdfejl    countk          5  HDFE linear regression with
             |                                 Julia
      evreg2 | reghdfejl    countk          5  HDFE linear regression with
             |                                 Julia
      evreg3 | reghdfejl    countk          5  HDFE linear regression with
             |                                 Julia
      evreg4 | reghdfejl    countk          9  HDFE linear regression with
             |                                 Julia
      evreg5 | reghdfejl    countk          9  HDFE linear regression with
             |                                 Julia
      evreg6 | reghdfejl    countk          9  HDFE linear regression with
             |                                 Julia
-------------------------------------------------------------------------------

. _strip_zeros_stats, models(evreg1 evreg2) stats(ymean ymean2)

added macro:
        e(ymean_clean) : "105.231"

added macro:
       e(ymean2_clean) : ""

added macro:
        e(ymean_clean) : "105.231"

added macro:
       e(ymean2_clean) : ""

. 
. esttab evreg1 evreg2 using ///
>     "${tables}/_main_5_polischar_fe12_did_downup_inter${sample}_rural${ster_s
> uffix}.tex", ///
>     replace ///
>     cells(b(fmt(3) star) se(par fmt(3))) ///
>     star(* 0.10 ** 0.05 *** 0.01) ///
>     keep(1.post_#1.treat 1.downup_ac 1.post_#1.downup_ac ///
>          1.treat#1.downup_ac 1.post_#1.treat#1.downup_ac) ///
>     order(1.post_#1.treat 1.downup_ac 1.post_#1.downup_ac ///
>           1.treat#1.downup_ac 1.post_#1.treat#1.downup_ac) ///
>     varlabels(1.post_#1.treat "Post \$\times\$ Agriculturalist" ///
>               1.downup_ac "Down \$>\$ Up" ///
>               1.post_#1.downup_ac "Post \$\times\$ Down \$>\$ Up" ///
>               1.treat#1.downup_ac "Agriculturalist \$\times\$ Down \$>\$ Up" 
> ///
>               1.post_#1.treat#1.downup_ac "Post \$\times\$ Agriculturalist \$
> \times\$ Down \$>\$ Up") ///
>     stats(N acq gridfe time electionfe provtrendfe ymean_clean ymean2_clean, 
> ///
>           fmt(%12.0fc %12.0fc %s %s %s %s %s %s) ///
>           labels("Observations" "N Assembly Constituencies" ///
>                  "Grid FE" "Relative Time FE" "Legislature FE" ///
>                  "Province Linear Time Trend FE" "Mean DV" ///
>                  "Mean DV (Down \$>\$ Up=1)")) ///
>     nomtitles nonumbers collabels(none) nobaselevels ///
>     prehead("{" ///
>             "\def\sym#1{\ifmmode^{#1}\else\(^{#1}\)\fi}" ///
>             "\begin{tabular}{l*{2}{c}}" ///
>             "\hline" ///
>             "            &\multicolumn{1}{c}{(1)}         &\multicolumn{1}{c}
> {(2)}         \\" ///
>             "            & \multicolumn{2}{c}{Number of Fires (in 1,000 units
> )} \\ \hline") ///
>     posthead("") prefoot("\hline") ///
>     postfoot("\hline" "\end{tabular}" "}")
(output written to C:/Users/eunic/OneDrive/Documents/GitHub/proj_bureaucrats_fa
> rms/code/_stacked_downup_replication/../../tables/_main_5_polischar_fe12_did_
> downup_inter_rural.tex)

. 
. *****************************************************************************
> ***
. * 1. Main DiD Table (_main_1_did)
. *****************************************************************************
> ***
. est clear

. estread using "${tables}/main_did_downup_pop_ac${sample}_rural_stacked${ster_
> suffix}.ster"

-------------------------------------------------------------------------------
             |           Dependent  Number of        
        Name | Command    variable     param.  Title 
-------------+-----------------------------------------------------------------
         eq1 | regress      countk          4  Linear regression
         eq2 | reghdfejl    countk          3  HDFE linear regression with
             |                                 Julia
         eq3 | reghdfejl    countk          3  HDFE linear regression with
             |                                 Julia
         eq4 | reghdfejl    countk          3  HDFE linear regression with
             |                                 Julia
-------------------------------------------------------------------------------

. _set_main_fe_tags
(results eq1 are active now)

added macro:
        e(monthyearfe) : "N"

added macro:
               e(acfe) : "N"

added macro:
          e(acmonthfe) : "N"

added macro:
             e(gridfe) : "N"
(results eq2 are active now)

added macro:
        e(monthyearfe) : "Y"

added macro:
               e(acfe) : "N"

added macro:
          e(acmonthfe) : "N"

added macro:
             e(gridfe) : "N"
(results eq3 are active now)

added macro:
        e(monthyearfe) : "Y"

added macro:
               e(acfe) : "N"

added macro:
          e(acmonthfe) : "N"

added macro:
             e(gridfe) : "Y"
(results eq4 are active now)

added macro:
        e(monthyearfe) : "N"

added macro:
               e(acfe) : "N"

added macro:
          e(acmonthfe) : "Y"

added macro:
             e(gridfe) : "Y"

. _strip_zeros_stats, models(eq1 eq2 eq3 eq4) stats(ymean)

added macro:
        e(ymean_clean) : "92.122"

added macro:
        e(ymean_clean) : "92.122"

added macro:
        e(ymean_clean) : "92.122"

added macro:
        e(ymean_clean) : "92.122"

. 
. * Four-column progression: no FE; month-year x cohort; grid x cohort plus
. * month-year x cohort; grid x cohort plus AC x month-year x cohort.
. esttab eq1 eq2 eq3 eq4 using "${tables}/main_did_downup_ac${sample}_rural_acp
> op${ster_suffix}.tex", ///
>     replace ///
>     cells(b(fmt(3) star) se(par fmt(3))) ///
>     star(* 0.10 ** 0.05 *** 0.01) ///
>     keep(downup_ac_pop) ///
>     order(downup_ac_pop) ///
>     varlabels(downup_ac_pop "Down \$>\$ Up") ///
>     stats(N acq monthyearfe gridfe acmonthfe ymean_clean, ///
>           fmt(%12.0fc %12.0fc %s %s %s %s) ///
>           labels("Observations" "N Assembly Constituencies" ///
>                  "Month-Year \$\times\$ Cohort FE" ///
>                  "Grid \$\times\$ Cohort FE" ///
>                  "AC \$\times\$ Month-Year \$\times\$ Cohort FE" ///
>                  "Mean DV")) ///
>     nomtitles nonumbers ///
>     collabels(none) ///
>     nobaselevels ///
>     prehead("{" ///
>             "\def\sym#1{\ifmmode^{#1}\else\(^{#1}\)\fi}" ///
>             "\begin{tabular}{l*{4}{c}}" ///
>             "\hline" ///
>             "            &\multicolumn{1}{c}{(1)}         &\multicolumn{1}{c}
> {(2)}         &\multicolumn{1}{c}{(3)}         &\multicolumn{1}{c}{(4)}      
>        \\" ///
>             "            & \multicolumn{4}{c}{Number of Fires (in 1,000 units
> )} \\ \hline") ///
>     posthead("") ///
>     postfoot("\hline" "\end{tabular}" "}")
(output written to C:/Users/eunic/OneDrive/Documents/GitHub/proj_bureaucrats_fa
> rms/code/_stacked_downup_replication/../../tables/main_did_downup_ac_rural_ac
> pop.tex)

. 
. display "Generated: main_did_downup_ac_rural_acpop.tex"
Generated: main_did_downup_ac_rural_acpop.tex

. 
. *****************************************************************************
> ***
. * 2. Bureaucrat-Politician DiD (_main_3_bureau_polisc_did)
. *****************************************************************************
> ***
. capture confirm file ///
>     "${tables}/_main_3_bureau_polisc_did${sample}_rural_stacked${ster_suffix}
> .ster"

. if _rc {
.     display as error ///
>         "SKIPPED OPTIONAL TABLE: missing bureaucrat-politician ster for ${ste
> r_suffix}"
. }

. else {
.     est clear
.     estread using "${tables}/_main_3_bureau_polisc_did${sample}_rural_stacked
> ${ster_suffix}.ster"

-------------------------------------------------------------------------------
             |           Dependent  Number of        
        Name | Command    variable     param.  Title 
-------------+-----------------------------------------------------------------
         eq1 | regress      countk          6  Linear regression
         eq2 | reghdfejl    countk          5  HDFE linear regression with
             |                                 Julia
         eq3 | reghdfejl    countk          5  HDFE linear regression with
             |                                 Julia
         eq4 | reghdfejl    countk          5  HDFE linear regression with
             |                                 Julia
         eq5 | reghdfejl    countk          5  HDFE linear regression with
             |                                 Julia
-------------------------------------------------------------------------------
.     _strip_zeros_stats, models(eq1 eq2 eq3 eq4) stats(ymean ymean2)

added macro:
        e(ymean_clean) : "91.948"

added macro:
       e(ymean2_clean) : "86.353"

added macro:
        e(ymean_clean) : "91.948"

added macro:
       e(ymean2_clean) : "86.353"

added macro:
        e(ymean_clean) : "91.948"

added macro:
       e(ymean2_clean) : "86.353"

added macro:
        e(ymean_clean) : "91.948"

added macro:
       e(ymean2_clean) : "86.353"
. 
.     esttab eq1 eq2 eq3 eq4 using "${tables}/_main_3_bureau_polisc_did${sample
> }_rural_acpop${ster_suffix}.tex", ///
>         replace ///
>         cells(b(fmt(3) star) se(par fmt(3))) ///
>         star(* 0.10 ** 0.05 *** 0.01) ///
>         keep(downup_ac_pop downup_dummy downup_interaction) ///
>         order( downup_dummy downup_ac_pop downup_interaction) ///
>         varlabels(downup_ac_pop "Down\$>\$ Up Politician" ///
>                   downup_dummy "Down\$>\$ Up Bureaucrat" ///
>                   downup_interaction "Down\$>\$ Up Pol. \$\times\$ Down\$>\$ 
> Up Bur.") ///
>         stats(N nacs ndists monthyearfe gridfe acmonthfe distmonthfe ymean_cl
> ean, ///
>               fmt(%12.0fc %12.0fc %12.0fc %s %s %s %s %s) ///
>               labels("Observations" "N Assembly Constituencies" "N Districts"
>  ///
>                      "Month-Year \$\times\$ Cohort FE" "Grid \$\times\$ Cohor
> t FE" ///
>                      "AC \$\times\$ Month-Year \$\times\$ Cohort FE" ///
>                      "District \$\times\$ Month-Year \$\times\$ Cohort FE" "M
> ean DV")) ///
>         nomtitles nonumbers ///
>         collabels(none) ///
>         nobaselevels ///
>         prehead("{\def\sym#1{\ifmmode^{#1}\else\(^{#1}\)\fi}" ///
>                 "\begin{tabular}{l*{4}{c}}" ///
>                 "\hline" ///
>                 " & (1) & (2) & (3) & (4) \\" ///
>                 " & \multicolumn{4}{c}{Number of Fires (in 1,000 units)} \\ \
> hline") ///
>         posthead("") ///
>         postfoot("\hline" "\end{tabular}" "}")
(output written to C:/Users/eunic/OneDrive/Documents/GitHub/proj_bureaucrats_fa
> rms/code/_stacked_downup_replication/../../tables/_main_3_bureau_polisc_did_r
> ural_acpop.tex)
. 
.     display "Generated: _main_3_bureau_polisc_did_rural_acpop.tex"
Generated: _main_3_bureau_polisc_did_rural_acpop.tex
. }

. 
. *****************************************************************************
> ***
. * 3. Protest DiD with Downup (_main_4_protest_5km_fe12_did_downup)
. *****************************************************************************
> ***
. {
. est clear
. estread using "${tables}/_main_4_protest_5km_fe12_did_downup${sample}_rural_a
> cpop${ster_suffix}.ster"

-------------------------------------------------------------------------------
             |           Dependent  Number of        
        Name | Command    variable     param.  Title 
-------------+-----------------------------------------------------------------
      evreg1 | reghdfejl    countk          5  HDFE linear regression with
             |                                 Julia
      evreg2 | reghdfejl    countk          5  HDFE linear regression with
             |                                 Julia
      evreg3 | reghdfejl    countk          5  HDFE linear regression with
             |                                 Julia
      evreg4 | reghdfejl    countk          9  HDFE linear regression with
             |                                 Julia
      evreg5 | reghdfejl    countk          9  HDFE linear regression with
             |                                 Julia
      evreg6 | reghdfejl    countk          9  HDFE linear regression with
             |                                 Julia
-------------------------------------------------------------------------------
. _strip_zeros_stats, models(evreg1 evreg2 evreg3 evreg4 evreg5 evreg6) stats(y
> mean ymean2)

added macro:
        e(ymean_clean) : "473.109"

added macro:
       e(ymean2_clean) : ""

added macro:
        e(ymean_clean) : "473.109"

added macro:
       e(ymean2_clean) : ""

added macro:
        e(ymean_clean) : "473.109"

added macro:
       e(ymean2_clean) : ""

added macro:
        e(ymean_clean) : "473.109"

added macro:
       e(ymean2_clean) : "459.315"

added macro:
        e(ymean_clean) : "473.109"

added macro:
       e(ymean2_clean) : "459.315"

added macro:
        e(ymean_clean) : "473.109"

added macro:
       e(ymean2_clean) : "459.315"
. 
. 
. forval i = 4(1)6 {
  2.     est restore evreg`i'
  3. 
.     lincom 1.downup_ac_pop
  4.     _add_lincom 1
  5. 
.     lincom 1.downup_ac_pop + 1.post_#1.downup_ac_pop
  6.     _add_lincom 2
  7. 
.     lincom 1.post_#1.treat + 1.downup_ac_pop + ///
>            1.post_#1.downup_ac_pop + 1.treat#1.downup_ac_pop + ///
>            1.post_#1.treat#1.downup_ac_pop
  8.     _add_lincom 3
  9. 
.     lincom (1.post_#1.treat + 1.downup_ac_pop + ///
>            1.post_#1.downup_ac_pop + 1.treat#1.downup_ac_pop + ///
>            1.post_#1.treat#1.downup_ac_pop) - (1.downup_ac_pop + ///
>            1.post_#1.downup_ac_pop)
 10.     _add_lincom 4
 11. 
.     est store evreg`i'
 12. }
(results evreg4 are active now)

 ( 1)  1.downup_ac_pop = 0

------------------------------------------------------------------------------
      countk | Coefficient  Std. err.      t    P>|t|     [95% conf. interval]
-------------+----------------------------------------------------------------
         (1) |   5.045513   4.488003     1.12   0.261    -3.757256    13.84828
------------------------------------------------------------------------------

added macro:
              e(ysum1) : "5.046"

added macro:
               e(ysd1) : "(4.488)"

 ( 1)  1.downup_ac_pop + 1.post_#1.downup_ac_pop = 0

------------------------------------------------------------------------------
      countk | Coefficient  Std. err.      t    P>|t|     [95% conf. interval]
-------------+----------------------------------------------------------------
         (1) |   4.078569   5.396409     0.76   0.450    -6.505947    14.66309
------------------------------------------------------------------------------

added macro:
              e(ysum2) : "4.079"

added macro:
               e(ysd2) : "(5.396)"

 ( 1)  1.downup_ac_pop + 1.post_#1.treat + 1.post_#1.downup_ac_pop +
       1.treat#1.downup_ac_pop + 1.post_#1.treat#1.downup_ac_pop = 0

------------------------------------------------------------------------------
      countk | Coefficient  Std. err.      t    P>|t|     [95% conf. interval]
-------------+----------------------------------------------------------------
         (1) |   137.3889   39.88937     3.44   0.001     59.14991     215.628
------------------------------------------------------------------------------

added macro:
              e(ysum3) : "137.389\sym{***}"

added macro:
               e(ysd3) : "(39.889)"

 ( 1)  1.post_#1.treat + 1.treat#1.downup_ac_pop +
       1.post_#1.treat#1.downup_ac_pop = 0

------------------------------------------------------------------------------
      countk | Coefficient  Std. err.      t    P>|t|     [95% conf. interval]
-------------+----------------------------------------------------------------
         (1) |   133.3104   39.56854     3.37   0.001     55.70062    210.9201
------------------------------------------------------------------------------

added macro:
              e(ysum4) : "133.310\sym{***}"

added macro:
               e(ysd4) : "(39.569)"
(results evreg5 are active now)

 ( 1)  1.downup_ac_pop = 0

------------------------------------------------------------------------------
      countk | Coefficient  Std. err.      t    P>|t|     [95% conf. interval]
-------------+----------------------------------------------------------------
         (1) |   5.045513   4.488005     1.12   0.261    -3.757261    13.84829
------------------------------------------------------------------------------

added macro:
              e(ysum1) : "5.046"

added macro:
               e(ysd1) : "(4.488)"

 ( 1)  1.downup_ac_pop + 1.post_#1.downup_ac_pop = 0

------------------------------------------------------------------------------
      countk | Coefficient  Std. err.      t    P>|t|     [95% conf. interval]
-------------+----------------------------------------------------------------
         (1) |   4.078569   5.396408     0.76   0.450    -6.505946    14.66309
------------------------------------------------------------------------------

added macro:
              e(ysum2) : "4.079"

added macro:
               e(ysd2) : "(5.396)"

 ( 1)  1.downup_ac_pop + 1.post_#1.treat + 1.post_#1.downup_ac_pop +
       1.treat#1.downup_ac_pop + 1.post_#1.treat#1.downup_ac_pop = 0

------------------------------------------------------------------------------
      countk | Coefficient  Std. err.      t    P>|t|     [95% conf. interval]
-------------+----------------------------------------------------------------
         (1) |   137.3889   39.88932     3.44   0.001     59.15002    215.6279
------------------------------------------------------------------------------

added macro:
              e(ysum3) : "137.389\sym{***}"

added macro:
               e(ysd3) : "(39.889)"

 ( 1)  1.post_#1.treat + 1.treat#1.downup_ac_pop +
       1.post_#1.treat#1.downup_ac_pop = 0

------------------------------------------------------------------------------
      countk | Coefficient  Std. err.      t    P>|t|     [95% conf. interval]
-------------+----------------------------------------------------------------
         (1) |   133.3104   39.56849     3.37   0.001     55.70072      210.92
------------------------------------------------------------------------------

added macro:
              e(ysum4) : "133.310\sym{***}"

added macro:
               e(ysd4) : "(39.568)"
(results evreg6 are active now)

 ( 1)  1.downup_ac_pop = 0

------------------------------------------------------------------------------
      countk | Coefficient  Std. err.      t    P>|t|     [95% conf. interval]
-------------+----------------------------------------------------------------
         (1) |   4.470335   4.560344     0.98   0.327    -4.474326    13.41499
------------------------------------------------------------------------------

added macro:
              e(ysum1) : "4.470"

added macro:
               e(ysd1) : "(4.560)"

 ( 1)  1.downup_ac_pop + 1.post_#1.downup_ac_pop = 0

------------------------------------------------------------------------------
      countk | Coefficient  Std. err.      t    P>|t|     [95% conf. interval]
-------------+----------------------------------------------------------------
         (1) |   2.861893   5.330662     0.54   0.591    -7.593668    13.31746
------------------------------------------------------------------------------

added macro:
              e(ysum2) : "2.862"

added macro:
               e(ysd2) : "(5.331)"

 ( 1)  1.downup_ac_pop + 1.post_#1.treat + 1.post_#1.downup_ac_pop +
       1.treat#1.downup_ac_pop + 1.post_#1.treat#1.downup_ac_pop = 0

------------------------------------------------------------------------------
      countk | Coefficient  Std. err.      t    P>|t|     [95% conf. interval]
-------------+----------------------------------------------------------------
         (1) |   87.96985   40.65599     2.16   0.031      8.22718    167.7125
------------------------------------------------------------------------------

added macro:
              e(ysum3) : "87.970\sym{**}"

added macro:
               e(ysd3) : "(40.656)"

 ( 1)  1.post_#1.treat + 1.treat#1.downup_ac_pop +
       1.post_#1.treat#1.downup_ac_pop = 0

------------------------------------------------------------------------------
      countk | Coefficient  Std. err.      t    P>|t|     [95% conf. interval]
-------------+----------------------------------------------------------------
         (1) |   85.10796    40.4606     2.10   0.036     5.748524    164.4674
------------------------------------------------------------------------------

added macro:
              e(ysum4) : "85.108\sym{**}"

added macro:
               e(ysd4) : "(40.461)"
. 
. 
. 
. 
. *---------------------------------------------------------------
. * Panel A: estimated coefficients
. *---------------------------------------------------------------
. esttab evreg1 evreg2 evreg3 evreg4 evreg5 evreg6 ///
>     using "${tables}/_main_4_protest_5km_fe12_did_downup${sample}_rural_acpop
> _new${ster_suffix}.tex", ///
>     replace fragment ///
>     cells(b(fmt(3) star) se(par fmt(3))) ///
>     star(* 0.10 ** 0.05 *** 0.01) ///
>     keep(1.post_#1.treat ///
>           1.downup_ac_pop ///
>           1.post_#1.downup_ac_pop ///
>           1.treat#1.downup_ac_pop ///
>           1.post_#1.treat#1.downup_ac_pop) ///
>     order(1.post_#1.treat ///
>           1.downup_ac_pop ///
>           1.post_#1.downup_ac_pop ///
>           1.treat#1.downup_ac_pop ///
>           1.post_#1.treat#1.downup_ac_pop) ///
>     varlabels(1.post_#1.treat "(1) Post \$\times\$ Protest" ///
>               1.downup_ac_pop "(2) Down \$>\$ Up" ///
>               1.post_#1.downup_ac_pop "(3) Post \$\times\$ Down \$>\$ Up" ///
>               1.treat#1.downup_ac_pop "(4) Protest \$\times\$ Down \$>\$ Up" 
> ///
>               1.post_#1.treat#1.downup_ac_pop "(5) Post \$\times\$ Protest \$
> \times\$ Down \$>\$ Up") ///
>     nomtitles nonumbers collabels(none) nobaselevels noobs ///
>     prehead("{" ///
>             "\def\sym#1{\ifmmode^{#1}\else\(^{#1}\)\fi}" ///
>             "\begin{tabular}{l*{6}{c}}" ///
>             "\hline" ///
>             "            &\multicolumn{1}{c}{(1)}         &\multicolumn{1}{c}
> {(2)}         &\multicolumn{1}{c}{(3)}         &\multicolumn{1}{c}{(4)}      
>    &\multicolumn{1}{c}{(5)}         &\multicolumn{1}{c}{(6)}         \\" ///
>             "            & \multicolumn{6}{c}{Number of Fires (per 1,000 unit
> s)} \\ \hline") ///
>     posthead("\multicolumn{7}{l}{\textbf{Panel A: Estimated Coefficients}} \\
>  \hline") ///
>     prefoot("") postfoot("")
(output written to C:/Users/eunic/OneDrive/Documents/GitHub/proj_bureaucrats_fa
> rms/code/_stacked_downup_replication/../../tables/_main_4_protest_5km_fe12_di
> d_downup_rural_acpop_new.tex)
. 
. *---------------------------------------------------------------
. * Panel B: linear combinations
. *---------------------------------------------------------------
. * Start at evreg2 because the row label spans two columns; this reproduces th
> e
. * legacy alignment (two empty model cells followed by estimates in 4--6).
. esttab evreg2 evreg3 evreg4 evreg5 evreg6 ///
>     using "${tables}/_main_4_protest_5km_fe12_did_downup${sample}_rural_acpop
> _new${ster_suffix}.tex", ///
>     append fragment ///
>     cells(none) ///
>     stats(ysum1 ysd1 ysum2 ysd2 ysum3 ysd3 ysum4 ysd4, ///
>           fmt(%s %s %s %s %s %s %s %s) ///
>           labels("\multicolumn{2}{l}{(2) Down\$>\$Up Effect, pre-period in no
>  protest areas}" " " ///
>                  "\multicolumn{2}{l}{(2+3) Down\$>\$Up Effect, post-period in
>  no protest areas}" " " ///
>                  "\multicolumn{2}{l}{(1+2+3+4+5) Down\$>\$Up Effect, post-per
> iod in protest areas}" " " ///
>                  "\multicolumn{2}{l}{(1+2+3+4+5)-(2+3) Differential Down\$>\$
> Up effect, post period}" " ")) ///
>     nomtitles nonumbers collabels(none) nobaselevels noobs ///
>     prehead("") posthead("") ///
>     prefoot("\hline" ///
>             "\multicolumn{7}{l}{\textbf{Panel B: Linear Combinations}} \\ \hl
> ine") ///
>     postfoot("")
(output written to C:/Users/eunic/OneDrive/Documents/GitHub/proj_bureaucrats_fa
> rms/code/_stacked_downup_replication/../../tables/_main_4_protest_5km_fe12_di
> d_downup_rural_acpop_new.tex)
. 
. *---------------------------------------------------------------
. * Footer: sample info and fixed effects
. *---------------------------------------------------------------
. esttab evreg1 evreg2 evreg3 evreg4 evreg5 evreg6 ///
>     using "${tables}/_main_4_protest_5km_fe12_did_downup${sample}_rural_acpop
> _new${ster_suffix}.tex", ///
>     append fragment ///
>     cells(none) ///
>     stats(N acq gridfe time electionfe provtrendfe ymean_clean ymean2_clean, 
> ///
>           fmt(%12.0fc %12.0fc %s %s %s %s %s %s) ///
>           labels("Observations" "N Assembly Constituencies" ///
>                  "Grid \$\times\$ Cohort FE" "Relative Time \$\times\$ Cohort
>  FE" ///
>                  "Legislature \$\times\$ Cohort FE" "Province Trend \$\times\
> $ Cohort FE" ///
>                  "Mean DV" "Mean DV2 (Down\$>\$Up=1)")) ///
>     nomtitles nonumbers collabels(none) nobaselevels noobs ///
>     prehead("") posthead("") ///
>     prefoot("\hline") ///
>     postfoot("\hline" "\end{tabular}" "}")
(output written to C:/Users/eunic/OneDrive/Documents/GitHub/proj_bureaucrats_fa
> rms/code/_stacked_downup_replication/../../tables/_main_4_protest_5km_fe12_di
> d_downup_rural_acpop_new.tex)
. 
. display "Generated: _main_4_protest_5km_fe12_did_downup_rural_acpop_new.tex"
Generated: _main_4_protest_5km_fe12_did_downup_rural_acpop_new.tex
. }

. 
. 
. *****************************************************************************
> ***
. * 4. Politician Char DiD with Downup (_main_5_polischar_fe12_did_downup_inter
> )
. *****************************************************************************
> ***
. {
. est clear
. estread using "${tables}/_main_5_polischar_fe12_did_downup_inter${sample}_rur
> al_acpop${ster_suffix}.ster"

-------------------------------------------------------------------------------
             |           Dependent  Number of        
        Name | Command    variable     param.  Title 
-------------+-----------------------------------------------------------------
      evreg1 | reghdfejl    countk          5  HDFE linear regression with
             |                                 Julia
      evreg2 | reghdfejl    countk          5  HDFE linear regression with
             |                                 Julia
      evreg3 | reghdfejl    countk          5  HDFE linear regression with
             |                                 Julia
      evreg4 | reghdfejl    countk          9  HDFE linear regression with
             |                                 Julia
      evreg5 | reghdfejl    countk          9  HDFE linear regression with
             |                                 Julia
      evreg6 | reghdfejl    countk          9  HDFE linear regression with
             |                                 Julia
-------------------------------------------------------------------------------
. _strip_zeros_stats, models(evreg1 evreg2 evreg3 evreg4 evreg5 evreg6) stats(y
> mean ymean2)

added macro:
        e(ymean_clean) : "105.231"

added macro:
       e(ymean2_clean) : ""

added macro:
        e(ymean_clean) : "105.231"

added macro:
       e(ymean2_clean) : ""

added macro:
        e(ymean_clean) : "105.231"

added macro:
       e(ymean2_clean) : ""

added macro:
        e(ymean_clean) : "105.231"

added macro:
       e(ymean2_clean) : "106.124"

added macro:
        e(ymean_clean) : "105.231"

added macro:
       e(ymean2_clean) : "106.124"

added macro:
        e(ymean_clean) : "105.231"

added macro:
       e(ymean2_clean) : "106.124"
. 
. forval i = 4/6 {
  2.     est restore evreg`i'
  3. 
.     lincom 1.downup_ac_pop
  4.     _add_lincom 1
  5. 
.     lincom 1.downup_ac_pop + 1.post_#1.downup_ac_pop
  6.     _add_lincom 2
  7. 
.     lincom 1.post_#1.treat + 1.downup_ac_pop + ///
>            1.post_#1.downup_ac_pop + 1.treat#1.downup_ac_pop + ///
>            1.post_#1.treat#1.downup_ac_pop
  8.     _add_lincom 3
  9. 
.     lincom (1.post_#1.treat + 1.downup_ac_pop + ///
>            1.post_#1.downup_ac_pop + 1.treat#1.downup_ac_pop + ///
>            1.post_#1.treat#1.downup_ac_pop) - (1.downup_ac_pop + ///
>            1.post_#1.downup_ac_pop)
 10.     _add_lincom 4
 11. 
.     est store evreg`i'
 12. }
(results evreg4 are active now)

 ( 1)  1.downup_ac_pop = 0

------------------------------------------------------------------------------
      countk | Coefficient  Std. err.      t    P>|t|     [95% conf. interval]
-------------+----------------------------------------------------------------
         (1) |   4.164889   4.706998     0.88   0.376    -5.065775    13.39555
------------------------------------------------------------------------------

added macro:
              e(ysum1) : "4.165"

added macro:
               e(ysd1) : "(4.707)"

 ( 1)  1.downup_ac_pop + 1.post_#1.downup_ac_pop = 0

------------------------------------------------------------------------------
      countk | Coefficient  Std. err.      t    P>|t|     [95% conf. interval]
-------------+----------------------------------------------------------------
         (1) |   3.325293   3.860616     0.86   0.389    -4.245572    10.89616
------------------------------------------------------------------------------

added macro:
              e(ysum2) : "3.325"

added macro:
               e(ysd2) : "(3.861)"

 ( 1)  1.downup_ac_pop + 1.post_#1.treat + 1.post_#1.downup_ac_pop +
       1.treat#1.downup_ac_pop + 1.post_#1.treat#1.downup_ac_pop = 0

------------------------------------------------------------------------------
      countk | Coefficient  Std. err.      t    P>|t|     [95% conf. interval]
-------------+----------------------------------------------------------------
         (1) |   14.24857   6.376007     2.23   0.026     1.744892    26.75225
------------------------------------------------------------------------------

added macro:
              e(ysum3) : "14.249\sym{**}"

added macro:
               e(ysd3) : "(6.376)"

 ( 1)  1.post_#1.treat + 1.treat#1.downup_ac_pop +
       1.post_#1.treat#1.downup_ac_pop = 0

------------------------------------------------------------------------------
      countk | Coefficient  Std. err.      t    P>|t|     [95% conf. interval]
-------------+----------------------------------------------------------------
         (1) |   10.92328   6.657825     1.64   0.101     -2.13306    23.97961
------------------------------------------------------------------------------

added macro:
              e(ysum4) : "10.923"

added macro:
               e(ysd4) : "(6.658)"
(results evreg5 are active now)

 ( 1)  1.downup_ac_pop = 0

------------------------------------------------------------------------------
      countk | Coefficient  Std. err.      t    P>|t|     [95% conf. interval]
-------------+----------------------------------------------------------------
         (1) |   4.164889   4.707002     0.88   0.376    -5.065783    13.39556
------------------------------------------------------------------------------

added macro:
              e(ysum1) : "4.165"

added macro:
               e(ysd1) : "(4.707)"

 ( 1)  1.downup_ac_pop + 1.post_#1.downup_ac_pop = 0

------------------------------------------------------------------------------
      countk | Coefficient  Std. err.      t    P>|t|     [95% conf. interval]
-------------+----------------------------------------------------------------
         (1) |   3.325293   3.860619     0.86   0.389    -4.245579    10.89617
------------------------------------------------------------------------------

added macro:
              e(ysum2) : "3.325"

added macro:
               e(ysd2) : "(3.861)"

 ( 1)  1.downup_ac_pop + 1.post_#1.treat + 1.post_#1.downup_ac_pop +
       1.treat#1.downup_ac_pop + 1.post_#1.treat#1.downup_ac_pop = 0

------------------------------------------------------------------------------
      countk | Coefficient  Std. err.      t    P>|t|     [95% conf. interval]
-------------+----------------------------------------------------------------
         (1) |   14.24857    6.37602     2.23   0.026     1.744867    26.75227
------------------------------------------------------------------------------

added macro:
              e(ysum3) : "14.249\sym{**}"

added macro:
               e(ysd3) : "(6.376)"

 ( 1)  1.post_#1.treat + 1.treat#1.downup_ac_pop +
       1.post_#1.treat#1.downup_ac_pop = 0

------------------------------------------------------------------------------
      countk | Coefficient  Std. err.      t    P>|t|     [95% conf. interval]
-------------+----------------------------------------------------------------
         (1) |   10.92328    6.65784     1.64   0.101    -2.133089    23.97964
------------------------------------------------------------------------------

added macro:
              e(ysum4) : "10.923"

added macro:
               e(ysd4) : "(6.658)"
(results evreg6 are active now)

 ( 1)  1.downup_ac_pop = 0

------------------------------------------------------------------------------
      countk | Coefficient  Std. err.      t    P>|t|     [95% conf. interval]
-------------+----------------------------------------------------------------
         (1) |   4.211969   4.732327     0.89   0.374    -5.068368     13.4923
------------------------------------------------------------------------------

added macro:
              e(ysum1) : "4.212"

added macro:
               e(ysd1) : "(4.732)"

 ( 1)  1.downup_ac_pop + 1.post_#1.downup_ac_pop = 0

------------------------------------------------------------------------------
      countk | Coefficient  Std. err.      t    P>|t|     [95% conf. interval]
-------------+----------------------------------------------------------------
         (1) |   3.304105   3.893711     0.85   0.396    -4.331661    10.93987
------------------------------------------------------------------------------

added macro:
              e(ysum2) : "3.304"

added macro:
               e(ysd2) : "(3.894)"

 ( 1)  1.downup_ac_pop + 1.post_#1.treat + 1.post_#1.downup_ac_pop +
       1.treat#1.downup_ac_pop + 1.post_#1.treat#1.downup_ac_pop = 0

------------------------------------------------------------------------------
      countk | Coefficient  Std. err.      t    P>|t|     [95% conf. interval]
-------------+----------------------------------------------------------------
         (1) |   14.40268   6.398411     2.25   0.024     1.855064    26.95029
------------------------------------------------------------------------------

added macro:
              e(ysum3) : "14.403\sym{**}"

added macro:
               e(ysd3) : "(6.398)"

 ( 1)  1.post_#1.treat + 1.treat#1.downup_ac_pop +
       1.post_#1.treat#1.downup_ac_pop = 0

------------------------------------------------------------------------------
      countk | Coefficient  Std. err.      t    P>|t|     [95% conf. interval]
-------------+----------------------------------------------------------------
         (1) |   11.09857   6.681562     1.66   0.097    -2.004314    24.20146
------------------------------------------------------------------------------

added macro:
              e(ysum4) : "11.099\sym"

added macro:
               e(ysd4) : "(6.682)"
. 
. 
. 
. *---------------------------------------------------------------
. * Panel A: estimated coefficients
. *---------------------------------------------------------------
. esttab evreg1 evreg2 evreg3 evreg4 evreg5 evreg6 ///
>     using "${tables}/_main_5_polischar_fe12_did_downup_inter${sample}_rural_a
> cpop${ster_suffix}.tex", ///
>     replace fragment ///
>     cells(b(fmt(3) star) se(par fmt(3))) ///
>     star(* 0.10 ** 0.05 *** 0.01) ///
>     keep(1.post_#1.treat ///
>           1.downup_ac_pop ///
>           1.post_#1.downup_ac_pop ///
>           1.treat#1.downup_ac_pop ///
>           1.post_#1.treat#1.downup_ac_pop) ///
>     order(1.post_#1.treat ///
>           1.downup_ac_pop ///
>           1.post_#1.downup_ac_pop ///
>           1.treat#1.downup_ac_pop ///
>           1.post_#1.treat#1.downup_ac_pop) ///
>     varlabels(1.post_#1.treat "(1) Post \$\times\$ Switch Agric" ///
>               1.downup_ac_pop "(2) Down \$>\$ Up" ///
>               1.post_#1.downup_ac_pop "(3) Post \$\times\$ Down \$>\$ Up" ///
>               1.treat#1.downup_ac_pop "(4) Switch Agric  \$\times\$ Down \$>\
> $ Up" ///
>               1.post_#1.treat#1.downup_ac_pop "(5) Post \$\times\$ Switch Agr
> ic  \$\times\$ Down \$>\$ Up") ///
>     nomtitles nonumbers collabels(none) nobaselevels noobs ///
>     prehead("{" ///
>             "\def\sym#1{\ifmmode^{#1}\else\(^{#1}\)\fi}" ///
>             "\begin{tabular}{l*{6}{c}}" ///
>             "\hline" ///
>             "            &\multicolumn{1}{c}{(1)}         &\multicolumn{1}{c}
> {(2)}         &\multicolumn{1}{c}{(3)}         &\multicolumn{1}{c}{(4)}      
>    &\multicolumn{1}{c}{(5)}         &\multicolumn{1}{c}{(6)}         \\" ///
>             "            & \multicolumn{6}{c}{Number of Fires (in 1,000 units
> )} \\ \hline") ///
>     posthead("\multicolumn{7}{l}{\textbf{Panel A: Estimated Coefficients}} \\
>  \hline") ///
>     prefoot("") postfoot("")
(output written to C:/Users/eunic/OneDrive/Documents/GitHub/proj_bureaucrats_fa
> rms/code/_stacked_downup_replication/../../tables/_main_5_polischar_fe12_did_
> downup_inter_rural_acpop.tex)
. 
. *---------------------------------------------------------------
. * Panel B: linear combinations
. *---------------------------------------------------------------
. * Start at evreg2 because the row label spans two columns. The two regular-Di
> D
. * model cells are blank and the lincom estimates appear under columns 4--6.
. esttab evreg2 evreg3 evreg4 evreg5 evreg6 ///
>     using "${tables}/_main_5_polischar_fe12_did_downup_inter${sample}_rural_a
> cpop${ster_suffix}.tex", ///
>     append fragment ///
>     cells(none) ///
>     stats(ysum1 ysd1 ysum2 ysd2 ysum3 ysd3 ysum4 ysd4, ///
>           fmt(%s %s %s %s %s %s %s %s) ///
>           labels("\multicolumn{2}{l}{(2) Down\$>\$Up Effect, pre-period of no
> -switch politicians}" " " ///
>                  "\multicolumn{2}{l}{(2+3) Down\$>\$Up Effect, post-period of
>  no-switch politicians}" " " ///
>                  "\multicolumn{2}{l}{(1+2+3+4+5) Down\$>\$Up Effect, post-per
> iod of switch politicians}" " " ///
>                  "\multicolumn{2}{l}{(1+2+3+4+5)-(2+3) Differential Down\$>\$
> Up effect, post period}" " ")) ///
>     nomtitles nonumbers collabels(none) nobaselevels noobs ///
>     prehead("") posthead("") ///
>     prefoot("\hline" ///
>             "\multicolumn{7}{l}{\textbf{Panel B: Linear Combinations}} \\ \hl
> ine") ///
>     postfoot("")
(output written to C:/Users/eunic/OneDrive/Documents/GitHub/proj_bureaucrats_fa
> rms/code/_stacked_downup_replication/../../tables/_main_5_polischar_fe12_did_
> downup_inter_rural_acpop.tex)
. 
. *---------------------------------------------------------------
. * Footer: sample info and fixed effects
. *---------------------------------------------------------------
. esttab evreg1 evreg2 evreg3 evreg4 evreg5 evreg6 ///
>     using "${tables}/_main_5_polischar_fe12_did_downup_inter${sample}_rural_a
> cpop${ster_suffix}.tex", ///
>     append fragment ///
>     cells(none) ///
>     stats(N acq gridfe time electionfe provtrendfe ymean_clean ymean2_clean, 
> ///
>           fmt(%12.0fc %12.0fc %s %s %s %s %s %s) ///
>           labels("Observations" "N Assembly Constituencies" ///
>                  "Grid \$\times\$ Cohort FE" "Relative Time \$\times\$ Cohort
>  FE" ///
>                  "Legislature \$\times\$ Cohort FE" "Province Trend \$\times\
> $ Cohort FE" ///
>                  "Mean DV" "Mean DV2 (Down\$>\$Up=1)")) ///
>     nomtitles nonumbers collabels(none) nobaselevels noobs ///
>     prehead("") posthead("") ///
>     prefoot("\hline") ///
>     postfoot("\hline" "\end{tabular}" "}")
(output written to C:/Users/eunic/OneDrive/Documents/GitHub/proj_bureaucrats_fa
> rms/code/_stacked_downup_replication/../../tables/_main_5_polischar_fe12_did_
> downup_inter_rural_acpop.tex)
. 
. display "Generated: _main_5_polischar_fe12_did_downup_inter_rural_acpop.tex"
Generated: _main_5_polischar_fe12_did_downup_inter_rural_acpop.tex
.         }

. 
. 
. *****************************************************************************
> ***
. * 5. Alternative DVs (_app_7_main_did_downup_area_ac_dv)
. *****************************************************************************
> ***
. est clear

. estread using "${tables}/_app_7_main_did_downup_area_ac_dv${sample}_rural_sta
> cked${ster_suffix}.ster"

-------------------------------------------------------------------------------
             |           Dependent  Number of        
        Name | Command    variable     param.  Title 
-------------+-----------------------------------------------------------------
         eq1 | reghdfejl   anyfire          3  HDFE linear regression with
             |                                 Julia
         eq2 | reghdfejl   logfire          3  HDFE linear regression with
             |                                 Julia
         eq3 | reghdfejl mean_brigh~s       3  HDFE linear regression with
             |                                 Julia
-------------------------------------------------------------------------------

. _strip_zeros_stats, models(eq1 eq2 eq3) stats(ymean)

added macro:
        e(ymean_clean) : "0.037"

added macro:
        e(ymean_clean) : "0.04"

added macro:
        e(ymean_clean) : "12.416"

. 
. esttab eq1 eq2 eq3 ///
>     using "${tables}/_app_7_main_did_downup_area_ac_dv${sample}_rural_acpop${
> ster_suffix}.tex", ///
>     replace ///
>     cells(b(fmt(4) star) se(par fmt(4))) ///
>     star(* 0.10 ** 0.05 *** 0.01) ///
>     keep(downup_ac_pop) ///
>     varlabels(downup_ac_pop "Down \$>\$ Up") ///
>     stats(N acq gridfe acmonthfe ymean_clean, ///
>           fmt(%12.0fc %12.0fc %s %s %s) ///
>           labels("Observations" "N Assembly Constituencies" ///
>                  "Grid FE \$\times\$ Cohort" ///
>                  "Assembly \$\times\$ Month-Year \$\times\$ Cohort FE" ///
>                  "Mean DV")) ///
>     nomtitles nonumbers ///
>     collabels(none) ///
>     nobaselevels ///
>     prehead("\begin{tabular}{lccc}" ///
>             "\tabularnewline \hline" ///
>             "& (1) & (2) & (3)\\" ///
>             "& Any Fire & Log (N) Fires & Mean Brightness\\" ///
>             "\hline") ///
>     posthead("") ///
>     prefoot("\hline") ///
>     postfoot("\hline" "\end{tabular}")
(output written to C:/Users/eunic/OneDrive/Documents/GitHub/proj_bureaucrats_fa
> rms/code/_stacked_downup_replication/../../tables/_app_7_main_did_downup_area
> _ac_dv_rural_acpop.tex)

. 
. display "Generated: _app_7_main_did_downup_area_ac_dv_rural_acpop.tex"
Generated: _app_7_main_did_downup_area_ac_dv_rural_acpop.tex

. 
. *****************************************************************************
> ***
. * 6. DiD by Year (_app_8_main_did_by_year)
. *****************************************************************************
> ***
. est clear

. estread using "${tables}/_app_8_main_did_by_year${sample}_rural_stacked${ster
> _suffix}.ster"

-------------------------------------------------------------------------------
             |           Dependent  Number of        
        Name | Command    variable     param.  Title 
-------------+-----------------------------------------------------------------
         eq1 | reghdfejl    countk          3  HDFE linear regression with
             |                                 Julia
         eq2 | reghdfejl    countk          3  HDFE linear regression with
             |                                 Julia
         eq3 | reghdfejl    countk          3  HDFE linear regression with
             |                                 Julia
         eq4 | reghdfejl    countk          3  HDFE linear regression with
             |                                 Julia
         eq5 | reghdfejl    countk          3  HDFE linear regression with
             |                                 Julia
         eq6 | reghdfejl    countk          3  HDFE linear regression with
             |                                 Julia
         eq7 | reghdfejl    countk          3  HDFE linear regression with
             |                                 Julia
         eq8 | reghdfejl    countk          3  HDFE linear regression with
             |                                 Julia
         eq9 | reghdfejl    countk          3  HDFE linear regression with
             |                                 Julia
        eq10 | reghdfejl    countk          3  HDFE linear regression with
             |                                 Julia
-------------------------------------------------------------------------------

. _strip_zeros_stats, models(eq1 eq2 eq3 eq4 eq5 eq6 eq7 eq8 eq9 eq10) stats(ym
> ean)

added macro:
        e(ymean_clean) : "84.908"

added macro:
        e(ymean_clean) : "86.026"

added macro:
        e(ymean_clean) : "75.184"

added macro:
        e(ymean_clean) : "96.688"

added macro:
        e(ymean_clean) : "94.598"

added macro:
        e(ymean_clean) : "100.845"

added macro:
        e(ymean_clean) : "114.162"

added macro:
        e(ymean_clean) : "63.216"

added macro:
        e(ymean_clean) : "105.062"

added macro:
        e(ymean_clean) : "99.398"

. 
. esttab eq1 eq2 eq3 eq4 eq5 eq6 eq7 eq8 eq9 eq10 ///
>     using "${tables}/_app_8_main_did_by_year${sample}_rural_acpop${ster_suffi
> x}.tex", ///
>     replace ///
>     cells(b(fmt(3) star) se(par fmt(3))) ///
>     star(* 0.10 ** 0.05 *** 0.01) ///
>     keep(downup_ac_pop) ///
>     varlabels(downup_ac_pop "Down\$>\$Up") ///
>     stats(N acq gridfe acmonthfe ymean_clean, ///
>           fmt(%12.0fc %12.0fc %s %s %s) ///
>           labels("Observations" "N Assembly Constituencies" ///
>                  "Grid FE \$\times\$ Cohort" ///
>                  "Assembly \$\times\$ Month-Year \$\times\$ Cohort FE" ///
>                  "Mean DV")) ///
>     nomtitles nonumbers ///
>     collabels(none) ///
>     nobaselevels ///
>     prehead("\begin{tabular}{lcccccccccc} \hline" ///
>             " & (1) & (2) & (3) & (4) & (5) & (6) & (7) & (8) & (9) & (10) \\
> " ///
>             " & \multicolumn{10}{c}{Number of Fires (per 1,000 units)}\\" ///
>             " & 2012/2013 & 2013/2014 & 2014/2015 & 2015/2016 & 2016/2017 & 2
> 017/2018 & 2018/2019 & 2019/2020 & 2020/2021 & 2021/2022 \\ \hline") ///
>     posthead("") ///
>     postfoot("\hline" "\end{tabular}")
(output written to C:/Users/eunic/OneDrive/Documents/GitHub/proj_bureaucrats_fa
> rms/code/_stacked_downup_replication/../../tables/_app_8_main_did_by_year_rur
> al_acpop.tex)

. 
. display "Generated: _app_8_main_did_by_year_rural_acpop.tex"
Generated: _app_8_main_did_by_year_rural_acpop.tex

. 
. *****************************************************************************
> ***
. * 7. DiD by State (_app_9_main_did_by_state)
. *****************************************************************************
> ***
. est clear

. estread using "${tables}/_app_9_main_did_by_state${sample}_rural_stacked${ste
> r_suffix}.ster"

-------------------------------------------------------------------------------
             |           Dependent  Number of        
        Name | Command    variable     param.  Title 
-------------+-----------------------------------------------------------------
         eq1 | reghdfejl    countk          3  HDFE linear regression with
             |                                 Julia
         eq2 | reghdfejl    countk          3  HDFE linear regression with
             |                                 Julia
         eq3 | reghdfejl    countk          3  HDFE linear regression with
             |                                 Julia
         eq4 | reghdfejl    countk          3  HDFE linear regression with
             |                                 Julia
-------------------------------------------------------------------------------

. _strip_zeros_stats, models(eq1 eq2 eq3 eq4) stats(ymean)

added macro:
        e(ymean_clean) : "55.155"

added macro:
        e(ymean_clean) : "103.195"

added macro:
        e(ymean_clean) : "348.495"

added macro:
        e(ymean_clean) : "44.393"

. 
. esttab eq1 eq2 eq3 eq4 ///
>     using "${tables}/_app_9_main_did_by_state${sample}_rural_acpop${ster_suff
> ix}.tex", ///
>     replace ///
>     cells(b(fmt(3) star) se(par fmt(3))) ///
>     star(* 0.10 ** 0.05 *** 0.01) ///
>     keep(downup_ac_pop) ///
>     varlabels(downup_ac_pop "Down\$>\$Up (Pop)") ///
>     stats(N acq gridfe acmonthfe ymean_clean, ///
>           fmt(%12.0fc %12.0fc %s %s %s) ///
>           labels("Observations" "N Assembly Constituencies" ///
>                  "Grid FE  \$\times\$ Cohort" ///
>                  "Assembly \$\times\$ Month-Year \$\times\$ Cohort FE" ///
>                  "Mean DV")) ///
>     nomtitles nonumbers ///
>     collabels(none) ///
>     nobaselevels ///
>     prehead("\begin{tabular}{lcccc} \hline" ///
>             " & (1) & (2) & (3) & (4) \\" ///
>             " & \multicolumn{4}{c}{Number of Fires (in 1,000 units)}\\" ///
>             " & Bihar & Haryana & Punjab & Uttar Pradesh \\ \hline") ///
>     posthead("") ///
>     postfoot("\hline" "\end{tabular}")
(output written to C:/Users/eunic/OneDrive/Documents/GitHub/proj_bureaucrats_fa
> rms/code/_stacked_downup_replication/../../tables/_app_9_main_did_by_state_ru
> ral_acpop.tex)

. 
. display "Generated: _app_9_main_did_by_state_rural_acpop.tex"
Generated: _app_9_main_did_by_state_rural_acpop.tex

. 
. *****************************************************************************
> ***
. * 8. Rice Moderators (_app_10_did_rice_moderators)
. *****************************************************************************
> ***
. if "$production_only" != "1" {
. est clear
. capture noisily estread using "${tables}/_app_10_did_rice_moderators_rural_st
> acked${ster_suffix}.ster"
. _strip_zeros_stats, models(eq1 eq2 eq3) stats(ymean ymean2 ymean3)
. 
. capture noisily esttab eq1 eq2 eq3 ///
>     using "${tables}/_app_10_did_rice_moderators${sample}_rural_acpop${ster_s
> uffix}.tex", ///
>     replace ///
>     cells(b(fmt(3) star) se(par fmt(3))) ///
>     star(* 0.10 ** 0.05 *** 0.01) ///
>     keep(1.downup_ac_pop ///
>          1.downup_ac_pop#1.rice_area_aclvl_ahigh ///
>          1.downup_ac_pop#1.rice_harvarea_aclvl_ahigh ///
>          1.downup_ac_pop#1.rice_prod_aclvl_ahigh) ///
>     order(1.downup_ac_pop ///
>           1.downup_ac_pop#1.rice_area_aclvl_ahigh ///
>           1.downup_ac_pop#1.rice_harvarea_aclvl_ahigh ///
>           1.downup_ac_pop#1.rice_prod_aclvl_ahigh) ///
>     varlabels(1.downup_ac_pop "Down\$>\$up AC (Pop)" ///
>               1.downup_ac_pop#1.rice_area_aclvl_ahigh "Down\$>\$up AC (Pop) \
> $\times\$ Above Median Rice Area" ///
>               1.downup_ac_pop#1.rice_harvarea_aclvl_ahigh "Down\$>\$up AC (Po
> p) \$\times\$ Above Median Harvested Rice Area" ///
>               1.downup_ac_pop#1.rice_prod_aclvl_ahigh "Down\$>\$up AC (Pop) \
> $\times\$ Above Median Rice Production") ///
>     stats(N acq gridfe acmonthfe ymean_clean ymean2_clean ymean3_clean, ///
>           fmt(%12.0fc %12.0fc %s %s %s %s %s) ///
>           labels("Observations" "N Assembly Constituencies" "Grid FE" ///
>                  "AC \$\times\$ Month-Year FE" "Mean DV" "Mean DV2" "Mean DV3
> ")) ///
>     nomtitles nonumbers ///
>     collabels(none) ///
>     nobaselevels ///
>     prehead("\begin{tabular}{lccc}" ///
>             "      \hline" ///
>             "       & \multicolumn{3}{c}{Number of Fires (in 1,000 units) - R
> ural Grids}\\" ///
>             "                                                              & 
> (1)            & (2)            & (3)\\\\  " ///
>             "      \midrule") ///
>     posthead("") ///
>     prefoot("\hline") ///
>     postfoot("\hline" "\end{tabular}")
. 
. display "Generated: _app_10_did_rice_moderators_rural_acpop.tex"
. }

. 
. *****************************************************************************
> ***
. * 9. Politician Rice Mods (_app_14_polischar_fe12_did_ricemods)
. *****************************************************************************
> ***
. if "$production_only" != "1" {
. est clear
. capture noisily estread using "${tables}/_app_14_polischar_fe12_did_ricemods$
> {sample}_rural_stacked${ster_suffix}.ster"
. _strip_zeros_stats, models(evreg1 evreg2 evreg3 evreg4) stats(ymean ymean2 ym
> ean3)
. 
. capture noisily esttab evreg1 evreg2 evreg3 evreg4 ///
>     using "${tables}/_app_14_polischar_fe12_did_ricemods${sample}_rural_acpop
> ${ster_suffix}.tex", ///
>     replace ///
>     cells(b(fmt(3) star) se(par fmt(3))) ///
>     star(* 0.10 ** 0.05 *** 0.01) ///
>     keep(1.post_#1.treat ///
>          1.post_#1.treat#1.rice_area_aclvl_ahigh ///
>          1.post_#1.treat#1.rice_harvarea_aclvl_ahigh ///
>          1.post_#1.treat#1.rice_prod_aclvl_ahigh) ///
>     order(1.post_#1.treat ///
>           1.post_#1.treat#1.rice_area_aclvl_ahigh ///
>           1.post_#1.treat#1.rice_harvarea_aclvl_ahigh ///
>           1.post_#1.treat#1.rice_prod_aclvl_ahigh) ///
>     varlabels(1.post_#1.treat "Post \$\times\$ Agriculturalist" ///
>               1.post_#1.treat#1.rice_area_aclvl_ahigh "Post \$\times\$ Agricu
> lturalist \$\times\$ Rice Areas" ///
>               1.post_#1.treat#1.rice_harvarea_aclvl_ahigh "Post \$\times\$ Ag
> riculturalist \$\times\$ Harvested Rice Area" ///
>               1.post_#1.treat#1.rice_prod_aclvl_ahigh "Post \$\times\$ Agricu
> lturalist \$\times\$ Rice Production") ///
>     stats(N acq gridfe time electionfe provtrendfe ymean_clean ymean2_clean y
> mean3_clean, ///
>           fmt(%12.0fc %12.0fc %s %s %s %s %s %s %s) ///
>           labels("Observations" "N Assembly Constituencies" ///
>                  "Grid  \$\times\$ Cohort FE" "Relative Time FE" "Legislature
>   \$\times\$ Cohort FE" "Province  \$\times\$ Cohort Trend FE" ///
>                  "Mean DV" "Mean DV2" "Mean DV3")) ///
>     nomtitles nonumbers ///
>     collabels(none) ///
>     nobaselevels ///
>     prehead("{" ///
>             "\def\sym#1{\ifmmode^{#1}\else\(^{#1}\)\fi}" ///
>             "\begin{tabular}{l*{4}{c}}" ///
>             "\hline" ///
>             "            &\multicolumn{1}{c}{(1)}         &\multicolumn{1}{c}
> {(2)}         &\multicolumn{1}{c}{(3)} &\multicolumn{1}{c}{(4)}         \\" /
> //
>             "            & \multicolumn{4}{c}{Number of Fires (in 1,000 units
> )} \\ \hline") ///
>     posthead("") ///
>     prefoot("\hline") ///
>     postfoot("\hline" "\end{tabular}" "}")
. 
. display "Generated: _app_14_polischar_fe12_did_ricemods_rural_acpop.tex"
. }

. 
. *****************************************************************************
> ***
. * 10. Politician FE DiD (_app_15_polischar_fe12_did)
. *****************************************************************************
> ***
. if "$production_only" != "1" {
. est clear
. capture noisily estread using "${tables}/_app_15_polischar_fe12_did${sample}_
> rural_stacked${ster_suffix}.ster"
. _strip_zeros_stats, models(evreg1 evreg2 evreg3) stats(ymean)
. 
. capture noisily esttab evreg1 evreg2 evreg3 ///
>     using "${tables}/_app_15_polischar_fe12_did${sample}_rural_acpop${ster_su
> ffix}.tex", ///
>     replace ///
>     cells(b(fmt(3) star) se(par fmt(3))) ///
>     star(* 0.10 ** 0.05 *** 0.01) ///
>     keep(1.post_#1.treat) ///
>     order(1.post_#1.treat) ///
>     varlabels(1.post_#1.treat "Post \$\times\$ Agriculturalist") ///
>     stats(N acq gridfe time electionfe provtrendfe ymean_clean, ///
>           fmt(%12.0fc %12.0fc %s %s %s %s %s) ///
>           labels("Observations" "N Assembly Constituencies" ///
>                  "Grid \$\times\$ Cohort FE" "Relative Time FE" "Legislature 
>  \$\times\$ Cohort FE" "Province  \$\times\$ Cohort Trend FE" "Mean DV")) ///
>     nomtitles nonumbers ///
>     collabels(none) ///
>     nobaselevels ///
>     prehead("{" ///
>             "\def\sym#1{\ifmmode^{#1}\else\(^{#1}\)\fi}" ///
>             "\begin{tabular}{l*{3}{c}}" ///
>             "\hline" ///
>             "            &\multicolumn{1}{c}{(1)}         &\multicolumn{1}{c}
> {(2)}         &\multicolumn{1}{c}{(3)}         \\" ///
>             "            & \multicolumn{3}{c}{Number of Fires (in 1,000 units
> ) } \\ \hline") ///
>     posthead("") ///
>     prefoot("\hline") ///
>     postfoot("\hline" "\end{tabular}" "}")
. 
. display "Generated: _app_15_polischar_fe12_did_rural_acpop.tex"
. }

. 
. *****************************************************************************
> ***
. * 11. Canonical treatment-definition table (version 3 specification)
. *****************************************************************************
> ***
. est clear

. estread using "${tables}/_app_6_main_did_treat_definition${sample}_rural_acpo
> p${ster_suffix}.ster"

-------------------------------------------------------------------------------
             |           Dependent  Number of        
        Name | Command    variable     param.  Title 
-------------+-----------------------------------------------------------------
         eq1 | reghdfejl    countk          3  HDFE linear regression with
             |                                 Julia
         eq2 | reghdfejl    countk          3  HDFE linear regression with
             |                                 Julia
         eq3 | reghdfejl    countk          3  HDFE linear regression with
             |                                 Julia
         eq4 | reghdfejl    countk          3  HDFE linear regression with
             |                                 Julia
         eq5 | reghdfejl    countk          3  HDFE linear regression with
             |                                 Julia
         eq6 | reghdfejl    countk          3  HDFE linear regression with
             |                                 Julia
         eq7 | reghdfejl    countk          5  HDFE linear regression with
             |                                 Julia
-------------------------------------------------------------------------------

. _strip_zeros_stats, models(eq1 eq2 eq3 eq4 eq5 eq6 eq7) stats(ymean)

added macro:
        e(ymean_clean) : "92.119"

added macro:
        e(ymean_clean) : "92.119"

added macro:
        e(ymean_clean) : "92.119"

added macro:
        e(ymean_clean) : "92.119"

added macro:
        e(ymean_clean) : "92.119"

added macro:
        e(ymean_clean) : "92.119"

added macro:
        e(ymean_clean) : "92.119"

. 
. esttab eq1 eq2 eq3 eq6 eq5 eq7 using ///
>     "${tables}/_app_6_main_did_treat_definition${sample}_rural_acpop${ster_su
> ffix}.tex", ///
>     replace cells(b(fmt(4) star) se(par fmt(4))) ///
>     star(* 0.10 ** 0.05 *** 0.01) ///
>     rename(1.downup_ac_pop downup_ac_pop) ///
>     keep(downup_ac_pop downup_ac downup_1sd_pop down_percent ///
>          downup_diff_percent_pop 1.downup_ac_pop#1.rice_prod_aclvl_ahigh) ///
>     order(downup_ac_pop downup_ac downup_1sd_pop down_percent ///
>           downup_diff_percent_pop 1.downup_ac_pop#1.rice_prod_aclvl_ahigh) //
> /
>     varlabels(downup_ac_pop "Down\$>\$Up (Pop)" ///
>               downup_ac "Down\$>\$Up (Area)" ///
>               downup_1sd_pop "Down\$>\$Up by 1std" ///
>               down_percent "Downwind over total Population" ///
>               downup_diff_percent_pop "Down-Up Percent" ///
>               1.downup_ac_pop#1.rice_prod_aclvl_ahigh "Down\$>\$Up (Pop) \$\t
> imes\$ Above Median Rice Production") ///
>     stats(N acq gridfe acmonthfe ymean_clean, ///
>           fmt(%12.0fc %12.0fc %s %s %s) ///
>           labels("Observations" "N Assembly Constituencies" ///
>                  "Grid \$\times\$ Cohort FE" ///
>                  "Assembly \$\times\$ Month-Year \$\times\$ Cohort FE" ///
>                  "Mean DV")) ///
>     nomtitles nonumbers collabels(none) nobaselevels ///
>     prehead("\begin{tabular}{lcccccc}" ///
>             "\hline" ///
>             "& (1) & (2) & (3) & (4) & (5) & (6)\\" ///
>             "& \multicolumn{6}{c}{Number of Fires (in 1,000 units) }\\" ///
>             "\hline") ///
>     posthead("") prefoot("\hline") ///
>     postfoot("\hline" "\end{tabular}")
(output written to C:/Users/eunic/OneDrive/Documents/GitHub/proj_bureaucrats_fa
> rms/code/_stacked_downup_replication/../../tables/_app_6_main_did_treat_defin
> ition_rural_acpop.tex)

. 
. display "Generated: _app_6_main_did_treat_definition_rural_acpop.tex (version
>  3)"
Generated: _app_6_main_did_treat_definition_rural_acpop.tex (version 3)

. 
. *****************************************************************************
> ***
. * 12. Population placebo within 13 km
. *****************************************************************************
> ***
. est clear

. estread using "${tables}/_app_11_placebo_pop_13km${sample}_rural${ster_suffix
> }.ster"

-------------------------------------------------------------------------------
             |           Dependent  Number of        
        Name | Command    variable     param.  Title 
-------------+-----------------------------------------------------------------
         eq1 | reghdfejl    countk          3  HDFE linear regression with
             |                                 Julia
         eq2 | reghdfejl    countk          3  HDFE linear regression with
             |                                 Julia
         eq3 | reghdfejl    countk          3  HDFE linear regression with
             |                                 Julia
-------------------------------------------------------------------------------

. _strip_zeros_stats, models(eq1 eq2 eq3) stats(ymean)

added macro:
        e(ymean_clean) : "90.983"

added macro:
        e(ymean_clean) : "90.983"

added macro:
        e(ymean_clean) : "90.983"

. 
. esttab eq1 eq2 eq3 using ///
>     "${tables}/_app_11_placebo_pop_13km${sample}_rural${ster_suffix}.tex", //
> /
>     replace ///
>     cells(b(fmt(3) star) se(par fmt(3))) ///
>     star(* 0.10 ** 0.05 *** 0.01) ///
>     keep(downup_pop_13km) order(downup_pop_13km) ///
>     varlabels(downup_pop_13km "Down\$>\$Up (Placebo)") ///
>     stats(N acq gridfe acmonthfe ymean_clean, ///
>           fmt(%12.0fc %12.0fc %s %s %s) ///
>           labels("Observations" "N Assembly Constituencies" ///
>                  "Grid \$\times\$ Cohort FE" ///
>                  "AC \$\times\$ Month-Year \$\times\$ Cohort FE" ///
>                  "Mean DV")) ///
>     nomtitles nonumbers collabels(none) nobaselevels ///
>     prehead("\begin{tabular}{lccc}" ///
>             "\hline" ///
>             "& \multicolumn{3}{c}{Number of Fires (in 1,000 units)}\\" ///
>             "& Full Sample & Treated for Politicians & Control for Politician
> s \\" ///
>             "& (1) & (2) & (3) \\" ///
>             "\midrule") ///
>     posthead("") prefoot("\hline") ///
>     postfoot("\hline" "\end{tabular}")
(output written to C:/Users/eunic/OneDrive/Documents/GitHub/proj_bureaucrats_fa
> rms/code/_stacked_downup_replication/../../tables/_app_11_placebo_pop_13km_ru
> ral.tex)

. 
. display "Generated: _app_11_placebo_pop_13km_rural.tex"
Generated: _app_11_placebo_pop_13km_rural.tex

. 
. *****************************************************************************
> ***
. * 13. Downwind Heterogeneity (_app_20_did_downwind_hm)
. *****************************************************************************
> ***
. if "$production_only" != "1" {
. est clear
. estread using "${tables}/_app_20_did_downwind_hm_rural_stacked${ster_suffix}.
> ster"
. _strip_zeros_stats, models(eq1 eq2 eq3 eq4) stats(ymean)
. _strip_zeros_stats, models(eq1 eq2 eq3 eq4) stats(ymean2)
. 
. esttab eq1 eq2 eq3 eq4 using "${tables}/_app_20_did_downwind_hm${sample}_rura
> l_acpop${ster_suffix}.tex", ///
>     replace ///
>     cells(b(fmt(3) star) se(par fmt(3))) ///
>     star(* 0.10 ** 0.05 *** 0.01) ///
>     keep(1.downup_ac_pop 1.downup_ac_pop#1.rice_prod_aclvl_ahigh ) ///
>     order(1.downup_ac_pop 1.downup_ac_pop#1.rice_prod_aclvl_ahigh) ///
>     varlabels(1.downup_ac_pop "Down \$>\$ Up (Pop)" 1.downup_ac_pop#1.rice_pr
> od_aclvl_ahigh "Down \$>\$ Up (Pop) \$\times\$ Rice Production" ) ///
>     stats(N acq monthyearfe acfe acmonthfe gridfe ymean_clean ymean2_clean, /
> //
>           fmt(%12.0fc %12.0fc %s %s %s %s %s %s) ///
>           labels("Observations" "N Assembly Constituencies" ///
>                  "Month-Year FE" "AC FE" "AC \$\times\$ Month-Year FE" ///
>                  "Grid FE" "Mean DV" "ymean2\_clean")) ///
>     nomtitles nonumbers ///
>     collabels(none) ///
>     nobaselevels ///
>     prehead("{" ///
>             "\def\sym#1{\ifmmode^{#1}\else\(^{#1}\)\fi}" ///
>             "\begin{tabular}{l*{4}{c}}" ///
>             "\hline" ///
>             "            &\multicolumn{1}{c}{(1)}         &\multicolumn{1}{c}
> {(2)}         &\multicolumn{1}{c}{(3)}         &\multicolumn{1}{c}{(4)}      
>    \\" ///
>             "            & \multicolumn{4}{c}{Number of Fires (in 1,000 units
> )} \\ \hline") ///
>     posthead("") ///
>     postfoot("\hline" "\end{tabular}" "}")
. 
. display "Generated: _app_20_did_downwind_hm_rural_acpop.tex"
. }

. 
. *****************************************************************************
> ***
. * Side-by-side comparison document
. * Writes ${tables}/_comparison_downup_ac_vs_acpop.tex
. * Each section \input's the original (_rural.tex) and the new (_rural_acpop.t
> ex)
. * so the two can be eyeballed in a single PDF.
. *****************************************************************************
> ***
. 
. if "$production_only" != "1" {
. 
. tempname cmp
. file open `cmp' using "${tables}/_comparison_downup_ac_vs_acpop${sample}${ste
> r_suffix}.tex", write replace
. 
. file write `cmp' "\documentclass[10pt]{article}" _n
. file write `cmp' "\usepackage[margin=0.6in]{geometry}" _n
. file write `cmp' "\usepackage{booktabs}" _n
. file write `cmp' "\usepackage{array}" _n
. file write `cmp' "\usepackage{multirow}" _n
. file write `cmp' "\usepackage{xcolor}" _n
. file write `cmp' "\usepackage{colortbl}" _n
. file write `cmp' "\usepackage{tabularx}" _n
. file write `cmp' "\usepackage{graphicx}" _n
. file write `cmp' "\usepackage{adjustbox}" _n
. file write `cmp' "\usepackage{amsmath}" _n
. file write `cmp' "\usepackage{amssymb}" _n
. file write `cmp' "\usepackage{titlesec}" _n
. file write `cmp' "\providecommand{\sym}[1]{\ifmmode^{#1}\else\(^{#1}\)\fi}" _
> n
. file write `cmp' "\titleformat{\section}{\normalfont\Large\bfseries\color{blu
> e!60!black}}{\thesection}{1em}{}" _n
. file write `cmp' "\newcommand{\OLD}[1]{\begin{center}\colorbox{red!8}{\parbox
> {0.97\linewidth}{\textbf{\textcolor{red!60!black}{ORIGINAL (downup\_ac):}}\pa
> r\vspace{0.4em}\centering\begin{adjustbox}{max width=\linewidth}#1\end{adjust
> box}}}\end{center}}" _n
. file write `cmp' "\newcommand{\NEW}[1]{\begin{center}\colorbox{green!8}{\parb
> ox{0.97\linewidth}{\textbf{\textcolor{green!50!black}{NEW (downup\_ac\_pop):}
> }\par\vspace{0.4em}\centering\begin{adjustbox}{max width=\linewidth}#1\end{ad
> justbox}}}\end{center}}" _n
. file write `cmp' "\begin{document}" _n
. file write `cmp' "\begin{center}{\Huge\bfseries Rural Replication Comparison}
> \\[0.4em]" _n
. file write `cmp' "{\large Treatment: \texttt{downup\_ac} vs \texttt{downup\_a
> c\_pop}}\\[0.4em]" _n
. file write `cmp' "{\normalsize Generated \today}\end{center}" _n
. file write `cmp' "\vspace{1em}" _n
. file write `cmp' "\noindent Each section shows the original specification (re
> d, treatment = \texttt{downup\_ac}) above the new specification (green, treat
> ment = \texttt{downup\_ac\_pop}). Both tex files are produced by the \texttt{
> \_generate\_all\_tables} dofiles in \texttt{code/\_replication\_rural} and \t
> exttt{code/\_replication\_rural\_acpop}.\par" _n
. file write `cmp' "\newpage" _n
. 
. * Emit a comparison section: title (already TeX-escaped), old tex stem, new t
> ex stem
. capture program drop _cmpsection
. program define _cmpsection
.     args fh title old new
.     file write `fh' "\section{`title'}" _n
.     file write `fh' "\noindent\textbf{Original file:} \texttt{`old'}\par" _n
.     file write `fh' "\OLD{\IfFileExists{`old'}{\input{`old'}}{\textit{(missin
> g: `old')}}}" _n
.     file write `fh' "\vspace{0.4em}" _n
.     file write `fh' "\noindent\textbf{New file:} \texttt{`new'}\par" _n
.     file write `fh' "\NEW{\IfFileExists{`new'}{\input{`new'}}{\textit{(missin
> g: `new')}}}" _n
.     file write `fh' "\clearpage" _n
. end
. 
. _cmpsection `cmp' "Main DiD (\_main\_1\_did)" ///
>     "main_did_downup_area_ac${sample}_rural${ster_suffix}.tex" ///
>     "main_did_downup_ac${sample}_rural_acpop${ster_suffix}.tex"
. 
. _cmpsection `cmp' "Bureaucrat $\times$ Politician DiD (\_main\_3\_bureau\_pol
> isc\_did)" ///
>     "_main_3_bureau_polisc_did${sample}_rural${ster_suffix}.tex" ///
>     "_main_3_bureau_polisc_did${sample}_rural_acpop${ster_suffix}.tex"
. 
. _cmpsection `cmp' "Protest DiD with Down$>$Up (\_main\_4\_protest\_5km\_fe12\
> _did\_downup)" ///
>     "_main_4_protest_5km_fe12_did_downup${sample}_rural${ster_suffix}.tex" //
> /
>     "_main_4_protest_5km_fe12_did_downup${sample}_rural_acpop_new${ster_suffi
> x}.tex"
. 
. _cmpsection `cmp' "Politician Char DiD with Down$>$Up (\_main\_5\_polischar\_
> fe12\_did\_downup\_inter)" ///
>     "_main_5_polischar_fe12_did_downup_inter${sample}_rural${ster_suffix}.tex
> " ///
>     "_main_5_polischar_fe12_did_downup_inter${sample}_rural_acpop${ster_suffi
> x}.tex"
. 
. _cmpsection `cmp' "Alternative DVs (\_app\_7\_main\_did\_downup\_area\_ac\_dv
> )" ///
>     "_app_7_main_did_downup_area_ac_dv${sample}_rural${ster_suffix}.tex" ///
>     "_app_7_main_did_downup_area_ac_dv${sample}_rural_acpop${ster_suffix}.tex
> "
. 
. _cmpsection `cmp' "DiD by Year (\_app\_8\_main\_did\_by\_year)" ///
>     "_app_8_main_did_by_year${sample}_rural${ster_suffix}.tex" ///
>     "_app_8_main_did_by_year${sample}_rural_acpop${ster_suffix}.tex"
. 
. _cmpsection `cmp' "DiD by State (\_app\_9\_main\_did\_by\_state)" ///
>     "_app_9_main_did_by_state${sample}_rural${ster_suffix}.tex" ///
>     "_app_9_main_did_by_state${sample}_rural_acpop${ster_suffix}.tex"
. 
. _cmpsection `cmp' "Rice Moderators (\_app\_10\_did\_rice\_moderators)" ///
>     "_app_10_did_rice_moderators${sample}_rural${ster_suffix}.tex" ///
>     "_app_10_did_rice_moderators${sample}_rural_acpop${ster_suffix}.tex"
. 
. _cmpsection `cmp' "Politician Rice Mods (\_app\_14\_polischar\_fe12\_did\_ric
> emods)" ///
>     "_app_14_polischar_fe12_did_ricemods${sample}_rural${ster_suffix}.tex" //
> /
>     "_app_14_polischar_fe12_did_ricemods${sample}_rural_acpop${ster_suffix}.t
> ex"
. 
. _cmpsection `cmp' "Politician FE DiD (\_app\_15\_polischar\_fe12\_did)" ///
>     "_app_15_polischar_fe12_did${sample}_rural${ster_suffix}.tex" ///
>     "_app_15_polischar_fe12_did${sample}_rural_acpop${ster_suffix}.tex"
. 
. _cmpsection `cmp' "Downwind Heterogeneity (\_app\_20\_did\_downwind\_hm)" ///
>     "_app_20_did_downwind_hm${sample}_rural${ster_suffix}.tex" ///
>     "_app_20_did_downwind_hm${sample}_rural_acpop${ster_suffix}.tex"
. 
. file write `cmp' "\end{document}" _n
. file close `cmp'
. 
. display "Comparison document: ${tables}/_comparison_downup_ac_vs_acpop${sampl
> e}.tex"
. display "Compile with: pdflatex ${tables}/_comparison_downup_ac_vs_acpop${sam
> ple}.tex"
. }

. 
. *****************************************************************************
> ***
. if "$production_only" == "1" {
.     display as result "Production table pass completed."
Production table pass completed.
. }

. else {
.     display "Table pass completed. Missing optional .ster files or model name
> s were reported above; available tables were generated."
. }

. *****************************************************************************
> ***
. 
end of do-file
.     do "${code}/_generate_interaction_plots.do"

. *****************************************************************************
> ***
. * Generate every interaction figure from independently produced .ster files
. *****************************************************************************
> ***
. 
. version 17

. set more off

. set graphics off

. 
. if "$root" == "" {
.     clear all
.     global location     "dbox"
.     global sample       ""
.     global is_rural_var "is_rural"
.     global fe_list      "1"
.     global ster_suffix  ""
.     global shell "/groups/sgulzar/sa_fires/proj_bureaucrats_farms"
.     global dbox  "C:/Users/eunic/Dropbox/sa_fires/proj_bureaucrats_farms"
.     global code_shell "/users/aquisper/proj_bureaucrats_farms/code/_stacked_d
> ownup_replication"
.     global code_dbox "C:/Users/eunic/OneDrive/Documents/GitHub/proj_bureaucra
> ts_farms/code/_stacked_downup_replication"
.     if "$location" == "dbox" {
.         global root "$dbox"
.         global code "$code_dbox"
.     }
.     else {
.         global root "$shell"
.         global code "$code_shell"
.     }
. }

. 
. global tables  "${code}/../../tables"

. global figures "${code}/../../figures"

. capture mkdir "${figures}/Interaction_downwind"

. quietly do "${code}/interaction_graph.ado"

. 
. * Population-weighted figures actively referenced by main.tex.
. est clear

. interaction_graph using ///
>     "${tables}/_app_18_protest_5km_fe12_did_downup_plot${sample}_rural_acpop$
> {ster_suffix}.ster", ///
>     estimates(1) ///
>     output("${figures}/_app_18_protest_5km_fe12_did_downup_plot_rural_acpop${
> sample}${ster_suffix}") ///
>     type(protest) modvar(downup_ac_pop)

-------------------------------------------------------------------------------
             |           Dependent  Number of        
        Name | Command    variable     param.  Title 
-------------+-----------------------------------------------------------------
      evreg1 | reghdfejl    countk          9  HDFE linear regression with
             |                                 Julia
-------------------------------------------------------------------------------
(results evreg1 are active now)

INTERACTION AUDIT (CONTROL-PRE STANDARDIZED): protest, estimate evreg1, moderat
> or downup_ac_pop
Control pre  : b =     0.000000   95% CI [    0.000000,     0.000000]   90% CI 
> [    0.000000,     0.000000]
Control post : b =    -1.608441   95% CI [   -6.603688,     3.386805]   90% CI 
> [   -5.799864,     2.582981]
Treated post : b =    83.499519   95% CI [    5.228715,   161.770322]   90% CI 
> [   17.823880,   149.175157]
Difference   : b =    85.107960   SE =    40.460604   95% CI [    5.748524,   1
> 64.467395]   90% CI [   18.518869,   151.697050]   p =  0.035575
(file
    C:/Users/eunic/OneDrive/Documents/GitHub/proj_bureaucrats_farms/code/_sta
    > cked_downup_replication/../../figures/_app_18_protest_5km_fe12_did_down
    > up_plot_rural_acpop_1.png not found)
file
    C:/Users/eunic/OneDrive/Documents/GitHub/proj_bureaucrats_farms/code/_sta
    > cked_downup_replication/../../figures/_app_18_protest_5km_fe12_did_down
    > up_plot_rural_acpop_1.png saved as PNG format
Exported: C:/Users/eunic/OneDrive/Documents/GitHub/proj_bureaucrats_farms/code/
> _stacked_downup_replication/../../figures/_app_18_protest_5km_fe12_did_downup
> _plot_rural_acpop_1.png

. copy "${figures}/_app_18_protest_5km_fe12_did_downup_plot_rural_acpop${sample
> }${ster_suffix}_1.png" ///
>      "${figures}/_app_18_protest_5km_fe12_did_downup_plot_rural_acpop${sample
> }${ster_suffix}.png", replace

. erase "${figures}/_app_18_protest_5km_fe12_did_downup_plot_rural_acpop${sampl
> e}${ster_suffix}_1.png"

. 
. est clear

. interaction_graph using ///
>     "${tables}/_app_19_polischar_fe12_did_downup_inter_plot${sample}_rural_ac
> pop${ster_suffix}.ster", ///
>     estimates(1) ///
>     output("${figures}/_app_19_polischar_fe12_did_downup_inter_plot_rural_acp
> op${sample}${ster_suffix}") ///
>     type(politician) modvar(downup_ac_pop)

-------------------------------------------------------------------------------
             |           Dependent  Number of        
        Name | Command    variable     param.  Title 
-------------+-----------------------------------------------------------------
      evreg1 | reghdfejl    countk          9  HDFE linear regression with
             |                                 Julia
-------------------------------------------------------------------------------
(results evreg1 are active now)

INTERACTION AUDIT (CONTROL-PRE STANDARDIZED): politician, estimate evreg1, mode
> rator downup_ac_pop
Control pre  : b =     0.000000   95% CI [    0.000000,     0.000000]   90% CI 
> [    0.000000,     0.000000]
Control post : b =    -0.907364   95% CI [  -11.943260,    10.128532]   90% CI 
> [  -10.167774,     8.353046]
Treated post : b =    10.192064   95% CI [   -7.689526,    28.073653]   90% CI 
> [   -4.812686,    25.196814]
Difference   : b =    11.099428   SE =     6.681548   95% CI [   -2.003430,    
> 24.202285]   90% CI [    0.104594,    22.094261]   p =  0.096816
(file
    C:/Users/eunic/OneDrive/Documents/GitHub/proj_bureaucrats_farms/code/_sta
    > cked_downup_replication/../../figures/_app_19_polischar_fe12_did_downup
    > _inter_plot_rural_acpop_1.png not found)
file
    C:/Users/eunic/OneDrive/Documents/GitHub/proj_bureaucrats_farms/code/_sta
    > cked_downup_replication/../../figures/_app_19_polischar_fe12_did_downup
    > _inter_plot_rural_acpop_1.png saved as PNG format
Exported: C:/Users/eunic/OneDrive/Documents/GitHub/proj_bureaucrats_farms/code/
> _stacked_downup_replication/../../figures/_app_19_polischar_fe12_did_downup_i
> nter_plot_rural_acpop_1.png

. copy "${figures}/_app_19_polischar_fe12_did_downup_inter_plot_rural_acpop${sa
> mple}${ster_suffix}_1.png" ///
>      "${figures}/_app_19_polischar_fe12_did_downup_inter_plot_rural_acpop${sa
> mple}${ster_suffix}.png", replace

. erase "${figures}/_app_19_polischar_fe12_did_downup_inter_plot_rural_acpop${s
> ample}${ster_suffix}_1.png"

. 
. * Area-weighted counterparts retained under their historical names.
. est clear

. interaction_graph using ///
>     "${tables}/_app_18_protest_5km_fe12_did_downup_plot${sample}_rural${ster_
> suffix}.ster", ///
>     estimates(1) ///
>     output("${figures}/Interaction_downwind/_app_downup_rel_protest${sample}$
> {ster_suffix}") ///
>     type(protest) modvar(downup_ac)

-------------------------------------------------------------------------------
             |           Dependent  Number of        
        Name | Command    variable     param.  Title 
-------------+-----------------------------------------------------------------
      evreg1 | reghdfejl    countk          9  HDFE linear regression with
             |                                 Julia
-------------------------------------------------------------------------------
(results evreg1 are active now)

INTERACTION AUDIT (CONTROL-PRE STANDARDIZED): protest, estimate evreg1, moderat
> or downup_ac
Control pre  : b =     0.000000   95% CI [    0.000000,     0.000000]   90% CI 
> [    0.000000,     0.000000]
Control post : b =    -1.285161   95% CI [   -6.272143,     3.701822]   90% CI 
> [   -5.469649,     2.899328]
Treated post : b =    80.531854   95% CI [    4.421219,   156.642489]   90% CI 
> [   16.668774,   144.394934]
Difference   : b =    81.817015   SE =    39.334895   95% CI [    4.665546,   1
> 58.968483]   90% CI [   17.080590,   146.553439]   p =  0.037678
file
    C:/Users/eunic/OneDrive/Documents/GitHub/proj_bureaucrats_farms/code/_sta
    > cked_downup_replication/../../figures/Interaction_downwind/_app_downup_
    > rel_protest_1.png saved as PNG format
Exported: C:/Users/eunic/OneDrive/Documents/GitHub/proj_bureaucrats_farms/code/
> _stacked_downup_replication/../../figures/Interaction_downwind/_app_downup_re
> l_protest_1.png

. copy "${figures}/Interaction_downwind/_app_downup_rel_protest${sample}${ster_
> suffix}_1.png" ///
>      "${figures}/Interaction_downwind/_app_downup_rel_protest${sample}${ster_
> suffix}.png", replace

. 
. est clear

. interaction_graph using ///
>     "${tables}/_app_19_polischar_fe12_did_downup_inter_plot${sample}_rural${s
> ter_suffix}.ster", ///
>     estimates(1) ///
>     output("${figures}/Interaction_downwind/_app_downup_rel_polischar${sample
> }${ster_suffix}") ///
>     type(politician) modvar(downup_ac)

-------------------------------------------------------------------------------
             |           Dependent  Number of        
        Name | Command    variable     param.  Title 
-------------+-----------------------------------------------------------------
      evreg1 | reghdfejl    countk          9  HDFE linear regression with
             |                                 Julia
-------------------------------------------------------------------------------
(results evreg1 are active now)

INTERACTION AUDIT (CONTROL-PRE STANDARDIZED): politician, estimate evreg1, mode
> rator downup_ac
Control pre  : b =     0.000000   95% CI [    0.000000,     0.000000]   90% CI 
> [    0.000000,     0.000000]
Control post : b =    -0.907364   95% CI [  -11.943260,    10.128532]   90% CI 
> [  -10.167774,     8.353046]
Treated post : b =    10.192064   95% CI [   -7.689526,    28.073653]   90% CI 
> [   -4.812686,    25.196814]
Difference   : b =    11.099428   SE =     6.681548   95% CI [   -2.003430,    
> 24.202285]   90% CI [    0.104594,    22.094261]   p =  0.096816
file
    C:/Users/eunic/OneDrive/Documents/GitHub/proj_bureaucrats_farms/code/_sta
    > cked_downup_replication/../../figures/Interaction_downwind/_app_downup_
    > rel_polischar_1.png saved as PNG format
Exported: C:/Users/eunic/OneDrive/Documents/GitHub/proj_bureaucrats_farms/code/
> _stacked_downup_replication/../../figures/Interaction_downwind/_app_downup_re
> l_polischar_1.png

. copy "${figures}/Interaction_downwind/_app_downup_rel_polischar${sample}${ste
> r_suffix}_1.png" ///
>      "${figures}/Interaction_downwind/_app_downup_rel_polischar${sample}${ste
> r_suffix}.png", replace

. 
. display as result "Generated protest and politician interaction figures in ${
> figures}"
Generated protest and politician interaction figures in C:/Users/eunic/OneDrive
> /Documents/GitHub/proj_bureaucrats_farms/code/_stacked_downup_replication/../
> ../figures

. 
end of do-file
. }

. else {
.     do "${code}/_generate_interaction_plots.do"
. }

. 
. display as result "LOCAL MAIN POST-PROCESSING STAGE COMPLETED: `stage'"
LOCAL MAIN POST-PROCESSING STAGE COMPLETED: tables

. log close mainpost
      name:  mainpost
       log:  C:/Users/eunic/OneDrive/Documents/GitHub/proj_bureaucrats_farms/co
> de/_stacked_downup_replication/logs/local_main_tables.stata.log
  log type:  text
 closed on:  25 Aug 2026, 15:30:30
-------------------------------------------------------------------------------
