-------------------------------------------------------------------------------
      name:  mainpost
       log:  C:/Users/eunic/OneDrive/Documents/GitHub/proj_bureaucrats_farms/co
> de/_stacked_downup_replication/logs/local_main_interactions.stata.log
  log type:  text
 opened on:  26 Aug 2026, 18:22:32

. 
. display as text "Local stage: `stage'"
Local stage: interactions

. display as text "Sample suffix: ${sample}"
Sample suffix: 

. display as text "Output suffix: ${ster_suffix}"
Output suffix: 

. 
. if "`stage'" == "export" {
.     do "${code}/_export_event_study_csv.do"
. }

. else if "`stage'" == "tables" {
.     do "${code}/_generate_all_tables.do"
.     do "${code}/_generate_interaction_plots.do"
. }

. else {
.     do "${code}/_generate_interaction_plots.do"

. *****************************************************************************
> ***
. * Generate every interaction figure from independently produced .ster files
. *****************************************************************************
> ***
. 
. version 17

. set more off

. set graphics off

. 
. if "$root" == "" {
.     clear all
.     global location     "dbox"
.     global sample       ""
.     global is_rural_var "is_rural"
.     global fe_list      "1"
.     global ster_suffix  ""
.     global shell "/groups/sgulzar/sa_fires/proj_bureaucrats_farms"
.     global dbox  "C:/Users/eunic/Dropbox/sa_fires/proj_bureaucrats_farms"
.     global code_shell "/users/aquisper/proj_bureaucrats_farms/code/_stacked_d
> ownup_replication"
.     global code_dbox "C:/Users/eunic/OneDrive/Documents/GitHub/proj_bureaucra
> ts_farms/code/_stacked_downup_replication"
.     if "$location" == "dbox" {
.         global root "$dbox"
.         global code "$code_dbox"
.     }
.     else {
.         global root "$shell"
.         global code "$code_shell"
.     }
. }

. 
. global tables  "${code}/../../tables"

. global figures "${code}/../../figures"

. capture mkdir "${figures}/Interaction_downwind"

. quietly do "${code}/interaction_graph.ado"

. 
. * Population-weighted figures actively referenced by main.tex.
. est clear

. interaction_graph using ///
>     "${tables}/_app_18_protest_5km_fe12_did_downup_plot${sample}_rural_acpop$
> {ster_suffix}.ster", ///
>     estimates(1) ///
>     output("${figures}/_app_18_protest_5km_fe12_did_downup_plot_rural_acpop${
> sample}${ster_suffix}") ///
>     type(protest) modvar(downup_ac_pop)

-------------------------------------------------------------------------------
             |           Dependent  Number of        
        Name | Command    variable     param.  Title 
-------------+-----------------------------------------------------------------
      evreg1 | reghdfejl    countk          9  HDFE linear regression with
             |                                 Julia
-------------------------------------------------------------------------------
(results evreg1 are active now)

INTERACTION AUDIT (CONTROL-PRE STANDARDIZED): protest, estimate evreg1, moderat
> or downup_ac_pop
Control pre  : b =     0.000000   95% CI [    0.000000,     0.000000]   90% CI 
> [    0.000000,     0.000000]
Control post : b =    -1.608441   95% CI [   -6.603688,     3.386805]   90% CI 
> [   -5.799864,     2.582981]
Treated post : b =    83.499519   95% CI [    5.228715,   161.770322]   90% CI 
> [   17.823880,   149.175157]
Difference   : b =    85.107960   SE =    40.460604   95% CI [    5.748524,   1
> 64.467395]   90% CI [   18.518869,   151.697050]   p =  0.035575
(file
    C:/Users/eunic/OneDrive/Documents/GitHub/proj_bureaucrats_farms/code/_sta
    > cked_downup_replication/../../figures/_app_18_protest_5km_fe12_did_down
    > up_plot_rural_acpop_1.png not found)
file
    C:/Users/eunic/OneDrive/Documents/GitHub/proj_bureaucrats_farms/code/_sta
    > cked_downup_replication/../../figures/_app_18_protest_5km_fe12_did_down
    > up_plot_rural_acpop_1.png saved as PNG format
Exported: C:/Users/eunic/OneDrive/Documents/GitHub/proj_bureaucrats_farms/code/
> _stacked_downup_replication/../../figures/_app_18_protest_5km_fe12_did_downup
> _plot_rural_acpop_1.png

. copy "${figures}/_app_18_protest_5km_fe12_did_downup_plot_rural_acpop${sample
> }${ster_suffix}_1.png" ///
>      "${figures}/_app_18_protest_5km_fe12_did_downup_plot_rural_acpop${sample
> }${ster_suffix}.png", replace

. erase "${figures}/_app_18_protest_5km_fe12_did_downup_plot_rural_acpop${sampl
> e}${ster_suffix}_1.png"

. 
. est clear

. interaction_graph using ///
>     "${tables}/_app_19_polischar_fe12_did_downup_inter_plot${sample}_rural_ac
> pop${ster_suffix}.ster", ///
>     estimates(1) ///
>     output("${figures}/_app_19_polischar_fe12_did_downup_inter_plot_rural_acp
> op${sample}${ster_suffix}") ///
>     type(politician) modvar(downup_ac_pop)

-------------------------------------------------------------------------------
             |           Dependent  Number of        
        Name | Command    variable     param.  Title 
-------------+-----------------------------------------------------------------
      evreg1 | reghdfejl    countk          9  HDFE linear regression with
             |                                 Julia
-------------------------------------------------------------------------------
(results evreg1 are active now)

INTERACTION AUDIT (CONTROL-PRE STANDARDIZED): politician, estimate evreg1, mode
> rator downup_ac_pop
Control pre  : b =     0.000000   95% CI [    0.000000,     0.000000]   90% CI 
> [    0.000000,     0.000000]
Control post : b =    -0.907364   95% CI [  -11.943260,    10.128532]   90% CI 
> [  -10.167774,     8.353046]
Treated post : b =    10.192064   95% CI [   -7.689526,    28.073653]   90% CI 
> [   -4.812686,    25.196814]
Difference   : b =    11.099428   SE =     6.681548   95% CI [   -2.003430,    
> 24.202285]   90% CI [    0.104594,    22.094261]   p =  0.096816
(file
    C:/Users/eunic/OneDrive/Documents/GitHub/proj_bureaucrats_farms/code/_sta
    > cked_downup_replication/../../figures/_app_19_polischar_fe12_did_downup
    > _inter_plot_rural_acpop_1.png not found)
file
    C:/Users/eunic/OneDrive/Documents/GitHub/proj_bureaucrats_farms/code/_sta
    > cked_downup_replication/../../figures/_app_19_polischar_fe12_did_downup
    > _inter_plot_rural_acpop_1.png saved as PNG format
Exported: C:/Users/eunic/OneDrive/Documents/GitHub/proj_bureaucrats_farms/code/
> _stacked_downup_replication/../../figures/_app_19_polischar_fe12_did_downup_i
> nter_plot_rural_acpop_1.png

. copy "${figures}/_app_19_polischar_fe12_did_downup_inter_plot_rural_acpop${sa
> mple}${ster_suffix}_1.png" ///
>      "${figures}/_app_19_polischar_fe12_did_downup_inter_plot_rural_acpop${sa
> mple}${ster_suffix}.png", replace

. erase "${figures}/_app_19_polischar_fe12_did_downup_inter_plot_rural_acpop${s
> ample}${ster_suffix}_1.png"

. 
. * Area-weighted counterparts retained under their historical names.
. est clear

. interaction_graph using ///
>     "${tables}/_app_18_protest_5km_fe12_did_downup_plot${sample}_rural${ster_
> suffix}.ster", ///
>     estimates(1) ///
>     output("${figures}/Interaction_downwind/_app_downup_rel_protest${sample}$
> {ster_suffix}") ///
>     type(protest) modvar(downup_ac)

-------------------------------------------------------------------------------
             |           Dependent  Number of        
        Name | Command    variable     param.  Title 
-------------+-----------------------------------------------------------------
      evreg1 | reghdfejl    countk          9  HDFE linear regression with
             |                                 Julia
-------------------------------------------------------------------------------
(results evreg1 are active now)

INTERACTION AUDIT (CONTROL-PRE STANDARDIZED): protest, estimate evreg1, moderat
> or downup_ac
Control pre  : b =     0.000000   95% CI [    0.000000,     0.000000]   90% CI 
> [    0.000000,     0.000000]
Control post : b =    -1.285161   95% CI [   -6.272143,     3.701822]   90% CI 
> [   -5.469649,     2.899328]
Treated post : b =    80.531854   95% CI [    4.421219,   156.642489]   90% CI 
> [   16.668774,   144.394934]
Difference   : b =    81.817015   SE =    39.334895   95% CI [    4.665546,   1
> 58.968483]   90% CI [   17.080590,   146.553439]   p =  0.037678
file
    C:/Users/eunic/OneDrive/Documents/GitHub/proj_bureaucrats_farms/code/_sta
    > cked_downup_replication/../../figures/Interaction_downwind/_app_downup_
    > rel_protest_1.png saved as PNG format
Exported: C:/Users/eunic/OneDrive/Documents/GitHub/proj_bureaucrats_farms/code/
> _stacked_downup_replication/../../figures/Interaction_downwind/_app_downup_re
> l_protest_1.png

. copy "${figures}/Interaction_downwind/_app_downup_rel_protest${sample}${ster_
> suffix}_1.png" ///
>      "${figures}/Interaction_downwind/_app_downup_rel_protest${sample}${ster_
> suffix}.png", replace

. 
. est clear

. interaction_graph using ///
>     "${tables}/_app_19_polischar_fe12_did_downup_inter_plot${sample}_rural${s
> ter_suffix}.ster", ///
>     estimates(1) ///
>     output("${figures}/Interaction_downwind/_app_downup_rel_polischar${sample
> }${ster_suffix}") ///
>     type(politician) modvar(downup_ac)

-------------------------------------------------------------------------------
             |           Dependent  Number of        
        Name | Command    variable     param.  Title 
-------------+-----------------------------------------------------------------
      evreg1 | reghdfejl    countk          9  HDFE linear regression with
             |                                 Julia
-------------------------------------------------------------------------------
(results evreg1 are active now)

INTERACTION AUDIT (CONTROL-PRE STANDARDIZED): politician, estimate evreg1, mode
> rator downup_ac
Control pre  : b =     0.000000   95% CI [    0.000000,     0.000000]   90% CI 
> [    0.000000,     0.000000]
Control post : b =    -0.907364   95% CI [  -11.943260,    10.128532]   90% CI 
> [  -10.167774,     8.353046]
Treated post : b =    10.192064   95% CI [   -7.689526,    28.073653]   90% CI 
> [   -4.812686,    25.196814]
Difference   : b =    11.099428   SE =     6.681548   95% CI [   -2.003430,    
> 24.202285]   90% CI [    0.104594,    22.094261]   p =  0.096816
file
    C:/Users/eunic/OneDrive/Documents/GitHub/proj_bureaucrats_farms/code/_sta
    > cked_downup_replication/../../figures/Interaction_downwind/_app_downup_
    > rel_polischar_1.png saved as PNG format
Exported: C:/Users/eunic/OneDrive/Documents/GitHub/proj_bureaucrats_farms/code/
> _stacked_downup_replication/../../figures/Interaction_downwind/_app_downup_re
> l_polischar_1.png

. copy "${figures}/Interaction_downwind/_app_downup_rel_polischar${sample}${ste
> r_suffix}_1.png" ///
>      "${figures}/Interaction_downwind/_app_downup_rel_polischar${sample}${ste
> r_suffix}.png", replace

. 
. display as result "Generated protest and politician interaction figures in ${
> figures}"
Generated protest and politician interaction figures in C:/Users/eunic/OneDrive
> /Documents/GitHub/proj_bureaucrats_farms/code/_stacked_downup_replication/../
> ../figures

. 
end of do-file
. }

. 
. display as result "LOCAL MAIN POST-PROCESSING STAGE COMPLETED: `stage'"
LOCAL MAIN POST-PROCESSING STAGE COMPLETED: interactions

. log close mainpost
      name:  mainpost
       log:  C:/Users/eunic/OneDrive/Documents/GitHub/proj_bureaucrats_farms/co
> de/_stacked_downup_replication/logs/local_main_interactions.stata.log
  log type:  text
 closed on:  26 Aug 2026, 18:23:03
-------------------------------------------------------------------------------
