-------------------------------------------------------------------------------
      name:  mainpost
       log:  C:/Users/eunic/OneDrive/Documents/GitHub/proj_bureaucrats_farms/co
> de/_stacked_downup_replication/logs/local_main_interactions_rice_high.stata.l
> og
  log type:  text
 opened on:  25 Aug 2026, 08:29:38

. 
. display as text "Local stage: `stage'"
Local stage: interactions

. display as text "Sample suffix: ${sample}"
Sample suffix: 

. display as text "Output suffix: ${ster_suffix}"
Output suffix: _rice_high

. 
. if "`stage'" == "export" {
.     do "${code}/_export_event_study_csv.do"
. }

. else if "`stage'" == "tables" {
.     do "${code}/_generate_all_tables.do"
.     do "${code}/_generate_interaction_plots.do"
. }

. else {
.     do "${code}/_generate_interaction_plots.do"

. *****************************************************************************
> ***
. * Generate every interaction figure from independently produced .ster files
. *****************************************************************************
> ***
. 
. version 17

. set more off

. set graphics off

. 
. if "$root" == "" {
.     clear all
.     global location     "dbox"
.     global sample       ""
.     global is_rural_var "is_rural"
.     global fe_list      "1"
.     global ster_suffix  ""
.     global shell "/groups/sgulzar/sa_fires/proj_bureaucrats_farms"
.     global dbox  "C:/Users/eunic/Dropbox/sa_fires/proj_bureaucrats_farms"
.     global code_shell "/users/aquisper/proj_bureaucrats_farms/code/_stacked_d
> ownup_replication"
.     global code_dbox "C:/Users/eunic/OneDrive/Documents/GitHub/proj_bureaucra
> ts_farms/code/_stacked_downup_replication"
.     if "$location" == "dbox" {
.         global root "$dbox"
.         global code "$code_dbox"
.     }
.     else {
.         global root "$shell"
.         global code "$code_shell"
.     }
. }

. 
. global tables  "${code}/../../tables"

. global figures "${code}/../../figures"

. capture mkdir "${figures}/Interaction_downwind"

. quietly do "${code}/interaction_graph.ado"

. 
. * Population-weighted figures actively referenced by main.tex.
. est clear

. interaction_graph using ///
>     "${tables}/_app_18_protest_5km_fe12_did_downup_plot${sample}_rural_acpop$
> {ster_suffix}.ster", ///
>     estimates(1) ///
>     output("${figures}/_app_18_protest_5km_fe12_did_downup_plot_rural_acpop${
> sample}${ster_suffix}") ///
>     type(protest) modvar(downup_ac_pop)

-------------------------------------------------------------------------------
             |           Dependent  Number of        
        Name | Command    variable     param.  Title 
-------------+-----------------------------------------------------------------
      evreg1 | reghdfejl    countk          9  HDFE linear regression with
             |                                 Julia
-------------------------------------------------------------------------------
(results evreg1 are active now)

INTERACTION AUDIT (CONTROL-PRE STANDARDIZED): protest, estimate evreg1, moderat
> or downup_ac_pop
Control pre  : b =     0.000000   95% CI [    0.000000,     0.000000]   90% CI 
> [    0.000000,     0.000000]
Control post : b =     0.409544   95% CI [   -9.016536,     9.835624]   90% CI 
> [   -7.498798,     8.317886]
Treated post : b =    84.291619   95% CI [   -8.382434,   176.965673]   90% CI 
> [    6.539453,   162.043786]
Difference   : b =    83.882075   SE =    48.378052   95% CI [  -11.053345,   1
> 78.817496]   90% CI [    4.232655,   163.531496]   p =  0.083250
file
    C:/Users/eunic/OneDrive/Documents/GitHub/proj_bureaucrats_farms/code/_sta
    > cked_downup_replication/../../figures/_app_18_protest_5km_fe12_did_down
    > up_plot_rural_acpop_rice_high_1.png saved as PNG format
Exported: C:/Users/eunic/OneDrive/Documents/GitHub/proj_bureaucrats_farms/code/
> _stacked_downup_replication/../../figures/_app_18_protest_5km_fe12_did_downup
> _plot_rural_acpop_rice_high_1.png

. copy "${figures}/_app_18_protest_5km_fe12_did_downup_plot_rural_acpop${sample
> }${ster_suffix}_1.png" ///
>      "${figures}/_app_18_protest_5km_fe12_did_downup_plot_rural_acpop${sample
> }${ster_suffix}.png", replace

. 
. est clear

. interaction_graph using ///
>     "${tables}/_app_19_polischar_fe12_did_downup_inter_plot${sample}_rural_ac
> pop${ster_suffix}.ster", ///
>     estimates(1) ///
>     output("${figures}/_app_19_polischar_fe12_did_downup_inter_plot_rural_acp
> op${sample}${ster_suffix}") ///
>     type(politician) modvar(downup_ac_pop)

-------------------------------------------------------------------------------
             |           Dependent  Number of        
        Name | Command    variable     param.  Title 
-------------+-----------------------------------------------------------------
      evreg1 | reghdfejl    countk          9  HDFE linear regression with
             |                                 Julia
-------------------------------------------------------------------------------
(results evreg1 are active now)

INTERACTION AUDIT (CONTROL-PRE STANDARDIZED): politician, estimate evreg1, mode
> rator downup_ac_pop
Control pre  : b =     0.000000   95% CI [    0.000000,     0.000000]   90% CI 
> [    0.000000,     0.000000]
Control post : b =    -1.947293   95% CI [  -21.046760,    17.152174]   90% CI 
> [  -17.971720,    14.077134]
Treated post : b =    14.183884   95% CI [  -16.787807,    45.155576]   90% CI 
> [  -11.801323,    40.169092]
Difference   : b =    16.131177   SE =    11.629201   95% CI [   -6.688017,    
> 38.950371]   90% CI [   -3.014096,    35.276450]   p =  0.165698
file
    C:/Users/eunic/OneDrive/Documents/GitHub/proj_bureaucrats_farms/code/_sta
    > cked_downup_replication/../../figures/_app_19_polischar_fe12_did_downup
    > _inter_plot_rural_acpop_rice_high_1.png saved as PNG format
Exported: C:/Users/eunic/OneDrive/Documents/GitHub/proj_bureaucrats_farms/code/
> _stacked_downup_replication/../../figures/_app_19_polischar_fe12_did_downup_i
> nter_plot_rural_acpop_rice_high_1.png

. copy "${figures}/_app_19_polischar_fe12_did_downup_inter_plot_rural_acpop${sa
> mple}${ster_suffix}_1.png" ///
>      "${figures}/_app_19_polischar_fe12_did_downup_inter_plot_rural_acpop${sa
> mple}${ster_suffix}.png", replace

. 
. * Area-weighted counterparts retained under their historical names.
. est clear

. interaction_graph using ///
>     "${tables}/_app_18_protest_5km_fe12_did_downup_plot${sample}_rural${ster_
> suffix}.ster", ///
>     estimates(1) ///
>     output("${figures}/Interaction_downwind/_app_downup_rel_protest${sample}$
> {ster_suffix}") ///
>     type(protest) modvar(downup_ac)

-------------------------------------------------------------------------------
             |           Dependent  Number of        
        Name | Command    variable     param.  Title 
-------------+-----------------------------------------------------------------
      evreg1 | reghdfejl    countk          9  HDFE linear regression with
             |                                 Julia
-------------------------------------------------------------------------------
(results evreg1 are active now)

INTERACTION AUDIT (CONTROL-PRE STANDARDIZED): protest, estimate evreg1, moderat
> or downup_ac
Control pre  : b =     0.000000   95% CI [    0.000000,     0.000000]   90% CI 
> [    0.000000,     0.000000]
Control post : b =     1.676731   95% CI [   -7.657335,    11.010798]   90% CI 
> [   -6.154413,     9.507876]
Treated post : b =    81.875701   95% CI [   -8.245980,   171.997382]   90% CI 
> [    6.264937,   157.486465]
Difference   : b =    80.198970   SE =    47.021767   95% CI [  -12.074925,   1
> 72.472864]   90% CI [    2.782530,   157.615409]   p =  0.088402
file
    C:/Users/eunic/OneDrive/Documents/GitHub/proj_bureaucrats_farms/code/_sta
    > cked_downup_replication/../../figures/Interaction_downwind/_app_downup_
    > rel_protest_rice_high_1.png saved as PNG format
Exported: C:/Users/eunic/OneDrive/Documents/GitHub/proj_bureaucrats_farms/code/
> _stacked_downup_replication/../../figures/Interaction_downwind/_app_downup_re
> l_protest_rice_high_1.png

. copy "${figures}/Interaction_downwind/_app_downup_rel_protest${sample}${ster_
> suffix}_1.png" ///
>      "${figures}/Interaction_downwind/_app_downup_rel_protest${sample}${ster_
> suffix}.png", replace

. 
. est clear

. interaction_graph using ///
>     "${tables}/_app_19_polischar_fe12_did_downup_inter_plot${sample}_rural${s
> ter_suffix}.ster", ///
>     estimates(1) ///
>     output("${figures}/Interaction_downwind/_app_downup_rel_polischar${sample
> }${ster_suffix}") ///
>     type(politician) modvar(downup_ac)

-------------------------------------------------------------------------------
             |           Dependent  Number of        
        Name | Command    variable     param.  Title 
-------------+-----------------------------------------------------------------
      evreg1 | reghdfejl    countk          9  HDFE linear regression with
             |                                 Julia
-------------------------------------------------------------------------------
(results evreg1 are active now)

INTERACTION AUDIT (CONTROL-PRE STANDARDIZED): politician, estimate evreg1, mode
> rator downup_ac
Control pre  : b =     0.000000   95% CI [    0.000000,     0.000000]   90% CI 
> [    0.000000,     0.000000]
Control post : b =    -1.514813   95% CI [  -18.620297,    15.590670]   90% CI 
> [  -15.866291,    12.836664]
Treated post : b =    15.028311   95% CI [  -14.151233,    44.207854]   90% CI 
> [   -9.453287,    39.509908]
Difference   : b =    16.543124   SE =    11.333165   95% CI [   -5.695179,    
> 38.781428]   90% CI [   -2.114783,    35.201031]   p =  0.144670
file
    C:/Users/eunic/OneDrive/Documents/GitHub/proj_bureaucrats_farms/code/_sta
    > cked_downup_replication/../../figures/Interaction_downwind/_app_downup_
    > rel_polischar_rice_high_1.png saved as PNG format
Exported: C:/Users/eunic/OneDrive/Documents/GitHub/proj_bureaucrats_farms/code/
> _stacked_downup_replication/../../figures/Interaction_downwind/_app_downup_re
> l_polischar_rice_high_1.png

. copy "${figures}/Interaction_downwind/_app_downup_rel_polischar${sample}${ste
> r_suffix}_1.png" ///
>      "${figures}/Interaction_downwind/_app_downup_rel_polischar${sample}${ste
> r_suffix}.png", replace

. 
. display as result "Generated protest and politician interaction figures in ${
> figures}"
Generated protest and politician interaction figures in C:/Users/eunic/OneDrive
> /Documents/GitHub/proj_bureaucrats_farms/code/_stacked_downup_replication/../
> ../figures

. 
end of do-file
. }

. 
. display as result "LOCAL MAIN POST-PROCESSING STAGE COMPLETED: `stage'"
LOCAL MAIN POST-PROCESSING STAGE COMPLETED: interactions

. log close mainpost
      name:  mainpost
       log:  C:/Users/eunic/OneDrive/Documents/GitHub/proj_bureaucrats_farms/co
> de/_stacked_downup_replication/logs/local_main_interactions_rice_high.stata.l
> og
  log type:  text
 closed on:  25 Aug 2026, 08:29:41
-------------------------------------------------------------------------------
