During startup - Warning messages:
1: Setting LC_COLLATE=C.UTF-8 failed 
2: Setting LC_CTYPE=C.UTF-8 failed 
3: Setting LC_MONETARY=C.UTF-8 failed 
4: Setting LC_TIME=C.UTF-8 failed 
Warning message:
package 'ggplot2' was built under R version 4.5.3 
During startup - Warning messages:
1: Setting LC_COLLATE=C.UTF-8 failed 
2: Setting LC_CTYPE=C.UTF-8 failed 
3: Setting LC_MONETARY=C.UTF-8 failed 
4: Setting LC_TIME=C.UTF-8 failed 
During startup - Warning messages:
1: Setting LC_COLLATE=C.UTF-8 failed 
2: Setting LC_CTYPE=C.UTF-8 failed 
3: Setting LC_MONETARY=C.UTF-8 failed 
4: Setting LC_TIME=C.UTF-8 failed 
HonestDiD parallel workers: 2
Running registered result: final_politician_fe03_baseline
Generated: C:/Users/eunic/OneDrive/Documents/GitHub/proj_bureaucrats_farms/figures/_app_16_polischar_fe03_evst_main_rural_acpop_1_sample_ori.png
Generated: C:/Users/eunic/OneDrive/Documents/GitHub/proj_bureaucrats_farms/figures/_app_16_polischar_fe03_evst_main_rural_acpop_1_sample_rotated.png
Generated: C:/Users/eunic/OneDrive/Documents/GitHub/proj_bureaucrats_farms/figures/_app_16_polischar_fe03_evst_main_rural_acpop_1_sample_honest2.png
Generated: C:/Users/eunic/OneDrive/Documents/GitHub/proj_bureaucrats_farms/figures/_app_16_polischar_fe03_evst_main_rural_acpop_1_sample_rot_honest2.png
Warning messages:
1: In .warnIfNotSymmPSD(sigma) :
  matrix sigma not numerically positive semi-definite (smallest eigenvalue was -1.43516e-13)
2: In .warnIfNotSymmPSD(sigma) :
  matrix sigma not numerically positive semi-definite (smallest eigenvalue was -1.43516e-13)
3: In .warnIfNotSymmPSD(sigma) :
  matrix sigma not numerically positive semi-definite (smallest eigenvalue was -1.6221e-13)
4: In .warnIfNotSymmPSD(sigma) :
  matrix sigma not numerically positive semi-definite (smallest eigenvalue was -1.6221e-13)
All requested event-study and HonestDiD plots completed.
