-------------------------------------------------------------------------------
      name:  <unnamed>
       log:  C:/Users/eunic/OneDrive/Documents/GitHub/proj_bureaucrats_farms/co
> de/_stacked_downup_replication/logs/local_sample_protest_event.log
  log type:  text
 opened on:  24 Aug 2026, 07:03:57

. do "${code}/_app_17_5km_fe12_evst_all.do"

. *****************************************************************************
> ***
. * Canonical protest event study: FE3 implementation based on the RA's
. * _app_21_5km_allfe_same_term.do, estimating all naturally observed event yea
> rs.
. *
. * Authoritative input: stacked_data_protest5km_election_sameterm.csv.
. * Controls are pooled exactly as supplied by that stack. There is no
. * control_type filter and no moderator/heterogeneity regression in this file.
. *****************************************************************************
> ***
. 
. if "$root" == "" {
.     clear all
.     set more off
. 
.     * Standalone defaults for the five sbatch-array parameters:
.     * location, sample, is_rural_var, fe_list, and ster_suffix.
.     global location     "shell"
.     global sample       ""
.     global is_rural_var "is_rural"
.     global fe_list      "3"
.     global ster_suffix  ""
. 
.     global shell "/groups/sgulzar/sa_fires/proj_bureaucrats_farms"
.     global dbox  "/Users/anzony.quisperojas/Library/CloudStorage/Dropbox/sa_f
> ires/proj_bureaucrats_farms"
.     global code_shell "/users/aquisper/proj_bureaucrats_farms/code/_stacked_d
> ownup_replication"
.     global code_dbox  "/Users/anzony.quisperojas/Documents/GitHub/proj_bureau
> crats_farms/code/_stacked_downup_replication"
. 
.     if "$location" == "dbox" {
.         global root "$dbox"
.         global code "$code_dbox"
.     }
.     else {
.         global root "$shell"
.         global code "$code_shell"
.     }
.     quietly do "${code}/estsave_csv.ado"
. }

. 
. global int_data "${root}/data_output/intermediate"

. global tables   "${code}/../../tables"

. 
. local protest_input ///
>     "${int_data}/stacked_data_protest5km_election_sameterm${sample}.csv"

. confirm file "`protest_input'"

. display as text "RA same-term protest input: `protest_input'"
RA same-term protest input: C:/Users/eunic/Dropbox/sa_fires/proj_bureaucrats_fa
> rms/data_output/intermediate/stacked_data_protest5km_election_sameterm_sample
> .csv

. import delimited using "`protest_input'", clear varnames(1)
(encoding automatically selected: ISO-8859-1)
