-------------------------------------------------------------------------------
      name:  mainpost
       log:  C:/Users/eunic/OneDrive/Documents/GitHub/proj_bureaucrats_farms/co
> de/_stacked_downup_replication/logs/local_main_export_rice_high.stata.log
  log type:  text
 opened on:  25 Aug 2026, 08:14:48

. 
. display as text "Local stage: `stage'"
Local stage: export

. display as text "Sample suffix: ${sample}"
Sample suffix: 

. display as text "Output suffix: ${ster_suffix}"
Output suffix: _rice_high

. 
. if "`stage'" == "export" {
.     do "${code}/_export_event_study_csv.do"

. *****************************************************************************
> ***
. * Export every event-study .ster result to the CSV format used by the R plots
> .
. *
. * This dofile is intentionally separate from estimation. It discovers all
. * event-study .ster files in ${tables}, restores their explicitly stored
. * estimate names, and passes that expanded name list to estsave_csv. The
. * estsave_csv command does not accept wildcard names such as evreg*.
. *****************************************************************************
> ***
. 
. version 17

. set more off

. 
. if "$root" == "" {
.     clear all
.     set more off
.     global location "dbox"
.     global sample ""
.     global is_rural_var "is_rural"
.     global fe_list "1"
.     global ster_suffix ""
.     global shell "/groups/sgulzar/sa_fires/proj_bureaucrats_farms"
.     global dbox "C:/Users/eunic/Dropbox/sa_fires/proj_bureaucrats_farms"
.     global code_shell "/users/aquisper/proj_bureaucrats_farms/code/_stacked_d
> ownup_replication"
.     global code_dbox "C:/Users/eunic/OneDrive/Documents/GitHub/proj_bureaucra
> ts_farms/code/_stacked_downup_replication"
.     if "$location" == "dbox" {
.         global root "$dbox"
.         global code "$code_dbox"
.     }
.     else {
.         global root "$shell"
.         global code "$code_shell"
.     }
. }

. 
. global tables "${code}/../../tables"

. 
. * The common cluster bridge may already have defined the program. Dropping it
. * makes this dofile safe both as a standalone local job and after another
. * dofile has loaded the same ado in the current Stata session.
. capture program drop estsave_csv

. quietly do "${code}/estsave_csv.ado"

. 
. capture which estread

. if _rc {
.     display as error "estread is required to restore the .ster files."
.     exit 199
. }

. 
. local ster_files : dir "${tables}" files "*.ster"

. local exported = 0

. local failed = 0

. 
. foreach ster_file of local ster_files {
  2.     * A sample smoke test must never rewrite production CSV/scalar outputs
> .
.     local matches_sample = strpos("`ster_file'", "_sample") == 0
  3.     if "$sample" != "" {
  4.         local matches_sample = strpos("`ster_file'", "$sample") > 0
  5.     }
  6.     local matches_suffix = strpos("`ster_file'", "_rice_high") == 0
  7.     if "$ster_suffix" != "" {
  8.         local matches_suffix = strpos("`ster_file'", "$ster_suffix") > 0
  9.     }
 10.     local is_event = ///
>         strpos("`ster_file'", "main_event_study") == 1 | ///
>         strpos("`ster_file'", "stacked_event_study") == 1 | ///
>         strpos("`ster_file'", "_app_16_polischar_fe12_evst_all") == 1 | ///
>         strpos("`ster_file'", "_app_17_5km_fe12_evst_all") == 1
 11. 
.     * The production Windows bridge exports only the three selected main
.     * results. Legacy standalone use may still export the wider event set.
.     if "$production_only" == "1" {
 12.         local is_event = ///
>             strpos("`ster_file'", "stacked_event_study_5pre") == 1 | ///
>             strpos("`ster_file'", "stacked_event_study_pop_5pre") == 1 | ///
>             (strpos("`ster_file'", "_app_16_polischar_fe12_evst_all") == 1 & 
> ///
>              strpos("`ster_file'", "_rural_acpop") > 0) | ///
>             strpos("`ster_file'", "_app_17_5km_fe12_evst_all") == 1
 13.     }
 14. 
.     if `is_event' & `matches_sample' & `matches_suffix' {
 15.         est clear
 16.         capture noisily estread using "${tables}/`ster_file'"
 17.         if _rc {
 18.             display as error "Could not read: ${tables}/`ster_file'"
 19.             local failed = `failed' + 1
 20.         }
 21.         else {
 22.             quietly estimates dir
 23.             local estimate_names `r(names)'
 24.             if `"`estimate_names'"' == "" {
 25.                 display as error "No stored estimates found in: `ster_file
> '"
 26.                 local failed = `failed' + 1
 27.             }
 28.             else {
 29.                 local csv_file = subinstr("`ster_file'", ".ster", ".csv", 
> .)
 30.                 capture noisily estsave_csv `estimate_names' using ///
>                     "${tables}/`csv_file'", replace
 31.                 if _rc {
 32.                     display as error "CSV export failed: `csv_file'"
 33.                     local failed = `failed' + 1
 34.                 }
 35.                 else {
 36.                     display as result "Exported: ${tables}/`csv_file'"
 37.                     local exported = `exported' + 1
 38.                 }
 39.             }
 40.         }
 41.     }
 42. }

-------------------------------------------------------------------------------
             |           Dependent  Number of        
        Name | Command    variable     param.  Title 
-------------+-----------------------------------------------------------------
      evreg1 | reghdfejl    countk         25  HDFE linear regression with
             |                                 Julia
      evreg2 | reghdfejl    countk         25  HDFE linear regression with
             |                                 Julia
-------------------------------------------------------------------------------
(25 missing values generated)
(25 missing values generated)
(25 missing values generated)
(25 missing values generated)
(25 missing values generated)
(25 missing values generated)
(25 missing values generated)
(25 missing values generated)
(25 missing values generated)
(25 missing values generated)
(25 missing values generated)
(25 missing values generated)
(25 missing values generated)
(25 missing values generated)
(25 missing values generated)
(25 missing values generated)
(25 missing values generated)
(25 missing values generated)
(25 missing values generated)
(25 missing values generated)
(25 missing values generated)
(25 missing values generated)
(25 missing values generated)
(25 missing values generated)
(25 missing values generated)
(25 missing values generated)
(25 missing values generated)
(25 missing values generated)
(25 missing values generated)
(25 missing values generated)
(25 missing values generated)
(25 missing values generated)
(25 missing values generated)
(25 missing values generated)
(25 missing values generated)
(25 missing values generated)
(25 missing values generated)
(25 missing values generated)
(25 missing values generated)
(25 missing values generated)
(25 missing values generated)
(25 missing values generated)
(25 missing values generated)
(25 missing values generated)
(25 missing values generated)
(25 missing values generated)
(25 missing values generated)
(25 missing values generated)
(25 missing values generated)
(25 missing values generated)
(25 missing values generated)
(25 missing values generated)
(25 missing values generated)
(25 missing values generated)
Estimates exported to C:/Users/eunic/OneDrive/Documents/GitHub/proj_bureaucrats
> _farms/code/_stacked_downup_replication/../../tables/stacked_event_study_5pre
> _rural_rice_high.csv
Exported: C:/Users/eunic/OneDrive/Documents/GitHub/proj_bureaucrats_farms/code/
> _stacked_downup_replication/../../tables/stacked_event_study_5pre_rural_rice_
> high.csv

-------------------------------------------------------------------------------
             |           Dependent  Number of        
        Name | Command    variable     param.  Title 
-------------+-----------------------------------------------------------------
      evreg1 | reghdfejl    countk         25  HDFE linear regression with
             |                                 Julia
      evreg2 | reghdfejl    countk         25  HDFE linear regression with
             |                                 Julia
-------------------------------------------------------------------------------
(25 missing values generated)
(25 missing values generated)
(25 missing values generated)
(25 missing values generated)
(25 missing values generated)
(25 missing values generated)
(25 missing values generated)
(25 missing values generated)
(25 missing values generated)
(25 missing values generated)
(25 missing values generated)
(25 missing values generated)
(25 missing values generated)
(25 missing values generated)
(25 missing values generated)
(25 missing values generated)
(25 missing values generated)
(25 missing values generated)
(25 missing values generated)
(25 missing values generated)
(25 missing values generated)
(25 missing values generated)
(25 missing values generated)
(25 missing values generated)
(25 missing values generated)
(25 missing values generated)
(25 missing values generated)
(25 missing values generated)
(25 missing values generated)
(25 missing values generated)
(25 missing values generated)
(25 missing values generated)
(25 missing values generated)
(25 missing values generated)
(25 missing values generated)
(25 missing values generated)
(25 missing values generated)
(25 missing values generated)
(25 missing values generated)
(25 missing values generated)
(25 missing values generated)
(25 missing values generated)
(25 missing values generated)
(25 missing values generated)
(25 missing values generated)
(25 missing values generated)
(25 missing values generated)
(25 missing values generated)
(25 missing values generated)
(25 missing values generated)
(25 missing values generated)
(25 missing values generated)
(25 missing values generated)
(25 missing values generated)
Estimates exported to C:/Users/eunic/OneDrive/Documents/GitHub/proj_bureaucrats
> _farms/code/_stacked_downup_replication/../../tables/stacked_event_study_pop_
> 5pre_rural_rice_high.csv
Exported: C:/Users/eunic/OneDrive/Documents/GitHub/proj_bureaucrats_farms/code/
> _stacked_downup_replication/../../tables/stacked_event_study_pop_5pre_rural_r
> ice_high.csv

-------------------------------------------------------------------------------
             |           Dependent  Number of        
        Name | Command    variable     param.  Title 
-------------+-----------------------------------------------------------------
      evreg1 | reghdfejl    countk         21  HDFE linear regression with
             |                                 Julia
      evreg2 | reghdfejl    countk         21  HDFE linear regression with
             |                                 Julia
-------------------------------------------------------------------------------
(21 missing values generated)
(21 missing values generated)
(21 missing values generated)
(21 missing values generated)
(21 missing values generated)
(21 missing values generated)
(21 missing values generated)
(21 missing values generated)
(21 missing values generated)
(21 missing values generated)
(21 missing values generated)
(21 missing values generated)
(21 missing values generated)
(21 missing values generated)
(21 missing values generated)
(21 missing values generated)
(21 missing values generated)
(21 missing values generated)
(21 missing values generated)
(21 missing values generated)
(21 missing values generated)
(21 missing values generated)
(21 missing values generated)
(21 missing values generated)
(21 missing values generated)
(21 missing values generated)
(21 missing values generated)
(21 missing values generated)
(21 missing values generated)
(21 missing values generated)
(21 missing values generated)
(21 missing values generated)
(21 missing values generated)
(21 missing values generated)
(21 missing values generated)
(21 missing values generated)
(21 missing values generated)
(21 missing values generated)
(21 missing values generated)
(21 missing values generated)
(21 missing values generated)
(21 missing values generated)
(21 missing values generated)
(21 missing values generated)
(21 missing values generated)
(21 missing values generated)
Estimates exported to C:/Users/eunic/OneDrive/Documents/GitHub/proj_bureaucrats
> _farms/code/_stacked_downup_replication/../../tables/_app_16_polischar_fe12_e
> vst_all_rural_acpop_rice_high_controls_both.csv
Exported: C:/Users/eunic/OneDrive/Documents/GitHub/proj_bureaucrats_farms/code/
> _stacked_downup_replication/../../tables/_app_16_polischar_fe12_evst_all_rura
> l_acpop_rice_high_controls_both.csv

-------------------------------------------------------------------------------
             |           Dependent  Number of        
        Name | Command    variable     param.  Title 
-------------+-----------------------------------------------------------------
      evreg1 | reghdfejl    countk         15  HDFE linear regression with
             |                                 Julia
      evreg2 | reghdfejl    countk         15  HDFE linear regression with
             |                                 Julia
-------------------------------------------------------------------------------
(15 missing values generated)
(15 missing values generated)
(15 missing values generated)
(15 missing values generated)
(15 missing values generated)
(15 missing values generated)
(15 missing values generated)
(15 missing values generated)
(15 missing values generated)
(15 missing values generated)
(15 missing values generated)
(15 missing values generated)
(15 missing values generated)
(15 missing values generated)
(15 missing values generated)
(15 missing values generated)
(15 missing values generated)
(15 missing values generated)
(15 missing values generated)
(15 missing values generated)
(15 missing values generated)
(15 missing values generated)
(15 missing values generated)
(15 missing values generated)
(15 missing values generated)
(15 missing values generated)
(15 missing values generated)
(15 missing values generated)
(15 missing values generated)
(15 missing values generated)
(15 missing values generated)
(15 missing values generated)
(15 missing values generated)
(15 missing values generated)
Estimates exported to C:/Users/eunic/OneDrive/Documents/GitHub/proj_bureaucrats
> _farms/code/_stacked_downup_replication/../../tables/_app_17_5km_fe12_evst_al
> l_rural_rice_high.csv
Exported: C:/Users/eunic/OneDrive/Documents/GitHub/proj_bureaucrats_farms/code/
> _stacked_downup_replication/../../tables/_app_17_5km_fe12_evst_all_rural_rice
> _high.csv

. 
. display as result "Event-study CSV files exported: `exported'"
Event-study CSV files exported: 4

. if `failed' > 0 {
.     display as error "Event-study CSV exports failed: `failed'"
.     exit 459
. }

. if `exported' == 0 {
.     display as error "No event-study .ster files were found in ${tables}."
.     exit 601
. }

. 
. *****************************************************************************
> ***
. 
end of do-file
. }

. else {
.     do "${code}/_generate_all_tables.do"
.     do "${code}/_generate_interaction_plots.do"
. }

. 
. display as result "LOCAL MAIN POST-PROCESSING STAGE COMPLETED: `stage'"
LOCAL MAIN POST-PROCESSING STAGE COMPLETED: export

. log close mainpost
      name:  mainpost
       log:  C:/Users/eunic/OneDrive/Documents/GitHub/proj_bureaucrats_farms/co
> de/_stacked_downup_replication/logs/local_main_export_rice_high.stata.log
  log type:  text
 closed on:  25 Aug 2026, 08:14:48
-------------------------------------------------------------------------------
