During startup - Warning messages:
1: Setting LC_COLLATE=C.UTF-8 failed 
2: Setting LC_CTYPE=C.UTF-8 failed 
3: Setting LC_MONETARY=C.UTF-8 failed 
4: Setting LC_TIME=C.UTF-8 failed 
Warning message:
package 'ggplot2' was built under R version 4.5.3 
During startup - Warning messages:
1: Setting LC_COLLATE=C.UTF-8 failed 
2: Setting LC_CTYPE=C.UTF-8 failed 
3: Setting LC_MONETARY=C.UTF-8 failed 
4: Setting LC_TIME=C.UTF-8 failed 
During startup - Warning messages:
1: Setting LC_COLLATE=C.UTF-8 failed 
2: Setting LC_CTYPE=C.UTF-8 failed 
3: Setting LC_MONETARY=C.UTF-8 failed 
4: Setting LC_TIME=C.UTF-8 failed 
HonestDiD parallel workers: 2
Running registered result: final_stacked_population_baseline
Generated: C:/Users/eunic/OneDrive/Documents/GitHub/proj_bureaucrats_farms/figures/stacked_event_study_pop_5pre_rural_1_ori_rice_high.png
Generated: C:/Users/eunic/OneDrive/Documents/GitHub/proj_bureaucrats_farms/figures/stacked_event_study_pop_5pre_rural_1_rotated_rice_high.png
Generated: C:/Users/eunic/OneDrive/Documents/GitHub/proj_bureaucrats_farms/figures/stacked_event_study_pop_5pre_rural_1_honest2_rice_high.png
Generated: C:/Users/eunic/OneDrive/Documents/GitHub/proj_bureaucrats_farms/figures/stacked_event_study_pop_5pre_rural_1_rot_honest2_rice_high.png
Warning messages:
1: In .warnIfNotSymmPSD(sigma) :
  matrix sigma not numerically positive semi-definite (smallest eigenvalue was -1.30577e-14)
2: In .warnIfNotSymmPSD(sigma) :
  matrix sigma not numerically positive semi-definite (smallest eigenvalue was -1.30577e-14)
All requested event-study and HonestDiD plots completed.
