
  ___  ____  ____  ____  ____ ®
 /__    /   ____/   /   ____/      StataNow 19.5
___/   /   /___/   /   /___/       MP—Parallel Edition

 Statistics and Data Science       Copyright 1985-2025 StataCorp LLC
                                   StataCorp
                                   4905 Lakeway Drive
                                   College Station, Texas 77845 USA
                                   800-782-8272        https://www.stata.com
                                   979-696-4600        service@stata.com

Stata license: 4-user 16-core network, expiring 14 Sep 2026
Serial number: 501909301589
  Licensed to: University of Notre Dame
               Notre Dame, IN 46556

Notes:
      1. Stata is running in batch mode.
      2. Unicode is supported; see help unicode_advice.
      3. More than 2 billion observations are allowed; see help obs_advice.
      4. Maximum number of variables is set to 5,000 but can be increased;
          see help set_maxvar.

. do /users/aquisper/proj_bureaucrats_farms/code/_stacked_downup_replication/sb
> atch/_run_dofile.do 

. *****************************************************************************
> ***
. * Environment bridge: one invocation runs exactly one result-generating dofil
> e.
. *****************************************************************************
> ***
. 
. version 17

. set more off

. 
. local dofile        : environment FARMS_DOFILE

. local root          : environment FARMS_ROOT

. local code          : environment FARMS_CODE

. local location      : environment FARMS_LOCATION

. local sample        : environment FARMS_SAMPLE

. local is_rural_var  : environment FARMS_RURAL_VAR

. local fe_list       : environment FARMS_FE_LIST

. local ster_suffix   : environment FARMS_STER_SUFFIX

. local downup_var    : environment FARMS_DOWNUP_VAR

. local stacked_file  : environment FARMS_STACKED_FILE

. local did_output    : environment FARMS_DID_OUTPUT

. local control_samples : environment FARMS_CONTROL_SAMPLES

. local analysis_subsample : environment FARMS_ANALYSIS_SUBSAMPLE

. local processors    : environment FARMS_CPUS

. 
. if "`processors'" == "" local processors "1"

. set processors `processors'
    The maximum number of processors or cores being used is changed from 16
    to 1.  It can be set to any number between 1 and 16

. 
. if "`dofile'" == "" {
.     display as error "FARMS_DOFILE is empty; use sbatch/run_dofile.sbatch."
.     exit 198
. }

. if "`root'" == "" {
.     display as error "FARMS_ROOT is empty; use sbatch/run_dofile.sbatch."
.     exit 198
. }

. if "`code'" == "" {
.     display as error "FARMS_CODE is empty; use sbatch/run_dofile.sbatch."
.     exit 198
. }

. 
. if "`sample'" == "none" local sample ""

. if "`ster_suffix'" == "none" local ster_suffix ""

. if "`downup_var'" == "none" local downup_var ""

. if "`stacked_file'" == "none" local stacked_file ""

. if "`did_output'" == "none" local did_output ""

. if "`control_samples'" == "all" local control_samples ""

. if "`analysis_subsample'" == "all" local analysis_subsample ""

. 
. global root          "`root'"

. global code          "`code'"

. global location      "`location'"

. global sample        "`sample'"

. global is_rural_var  "`is_rural_var'"

. global fe_list       "`fe_list'"

. global ster_suffix   "`ster_suffix'"

. global downup_var    "`downup_var'"

. global stacked_file  "`stacked_file'"

. global did_output    "`did_output'"

. global control_samples "`control_samples'"

. global analysis_subsample "`analysis_subsample'"

. 
. global int_data    "${root}/data_output/intermediate"

. global int_farms   "${int_data}"

. global tables      "${code}/../../tables"

. global table_farms "${tables}"

. global figures     "${code}/../../figures"

. global figure_farms "${figures}"

. 
. capture mkdir "${tables}"

. capture mkdir "${figures}"

. capture mkdir "${code}/logs"

. 
. adopath ++ "${code}"
  [1]              "/users/aquisper/proj_bureaucrats_farms/code/_stacked_downup
> _replication"
  [2]  (BASE)      "/software/s/stata/19.5/ado/base/"
  [3]  (SITE)      "/software/s/stata/ado/"
  [4]              "."
  [5]  (PERSONAL)  "~/ado/personal/"
  [6]  (PLUS)      "~/ado/plus/"
  [7]  (OLDPLACE)  "~/ado/"

. capture noisily do "${code}/estsave_csv.ado"

. *! estsave_csv v1.2 - Export stored estimates and covariance matrices to CSV
. program define estsave_csv
  1.     version 14.0
  2.     syntax namelist using/, [replace append]
  3. 
.     local outfile `"`using'"'
  4.     tempfile coef_all coef_cur scalar_all scalar_cur
  5.     local first = 1
  6. 
.     foreach est of local namelist {
  7.         quietly estimates restore `est'
  8.         matrix b = e(b)
  9.         matrix V = e(V)
 10.         local k = colsof(b)
 11.         local cnames : colfullnames b
 12. 
.         preserve
 13.         clear
 14.         quietly set obs `k'
 15.         gen strL reg = "`est'"
 16.         gen strL var = ""
 17.         gen double beta = .
 18.         capture local ymean_val `"`e(ymean)'"'
 19.         if !_rc & `"`ymean_val'"' != "" gen strL ymean = `"`ymean_val'"'
 20.         else gen strL ymean = ""
 21. 
.         forvalues j = 1/`k' {
 22.             local nm : word `j' of `cnames'
 23.             quietly replace var = "`nm'" in `j'
 24.             quietly replace beta = b[1, `j'] in `j'
 25.             gen double cov`j' = .
 26.         }
 27.         forvalues i = 1/`k' {
 28.             forvalues j = 1/`k' {
 29.                 quietly replace cov`j' = V[`i', `j'] in `i'
 30.             }
 31.         }
 32.         quietly save `coef_cur', replace
 33.         if `first' quietly save `coef_all', replace
 34.         else {
 35.             quietly use `coef_all', clear
 36.             quietly append using `coef_cur'
 37.             quietly save `coef_all', replace
 38.         }
 39.         restore
 40. 
.         preserve
 41.         clear
 42.         quietly set obs 1
 43.         gen strL reg = "`est'"
 44.         local escalars : e(scalars)
 45.         foreach sc of local escalars {
 46.             local scval = e(`sc')
 47.             local safe = subinstr("`sc'", "-", "_", .)
 48.             capture gen double `safe' = `scval'
 49.             if _rc capture gen double sc_`safe' = `scval'
 50.         }
 51.         local emacros : e(macros)
 52.         foreach mc of local emacros {
 53.             capture local mcval `"`e(`mc')'"'
 54.             if !_rc & `"`mcval'"' != "" {
 55.                 if strlen(`"`mcval'"') > 244 local mcval = substr(`"`mcval
> '"', 1, 244)
 56.                 local safe = subinstr("`mc'", "-", "_", .)
 57.                 capture gen strL `safe' = `"`mcval'"'
 58.                 if _rc capture gen strL mc_`safe' = `"`mcval'"'
 59.             }
 60.         }
 61.         quietly save `scalar_cur', replace
 62.         if `first' {
 63.             quietly save `scalar_all', replace
 64.             local first = 0
 65.         }
 66.         else {
 67.             quietly use `scalar_all', clear
 68.             quietly append using `scalar_cur'
 69.             quietly save `scalar_all', replace
 70.         }
 71.         restore
 72.     }
 73. 
.     local basefile = subinstr(`"`outfile'"', ".csv", "", .)
 74.     quietly use `coef_all', clear
 75.     order reg var beta ymean
 76.     quietly export delimited using "`basefile'.csv", `replace' `append'
 77.     quietly use `scalar_all', clear
 78.     quietly export delimited using "`basefile'_scalars.csv", `replace' `ap
> pend'
 79.     display as result "Estimates exported to `basefile'.csv"
 80. end

. 
. 
end of do-file

. capture noisily do "${code}/estload_csv.ado"

. *! estload_csv v1.0 - Reconstruct estimate objects exported by estsave_csv
. program define estload_csv
  1.     version 14.0
  2.     syntax using/
  3. 
.     local infile `"`using'"'
  4.     local basefile = subinstr(`"`infile'"', ".csv", "", .)
  5.     preserve
  6.     quietly import delimited using "`basefile'.csv", clear varnames(1)
  7.     quietly levelsof reg, local(regs)
  8. 
.     foreach r of local regs {
  9.         preserve
 10.         quietly keep if reg == "`r'"
 11.         local k = _N
 12.         matrix b = J(1, `k', .)
 13.         matrix V = J(`k', `k', .)
 14.         local varnames ""
 15.         forvalues i = 1/`k' {
 16.             local vname = var[`i']
 17.             local varnames `"`varnames' `vname'"'
 18.             matrix b[1, `i'] = beta[`i']
 19.             forvalues j = 1/`k' {
 20.                 matrix V[`i', `j'] = cov`j'[`i']
 21.             }
 22.         }
 23.         matrix colnames b = `varnames'
 24.         matrix rownames V = `varnames'
 25.         matrix colnames V = `varnames'
 26.         restore, preserve
 27.         quietly ereturn post b V
 28.         estimates store `r'
 29.         display as text "Loaded estimate: `r'"
 30.     }
 31.     restore
 32. end

. 
. 
end of do-file

. 
. display "============================================================"
============================================================

. display "Independent dofile job: `dofile'"
Independent dofile job: _main_5_polischar_fe12_did_downup_inter.do

. display "Data root: ${root}"
Data root: /groups/sgulzar/sa_fires/proj_bureaucrats_farms

. display "Tables output: ${tables}"
Tables output: /users/aquisper/proj_bureaucrats_farms/code/_stacked_downup_repl
> ication/../../tables

. display "Figures output: ${figures}"
Figures output: /users/aquisper/proj_bureaucrats_farms/code/_stacked_downup_rep
> lication/../../figures

. display "Code root: ${code}"
Code root: /users/aquisper/proj_bureaucrats_farms/code/_stacked_downup_replicat
> ion

. display "Sample: ${sample}; rural: ${is_rural_var}; FE: ${fe_list}"
Sample: ; rural: is_rural; FE: 1/3

. display "Suffix: ${ster_suffix}; moderator: ${downup_var}"
Suffix: ; moderator: downup_ac

. display "Control samples: ${control_samples}"
Control samples: 

. display "Analysis subsample: ${analysis_subsample}"
Analysis subsample: 

. display "Stata processors: " c(processors)
Stata processors: 1

. display "============================================================"
============================================================

. 
. do "${code}/`dofile'"

. *****************************************************************************
> ***
. * Politician-characteristics DiD: three regular specifications followed by
. * the same three specifications interacted with downup_ac_pop.
. * Final input and FE follow politician_byprov_fe_sweep.
. *****************************************************************************
> ***
. 
. if "$root" == "" {
.     clear all
.     set more off
.     * Standalone defaults for the five sbatch-array parameters.
.     global location     "shell"
.     global sample       ""
.     global is_rural_var "is_rural"
.     global fe_list      "1/3"
.     global ster_suffix  "_acpop"
.     global shell "/groups/sgulzar/sa_fires/proj_bureaucrats_farms"
.     global dbox  "/Users/anzony.quisperojas/Library/CloudStorage/Dropbox/sa_f
> ires/proj_bureaucrats_farms"
.     if "$location" == "dbox" {
.         global root "$dbox"
.     }
.     else {
.         global root "$shell"
.     }
. }

. if "$downup_var" == "" {
.     global downup_var "downup_ac_pop"
. }

. 
. global int_data "${root}/data_output/intermediate"

. global tables   "${code}/../../tables"

. 
. import delimited using "${int_data}/politicians_characteristics_byprov${sampl
> e}.csv", ///
>     clear varnames(1)
(encoding automatically selected: ISO-8859-1)
(27 vars, 16,496,199 obs)

. capture confirm variable relative_year_bin

. if _rc {
.     rename relative_year relative_year_bin
. }

. * Always express the fire-count outcome in thousands.
. capture drop countk

. gen countk = count * 1000

. 
. merge m:1 unique_small_grid_id using ///
>     "${int_data}/ghs_grid_classification_2000.dta", ///
>     keep(master match) keepusing(is_rural)

    Result                      Number of obs
    -----------------------------------------
    Not matched                             0
    Matched                        16,496,199  (_merge==3)
    -----------------------------------------

. drop _merge

. keep if ${is_rural_var} == 1
(4,219,068 observations deleted)

. keep if year < 2022 | (year == 2022 & month <= 8)
(2,358,054 observations deleted)

. keep if inrange(relative_year_bin, -5, 4)
(1,650,238 observations deleted)

. 
. confirm variable cohort_id

. confirm variable cohort_province

. confirm variable control_type

. assert cohort_id == floor(cohort_id) & cohort_id > 0

. assert control_type == 0 if treat == 1

. assert inlist(control_type, 1, 2) if treat == 0

. sort cohort_id unique_small_grid_id monthyear

. by cohort_id: assert province == province[1]

. by cohort_id: assert cohort == cohort[1]

. by cohort_id: assert cohort_province == cohort_province[1]

. by cohort_id unique_small_grid_id: assert treat == treat[1]

. by cohort_id unique_small_grid_id: assert control_type == control_type[1]

. isid unique_small_grid_id monthyear cohort_id treat

. 
. egen unique_small_grid_id_cohort = group(unique_small_grid_id cohort_id)

. capture drop province_cohort

. egen province_cohort = group(province cohort_id)

. egen ac_elec_yr = group(ac_uq_id election_year cohort_id)

. quietly summarize relative_year_bin

. local rmin = r(min)

. gen int relative_year_bin_aux = relative_year_bin - `rmin' + 1

. gen post_ = relative_year_bin >= 0

. gen moderator = 0

. 
. local fe1 "unique_small_grid_id_cohort relative_year_bin_aux#cohort_id"

. local fe2 "unique_small_grid_id_cohort relative_year_bin_aux#cohort_id provin
> ce_cohort#election_year"

. local fe3 "unique_small_grid_id_cohort relative_year_bin_aux#cohort_id provin
> ce_cohort#election_year province_cohort#c.monthyear"

. local moderators_list moderator ${downup_var}

. 
. * Anchor every regular and interacted model to the sample retained by the
. * richest FE specification with the full downup interaction.
. local common_rhs "ib0.post_##ib0.treat##ib0.${downup_var} wind_direction av_w
> ind_speed"

. do "${code}/exploratory_analysis/rice_high_subsample/_apply_rice_high_subsamp
> le.do"

. *****************************************************************************
> ***
. * Optional exploratory restriction: ACs with above-median rice production.
. *
. * Called after an analysis dataset and its required merge fields are loaded,
. * but before the first regression/common-sample regression.  It is inert unle
> ss
. * $analysis_subsample is "rice_high".
. *****************************************************************************
> ***
. 
. if "$analysis_subsample" == "rice_high" {
.     capture confirm variable rice_prod_aclvl_ahigh
.     if _rc {
.         display as error ///
>             "rice_prod_aclvl_ahigh is missing from the stacked dataset. " ///
>             "Regenerate it from 0_master_dataset with the data-generation pip
> eline."
.         exit 111
.     }
. 
.     assert inlist(rice_prod_aclvl_ahigh, 0, 1)
.     quietly count
.     local rice_before = r(N)
.     keep if rice_prod_aclvl_ahigh == 1
.     quietly count
.     local rice_after = r(N)
.     if `rice_after' == 0 {
.         display as error "The rice-high exploratory restriction removed every
>  row."
.         exit 2000
.     }
.     display as result "EXPLORATORY SAMPLE: rice_prod_aclvl_ahigh == 1"
.     display as result "Rows retained: `rice_after' of `rice_before'"
. }

. 
end of do-file

. 
. quietly reghdfejl countk `common_rhs', absorb(`fe3') vce(cluster ac_elec_yr)

. gen byte common_sample = e(sample)

. quietly count

. local candidate_n = r(N)

. quietly count if common_sample

. local common_n = r(N)

. display as text "Common-sample anchor: interacted FE specification 3"
Common-sample anchor: interacted FE specification 3

. display as text "Common estimation sample: `common_n' of `candidate_n' observ
> ations"
Common estimation sample: 8268839 of 8268839 observations

. keep if common_sample
(0 observations deleted)

. drop common_sample

. 
. egen tag_ac = tag(ac_uq_id)

. count if tag_ac == 1
  695

. local numacs = r(N)

. 
. est clear

. local i = 1

. foreach mod of local moderators_list {
  2.     replace moderator = `mod'
  3.     local rhs "ib0.post_##ib0.treat##ib0.`mod' wind_direction av_wind_spee
> d"
  4.     quietly summarize countk if treat == 1 & relative_year_bin <= -1
  5.     local ymean = r(mean)
  6.     quietly summarize countk if treat == 1 & relative_year_bin <= -1 & mod
> erator == 1
  7.     local ymean2 = r(mean)
  8.     foreach fe of numlist $fe_list {
  9.         reghdfejl countk `rhs', absorb(`fe`fe'') vce(cluster ac_elec_yr)
 10.         if e(N) != `common_n' {
 11.             display as error "FE specification `fe' with moderator `mod' c
> hanged the anchored sample."
 12.             exit 459
 13.         }
 14.         estadd scalar ymean = `ymean'
 15.         estadd scalar ymean2 = `ymean2'
 16.         estadd scalar acq = `numacs'
 17.         estadd local smpl "Rural"
 18.         estadd local fespec "`fe`fe''"
 19.         estadd local gridfe "Y"
 20.         estadd local time "Y"
 21.         local election_label = cond(`fe' >= 2, "Y", "N")
 22.         local provtrend_label = cond(`fe' == 3, "Y", "N")
 23.         estadd local electionfe "`election_label'"
 24.         estadd local provtrendfe "`provtrend_label'"
 25.         estadd local mod "`mod'"
 26.         local estname evreg`i'
 27.         local i = `i' + 1
 28.         est store `estname'
 29.     }
 30. }
(0 real changes made)
(MWFE estimator converged in 10 iterations)

HDFE linear regression with Julia                 Number of obs   =  8,268,839
Absorbing 2 HDFE groups                           F(   3,   2183) =     112.16
Statistics cluster-robust                         Prob > F        =     0.0000
                                                  R-squared       =     0.1081
                                                  Adj R-squared   =     0.0967
Number of clusters (ac_elec_yr) =       2183      Within R-sq.    =     0.0078
                                                  Root MSE        =   963.0951

                         (Std. err. adjusted for 2,183 clusters in ac_elec_yr)
------------------------------------------------------------------------------
             |               Robust
      countk | Coefficient  std. err.      t    P>|t|     [95% conf. interval]
-------------+----------------------------------------------------------------
     1.post_ |          0  (omitted)
     1.treat |          0  (omitted)
wind_direc~n |  -.8363397   .0495638   -16.87   0.000    -.9335369   -.7391426
av_wind_sp~d |   84.51684   6.765445    12.49   0.000     71.24945    97.78422
             |
 post_#treat |
        1 1  |   12.46512   4.525075     2.75   0.006     3.591211    21.33902
------------------------------------------------------------------------------

added scalar:
              e(ymean) =  105.23059

added scalar:
             e(ymean2) =  .

added scalar:
                e(acq) =  695

added macro:
               e(smpl) : "Rural"

added macro:
             e(fespec) : "unique_small_grid_id_cohort relative_year_bin_aux#coh
> ort_id"

added macro:
             e(gridfe) : "Y"

added macro:
               e(time) : "Y"

added macro:
         e(electionfe) : "N"

added macro:
        e(provtrendfe) : "N"

added macro:
                e(mod) : "moderator"
(MWFE estimator converged in 11 iterations)

HDFE linear regression with Julia                 Number of obs   =  8,268,839
Absorbing 3 HDFE groups                           F(   3,   2183) =     112.16
Statistics cluster-robust                         Prob > F        =     0.0000
                                                  R-squared       =     0.1081
                                                  Adj R-squared   =     0.0967
Number of clusters (ac_elec_yr) =       2183      Within R-sq.    =     0.0078
                                                  Root MSE        =   963.0961

                         (Std. err. adjusted for 2,183 clusters in ac_elec_yr)
------------------------------------------------------------------------------
             |               Robust
      countk | Coefficient  std. err.      t    P>|t|     [95% conf. interval]
-------------+----------------------------------------------------------------
     1.post_ |          0  (omitted)
     1.treat |          0  (omitted)
wind_direc~n |  -.8363397   .0495639   -16.87   0.000     -.933537   -.7391425
av_wind_sp~d |   84.51684   6.765451    12.49   0.000     71.24944    97.78423
             |
 post_#treat |
        1 1  |   12.46512   4.525084     2.75   0.006     3.591193    21.33904
------------------------------------------------------------------------------

added scalar:
              e(ymean) =  105.23059

added scalar:
             e(ymean2) =  .

added scalar:
                e(acq) =  695

added macro:
               e(smpl) : "Rural"

added macro:
             e(fespec) : "unique_small_grid_id_cohort relative_year_bin_aux#coh
> ort_id province_cohort#election_year"

added macro:
             e(gridfe) : "Y"

added macro:
               e(time) : "Y"

added macro:
         e(electionfe) : "Y"

added macro:
        e(provtrendfe) : "N"

added macro:
                e(mod) : "moderator"
(MWFE estimator converged in 20 iterations)

HDFE linear regression with Julia                 Number of obs   =  8,268,839
Absorbing 4 HDFE groups                           F(   3,   2183) =     103.57
Statistics cluster-robust                         Prob > F        =     0.0000
                                                  R-squared       =     0.1080
                                                  Adj R-squared   =     0.0966
Number of clusters (ac_elec_yr) =       2183      Within R-sq.    =     0.0077
                                                  Root MSE        =   963.1511

                         (Std. err. adjusted for 2,183 clusters in ac_elec_yr)
------------------------------------------------------------------------------
             |               Robust
      countk | Coefficient  std. err.      t    P>|t|     [95% conf. interval]
-------------+----------------------------------------------------------------
     1.post_ |          0  (omitted)
     1.treat |          0  (omitted)
wind_direc~n |  -.8558658   .0511461   -16.73   0.000    -.9561659   -.7555657
av_wind_sp~d |   82.43994   7.430132    11.10   0.000     67.86907    97.01081
             |
 post_#treat |
        1 1  |   12.48228   4.526183     2.76   0.006     3.606206    21.35836
------------------------------------------------------------------------------

added scalar:
              e(ymean) =  105.23059

added scalar:
             e(ymean2) =  .

added scalar:
                e(acq) =  695

added macro:
               e(smpl) : "Rural"

added macro:
             e(fespec) : "unique_small_grid_id_cohort relative_year_bin_aux#coh
> ort_id province_cohort#election_year province_cohort#c.monthyear"

added macro:
             e(gridfe) : "Y"

added macro:
               e(time) : "Y"

added macro:
         e(electionfe) : "Y"

added macro:
        e(provtrendfe) : "Y"

added macro:
                e(mod) : "moderator"
(4,192,084 real changes made)
(MWFE estimator converged in 10 iterations)

HDFE linear regression with Julia                 Number of obs   =  8,268,839
Absorbing 2 HDFE groups                           F(   7,   2183) =      48.24
Statistics cluster-robust                         Prob > F        =     0.0000
                                                  R-squared       =     0.1081
                                                  Adj R-squared   =     0.0967
Number of clusters (ac_elec_yr) =       2183      Within R-sq.    =     0.0078
                                                  Root MSE        =   963.0930

                         (Std. err. adjusted for 2,183 clusters in ac_elec_yr)
------------------------------------------------------------------------------
             |               Robust
      countk | Coefficient  std. err.      t    P>|t|     [95% conf. interval]
-------------+----------------------------------------------------------------
     1.post_ |          0  (omitted)
     1.treat |          0  (omitted)
 1.downup_ac |   6.448084   4.220204     1.53   0.127    -1.827952    14.72412
wind_direc~n |  -.8364805    .049564   -16.88   0.000     -.933678    -.739283
av_wind_sp~d |   84.48898     6.7642    12.49   0.000     71.22404    97.75392
             |
 post_#treat |
        1 1  |   10.04151   6.138387     1.64   0.102     -1.99618     22.0792
             |
       post_#|
   downup_ac |
        1 1  |  -1.589622   5.050344    -0.31   0.753    -11.49361    8.314362
             |
       treat#|
   downup_ac |
        1 1  |  -4.771902   5.745856    -0.83   0.406    -16.03982    6.496015
             |
 post_#treat#|
   downup_ac |
      1 1 1  |   4.799835   7.795274     0.62   0.538     -10.4871    20.08677
------------------------------------------------------------------------------

added scalar:
              e(ymean) =  105.23059

added scalar:
             e(ymean2) =  106.91041

added scalar:
                e(acq) =  695

added macro:
               e(smpl) : "Rural"

added macro:
             e(fespec) : "unique_small_grid_id_cohort relative_year_bin_aux#coh
> ort_id"

added macro:
             e(gridfe) : "Y"

added macro:
               e(time) : "Y"

added macro:
         e(electionfe) : "N"

added macro:
        e(provtrendfe) : "N"

added macro:
                e(mod) : "downup_ac"
(MWFE estimator converged in 11 iterations)

HDFE linear regression with Julia                 Number of obs   =  8,268,839
Absorbing 3 HDFE groups                           F(   7,   2183) =      48.24
Statistics cluster-robust                         Prob > F        =     0.0000
                                                  R-squared       =     0.1081
                                                  Adj R-squared   =     0.0967
Number of clusters (ac_elec_yr) =       2183      Within R-sq.    =     0.0078
                                                  Root MSE        =   963.0939

                         (Std. err. adjusted for 2,183 clusters in ac_elec_yr)
------------------------------------------------------------------------------
             |               Robust
      countk | Coefficient  std. err.      t    P>|t|     [95% conf. interval]
-------------+----------------------------------------------------------------
     1.post_ |          0  (omitted)
     1.treat |          0  (omitted)
 1.downup_ac |   6.448084   4.220208     1.53   0.127    -1.827959    14.72413
wind_direc~n |  -.8364805    .049564   -16.88   0.000    -.9336781   -.7392829
av_wind_sp~d |   84.48898   6.764206    12.49   0.000     71.22403    97.75394
             |
 post_#treat |
        1 1  |   10.04151   6.138398     1.64   0.102    -1.996201    22.07923
             |
       post_#|
   downup_ac |
        1 1  |  -1.589622   5.050349    -0.31   0.753    -11.49362    8.314373
             |
       treat#|
   downup_ac |
        1 1  |  -4.771902   5.745862    -0.83   0.406    -16.03983    6.496027
             |
 post_#treat#|
   downup_ac |
      1 1 1  |   4.799835   7.795283     0.62   0.538    -10.48711    20.08678
------------------------------------------------------------------------------

added scalar:
              e(ymean) =  105.23059

added scalar:
             e(ymean2) =  106.91041

added scalar:
                e(acq) =  695

added macro:
               e(smpl) : "Rural"

added macro:
             e(fespec) : "unique_small_grid_id_cohort relative_year_bin_aux#coh
> ort_id province_cohort#election_year"

added macro:
             e(gridfe) : "Y"

added macro:
               e(time) : "Y"

added macro:
         e(electionfe) : "Y"

added macro:
        e(provtrendfe) : "N"

added macro:
                e(mod) : "downup_ac"
(MWFE estimator converged in 20 iterations)

HDFE linear regression with Julia                 Number of obs   =  8,268,839
Absorbing 4 HDFE groups                           F(   7,   2183) =      44.61
Statistics cluster-robust                         Prob > F        =     0.0000
                                                  R-squared       =     0.1080
                                                  Adj R-squared   =     0.0966
Number of clusters (ac_elec_yr) =       2183      Within R-sq.    =     0.0077
                                                  Root MSE        =   963.1491

                         (Std. err. adjusted for 2,183 clusters in ac_elec_yr)
------------------------------------------------------------------------------
             |               Robust
      countk | Coefficient  std. err.      t    P>|t|     [95% conf. interval]
-------------+----------------------------------------------------------------
     1.post_ |          0  (omitted)
     1.treat |          0  (omitted)
 1.downup_ac |   6.248225   4.229193     1.48   0.140    -2.045439    14.54189
wind_direc~n |  -.8559842   .0511453   -16.74   0.000    -.9562828   -.7556855
av_wind_sp~d |   82.41729   7.429232    11.09   0.000     67.84818    96.98639
             |
 post_#treat |
        1 1  |   10.05206   6.142246     1.64   0.102    -1.993197    22.09732
             |
       post_#|
   downup_ac |
        1 1  |  -1.670951   5.066678    -0.33   0.742    -11.60697    8.265065
             |
       treat#|
   downup_ac |
        1 1  |  -4.367403   5.763735    -0.76   0.449    -15.67038    6.935576
             |
 post_#treat#|
   downup_ac |
      1 1 1  |   4.810936   7.809894     0.62   0.538    -10.50467    20.12654
------------------------------------------------------------------------------

added scalar:
              e(ymean) =  105.23059

added scalar:
             e(ymean2) =  106.91041

added scalar:
                e(acq) =  695

added macro:
               e(smpl) : "Rural"

added macro:
             e(fespec) : "unique_small_grid_id_cohort relative_year_bin_aux#coh
> ort_id province_cohort#election_year province_cohort#c.monthyear"

added macro:
             e(gridfe) : "Y"

added macro:
               e(time) : "Y"

added macro:
         e(electionfe) : "Y"

added macro:
        e(provtrendfe) : "Y"

added macro:
                e(mod) : "downup_ac"

. 
. estwrite evreg1 evreg2 evreg3 evreg4 evreg5 evreg6 using ///
>     "${tables}/_main_5_polischar_fe12_did_downup_inter${sample}_rural${ster_s
> uffix}.ster", replace
(saving evreg1)
(saving evreg2)
(saving evreg3)
(saving evreg4)
(saving evreg5)
(saving evreg6)
(file /users/aquisper/proj_bureaucrats_farms/code/_stacked_downup_replication/.
> ./../tables/_main_5_polischar_fe12_did_downup_inter_rural.ster saved)

. 
. *****************************************************************************
> ***
. 
end of do-file

. 
. display as result "COMPLETED: `dofile' at $S_DATE $S_TIME"
COMPLETED: _main_5_polischar_fe12_did_downup_inter.do at 24 Aug 2026 15:52:12

. 
end of do-file
