
  ___  ____  ____  ____  ____ ®
 /__    /   ____/   /   ____/      StataNow 19.5
___/   /   /___/   /   /___/       MP—Parallel Edition

 Statistics and Data Science       Copyright 1985-2025 StataCorp LLC
                                   StataCorp
                                   4905 Lakeway Drive
                                   College Station, Texas 77845 USA
                                   800-782-8272        https://www.stata.com
                                   979-696-4600        service@stata.com

Stata license: 4-user 16-core network, expiring 14 Sep 2026
Serial number: 501909301589
  Licensed to: University of Notre Dame
               Notre Dame, IN 46556

Notes:
      1. Stata is running in batch mode.
      2. Unicode is supported; see help unicode_advice.
      3. More than 2 billion observations are allowed; see help obs_advice.
      4. Maximum number of variables is set to 5,000 but can be increased;
          see help set_maxvar.

. do /users/aquisper/proj_bureaucrats_farms/code/_stacked_downup_replication/sb
> atch/_run_dofile.do 

. *****************************************************************************
> ***
. * Environment bridge: one invocation runs exactly one result-generating dofil
> e.
. *****************************************************************************
> ***
. 
. version 17

. set more off

. 
. local dofile        : environment FARMS_DOFILE

. local root          : environment FARMS_ROOT

. local code          : environment FARMS_CODE

. local location      : environment FARMS_LOCATION

. local sample        : environment FARMS_SAMPLE

. local is_rural_var  : environment FARMS_RURAL_VAR

. local fe_list       : environment FARMS_FE_LIST

. local ster_suffix   : environment FARMS_STER_SUFFIX

. local downup_var    : environment FARMS_DOWNUP_VAR

. local stacked_file  : environment FARMS_STACKED_FILE

. local did_output    : environment FARMS_DID_OUTPUT

. local control_samples : environment FARMS_CONTROL_SAMPLES

. local processors    : environment FARMS_CPUS

. 
. if "`processors'" == "" local processors "1"

. set processors `processors'
    The maximum number of processors or cores being used is changed from 16
    to 10.  It can be set to any number between 1 and 16

. 
. if "`dofile'" == "" {
.     display as error "FARMS_DOFILE is empty; use sbatch/run_dofile.sbatch."
.     exit 198
. }

. if "`root'" == "" {
.     display as error "FARMS_ROOT is empty; use sbatch/run_dofile.sbatch."
.     exit 198
. }

. if "`code'" == "" {
.     display as error "FARMS_CODE is empty; use sbatch/run_dofile.sbatch."
.     exit 198
. }

. 
. if "`sample'" == "none" local sample ""

. if "`ster_suffix'" == "none" local ster_suffix ""

. if "`downup_var'" == "none" local downup_var ""

. if "`stacked_file'" == "none" local stacked_file ""

. if "`did_output'" == "none" local did_output ""

. if "`control_samples'" == "all" local control_samples ""

. 
. global root          "`root'"

. global code          "`code'"

. global location      "`location'"

. global sample        "`sample'"

. global is_rural_var  "`is_rural_var'"

. global fe_list       "`fe_list'"

. global ster_suffix   "`ster_suffix'"

. global downup_var    "`downup_var'"

. global stacked_file  "`stacked_file'"

. global did_output    "`did_output'"

. global control_samples "`control_samples'"

. 
. global int_data    "${root}/data_output/intermediate"

. global int_farms   "${int_data}"

. global tables      "${code}/../../tables"

. global table_farms "${tables}"

. global figures     "${code}/../../figures"

. global figure_farms "${figures}"

. 
. capture mkdir "${tables}"

. capture mkdir "${figures}"

. capture mkdir "${code}/logs"

. 
. adopath ++ "${code}"
  [1]              "/users/aquisper/proj_bureaucrats_farms/code/_stacked_downup
> _replication"
  [2]  (BASE)      "/software/s/stata/19.5/ado/base/"
  [3]  (SITE)      "/software/s/stata/ado/"
  [4]              "."
  [5]  (PERSONAL)  "~/ado/personal/"
  [6]  (PLUS)      "~/ado/plus/"
  [7]  (OLDPLACE)  "~/ado/"

. capture noisily do "${code}/estsave_csv.ado"

. *! estsave_csv v1.2 - Export stored estimates and covariance matrices to CSV
. program define estsave_csv
  1.     version 14.0
  2.     syntax namelist using/, [replace append]
  3. 
.     local outfile `"`using'"'
  4.     tempfile coef_all coef_cur scalar_all scalar_cur
  5.     local first = 1
  6. 
.     foreach est of local namelist {
  7.         quietly estimates restore `est'
  8.         matrix b = e(b)
  9.         matrix V = e(V)
 10.         local k = colsof(b)
 11.         local cnames : colfullnames b
 12. 
.         preserve
 13.         clear
 14.         quietly set obs `k'
 15.         gen strL reg = "`est'"
 16.         gen strL var = ""
 17.         gen double beta = .
 18.         capture local ymean_val `"`e(ymean)'"'
 19.         if !_rc & `"`ymean_val'"' != "" gen strL ymean = `"`ymean_val'"'
 20.         else gen strL ymean = ""
 21. 
.         forvalues j = 1/`k' {
 22.             local nm : word `j' of `cnames'
 23.             quietly replace var = "`nm'" in `j'
 24.             quietly replace beta = b[1, `j'] in `j'
 25.             gen double cov`j' = .
 26.         }
 27.         forvalues i = 1/`k' {
 28.             forvalues j = 1/`k' {
 29.                 quietly replace cov`j' = V[`i', `j'] in `i'
 30.             }
 31.         }
 32.         quietly save `coef_cur', replace
 33.         if `first' quietly save `coef_all', replace
 34.         else {
 35.             quietly use `coef_all', clear
 36.             quietly append using `coef_cur'
 37.             quietly save `coef_all', replace
 38.         }
 39.         restore
 40. 
.         preserve
 41.         clear
 42.         quietly set obs 1
 43.         gen strL reg = "`est'"
 44.         local escalars : e(scalars)
 45.         foreach sc of local escalars {
 46.             local scval = e(`sc')
 47.             local safe = subinstr("`sc'", "-", "_", .)
 48.             capture gen double `safe' = `scval'
 49.             if _rc capture gen double sc_`safe' = `scval'
 50.         }
 51.         local emacros : e(macros)
 52.         foreach mc of local emacros {
 53.             capture local mcval `"`e(`mc')'"'
 54.             if !_rc & `"`mcval'"' != "" {
 55.                 if strlen(`"`mcval'"') > 244 local mcval = substr(`"`mcval
> '"', 1, 244)
 56.                 local safe = subinstr("`mc'", "-", "_", .)
 57.                 capture gen strL `safe' = `"`mcval'"'
 58.                 if _rc capture gen strL mc_`safe' = `"`mcval'"'
 59.             }
 60.         }
 61.         quietly save `scalar_cur', replace
 62.         if `first' {
 63.             quietly save `scalar_all', replace
 64.             local first = 0
 65.         }
 66.         else {
 67.             quietly use `scalar_all', clear
 68.             quietly append using `scalar_cur'
 69.             quietly save `scalar_all', replace
 70.         }
 71.         restore
 72.     }
 73. 
.     local basefile = subinstr(`"`outfile'"', ".csv", "", .)
 74.     quietly use `coef_all', clear
 75.     order reg var beta ymean
 76.     quietly export delimited using "`basefile'.csv", `replace' `append'
 77.     quietly use `scalar_all', clear
 78.     quietly export delimited using "`basefile'_scalars.csv", `replace' `ap
> pend'
 79.     display as result "Estimates exported to `basefile'.csv"
 80. end

. 
. 
end of do-file

. capture noisily do "${code}/estload_csv.ado"

. *! estload_csv v1.0 - Reconstruct estimate objects exported by estsave_csv
. program define estload_csv
  1.     version 14.0
  2.     syntax using/
  3. 
.     local infile `"`using'"'
  4.     local basefile = subinstr(`"`infile'"', ".csv", "", .)
  5.     preserve
  6.     quietly import delimited using "`basefile'.csv", clear varnames(1)
  7.     quietly levelsof reg, local(regs)
  8. 
.     foreach r of local regs {
  9.         preserve
 10.         quietly keep if reg == "`r'"
 11.         local k = _N
 12.         matrix b = J(1, `k', .)
 13.         matrix V = J(`k', `k', .)
 14.         local varnames ""
 15.         forvalues i = 1/`k' {
 16.             local vname = var[`i']
 17.             local varnames `"`varnames' `vname'"'
 18.             matrix b[1, `i'] = beta[`i']
 19.             forvalues j = 1/`k' {
 20.                 matrix V[`i', `j'] = cov`j'[`i']
 21.             }
 22.         }
 23.         matrix colnames b = `varnames'
 24.         matrix rownames V = `varnames'
 25.         matrix colnames V = `varnames'
 26.         restore, preserve
 27.         quietly ereturn post b V
 28.         estimates store `r'
 29.         display as text "Loaded estimate: `r'"
 30.     }
 31.     restore
 32. end

. 
. 
end of do-file

. 
. display "============================================================"
============================================================

. display "Independent dofile job: `dofile'"
Independent dofile job: _app_17_5km_fe12_evst_all.do

. display "Data root: ${root}"
Data root: /groups/sgulzar/sa_fires/proj_bureaucrats_farms

. display "Tables output: ${tables}"
Tables output: /users/aquisper/proj_bureaucrats_farms/code/_stacked_downup_repl
> ication/../../tables

. display "Figures output: ${figures}"
Figures output: /users/aquisper/proj_bureaucrats_farms/code/_stacked_downup_rep
> lication/../../figures

. display "Code root: ${code}"
Code root: /users/aquisper/proj_bureaucrats_farms/code/_stacked_downup_replicat
> ion

. display "Sample: ${sample}; rural: ${is_rural_var}; FE: ${fe_list}"
Sample: ; rural: is_rural; FE: 1

. display "Suffix: ${ster_suffix}; moderator: ${downup_var}"
Suffix: _acpop; moderator: downup_ac_pop

. display "Control samples: ${control_samples}"
Control samples: notyet

. display "Stata processors: " c(processors)
Stata processors: 10

. display "============================================================"
============================================================

. 
. do "${code}/`dofile'"

. *****************************************************************************
> ***
. * Protest event study (rural stacked sample)
. *
. * Input:  stacked_data_protest5km${sample}.csv
. * Output control suffixes follow the politician event-study dofile:
. *   _controls_never; _controls_both; _controls_notyet.
. *****************************************************************************
> ***
. 
. if "$root" == "" {
.     clear all
.     set more off
. 
.     * Standalone defaults for the five sbatch-array parameters:
.     * location, sample, is_rural_var, fe_list, and ster_suffix.
.     global location     "shell"
.     global sample       ""
.     global is_rural_var "is_rural"
.     global fe_list      "1"
.     global ster_suffix  ""
.     global control_samples "never both notyet"
. 
.     global shell "/groups/sgulzar/sa_fires/proj_bureaucrats_farms"
.     global dbox  "/Users/anzony.quisperojas/Library/CloudStorage/Dropbox/sa_f
> ires/proj_bureaucrats_farms"
.     global code_shell "/users/aquisper/proj_bureaucrats_farms/code/_stacked_d
> ownup_replication"
.     global code_dbox  "/Users/anzony.quisperojas/Documents/GitHub/proj_bureau
> crats_farms/code/_stacked_downup_replication"
. 
.     if "$location" == "dbox" {
.         global root "$dbox"
.         global code "$code_dbox"
.     }
.     else {
.         global root "$shell"
.         global code "$code_shell"
.     }
.     quietly do "${code}/estsave_csv.ado"
. }

. 
. if "$downup_var" == "" {
.     global downup_var "downup_ac_pop"
. }

. if "$control_samples" == "" {
.     global control_samples "never both notyet"
. }

. 
. global int_data "${root}/data_output/intermediate"

. global tables   "${code}/../../tables"

. 
. import delimited using "${int_data}/stacked_data_protest5km${sample}.csv", //
> /
>     clear varnames(1)
(encoding automatically selected: ISO-8859-1)
(22 vars, 257,040,986 obs)

. 
. capture confirm variable relative_year_bin

. if _rc {
.     confirm variable relative_year
.     rename relative_year relative_year_bin
. }

. 
. * Always express the fire-count outcome in thousands.
. capture drop countk

. gen countk = count * 1000

. 
. capture confirm variable rice_area_aclvl_ahigh

. if _rc {
.     merge m:1 unique_small_grid_id ac_uq_id using ///
>         "${int_data}/rice_moderators.dta", ///
>         keep(master match) ///
>         keepusing(rice_area_aclvl_ahigh rice_harvarea_aclvl_ahigh)

    Result                      Number of obs
    -----------------------------------------
    Not matched                       170,946
        from master                   170,946  (_merge==1)
        from using                          0  (_merge==2)

    Matched                       256,870,040  (_merge==3)
    -----------------------------------------
.     drop _merge
. }

. 
. merge m:1 unique_small_grid_id using ///
>     "${int_data}/ghs_grid_classification_2000.dta", ///
>     keep(master match) keepusing(is_rural)

    Result                      Number of obs
    -----------------------------------------
    Not matched                             0
    Matched                       257,040,986  (_merge==3)
    -----------------------------------------

. drop _merge

. keep if ${is_rural_var} == 1
(56,924,924 observations deleted)

. keep if year < 2022 | (year == 2022 & month <= 8)
(36,592,248 observations deleted)

. keep if inrange(relative_year_bin, -8, 1)
(8,810,861 observations deleted)

. 
. confirm variable control_type

. assert control_type == 0 if treat == 1

. assert inlist(control_type, 1, 2) if treat == 0

. 
. egen unique_small_grid_id_cohort = group(unique_small_grid_id cohort)

. egen province_cohort = group(province cohort)

. egen ac_elec_yr = group(ac_uq_id election_year cohort)

. 
. quietly summarize relative_year_bin

. local rmin = r(min)

. gen relative_year_bin_aux = relative_year_bin - `rmin' + 1

. local base = -1 - `rmin' + 1

. 
. local fe1 "unique_small_grid_id_cohort province_cohort#c.monthyear province_c
> ohort#election_year"

. local filter1 "1"

. gen moderator = 0

. 
. * local moderators_list moderator downup_ac rice_area_aclvl_ahigh rice_harvar
> ea_aclvl_ahigh rice_prod_aclvl_ahigh
. local moderators_list moderator ${downup_var} rice_area_aclvl_ahigh rice_harv
> area_aclvl_ahigh rice_prod_aclvl_ahigh

. 
. tempfile analysis_base

. save `analysis_base'
file /tmp/1340279.1.largemem/St2648645.000001 saved as .dta format

. 
. foreach control_sample in $control_samples {
  2.     if !inlist("`control_sample'", "never", "both", "notyet") {
  3.         display as error "Unknown control sample: `control_sample'"
  4.         exit 198
  5.     }
  6.     use `analysis_base', clear
  7. 
.     local control_suffix "_controls_never"
  8.     if "`control_sample'" == "never" {
  9.         keep if treat == 1 | control_type == 1
 10.     }
 11.     else if "`control_sample'" == "both" {
 12.         local control_suffix "_controls_both"
 13.     }
 14.     else if "`control_sample'" == "notyet" {
 15.         keep if treat == 1 | control_type == 2
 16.         local control_suffix "_controls_notyet"
 17.     }
 18. 
.     display as text "Protest event study: controls=`control_sample', downup=$
> {downup_var}, N=" _N
 19. 
.     egen tag_ac = tag(ac_uq_id)
 20.     count if tag_ac == 1
 21.     local numacs = r(N)
 22. 
.     est clear
 23.     local i = 1
 24.     local estimate_names ""
 25.     foreach mod of local moderators_list {
 26.         replace moderator = `mod'
 27.         local rhs "ib`base'.relative_year_bin_aux##ib0.treat##ib0.`mod' wi
> nd_direction av_wind_speed"
 28.         local fcond `filter1'
 29. 
.         quietly summarize countk if treat == 1 & relative_year_bin <= -1 & `f
> cond'
 30.         local ymean = r(mean)
 31.         quietly summarize countk if treat == 1 & relative_year_bin <= -1 &
>  moderator == 1 & `fcond'
 32.         local ymean2 = r(mean)
 33. 
.         foreach fe of numlist $fe_list {
 34.             local fespec `fe`fe''
 35.             reghdfejl countk `rhs' if `fcond', ///
>                 absorb(`fespec') vce(cluster ac_elec_yr)
 36. 
.             estadd scalar ymean  = `ymean'
 37.             estadd scalar ymean2 = `ymean2'
 38.             estadd scalar acq    = `numacs'
 39.             estadd local smpl "Rural"
 40.             estadd local fespec "fe`fe'"
 41.             estadd local mod "`mod'"
 42.             estadd local controls "`control_sample'"
 43.             local estname evreg`i'
 44.             local i = `i' + 1
 45.             est store `estname'
 46.             local estimate_names "`estimate_names' `estname'"
 47.         }
 48.     }
 49. 
.     local outbase "${tables}/_app_17_5km_fe12_evst_all${sample}_rural${ster_s
> uffix}`control_suffix'"
 50.     estwrite evreg* using "`outbase'.ster", replace
 51.     estsave_csv `estimate_names' using "`outbase'.csv", replace
 52.     confirm file "`outbase'.ster"
 53.     confirm file "`outbase'.csv"
 54.     confirm file "`outbase'_scalars.csv"
 55.     display as result "Saved: `outbase'.ster and `outbase'.csv"
 56. }
(147,197,898 observations deleted)
Protest event study: controls=notyet, downup=downup_ac_pop, N=7515055
  407
(0 real changes made)
(MWFE estimator converged in 30 iterations)

HDFE linear regression with Julia                 Number of obs   =  7,515,055
Absorbing 3 HDFE groups                           F(  20,   9935) =     184.50
Statistics cluster-robust                         Prob > F        =     0.0000
                                                  R-squared       =     0.0974
                                                  Adj R-squared   =     0.0884
Number of clusters (ac_elec_yr) =       9935      Within R-sq.    =     0.0228
                                                  Root MSE        =  1657.6018

                         (Std. err. adjusted for 9,935 clusters in ac_elec_yr)
------------------------------------------------------------------------------
             |               Robust
      countk | Coefficient  std. err.      t    P>|t|     [95% conf. interval]
-------------+----------------------------------------------------------------
relative_y~x |
          1  |  -1553.479   171.3823    -9.06   0.000    -1889.423   -1217.535
          2  |  -1415.881   149.2667    -9.49   0.000    -1708.474   -1123.288
          3  |  -1225.795   122.9265    -9.97   0.000    -1466.755   -984.8337
          4  |  -901.2945   99.63633    -9.05   0.000    -1096.602   -705.9871
          5  |  -641.9418   71.54849    -8.97   0.000    -782.1914   -501.6923
          6  |  -474.5402   48.85691    -9.71   0.000    -570.3096   -378.7707
          7  |  -245.6216   23.96618   -10.25   0.000    -292.6002    -198.643
          9  |   213.4288   27.76492     7.69   0.000     159.0039    267.8537
         10  |   299.4328   47.69052     6.28   0.000     205.9498    392.9159
             |
     1.treat |          0  (omitted)
wind_direc~n |  -2.478332   .0427258   -58.01   0.000    -2.562083   -2.394581
av_wind_sp~d |   173.1595   10.47415    16.53   0.000     152.6281     193.691
             |
relative_y~x#|
       treat |
        1 1  |   -30.0158   12.77374    -2.35   0.019    -55.05493    -4.97668
        2 1  |  -31.48167   12.58818    -2.50   0.012    -56.15706   -6.806285
        3 1  |  -14.00294   12.49253    -1.12   0.262    -38.49083    10.48495
        4 1  |   16.85413   13.03807     1.29   0.196    -8.703128    42.41139
        5 1  |  -15.81019   14.00093    -1.13   0.259    -43.25485    11.63446
        6 1  |  -3.306326   9.263227    -0.36   0.721    -21.46413    14.85148
        7 1  |  -1.075346    10.9761    -0.10   0.922    -22.59072    20.44003
        9 1  |   130.1174   15.32213     8.49   0.000     100.0829    160.1519
       10 1  |   342.1868   40.76264     8.39   0.000     262.2837    422.0898
------------------------------------------------------------------------------

added scalar:
              e(ymean) =  439.55556

added scalar:
             e(ymean2) =  .

added scalar:
                e(acq) =  407

added macro:
               e(smpl) : "Rural"

added macro:
             e(fespec) : "fe1"

added macro:
                e(mod) : "moderator"

added macro:
           e(controls) : "notyet"
(3,750,938 real changes made)
(MWFE estimator converged in 30 iterations)

HDFE linear regression with Julia                 Number of obs   =  7,515,055
Absorbing 3 HDFE groups                           F(  40,   9935) =      95.86
Statistics cluster-robust                         Prob > F        =     0.0000
                                                  R-squared       =     0.0974
                                                  Adj R-squared   =     0.0885
Number of clusters (ac_elec_yr) =       9935      Within R-sq.    =     0.0228
                                                  Root MSE        =  1657.5689

                         (Std. err. adjusted for 9,935 clusters in ac_elec_yr)
------------------------------------------------------------------------------
             |               Robust
      countk | Coefficient  std. err.      t    P>|t|     [95% conf. interval]
-------------+----------------------------------------------------------------
relative_y~x |
          1  |   -1557.45   171.4574    -9.08   0.000    -1893.541   -1221.359
          2  |  -1414.606   149.3658    -9.47   0.000    -1707.393   -1121.819
          3  |  -1232.509   122.9409   -10.03   0.000    -1473.498   -991.5205
          4  |  -909.1324   99.80667    -9.11   0.000    -1104.774   -713.4911
          5  |  -644.9192   71.47045    -9.02   0.000    -785.0158   -504.8227
          6  |  -481.7351   48.81717    -9.87   0.000    -577.4267   -386.0436
          7  |  -248.7364   23.93299   -10.39   0.000    -295.6499   -201.8229
          9  |   219.5499   30.07916     7.30   0.000     160.5887    278.5112
         10  |   306.4106   48.81533     6.28   0.000     210.7226    402.0985
             |
     1.treat |          0  (omitted)
1.downup_a~p |  -31.28582   7.710162    -4.06   0.000     -46.3993   -16.17234
wind_direc~n |  -2.479224   .0426552   -58.12   0.000    -2.562837   -2.395612
av_wind_sp~d |   173.1139   10.46752    16.54   0.000     152.5955    193.6324
             |
relative_y~x#|
       treat |
        1 1  |  -41.33358   19.75147    -2.09   0.036    -80.05046   -2.616704
        2 1  |  -44.18585   20.32494    -2.17   0.030    -84.02687   -4.344844
        3 1  |  -27.52899   18.95776    -1.45   0.146    -64.69004    9.632067
        4 1  |   13.34327    20.8665     0.64   0.523    -27.55929    54.24584
        5 1  |   -31.8316   17.93972    -1.77   0.076    -66.99708     3.33389
        6 1  |  -11.91028   12.07527    -0.99   0.324    -35.58025    11.75969
        7 1  |  -4.321275    15.1599    -0.29   0.776    -34.03775     25.3952
        9 1  |   117.9763   20.00393     5.90   0.000     78.76452     157.188
       10 1  |    329.007   44.74583     7.35   0.000     241.2961    416.7179
             |
relative_y~x#|
downup_ac_~p |
        1 1  |   7.882112   10.28238     0.77   0.443    -12.27344    28.03766
        2 1  |  -2.733199   9.881017    -0.28   0.782      -22.102     16.6356
        3 1  |   13.24689   9.853606     1.34   0.179    -6.068172    32.56196
        4 1  |   15.58954   10.23719     1.52   0.128    -4.477429    35.65651
        5 1  |   5.942726   8.800391     0.68   0.500    -11.30782    23.19328
        6 1  |   14.49932   5.220177     2.78   0.005     4.266712    24.73192
        7 1  |   6.362533   5.855806     1.09   0.277    -5.116034     17.8411
        9 1  |  -12.13334   13.87071    -0.87   0.382    -39.32275    15.05606
       10 1  |   -13.4985   26.31315    -0.51   0.608    -65.07762    38.08061
             |
       treat#|
downup_ac_~p |
        1 1  |  -.9102184   24.38753    -0.04   0.970    -48.71472    46.89428
             |
relative_y~x#|
       treat#|
downup_ac_~p |
      1 1 1  |   22.91266   29.34952     0.78   0.435    -34.61836    80.44367
      2 1 1  |   25.65047     30.023     0.85   0.393     -33.2007    84.50164
      3 1 1  |   27.36705   28.59167     0.96   0.339    -28.67842    83.41252
      4 1 1  |   7.214574   30.63739     0.24   0.814    -52.84093    67.27008
      5 1 1  |   32.36119   23.24388     1.39   0.164    -13.20152    77.92391
      6 1 1  |   17.45362   15.77176     1.11   0.268    -13.46223    48.36947
      7 1 1  |   6.496129   18.71407     0.35   0.729    -30.18725     43.1795
      9 1 1  |   24.05263   21.32775     1.13   0.259    -17.75408    65.85934
     10 1 1  |   25.76953   42.77908     0.60   0.547    -58.08615    109.6252
------------------------------------------------------------------------------

added scalar:
              e(ymean) =  439.55556

added scalar:
             e(ymean2) =  433.96728

added scalar:
                e(acq) =  407

added macro:
               e(smpl) : "Rural"

added macro:
             e(fespec) : "fe1"

added macro:
                e(mod) : "downup_ac_pop"

added macro:
           e(controls) : "notyet"
(3,735,917 real changes made)
(MWFE estimator converged in 30 iterations)

HDFE linear regression with Julia                 Number of obs   =  7,515,055
Absorbing 3 HDFE groups                           F(  38,   9935) =     103.94
Statistics cluster-robust                         Prob > F        =     0.0000
                                                  R-squared       =     0.0974
                                                  Adj R-squared   =     0.0885
Number of clusters (ac_elec_yr) =       9935      Within R-sq.    =     0.0228
                                                  Root MSE        =  1657.5398

                         (Std. err. adjusted for 9,935 clusters in ac_elec_yr)
------------------------------------------------------------------------------
             |               Robust
      countk | Coefficient  std. err.      t    P>|t|     [95% conf. interval]
-------------+----------------------------------------------------------------
relative_y~x |
          1  |  -1581.982   171.1594    -9.24   0.000    -1917.489   -1246.475
          2  |   -1427.76   148.8838    -9.59   0.000    -1719.603   -1135.918
          3  |  -1247.954   122.6893   -10.17   0.000     -1488.45   -1007.458
          4  |  -928.7516   99.40551    -9.34   0.000    -1123.607   -733.8966
          5  |  -661.6439   72.10953    -9.18   0.000    -802.9933   -520.2946
          6  |  -496.6864   48.83277   -10.17   0.000    -592.4086   -400.9643
          7  |  -260.0297   24.30288   -10.70   0.000    -307.6683   -212.3911
          9  |   230.1549   29.07229     7.92   0.000     173.1673    287.1425
         10  |   397.0169   47.33141     8.39   0.000     304.2378    489.7961
             |
     1.treat |          0  (omitted)
1.rice_are~h |          0  (omitted)
wind_direc~n |  -2.477664   .0427015   -58.02   0.000    -2.561368   -2.393961
av_wind_sp~d |   173.5978   10.47398    16.57   0.000     153.0667     194.129
             |
relative_y~x#|
       treat |
        1 1  |  -39.78322   15.93687    -2.50   0.013    -71.02271   -8.543734
        2 1  |   -41.4556   16.27025    -2.55   0.011    -73.34858   -9.562614
        3 1  |  -30.58771    16.3506    -1.87   0.061     -62.6382     1.46278
        4 1  |   8.339954   16.57635     0.50   0.615    -24.15306    40.83296
        5 1  |  -38.57842   17.72189    -2.18   0.030    -73.31692   -3.839923
        6 1  |  -21.33151    12.2083    -1.75   0.081    -45.26226    2.599239
        7 1  |  -7.937773   14.47046    -0.55   0.583     -36.3028    20.42726
        9 1  |   61.01401   19.05197     3.20   0.001     23.66829    98.35973
       10 1  |   170.1503   43.00558     3.96   0.000     85.85062    254.4499
             |
relative_y~x#|
rice_area_~h |
        1 1  |   61.86002    11.4059     5.42   0.000     39.50213     84.2179
        2 1  |   23.64669   10.87236     2.17   0.030      2.33466    44.95872
        3 1  |   46.16292   10.40369     4.44   0.000     25.76957    66.55626
        4 1  |   59.41763   10.94901     5.43   0.000     37.95534    80.87991
        5 1  |   42.10026   13.40051     3.14   0.002     15.83255    68.36798
        6 1  |   47.83982   7.157621     6.68   0.000     33.80943    61.87021
        7 1  |   30.66598   8.898349     3.45   0.001     13.22341    48.10855
        9 1  |  -41.19969   24.27109    -1.70   0.090    -88.77595    6.376576
       10 1  |  -316.8203   55.59134    -5.70   0.000    -425.7906     -207.85
             |
       treat#|
rice_area_~h |
        1 1  |          0  (omitted)
             |
relative_y~x#|
       treat#|
rice_area_~h |
      1 1 1  |   13.12896   24.14865     0.54   0.587     -34.2073    60.46522
      2 1 1  |   17.82973   23.81957     0.75   0.454    -28.86146    64.52092
      3 1 1  |   29.38194   23.57348     1.25   0.213    -16.82686    75.59074
      4 1 1  |   11.59453   25.72859     0.45   0.652    -38.83871    62.02778
      5 1 1  |   42.19543   27.93336     1.51   0.131    -12.55962    96.95047
      6 1 1  |   31.57559   17.62358     1.79   0.073    -2.970207    66.12138
      7 1 1  |   11.30322   21.83784     0.52   0.605    -31.50339    54.10982
      9 1 1  |     154.27   29.80321     5.18   0.000     95.84965    212.6903
     10 1 1  |   468.9119   72.97952     6.43   0.000     325.8572    611.9666
------------------------------------------------------------------------------

added scalar:
              e(ymean) =  439.55556

added scalar:
             e(ymean2) =  528.29187

added scalar:
                e(acq) =  407

added macro:
               e(smpl) : "Rural"

added macro:
             e(fespec) : "fe1"

added macro:
                e(mod) : "rice_area_aclvl_ahigh"

added macro:
           e(controls) : "notyet"
(1,863,596 real changes made)
(MWFE estimator converged in 30 iterations)

HDFE linear regression with Julia                 Number of obs   =  7,515,055
Absorbing 3 HDFE groups                           F(  38,   9935) =     103.67
Statistics cluster-robust                         Prob > F        =     0.0000
                                                  R-squared       =     0.0975
                                                  Adj R-squared   =     0.0885
Number of clusters (ac_elec_yr) =       9935      Within R-sq.    =     0.0229
                                                  Root MSE        =  1657.5086

                         (Std. err. adjusted for 9,935 clusters in ac_elec_yr)
------------------------------------------------------------------------------
             |               Robust
      countk | Coefficient  std. err.      t    P>|t|     [95% conf. interval]
-------------+----------------------------------------------------------------
relative_y~x |
          1  |  -1563.138   170.4614    -9.17   0.000    -1897.277   -1228.999
          2  |  -1398.085   147.2568    -9.49   0.000    -1686.738   -1109.431
          3  |  -1193.436   122.6958    -9.73   0.000    -1433.944   -952.9273
          4  |  -879.6139   98.03993    -8.97   0.000    -1071.792   -687.4357
          5  |  -679.9856   73.26159    -9.28   0.000    -823.5931    -536.378
          6  |  -503.2977   49.07392   -10.26   0.000    -599.4925   -407.1028
          7  |  -263.7886   24.84492   -10.62   0.000    -312.4897   -215.0876
          9  |   211.0025   21.34108     9.89   0.000     169.1697    252.8354
         10  |   465.6409   44.33126    10.50   0.000     378.7426    552.5391
             |
     1.treat |          0  (omitted)
1.rice_har~h |          0  (omitted)
wind_direc~n |  -2.479194   .0427163   -58.04   0.000    -2.562927   -2.395462
av_wind_sp~d |   173.8472   10.48057    16.59   0.000     153.3032    194.3913
             |
relative_y~x#|
       treat |
        1 1  |  -23.43705    10.2887    -2.28   0.023    -43.60499   -3.269116
        2 1  |  -54.33182   10.98013    -4.95   0.000    -75.85511   -32.80853
        3 1  |  -11.48697    10.7937    -1.06   0.287    -32.64481    9.670873
        4 1  |  -17.80526   10.70692    -1.66   0.096      -38.793    3.182469
        5 1  |   -41.2098   10.10627    -4.08   0.000    -61.02014   -21.39946
        6 1  |  -11.79803   10.89505    -1.08   0.279    -33.15454    9.558483
        7 1  |   9.225805    8.68113     1.06   0.288    -7.790969    26.24258
        9 1  |   59.04843   10.94975     5.39   0.000     37.58469    80.51216
       10 1  |   45.52732   22.35315     2.04   0.042       1.7106    89.34403
             |
relative_y~x#|
rice_harva~h |
        1 1  |   11.11366   8.968288     1.24   0.215    -6.466008    28.69332
        2 1  |  -30.97029   9.566905    -3.24   0.001    -49.72337   -12.21722
        3 1  |  -51.95242   7.923703    -6.56   0.000    -67.48448   -36.42035
        4 1  |  -37.69426    9.17899    -4.11   0.000    -55.68694   -19.70158
        5 1  |   54.09013   9.588417     5.64   0.000     35.29489    72.88537
        6 1  |   41.47182   6.928727     5.99   0.000     27.89011    55.05353
        7 1  |   24.76673   7.564973     3.27   0.001     9.937852    39.59561
        9 1  |   3.640526   18.71297     0.19   0.846    -33.04068    40.32173
       10 1  |  -342.0727   42.94087    -7.97   0.000    -426.2456   -257.8999
             |
       treat#|
rice_harva~h |
        1 1  |          0  (omitted)
             |
relative_y~x#|
       treat#|
rice_harva~h |
      1 1 1  |  -8.089255   19.24865    -0.42   0.674    -45.82052    29.64201
      2 1 1  |     36.748   19.32468     1.90   0.057    -1.132286    74.62829
      3 1 1  |   1.095433   19.16478     0.06   0.954    -36.47142    38.66228
      4 1 1  |   52.46884   20.14058     2.61   0.009     12.98922    91.94846
      5 1 1  |   35.90789    21.2026     1.69   0.090    -5.653499    77.46928
      6 1 1  |   10.38003   16.03502     0.65   0.517    -21.05185    41.81191
      7 1 1  |   -14.7806   17.41432    -0.85   0.396    -48.91621    19.35501
      9 1 1  |   98.52545   23.48478     4.20   0.000     52.49052    144.5604
     10 1 1  |   526.5728   57.46564     9.16   0.000     413.9285    639.2171
------------------------------------------------------------------------------

added scalar:
              e(ymean) =  439.55556

added scalar:
             e(ymean2) =  587.94821

added scalar:
                e(acq) =  407

added macro:
               e(smpl) : "Rural"

added macro:
             e(fespec) : "fe1"

added macro:
                e(mod) : "rice_harvarea_aclvl_ahigh"

added macro:
           e(controls) : "notyet"
(439,490 real changes made)
(MWFE estimator converged in 30 iterations)

HDFE linear regression with Julia                 Number of obs   =  7,515,055
Absorbing 3 HDFE groups                           F(  38,   9935) =     103.14
Statistics cluster-robust                         Prob > F        =     0.0000
                                                  R-squared       =     0.0975
                                                  Adj R-squared   =     0.0885
Number of clusters (ac_elec_yr) =       9935      Within R-sq.    =     0.0229
                                                  Root MSE        =  1657.5111

                         (Std. err. adjusted for 9,935 clusters in ac_elec_yr)
------------------------------------------------------------------------------
             |               Robust
      countk | Coefficient  std. err.      t    P>|t|     [95% conf. interval]
-------------+----------------------------------------------------------------
relative_y~x |
          1  |  -1558.587   170.0808    -9.16   0.000     -1891.98   -1225.194
          2  |  -1392.689   146.9731    -9.48   0.000    -1680.787   -1104.592
          3  |  -1182.582   122.4591    -9.66   0.000    -1422.627   -942.5373
          4  |  -872.1032   97.81382    -8.92   0.000    -1063.838   -680.3683
          5  |  -679.4226   73.13912    -9.29   0.000    -822.7901   -536.0551
          6  |  -499.2326   48.96405   -10.20   0.000     -595.212   -403.2531
          7  |  -262.0668   24.82393   -10.56   0.000    -310.7268   -213.4069
          9  |   207.7563   20.94036     9.92   0.000      166.709    248.8037
         10  |    464.195   44.82172    10.36   0.000     376.3353    552.0546
             |
     1.treat |          0  (omitted)
1.rice_pro~h |          0  (omitted)
wind_direc~n |  -2.478605   .0427158   -58.03   0.000    -2.562337   -2.394874
av_wind_sp~d |   173.7544   10.48077    16.58   0.000     153.2099    194.2988
             |
relative_y~x#|
       treat |
        1 1  |  -22.63572   10.21654    -2.22   0.027    -42.66221   -2.609223
        2 1  |  -52.63288   11.08092    -4.75   0.000    -74.35373   -30.91203
        3 1  |  -12.04089   10.82289    -1.11   0.266    -33.25596     9.17418
        4 1  |  -15.71589   10.70143    -1.47   0.142    -36.69285     5.26108
        5 1  |  -34.17832    10.1859    -3.36   0.001    -54.14475    -14.2119
        6 1  |   -6.39487   11.12894    -0.57   0.566    -28.20985    15.42011
        7 1  |   6.538913   8.089845     0.81   0.419    -9.318823    22.39665
        9 1  |   57.57263   10.38976     5.54   0.000     37.20659    77.93866
       10 1  |   37.22331   21.98423     1.69   0.090    -5.870238    80.31687
             |
relative_y~x#|
rice_prod_~h |
        1 1  |   4.567807   9.014801     0.51   0.612    -13.10303    22.23865
        2 1  |  -36.35442   9.855749    -3.69   0.000    -55.67369   -17.03515
        3 1  |  -63.86312   8.039082    -7.94   0.000    -79.62135   -48.10488
        4 1  |  -46.10757   9.293184    -4.96   0.000    -64.32409   -27.89104
        5 1  |   50.80397   9.241825     5.50   0.000     32.68812    68.91982
        6 1  |   34.17935   6.922667     4.94   0.000     20.60952    47.74918
        7 1  |   21.67838   7.451813     2.91   0.004     7.071318    36.28545
        9 1  |   8.129713   17.41924     0.47   0.641    -26.01553    42.27495
       10 1  |  -315.9257   41.55464    -7.60   0.000    -397.3813   -234.4702
             |
       treat#|
rice_prod_~h |
        1 1  |          0  (omitted)
             |
relative_y~x#|
       treat#|
rice_prod_~h |
      1 1 1  |  -7.869059   18.38428    -0.43   0.669    -43.90598    28.16786
      2 1 1  |   33.47652   18.64938     1.80   0.073    -3.080057     70.0331
      3 1 1  |   2.843241   18.40567     0.15   0.877    -33.23561    38.92209
      4 1 1  |   47.62258   19.38194     2.46   0.014      9.63004    85.61512
      5 1 1  |   25.20287   20.38111     1.24   0.216    -14.74823    65.15398
      6 1 1  |   3.199569   15.86552     0.20   0.840    -27.90006     34.2992
      7 1 1  |  -10.26773   16.58856    -0.62   0.536    -42.78468    22.24922
      9 1 1  |   93.38685   22.07312     4.23   0.000     50.11905    136.6546
     10 1 1  |   503.0827   55.41743     9.08   0.000     394.4533    611.7121
------------------------------------------------------------------------------

added scalar:
              e(ymean) =  439.55556

added scalar:
             e(ymean2) =  579.49629

added scalar:
                e(acq) =  407

added macro:
               e(smpl) : "Rural"

added macro:
             e(fespec) : "fe1"

added macro:
                e(mod) : "rice_prod_aclvl_ahigh"

added macro:
           e(controls) : "notyet"
(saving evreg1)
(saving evreg2)
(saving evreg3)
(saving evreg4)
(saving evreg5)
(file /users/aquisper/proj_bureaucrats_farms/code/_stacked_downup_replication/.
> ./../tables/_app_17_5km_fe12_evst_all_rural_acpop_controls_notyet.ster saved)
(21 missing values generated)
(21 missing values generated)
(21 missing values generated)
(21 missing values generated)
(21 missing values generated)
(21 missing values generated)
(21 missing values generated)
(21 missing values generated)
(21 missing values generated)
(21 missing values generated)
(21 missing values generated)
(21 missing values generated)
(21 missing values generated)
(21 missing values generated)
(21 missing values generated)
(21 missing values generated)
(21 missing values generated)
(21 missing values generated)
(21 missing values generated)
(21 missing values generated)
(21 missing values generated)
(21 missing values generated)
(21 missing values generated)
(41 missing values generated)
(41 missing values generated)
(41 missing values generated)
(41 missing values generated)
(41 missing values generated)
(41 missing values generated)
(41 missing values generated)
(41 missing values generated)
(41 missing values generated)
(41 missing values generated)
(41 missing values generated)
(41 missing values generated)
(41 missing values generated)
(41 missing values generated)
(41 missing values generated)
(41 missing values generated)
(41 missing values generated)
(41 missing values generated)
(41 missing values generated)
(41 missing values generated)
(41 missing values generated)
(41 missing values generated)
(41 missing values generated)
(41 missing values generated)
(41 missing values generated)
(41 missing values generated)
(41 missing values generated)
(41 missing values generated)
(41 missing values generated)
(41 missing values generated)
(41 missing values generated)
(41 missing values generated)
(41 missing values generated)
(41 missing values generated)
(41 missing values generated)
(41 missing values generated)
(41 missing values generated)
(41 missing values generated)
(41 missing values generated)
(41 missing values generated)
(41 missing values generated)
(41 missing values generated)
(41 missing values generated)
(41 missing values generated)
(41 missing values generated)
(41 missing values generated)
(41 missing values generated)
(41 missing values generated)
(41 missing values generated)
(41 missing values generated)
(41 missing values generated)
(41 missing values generated)
(41 missing values generated)
(41 missing values generated)
(41 missing values generated)
(41 missing values generated)
(41 missing values generated)
(41 missing values generated)
(41 missing values generated)
(41 missing values generated)
(41 missing values generated)
(41 missing values generated)
(41 missing values generated)
(41 missing values generated)
(41 missing values generated)
(41 missing values generated)
(41 missing values generated)
(41 missing values generated)
(41 missing values generated)
(41 missing values generated)
(41 missing values generated)
(41 missing values generated)
(41 missing values generated)
(41 missing values generated)
(41 missing values generated)
(41 missing values generated)
(41 missing values generated)
(41 missing values generated)
(41 missing values generated)
(41 missing values generated)
(41 missing values generated)
(41 missing values generated)
(41 missing values generated)
(41 missing values generated)
(41 missing values generated)
(41 missing values generated)
(41 missing values generated)
(41 missing values generated)
(41 missing values generated)
(41 missing values generated)
(41 missing values generated)
(41 missing values generated)
(41 missing values generated)
(41 missing values generated)
(41 missing values generated)
(41 missing values generated)
(41 missing values generated)
(41 missing values generated)
(41 missing values generated)
(41 missing values generated)
(41 missing values generated)
(41 missing values generated)
(41 missing values generated)
(41 missing values generated)
(41 missing values generated)
(41 missing values generated)
(41 missing values generated)
(41 missing values generated)
(41 missing values generated)
(41 missing values generated)
(41 missing values generated)
(41 missing values generated)
(41 missing values generated)
(41 missing values generated)
(41 missing values generated)
(41 missing values generated)
(41 missing values generated)
(41 missing values generated)
(41 missing values generated)
(41 missing values generated)
(41 missing values generated)
(41 missing values generated)
(41 missing values generated)
(41 missing values generated)
(41 missing values generated)
(41 missing values generated)
(41 missing values generated)
(41 missing values generated)
(41 missing values generated)
(41 missing values generated)
(41 missing values generated)
(41 missing values generated)
(41 missing values generated)
(41 missing values generated)
(41 missing values generated)
(41 missing values generated)
(41 missing values generated)
(41 missing values generated)
(41 missing values generated)
(41 missing values generated)
(41 missing values generated)
(41 missing values generated)
(41 missing values generated)
(41 missing values generated)
(41 missing values generated)
(41 missing values generated)
(41 missing values generated)
(41 missing values generated)
(41 missing values generated)
(41 missing values generated)
(41 missing values generated)
(41 missing values generated)
(41 missing values generated)
(41 missing values generated)
(41 missing values generated)
(41 missing values generated)
(41 missing values generated)
(41 missing values generated)
(41 missing values generated)
(41 missing values generated)
(41 missing values generated)
(41 missing values generated)
(41 missing values generated)
(41 missing values generated)
(41 missing values generated)
(41 missing values generated)
(41 missing values generated)
(41 missing values generated)
(41 missing values generated)
(41 missing values generated)
(41 missing values generated)
(41 missing values generated)
Estimates exported to /users/aquisper/proj_bureaucrats_farms/code/_stacked_down
> up_replication/../../tables/_app_17_5km_fe12_evst_all_rural_acpop_controls_no
> tyet.csv
Saved: /users/aquisper/proj_bureaucrats_farms/code/_stacked_downup_replication/
> ../../tables/_app_17_5km_fe12_evst_all_rural_acpop_controls_notyet.ster and /
> users/aquisper/proj_bureaucrats_farms/code/_stacked_downup_replication/../../
> tables/_app_17_5km_fe12_evst_all_rural_acpop_controls_notyet.csv

. 
. *****************************************************************************
> ***
. 
end of do-file

. 
. display as result "COMPLETED: `dofile' at $S_DATE $S_TIME"
COMPLETED: _app_17_5km_fe12_evst_all.do at  9 Aug 2026 20:53:05

. 
end of do-file
