
  ___  ____  ____  ____  ____ ®
 /__    /   ____/   /   ____/      StataNow 19.5
___/   /   /___/   /   /___/       MP—Parallel Edition

 Statistics and Data Science       Copyright 1985-2025 StataCorp LLC
                                   StataCorp
                                   4905 Lakeway Drive
                                   College Station, Texas 77845 USA
                                   800-782-8272        https://www.stata.com
                                   979-696-4600        service@stata.com

Stata license: 4-user 16-core network, expiring 14 Sep 2026
Serial number: 501909301589
  Licensed to: University of Notre Dame
               Notre Dame, IN 46556

Notes:
      1. Stata is running in batch mode.
      2. Unicode is supported; see help unicode_advice.
      3. More than 2 billion observations are allowed; see help obs_advice.
      4. Maximum number of variables is set to 5,000 but can be increased;
          see help set_maxvar.

. do /users/aquisper/proj_bureaucrats_farms/code/_stacked_downup_replication/sb
> atch/_run_dofile.do 

. *****************************************************************************
> ***
. * Environment bridge: one invocation runs exactly one result-generating dofil
> e.
. *****************************************************************************
> ***
. 
. version 17

. set more off

. 
. local dofile        : environment FARMS_DOFILE

. local root          : environment FARMS_ROOT

. local code          : environment FARMS_CODE

. local location      : environment FARMS_LOCATION

. local sample        : environment FARMS_SAMPLE

. local is_rural_var  : environment FARMS_RURAL_VAR

. local fe_list       : environment FARMS_FE_LIST

. local ster_suffix   : environment FARMS_STER_SUFFIX

. local downup_var    : environment FARMS_DOWNUP_VAR

. local stacked_file  : environment FARMS_STACKED_FILE

. local did_output    : environment FARMS_DID_OUTPUT

. local control_samples : environment FARMS_CONTROL_SAMPLES

. local analysis_subsample : environment FARMS_ANALYSIS_SUBSAMPLE

. local processors    : environment FARMS_CPUS

. 
. if "`processors'" == "" local processors "1"

. set processors `processors'
    The maximum number of processors or cores being used is changed from 16
    to 1.  It can be set to any number between 1 and 16

. 
. if "`dofile'" == "" {
.     display as error "FARMS_DOFILE is empty; use sbatch/run_dofile.sbatch."
.     exit 198
. }

. if "`root'" == "" {
.     display as error "FARMS_ROOT is empty; use sbatch/run_dofile.sbatch."
.     exit 198
. }

. if "`code'" == "" {
.     display as error "FARMS_CODE is empty; use sbatch/run_dofile.sbatch."
.     exit 198
. }

. 
. if "`sample'" == "none" local sample ""

. if "`ster_suffix'" == "none" local ster_suffix ""

. if "`downup_var'" == "none" local downup_var ""

. if "`stacked_file'" == "none" local stacked_file ""

. if "`did_output'" == "none" local did_output ""

. if "`control_samples'" == "all" local control_samples ""

. if "`analysis_subsample'" == "all" local analysis_subsample ""

. 
. global root          "`root'"

. global code          "`code'"

. global location      "`location'"

. global sample        "`sample'"

. global is_rural_var  "`is_rural_var'"

. global fe_list       "`fe_list'"

. global ster_suffix   "`ster_suffix'"

. global downup_var    "`downup_var'"

. global stacked_file  "`stacked_file'"

. global did_output    "`did_output'"

. global control_samples "`control_samples'"

. global analysis_subsample "`analysis_subsample'"

. 
. global int_data    "${root}/data_output/intermediate"

. global int_farms   "${int_data}"

. global tables      "${code}/../../tables"

. global table_farms "${tables}"

. global figures     "${code}/../../figures"

. global figure_farms "${figures}"

. 
. capture mkdir "${tables}"

. capture mkdir "${figures}"

. capture mkdir "${code}/logs"

. 
. adopath ++ "${code}"
  [1]              "/users/aquisper/proj_bureaucrats_farms/code/_stacked_downup
> _replication"
  [2]  (BASE)      "/software/s/stata/19.5/ado/base/"
  [3]  (SITE)      "/software/s/stata/ado/"
  [4]              "."
  [5]  (PERSONAL)  "~/ado/personal/"
  [6]  (PLUS)      "~/ado/plus/"
  [7]  (OLDPLACE)  "~/ado/"

. capture noisily do "${code}/estsave_csv.ado"

. *! estsave_csv v1.2 - Export stored estimates and covariance matrices to CSV
. program define estsave_csv
  1.     version 14.0
  2.     syntax namelist using/, [replace append]
  3. 
.     local outfile `"`using'"'
  4.     tempfile coef_all coef_cur scalar_all scalar_cur
  5.     local first = 1
  6. 
.     foreach est of local namelist {
  7.         quietly estimates restore `est'
  8.         matrix b = e(b)
  9.         matrix V = e(V)
 10.         local k = colsof(b)
 11.         local cnames : colfullnames b
 12. 
.         preserve
 13.         clear
 14.         quietly set obs `k'
 15.         gen strL reg = "`est'"
 16.         gen strL var = ""
 17.         gen double beta = .
 18.         capture local ymean_val `"`e(ymean)'"'
 19.         if !_rc & `"`ymean_val'"' != "" gen strL ymean = `"`ymean_val'"'
 20.         else gen strL ymean = ""
 21. 
.         forvalues j = 1/`k' {
 22.             local nm : word `j' of `cnames'
 23.             quietly replace var = "`nm'" in `j'
 24.             quietly replace beta = b[1, `j'] in `j'
 25.             gen double cov`j' = .
 26.         }
 27.         forvalues i = 1/`k' {
 28.             forvalues j = 1/`k' {
 29.                 quietly replace cov`j' = V[`i', `j'] in `i'
 30.             }
 31.         }
 32.         quietly save `coef_cur', replace
 33.         if `first' quietly save `coef_all', replace
 34.         else {
 35.             quietly use `coef_all', clear
 36.             quietly append using `coef_cur'
 37.             quietly save `coef_all', replace
 38.         }
 39.         restore
 40. 
.         preserve
 41.         clear
 42.         quietly set obs 1
 43.         gen strL reg = "`est'"
 44.         local escalars : e(scalars)
 45.         foreach sc of local escalars {
 46.             local scval = e(`sc')
 47.             local safe = subinstr("`sc'", "-", "_", .)
 48.             capture gen double `safe' = `scval'
 49.             if _rc capture gen double sc_`safe' = `scval'
 50.         }
 51.         local emacros : e(macros)
 52.         foreach mc of local emacros {
 53.             capture local mcval `"`e(`mc')'"'
 54.             if !_rc & `"`mcval'"' != "" {
 55.                 if strlen(`"`mcval'"') > 244 local mcval = substr(`"`mcval
> '"', 1, 244)
 56.                 local safe = subinstr("`mc'", "-", "_", .)
 57.                 capture gen strL `safe' = `"`mcval'"'
 58.                 if _rc capture gen strL mc_`safe' = `"`mcval'"'
 59.             }
 60.         }
 61.         quietly save `scalar_cur', replace
 62.         if `first' {
 63.             quietly save `scalar_all', replace
 64.             local first = 0
 65.         }
 66.         else {
 67.             quietly use `scalar_all', clear
 68.             quietly append using `scalar_cur'
 69.             quietly save `scalar_all', replace
 70.         }
 71.         restore
 72.     }
 73. 
.     local basefile = subinstr(`"`outfile'"', ".csv", "", .)
 74.     quietly use `coef_all', clear
 75.     order reg var beta ymean
 76.     quietly export delimited using "`basefile'.csv", `replace' `append'
 77.     quietly use `scalar_all', clear
 78.     quietly export delimited using "`basefile'_scalars.csv", `replace' `ap
> pend'
 79.     display as result "Estimates exported to `basefile'.csv"
 80. end

. 
. 
end of do-file

. capture noisily do "${code}/estload_csv.ado"

. *! estload_csv v1.0 - Reconstruct estimate objects exported by estsave_csv
. program define estload_csv
  1.     version 14.0
  2.     syntax using/
  3. 
.     local infile `"`using'"'
  4.     local basefile = subinstr(`"`infile'"', ".csv", "", .)
  5.     preserve
  6.     quietly import delimited using "`basefile'.csv", clear varnames(1)
  7.     quietly levelsof reg, local(regs)
  8. 
.     foreach r of local regs {
  9.         preserve
 10.         quietly keep if reg == "`r'"
 11.         local k = _N
 12.         matrix b = J(1, `k', .)
 13.         matrix V = J(`k', `k', .)
 14.         local varnames ""
 15.         forvalues i = 1/`k' {
 16.             local vname = var[`i']
 17.             local varnames `"`varnames' `vname'"'
 18.             matrix b[1, `i'] = beta[`i']
 19.             forvalues j = 1/`k' {
 20.                 matrix V[`i', `j'] = cov`j'[`i']
 21.             }
 22.         }
 23.         matrix colnames b = `varnames'
 24.         matrix rownames V = `varnames'
 25.         matrix colnames V = `varnames'
 26.         restore, preserve
 27.         quietly ereturn post b V
 28.         estimates store `r'
 29.         display as text "Loaded estimate: `r'"
 30.     }
 31.     restore
 32. end

. 
. 
end of do-file

. 
. display "============================================================"
============================================================

. display "Independent dofile job: `dofile'"
Independent dofile job: _app_10_did_rice_moderators.do

. display "Data root: ${root}"
Data root: /groups/sgulzar/sa_fires/proj_bureaucrats_farms

. display "Tables output: ${tables}"
Tables output: /users/aquisper/proj_bureaucrats_farms/code/_stacked_downup_repl
> ication/../../tables

. display "Figures output: ${figures}"
Figures output: /users/aquisper/proj_bureaucrats_farms/code/_stacked_downup_rep
> lication/../../figures

. display "Code root: ${code}"
Code root: /users/aquisper/proj_bureaucrats_farms/code/_stacked_downup_replicat
> ion

. display "Sample: ${sample}; rural: ${is_rural_var}; FE: ${fe_list}"
Sample: ; rural: is_rural; FE: 0/3

. display "Suffix: ${ster_suffix}; moderator: ${downup_var}"
Suffix: ; moderator: 

. display "Control samples: ${control_samples}"
Control samples: 

. display "Analysis subsample: ${analysis_subsample}"
Analysis subsample: 

. display "Stata processors: " c(processors)
Stata processors: 1

. display "============================================================"
============================================================

. 
. do "${code}/`dofile'"

. *****************************************************************************
> ***
. * Presentation table A10: Downwind exposure x high rice production.
. * Uses the population-based stacked treatment (combined_dt_pop/downup_ac_pop)
> .
. * Eight models: four without rice heterogeneity, followed by the same four
. * FE specifications interacted with high rice production.
. *****************************************************************************
> ***
. if "$root" == "" {
.     clear all
.     set more off
.     * Standalone defaults for the five sbatch-array parameters.
.     global location "shell"
.     global sample ""
.     global is_rural_var "is_rural"
.     global fe_list "0/3"
.     global ster_suffix ""
.     global shell "/groups/sgulzar/sa_fires/proj_bureaucrats_farms"
.     global dbox "C:/Users/eunic/Dropbox/sa_fires/proj_bureaucrats_farms"
.     global code "/users/aquisper/proj_bureaucrats_farms/code/_stacked_downup_
> replication"
.     if "$location" == "dbox" {
.         global root "$dbox"
.         global code "C:/Users/eunic/OneDrive/Documents/GitHub/proj_bureaucrat
> s_farms/code/_stacked_downup_replication"
.     }
.     else global root "$shell"
. }

. global int_data "${root}/data_output/intermediate"

. global tables "${code}/../../tables"

. 
. import delimited using "${int_data}/combined_dt_pop${sample}.csv", ///
>     clear varnames(1)
(encoding automatically selected: ISO-8859-1)
(20 vars, 95,976,111 obs)

. keep if inrange(relative_monthyear, -5, 6)
(37,385,876 observations deleted)

. keep if year < 2022 | (year == 2022 & month <= 8)
(10,515,522 observations deleted)

. merge m:1 unique_small_grid_id using ///
>     "${int_data}/ghs_grid_classification_2000.dta", ///
>     keep(master match) keepusing(is_rural)

    Result                      Number of obs
    -----------------------------------------
    Not matched                             0
    Matched                        48,074,713  (_merge==3)
    -----------------------------------------

. drop _merge

. keep if ${is_rural_var} == 1
(11,176,776 observations deleted)

. confirm variable rice_prod_aclvl_ahigh

. assert inlist(rice_prod_aclvl_ahigh, 0, 1) if !missing(rice_prod_aclvl_ahigh)

. drop if missing(rice_prod_aclvl_ahigh)
(0 observations deleted)

. 
. capture drop countk

. gen countk = count * 1000

. egen unique_small_grid_id_cohort = group(unique_small_grid_id cohort)

. egen relative_month_cohort = group(relative_monthyear cohort)

. egen ac_relative_month_cohort = group(ac_uq_id relative_monthyear cohort)

. egen cluster_grid = group(unique_small_grid_id cohort)

. egen cluster_actime = group(ac_uq_id cohort monthyear)

. gen byte nofe = 1

. gen byte moderator = 0

. 
. local fe0 "nofe"

. local fe1 "unique_small_grid_id_cohort"

. local fe2 "unique_small_grid_id_cohort relative_month_cohort"

. local fe3 "unique_small_grid_id_cohort ac_relative_month_cohort"

. local common_rhs "ib0.downup_ac_pop##ib0.rice_prod_aclvl_ahigh av_wind_speed 
> wind_direction"

. do "${code}/_apply_analysis_subsample.do"

. *****************************************************************************
> ***
. * Apply the production analysis-subsample selection after the stacked dataset
. * and required native fields are loaded, but before any common-sample model.
. *
. * $analysis_subsample == ""          : retain the complete analysis sample
. * $analysis_subsample == "rice_high" : retain above-median AC rice production
. *****************************************************************************
> ***
. 
. if "$analysis_subsample" == "rice_high" {
.     capture confirm variable rice_prod_aclvl_ahigh
.     if _rc {
.         display as error ///
>             "rice_prod_aclvl_ahigh is missing from the stacked dataset. " ///
>             "Regenerate the stacked inputs from 0_master_dataset."
.         exit 111
.     }
. 
.     assert inlist(rice_prod_aclvl_ahigh, 0, 1)
.     quietly count
.     local subsample_before = r(N)
.     keep if rice_prod_aclvl_ahigh == 1
.     quietly count
.     local subsample_after = r(N)
.     if `subsample_after' == 0 {
.         display as error "The rice-high restriction removed every row."
.         exit 2000
.     }
.     display as result "ANALYSIS SAMPLE: rice_prod_aclvl_ahigh == 1"
.     display as result "Rows retained: `subsample_after' of `subsample_before'
> "
. }

. 
end of do-file

. quietly reghdfejl countk `common_rhs', absorb(`fe3') ///
>     vce(cluster cluster_grid cluster_actime)

. gen byte common_sample = e(sample)

. quietly count if common_sample

. local common_n = r(N)

. keep if common_sample
(139,166 observations deleted)

. drop common_sample

. 
. egen byte tag_ac = tag(ac_uq_id)

. quietly count if tag_ac

. local numacs = r(N)

. quietly summarize countk if downup_ac_pop == 1 & relative_monthyear <= -1

. local ymean = r(mean)

. 
. est clear

. local moderators_list moderator rice_prod_aclvl_ahigh

. local i = 1

. foreach mod of local moderators_list {
  2.     replace moderator = `mod'
  3.     local rhs "ib0.downup_ac_pop##ib0.`mod' av_wind_speed wind_direction"
  4.     quietly summarize countk if downup_ac_pop == 1 & ///
>         relative_monthyear <= -1 & moderator == 1
  5.     local ymean2 = r(mean)
  6.     foreach fe of numlist $fe_list {
  7.         reghdfejl countk `rhs', absorb(`fe`fe'') ///
>             vce(cluster cluster_grid cluster_actime)
  8.         assert e(N) == `common_n'
  9.         estadd scalar ymean = `ymean'
 10.         estadd scalar ymean2 = `ymean2'
 11.         estadd scalar acq = `numacs'
 12.         estadd local smpl "Rural"
 13.         local grid_label = cond(`fe' == 0, "N", "Y")
 14.         estadd local gridfe "`grid_label'"
 15.         local time_label = cond(`fe' == 2, "Y", "N")
 16.         local actime_label = cond(`fe' == 3, "Y", "N")
 17.         estadd local time "`time_label'"
 18.         estadd local actimefe "`actime_label'"
 19.         estadd local mod "`mod'"
 20.         est store eq`i'
 21.         local i = `i' + 1
 22.     }
 23. }
(0 real changes made)
(MWFE estimator converged in 1 iterations)

HDFE linear regression with Julia                 Number of obs   = 36,758,771
Absorbing 1 HDFE group                            F(   3, 921687) =    4365.27
Statistics cluster-robust                         Prob > F        =     0.0000
                                                  R-squared       =     0.0058
                                                  Adj R-squared   =     0.0058
Number of clusters (cluster_grid) =    5290790    Within R-sq.    =     0.0058
Number of clusters (cluster_actime) =     921687  Root MSE        =  1002.3969

      (Std. err. adjusted for 921,687 clusters in cluster_grid cluster_actime)
------------------------------------------------------------------------------
             |               Robust
      countk | Coefficient  std. err.      t    P>|t|     [95% conf. interval]
-------------+----------------------------------------------------------------
1.downup_a~p |   3.027491   2.168274     1.40   0.163    -1.222253    7.277235
av_wind_sp~d |  -48.09884   1.551343   -31.00   0.000    -51.13942   -45.05826
wind_direc~n |  -.7817671   .0069996  -111.69   0.000     -.795486   -.7680482
------------------------------------------------------------------------------

added scalar:
              e(ymean) =  .

added scalar:
             e(ymean2) =  .

added scalar:
                e(acq) =  797

added macro:
               e(smpl) : "Rural"

added macro:
             e(gridfe) : "N"

added macro:
               e(time) : "N"

added macro:
           e(actimefe) : "N"

added macro:
                e(mod) : "moderator"
(MWFE estimator converged in 1 iterations)

HDFE linear regression with Julia                 Number of obs   = 36,758,771
Absorbing 1 HDFE group                            F(   3, 921687) =    3741.09
Statistics cluster-robust                         Prob > F        =     0.0000
                                                  R-squared       =     0.1804
                                                  Adj R-squared   =     0.0426
Number of clusters (cluster_grid) =    5290790    Within R-sq.    =     0.0040
Number of clusters (cluster_actime) =     921687  Root MSE        =   983.6859

      (Std. err. adjusted for 921,687 clusters in cluster_grid cluster_actime)
------------------------------------------------------------------------------
             |               Robust
      countk | Coefficient  std. err.      t    P>|t|     [95% conf. interval]
-------------+----------------------------------------------------------------
1.downup_a~p |    45.9269   2.230403    20.59   0.000     41.55538    50.29841
av_wind_sp~d |   97.62442   1.592685    61.30   0.000     94.50281     100.746
wind_direc~n |  -.6578908   .0071043   -92.60   0.000     -.671815   -.6439665
------------------------------------------------------------------------------

added scalar:
              e(ymean) =  .

added scalar:
             e(ymean2) =  .

added scalar:
                e(acq) =  797

added macro:
               e(smpl) : "Rural"

added macro:
             e(gridfe) : "Y"

added macro:
               e(time) : "N"

added macro:
           e(actimefe) : "N"

added macro:
                e(mod) : "moderator"
(MWFE estimator converged in 15 iterations)

HDFE linear regression with Julia                 Number of obs   = 36,758,771
Absorbing 2 HDFE groups                           F(   3, 921687) =    3221.24
Statistics cluster-robust                         Prob > F        =     0.0000
                                                  R-squared       =     0.2285
                                                  Adj R-squared   =     0.0987
Number of clusters (cluster_grid) =    5290790    Within R-sq.    =     0.0068
Number of clusters (cluster_actime) =     921687  Root MSE        =   954.4177

      (Std. err. adjusted for 921,687 clusters in cluster_grid cluster_actime)
------------------------------------------------------------------------------
             |               Robust
      countk | Coefficient  std. err.      t    P>|t|     [95% conf. interval]
-------------+----------------------------------------------------------------
1.downup_a~p |  -37.12484   2.396535   -15.49   0.000    -41.82197   -32.42771
av_wind_sp~d |   363.8292   3.814104    95.39   0.000     356.3536    371.3047
wind_direc~n |  -.2703828   .0073113   -36.98   0.000    -.2847127   -.2560529
------------------------------------------------------------------------------

added scalar:
              e(ymean) =  .

added scalar:
             e(ymean2) =  .

added scalar:
                e(acq) =  797

added macro:
               e(smpl) : "Rural"

added macro:
             e(gridfe) : "Y"

added macro:
               e(time) : "Y"

added macro:
           e(actimefe) : "N"

added macro:
                e(mod) : "moderator"
(MWFE estimator converged in 28 iterations)

HDFE linear regression with Julia                 Number of obs   = 36,758,771
Absorbing 2 HDFE groups                           F(   3, 921687) =       6.62
Statistics cluster-robust                         Prob > F        =     0.0002
                                                  R-squared       =     0.6670
                                                  Adj R-squared   =     0.5993
Number of clusters (cluster_grid) =    5290790    Within R-sq.    =     0.0000
Number of clusters (cluster_actime) =     921687  Root MSE        =   636.4018

      (Std. err. adjusted for 921,687 clusters in cluster_grid cluster_actime)
------------------------------------------------------------------------------
             |               Robust
      countk | Coefficient  std. err.      t    P>|t|     [95% conf. interval]
-------------+----------------------------------------------------------------
1.downup_a~p |  -5.434628   1.643604    -3.31   0.001    -8.656037    -2.21322
av_wind_sp~d |  -16.42016   8.490438    -1.93   0.053    -33.06114    .2208103
wind_direc~n |  -.0125243   .0053374    -2.35   0.019    -.0229854   -.0020633
------------------------------------------------------------------------------

added scalar:
              e(ymean) =  .

added scalar:
             e(ymean2) =  .

added scalar:
                e(acq) =  797

added macro:
               e(smpl) : "Rural"

added macro:
             e(gridfe) : "Y"

added macro:
               e(time) : "N"

added macro:
           e(actimefe) : "Y"

added macro:
                e(mod) : "moderator"
(16,616,869 real changes made)
(MWFE estimator converged in 1 iterations)

HDFE linear regression with Julia                 Number of obs   = 36,758,771
Absorbing 1 HDFE group                            F(   5, 921687) =    3174.43
Statistics cluster-robust                         Prob > F        =     0.0000
                                                  R-squared       =     0.0213
                                                  Adj R-squared   =     0.0213
Number of clusters (cluster_grid) =    5290790    Within R-sq.    =     0.0213
Number of clusters (cluster_actime) =     921687  Root MSE        =   994.5885

      (Std. err. adjusted for 921,687 clusters in cluster_grid cluster_actime)
------------------------------------------------------------------------------
             |               Robust
      countk | Coefficient  std. err.      t    P>|t|     [95% conf. interval]
-------------+----------------------------------------------------------------
1.downup_a~p |   7.959969   1.383984     5.75   0.000     5.247407    10.67253
1.rice_pro~h |   253.5613   2.175042   116.58   0.000     249.2983    257.8243
av_wind_sp~d |  -54.11127   1.556444   -34.77   0.000    -57.16185   -51.06069
wind_direc~n |  -.7927973   .0069816  -113.56   0.000    -.8064809   -.7791136
             |
downup_ac_~p#|
rice_prod_~h |
        1 1  |  -26.04974   4.416832    -5.90   0.000    -34.70658    -17.3929
------------------------------------------------------------------------------

added scalar:
              e(ymean) =  .

added scalar:
             e(ymean2) =  .

added scalar:
                e(acq) =  797

added macro:
               e(smpl) : "Rural"

added macro:
             e(gridfe) : "N"

added macro:
               e(time) : "N"

added macro:
           e(actimefe) : "N"

added macro:
                e(mod) : "rice_prod_aclvl_ahigh"
(MWFE estimator converged in 1 iterations)

HDFE linear regression with Julia                 Number of obs   = 36,758,771
Absorbing 1 HDFE group                            F(   4, 921687) =    2808.47
Statistics cluster-robust                         Prob > F        =     0.0000
                                                  R-squared       =     0.1805
                                                  Adj R-squared   =     0.0427
Number of clusters (cluster_grid) =    5290790    Within R-sq.    =     0.0041
Number of clusters (cluster_actime) =     921687  Root MSE        =   983.6408

      (Std. err. adjusted for 921,687 clusters in cluster_grid cluster_actime)
------------------------------------------------------------------------------
             |               Robust
      countk | Coefficient  std. err.      t    P>|t|     [95% conf. interval]
-------------+----------------------------------------------------------------
1.downup_a~p |   3.606602   1.546687     2.33   0.020     .5751473    6.638056
1.rice_pro~h |          0  (omitted)
av_wind_sp~d |   97.38618    1.59111    61.21   0.000     94.26766    100.5047
wind_direc~n |  -.6574157   .0070936   -92.68   0.000     -.671319   -.6435124
             |
downup_ac_~p#|
rice_prod_~h |
        1 1  |   86.86962   4.520319    19.22   0.000     78.00995    95.72929
------------------------------------------------------------------------------

added scalar:
              e(ymean) =  .

added scalar:
             e(ymean2) =  .

added scalar:
                e(acq) =  797

added macro:
               e(smpl) : "Rural"

added macro:
             e(gridfe) : "Y"

added macro:
               e(time) : "N"

added macro:
           e(actimefe) : "N"

added macro:
                e(mod) : "rice_prod_aclvl_ahigh"
(MWFE estimator converged in 15 iterations)

HDFE linear regression with Julia                 Number of obs   = 36,758,771
Absorbing 2 HDFE groups                           F(   4, 921687) =    2417.55
Statistics cluster-robust                         Prob > F        =     0.0000
                                                  R-squared       =     0.2285
                                                  Adj R-squared   =     0.0988
Number of clusters (cluster_grid) =    5290790    Within R-sq.    =     0.0069
Number of clusters (cluster_actime) =     921687  Root MSE        =   954.3885

      (Std. err. adjusted for 921,687 clusters in cluster_grid cluster_actime)
------------------------------------------------------------------------------
             |               Robust
      countk | Coefficient  std. err.      t    P>|t|     [95% conf. interval]
-------------+----------------------------------------------------------------
1.downup_a~p |  -70.22618   2.860745   -24.55   0.000    -75.83314   -64.61921
1.rice_pro~h |          0  (omitted)
av_wind_sp~d |   363.4313   3.810217    95.38   0.000     355.9634    370.8992
wind_direc~n |  -.2701215   .0073065   -36.97   0.000     -.284442   -.2558009
             |
downup_ac_~p#|
rice_prod_~h |
        1 1  |   69.34072   4.447993    15.59   0.000      60.6228    78.05864
------------------------------------------------------------------------------

added scalar:
              e(ymean) =  .

added scalar:
             e(ymean2) =  .

added scalar:
                e(acq) =  797

added macro:
               e(smpl) : "Rural"

added macro:
             e(gridfe) : "Y"

added macro:
               e(time) : "Y"

added macro:
           e(actimefe) : "N"

added macro:
                e(mod) : "rice_prod_aclvl_ahigh"
(MWFE estimator converged in 28 iterations)

HDFE linear regression with Julia                 Number of obs   = 36,758,771
Absorbing 2 HDFE groups                           F(   4, 921687) =       5.12
Statistics cluster-robust                         Prob > F        =     0.0004
                                                  R-squared       =     0.6670
                                                  Adj R-squared   =     0.5993
Number of clusters (cluster_grid) =    5290790    Within R-sq.    =     0.0000
Number of clusters (cluster_actime) =     921687  Root MSE        =   636.4018

      (Std. err. adjusted for 921,687 clusters in cluster_grid cluster_actime)
------------------------------------------------------------------------------
             |               Robust
      countk | Coefficient  std. err.      t    P>|t|     [95% conf. interval]
-------------+----------------------------------------------------------------
1.downup_a~p |  -4.426969     1.7548    -2.52   0.012    -7.866319   -.9876184
1.rice_pro~h |          0  (omitted)
av_wind_sp~d |  -16.50197   8.485349    -1.94   0.052    -33.13297     .129035
wind_direc~n |  -.0125251   .0053373    -2.35   0.019    -.0229861   -.0020641
             |
downup_ac_~p#|
rice_prod_~h |
        1 1  |  -2.071281   3.327409    -0.62   0.534    -8.592892    4.450329
------------------------------------------------------------------------------

added scalar:
              e(ymean) =  .

added scalar:
             e(ymean2) =  .

added scalar:
                e(acq) =  797

added macro:
               e(smpl) : "Rural"

added macro:
             e(gridfe) : "Y"

added macro:
               e(time) : "N"

added macro:
           e(actimefe) : "Y"

added macro:
                e(mod) : "rice_prod_aclvl_ahigh"

. estwrite eq1 eq2 eq3 eq4 eq5 eq6 eq7 eq8 using ///
>     "${tables}/_app_10_did_rice_moderators${sample}_rural_acpop${ster_suffix}
> .ster", replace
(saving eq1)
(saving eq2)
(saving eq3)
(saving eq4)
(saving eq5)
(saving eq6)
(saving eq7)
(saving eq8)
(file /users/aquisper/proj_bureaucrats_farms/code/_stacked_downup_replication/.
> ./../tables/_app_10_did_rice_moderators_rural_acpop.ster saved)

. display as result "Saved updated presentation ster: _app_10_did_rice_moderato
> rs${sample}_rural_acpop${ster_suffix}.ster"
Saved updated presentation ster: _app_10_did_rice_moderators_rural_acpop.ster

. *****************************************************************************
> ***
. 
end of do-file

. 
. display as result "COMPLETED: `dofile' at $S_DATE $S_TIME"
COMPLETED: _app_10_did_rice_moderators.do at 31 Aug 2026 18:28:31

. 
end of do-file
