
  ___  ____  ____  ____  ____ ®
 /__    /   ____/   /   ____/      StataNow 19.5
___/   /   /___/   /   /___/       MP—Parallel Edition

 Statistics and Data Science       Copyright 1985-2025 StataCorp LLC
                                   StataCorp
                                   4905 Lakeway Drive
                                   College Station, Texas 77845 USA
                                   800-782-8272        https://www.stata.com
                                   979-696-4600        service@stata.com

Stata license: 4-user 16-core network, expiring 14 Sep 2026
Serial number: 501909301589
  Licensed to: University of Notre Dame
               Notre Dame, IN 46556

Notes:
      1. Stata is running in batch mode.
      2. Unicode is supported; see help unicode_advice.
      3. More than 2 billion observations are allowed; see help obs_advice.
      4. Maximum number of variables is set to 5,000 but can be increased;
          see help set_maxvar.

. do /users/aquisper/proj_bureaucrats_farms/code/_stacked_downup_replication/sb
> atch/_run_dofile.do 

. *****************************************************************************
> ***
. * Environment bridge: one invocation runs exactly one result-generating dofil
> e.
. *****************************************************************************
> ***
. 
. version 17

. set more off

. 
. local dofile        : environment FARMS_DOFILE

. local root          : environment FARMS_ROOT

. local code          : environment FARMS_CODE

. local location      : environment FARMS_LOCATION

. local sample        : environment FARMS_SAMPLE

. local is_rural_var  : environment FARMS_RURAL_VAR

. local fe_list       : environment FARMS_FE_LIST

. local ster_suffix   : environment FARMS_STER_SUFFIX

. local downup_var    : environment FARMS_DOWNUP_VAR

. local stacked_file  : environment FARMS_STACKED_FILE

. local did_output    : environment FARMS_DID_OUTPUT

. local control_samples : environment FARMS_CONTROL_SAMPLES

. local analysis_subsample : environment FARMS_ANALYSIS_SUBSAMPLE

. local processors    : environment FARMS_CPUS

. 
. if "`processors'" == "" local processors "1"

. set processors `processors'
    The maximum number of processors or cores being used is changed from 16
    to 3.  It can be set to any number between 1 and 16

. 
. if "`dofile'" == "" {
.     display as error "FARMS_DOFILE is empty; use sbatch/run_dofile.sbatch."
.     exit 198
. }

. if "`root'" == "" {
.     display as error "FARMS_ROOT is empty; use sbatch/run_dofile.sbatch."
.     exit 198
. }

. if "`code'" == "" {
.     display as error "FARMS_CODE is empty; use sbatch/run_dofile.sbatch."
.     exit 198
. }

. 
. if "`sample'" == "none" local sample ""

. if "`ster_suffix'" == "none" local ster_suffix ""

. if "`downup_var'" == "none" local downup_var ""

. if "`stacked_file'" == "none" local stacked_file ""

. if "`did_output'" == "none" local did_output ""

. if "`control_samples'" == "all" local control_samples ""

. if "`analysis_subsample'" == "all" local analysis_subsample ""

. 
. global root          "`root'"

. global code          "`code'"

. global location      "`location'"

. global sample        "`sample'"

. global is_rural_var  "`is_rural_var'"

. global fe_list       "`fe_list'"

. global ster_suffix   "`ster_suffix'"

. global downup_var    "`downup_var'"

. global stacked_file  "`stacked_file'"

. global did_output    "`did_output'"

. global control_samples "`control_samples'"

. global analysis_subsample "`analysis_subsample'"

. 
. global int_data    "${root}/data_output/intermediate"

. global int_farms   "${int_data}"

. global tables      "${code}/../../tables"

. global table_farms "${tables}"

. global figures     "${code}/../../figures"

. global figure_farms "${figures}"

. 
. capture mkdir "${tables}"

. capture mkdir "${figures}"

. capture mkdir "${code}/logs"

. 
. adopath ++ "${code}"
  [1]              "/users/aquisper/proj_bureaucrats_farms/code/_stacked_downup
> _replication"
  [2]  (BASE)      "/software/s/stata/19.5/ado/base/"
  [3]  (SITE)      "/software/s/stata/ado/"
  [4]              "."
  [5]  (PERSONAL)  "~/ado/personal/"
  [6]  (PLUS)      "~/ado/plus/"
  [7]  (OLDPLACE)  "~/ado/"

. capture noisily do "${code}/estsave_csv.ado"

. *! estsave_csv v1.2 - Export stored estimates and covariance matrices to CSV
. program define estsave_csv
  1.     version 14.0
  2.     syntax namelist using/, [replace append]
  3. 
.     local outfile `"`using'"'
  4.     tempfile coef_all coef_cur scalar_all scalar_cur
  5.     local first = 1
  6. 
.     foreach est of local namelist {
  7.         quietly estimates restore `est'
  8.         matrix b = e(b)
  9.         matrix V = e(V)
 10.         local k = colsof(b)
 11.         local cnames : colfullnames b
 12. 
.         preserve
 13.         clear
 14.         quietly set obs `k'
 15.         gen strL reg = "`est'"
 16.         gen strL var = ""
 17.         gen double beta = .
 18.         capture local ymean_val `"`e(ymean)'"'
 19.         if !_rc & `"`ymean_val'"' != "" gen strL ymean = `"`ymean_val'"'
 20.         else gen strL ymean = ""
 21. 
.         forvalues j = 1/`k' {
 22.             local nm : word `j' of `cnames'
 23.             quietly replace var = "`nm'" in `j'
 24.             quietly replace beta = b[1, `j'] in `j'
 25.             gen double cov`j' = .
 26.         }
 27.         forvalues i = 1/`k' {
 28.             forvalues j = 1/`k' {
 29.                 quietly replace cov`j' = V[`i', `j'] in `i'
 30.             }
 31.         }
 32.         quietly save `coef_cur', replace
 33.         if `first' quietly save `coef_all', replace
 34.         else {
 35.             quietly use `coef_all', clear
 36.             quietly append using `coef_cur'
 37.             quietly save `coef_all', replace
 38.         }
 39.         restore
 40. 
.         preserve
 41.         clear
 42.         quietly set obs 1
 43.         gen strL reg = "`est'"
 44.         local escalars : e(scalars)
 45.         foreach sc of local escalars {
 46.             local scval = e(`sc')
 47.             local safe = subinstr("`sc'", "-", "_", .)
 48.             capture gen double `safe' = `scval'
 49.             if _rc capture gen double sc_`safe' = `scval'
 50.         }
 51.         local emacros : e(macros)
 52.         foreach mc of local emacros {
 53.             capture local mcval `"`e(`mc')'"'
 54.             if !_rc & `"`mcval'"' != "" {
 55.                 if strlen(`"`mcval'"') > 244 local mcval = substr(`"`mcval
> '"', 1, 244)
 56.                 local safe = subinstr("`mc'", "-", "_", .)
 57.                 capture gen strL `safe' = `"`mcval'"'
 58.                 if _rc capture gen strL mc_`safe' = `"`mcval'"'
 59.             }
 60.         }
 61.         quietly save `scalar_cur', replace
 62.         if `first' {
 63.             quietly save `scalar_all', replace
 64.             local first = 0
 65.         }
 66.         else {
 67.             quietly use `scalar_all', clear
 68.             quietly append using `scalar_cur'
 69.             quietly save `scalar_all', replace
 70.         }
 71.         restore
 72.     }
 73. 
.     local basefile = subinstr(`"`outfile'"', ".csv", "", .)
 74.     quietly use `coef_all', clear
 75.     order reg var beta ymean
 76.     quietly export delimited using "`basefile'.csv", `replace' `append'
 77.     quietly use `scalar_all', clear
 78.     quietly export delimited using "`basefile'_scalars.csv", `replace' `ap
> pend'
 79.     display as result "Estimates exported to `basefile'.csv"
 80. end

. 
. 
end of do-file

. capture noisily do "${code}/estload_csv.ado"

. *! estload_csv v1.0 - Reconstruct estimate objects exported by estsave_csv
. program define estload_csv
  1.     version 14.0
  2.     syntax using/
  3. 
.     local infile `"`using'"'
  4.     local basefile = subinstr(`"`infile'"', ".csv", "", .)
  5.     preserve
  6.     quietly import delimited using "`basefile'.csv", clear varnames(1)
  7.     quietly levelsof reg, local(regs)
  8. 
.     foreach r of local regs {
  9.         preserve
 10.         quietly keep if reg == "`r'"
 11.         local k = _N
 12.         matrix b = J(1, `k', .)
 13.         matrix V = J(`k', `k', .)
 14.         local varnames ""
 15.         forvalues i = 1/`k' {
 16.             local vname = var[`i']
 17.             local varnames `"`varnames' `vname'"'
 18.             matrix b[1, `i'] = beta[`i']
 19.             forvalues j = 1/`k' {
 20.                 matrix V[`i', `j'] = cov`j'[`i']
 21.             }
 22.         }
 23.         matrix colnames b = `varnames'
 24.         matrix rownames V = `varnames'
 25.         matrix colnames V = `varnames'
 26.         restore, preserve
 27.         quietly ereturn post b V
 28.         estimates store `r'
 29.         display as text "Loaded estimate: `r'"
 30.     }
 31.     restore
 32. end

. 
. 
end of do-file

. 
. display "============================================================"
============================================================

. display "Independent dofile job: `dofile'"
Independent dofile job: _app_13_protest_5km_fe12_did_ricemods.do

. display "Data root: ${root}"
Data root: /groups/sgulzar/sa_fires/proj_bureaucrats_farms

. display "Tables output: ${tables}"
Tables output: /users/aquisper/proj_bureaucrats_farms/code/_stacked_downup_repl
> ication/../../tables

. display "Figures output: ${figures}"
Figures output: /users/aquisper/proj_bureaucrats_farms/code/_stacked_downup_rep
> lication/../../figures

. display "Code root: ${code}"
Code root: /users/aquisper/proj_bureaucrats_farms/code/_stacked_downup_replicat
> ion

. display "Sample: ${sample}; rural: ${is_rural_var}; FE: ${fe_list}"
Sample: ; rural: is_rural; FE: 0/3

. display "Suffix: ${ster_suffix}; moderator: ${downup_var}"
Suffix: ; moderator: 

. display "Control samples: ${control_samples}"
Control samples: 

. display "Analysis subsample: ${analysis_subsample}"
Analysis subsample: 

. display "Stata processors: " c(processors)
Stata processors: 3

. display "============================================================"
============================================================

. 
. do "${code}/`dofile'"

. *****************************************************************************
> ***
. * Presentation table A13: Protest x high rice production.
. * Eight models: four without rice heterogeneity, followed by the same four
. * FE specifications interacted with high rice production.
. *****************************************************************************
> ***
. if "$root" == "" {
.     clear all
.     set more off
.     * Standalone defaults for the five sbatch-array parameters.
.     global location "shell"
.     global sample ""
.     global is_rural_var "is_rural"
.     global fe_list "0/3"
.     global ster_suffix ""
.     global shell "/groups/sgulzar/sa_fires/proj_bureaucrats_farms"
.     global dbox "C:/Users/eunic/Dropbox/sa_fires/proj_bureaucrats_farms"
.     global code "/users/aquisper/proj_bureaucrats_farms/code/_stacked_downup_
> replication"
.     if "$location" == "dbox" {
.         global root "$dbox"
.         global code "C:/Users/eunic/OneDrive/Documents/GitHub/proj_bureaucrat
> s_farms/code/_stacked_downup_replication"
.     }
.     else global root "$shell"
. }

. global int_data "${root}/data_output/intermediate"

. global tables "${code}/../../tables"

. 
. local input "${int_data}/stacked_data_protest5km_election_sameterm${sample}.c
> sv"

. capture confirm file "`input'"

. if _rc local input "${int_data}/cohortes_protest_term/stacked_data_protest5km
> _election_sameterm${sample}.csv"

. capture confirm file "`input'"

. if _rc local input "${int_data}/cohorts_protest_term/stacked_data_protest5km_
> election_sameterm${sample}.csv"

. confirm file "`input'"

. import delimited using "`input'", clear varnames(1)
(encoding automatically selected: ISO-8859-1)
(29 vars, 87,667,769 obs)

. capture confirm variable relative_year_bin

. if _rc rename relative_year relative_year_bin

. keep if year < 2022 | (year == 2022 & month <= 8)
(6,341,816 observations deleted)

. keep if inrange(relative_year_bin, -4, 1)
(2,663,859 observations deleted)

. confirm variable rice_prod_aclvl_ahigh

. drop if missing(rice_prod_aclvl_ahigh)
(0 observations deleted)

. 
. merge m:1 unique_small_grid_id month year using ///
>     "${int_data}/grid_month_ac_area_tr.dta", keep(master match) keepusing(ac_
> area_tr)

    Result                      Number of obs
    -----------------------------------------
    Not matched                             0
    Matched                        78,662,094  (_merge==3)
    -----------------------------------------

. assert _merge == 3

. drop _merge

. merge m:1 unique_small_grid_id using ///
>     "${int_data}/ghs_grid_classification_2000.dta", ///
>     keep(master match) keepusing(is_rural)

    Result                      Number of obs
    -----------------------------------------
    Not matched                             0
    Matched                        78,662,094  (_merge==3)
    -----------------------------------------

. drop _merge

. keep if ${is_rural_var} == 1
(15,143,119 observations deleted)

. 
. capture drop countk

. gen countk = count * 1000

. gen byte post_ = relative_year_bin >= 0

. gen byte nofe = 1

. gen byte moderator = 0

. egen unique_small_grid_id_cohort = group(unique_small_grid_id cohort_id)

. egen relativeyear_cohort = group(relative_year_bin cohort_id)

. egen province_cohort = group(province cohort_id)

. bysort unique_small_grid_id_cohort: egen byte has_pre = max(relative_year_bin
>  < 0)

. bysort unique_small_grid_id_cohort: egen byte has_post = max(relative_year_bi
> n >= 0)

. keep if has_pre & has_post
(278,841 observations deleted)

. drop has_pre has_post

. 
. local fe0 "nofe"

. local fe1 "unique_small_grid_id_cohort"

. local fe2 "unique_small_grid_id_cohort relativeyear_cohort"

. local fe3 "unique_small_grid_id_cohort relativeyear_cohort province_cohort#c.
> monthyear"

. local common_rhs "ib0.post_##ib0.treat##ib0.rice_prod_aclvl_ahigh wind_direct
> ion av_wind_speed"

. do "${code}/_apply_analysis_subsample.do"

. *****************************************************************************
> ***
. * Apply the production analysis-subsample selection after the stacked dataset
. * and required native fields are loaded, but before any common-sample model.
. *
. * $analysis_subsample == ""          : retain the complete analysis sample
. * $analysis_subsample == "rice_high" : retain above-median AC rice production
. *****************************************************************************
> ***
. 
. if "$analysis_subsample" == "rice_high" {
.     capture confirm variable rice_prod_aclvl_ahigh
.     if _rc {
.         display as error ///
>             "rice_prod_aclvl_ahigh is missing from the stacked dataset. " ///
>             "Regenerate the stacked inputs from 0_master_dataset."
.         exit 111
.     }
. 
.     assert inlist(rice_prod_aclvl_ahigh, 0, 1)
.     quietly count
.     local subsample_before = r(N)
.     keep if rice_prod_aclvl_ahigh == 1
.     quietly count
.     local subsample_after = r(N)
.     if `subsample_after' == 0 {
.         display as error "The rice-high restriction removed every row."
.         exit 2000
.     }
.     display as result "ANALYSIS SAMPLE: rice_prod_aclvl_ahigh == 1"
.     display as result "Rows retained: `subsample_after' of `subsample_before'
> "
. }

. 
end of do-file

. quietly reghdfejl countk `common_rhs', absorb(`fe3') vce(cluster ac_area_tr)

. gen byte common_sample = e(sample)

. quietly count if common_sample

. local common_n = r(N)

. keep if common_sample
(0 observations deleted)

. drop common_sample

. 
. egen byte tag_ac = tag(ac_uq_id)

. quietly count if tag_ac

. local numacs = r(N)

. quietly summarize countk if treat == 1 & relative_year_bin <= -1

. local ymean = r(mean)

. 
. est clear

. local moderators_list moderator rice_prod_aclvl_ahigh

. local i = 1

. foreach mod of local moderators_list {
  2.     replace moderator = `mod'
  3.     local rhs "ib0.post_##ib0.treat##ib0.`mod' wind_direction av_wind_spee
> d"
  4.     quietly summarize countk if treat == 1 & relative_year_bin <= -1 & mod
> erator == 1
  5.     local ymean2 = r(mean)
  6.     foreach fe of numlist $fe_list {
  7.         reghdfejl countk `rhs', absorb(`fe`fe'') vce(cluster ac_area_tr)
  8.         assert e(N) == `common_n'
  9.         estadd scalar ymean = `ymean'
 10.         estadd scalar ymean2 = `ymean2'
 11.         estadd scalar acq = `numacs'
 12.         estadd local smpl "Rural"
 13.         local grid_label = cond(`fe' == 0, "N", "Y")
 14.         estadd local gridfe "`grid_label'"
 15.         local time_label = cond(`fe' >= 2, "Y", "N")
 16.         local trend_label = cond(`fe' == 3, "Y", "N")
 17.         estadd local time "`time_label'"
 18.         estadd local provtrendfe "`trend_label'"
 19.         estadd local mod "`mod'"
 20.         est store eq`i'
 21.         local i = `i' + 1
 22.     }
 23. }
(0 real changes made)
(MWFE estimator converged in 1 iterations)

HDFE linear regression with Julia                 Number of obs   = 63,240,134
Absorbing 1 HDFE group                            F(   5,   1653) =     104.30
Statistics cluster-robust                         Prob > F        =     0.0000
                                                  R-squared       =     0.0082
                                                  Adj R-squared   =     0.0082
Number of clusters (ac_area_tr) =       1654      Within R-sq.    =     0.0082
                                                  Root MSE        =   964.6806

                         (Std. err. adjusted for 1,654 clusters in ac_area_tr)
------------------------------------------------------------------------------
             |               Robust
      countk | Coefficient  std. err.      t    P>|t|     [95% conf. interval]
-------------+----------------------------------------------------------------
     1.post_ |   15.32595   3.913761     3.92   0.000     7.649501     23.0024
     1.treat |   332.1591   23.86782    13.92   0.000     285.3447    378.9734
wind_direc~n |  -.8588738   .0711181   -12.08   0.000    -.9983649   -.7193828
av_wind_sp~d |  -12.78364   15.30998    -0.83   0.404    -42.81263    17.24535
             |
 post_#treat |
        1 1  |    52.2183   20.13277     2.59   0.010     12.72988    91.70672
------------------------------------------------------------------------------

added scalar:
              e(ymean) =  473.10874

added scalar:
             e(ymean2) =  .

added scalar:
                e(acq) =  808

added macro:
               e(smpl) : "Rural"

added macro:
             e(gridfe) : "N"

added macro:
               e(time) : "N"

added macro:
        e(provtrendfe) : "N"

added macro:
                e(mod) : "moderator"
(MWFE estimator converged in 1 iterations)

HDFE linear regression with Julia                 Number of obs   = 63,240,134
Absorbing 1 HDFE group                            F(   4,   1653) =      78.66
Statistics cluster-robust                         Prob > F        =     0.0000
                                                  R-squared       =     0.1068
                                                  Adj R-squared   =     0.0897
Number of clusters (ac_area_tr) =       1654      Within R-sq.    =     0.0092
                                                  Root MSE        =   924.2110

                         (Std. err. adjusted for 1,654 clusters in ac_area_tr)
------------------------------------------------------------------------------
             |               Robust
      countk | Coefficient  std. err.      t    P>|t|     [95% conf. interval]
-------------+----------------------------------------------------------------
     1.post_ |   33.71246   4.665715     7.23   0.000     24.56113    42.86379
     1.treat |          0  (omitted)
wind_direc~n |  -.8645758   .0672135   -12.86   0.000    -.9964084   -.7327433
av_wind_sp~d |   82.06201   10.08043     8.14   0.000     62.29025    101.8338
             |
 post_#treat |
        1 1  |   164.7711   18.92321     8.71   0.000     127.6551    201.8871
------------------------------------------------------------------------------

added scalar:
              e(ymean) =  473.10874

added scalar:
             e(ymean2) =  .

added scalar:
                e(acq) =  808

added macro:
               e(smpl) : "Rural"

added macro:
             e(gridfe) : "Y"

added macro:
               e(time) : "N"

added macro:
        e(provtrendfe) : "N"

added macro:
                e(mod) : "moderator"
(MWFE estimator converged in 8 iterations)

HDFE linear regression with Julia                 Number of obs   = 63,240,134
Absorbing 2 HDFE groups                           F(   3,   1653) =      99.88
Statistics cluster-robust                         Prob > F        =     0.0000
                                                  R-squared       =     0.1076
                                                  Adj R-squared   =     0.0904
Number of clusters (ac_area_tr) =       1654      Within R-sq.    =     0.0092
                                                  Root MSE        =   923.8265

                         (Std. err. adjusted for 1,654 clusters in ac_area_tr)
------------------------------------------------------------------------------
             |               Robust
      countk | Coefficient  std. err.      t    P>|t|     [95% conf. interval]
-------------+----------------------------------------------------------------
     1.post_ |          0  (omitted)
     1.treat |          0  (omitted)
wind_direc~n |   -.873823    .067836   -12.88   0.000    -1.006877   -.7407694
av_wind_sp~d |    84.1836   10.24103     8.22   0.000     64.09684    104.2704
             |
 post_#treat |
        1 1  |   154.6793   18.42051     8.40   0.000     118.5494    190.8093
------------------------------------------------------------------------------

added scalar:
              e(ymean) =  473.10874

added scalar:
             e(ymean2) =  .

added scalar:
                e(acq) =  808

added macro:
               e(smpl) : "Rural"

added macro:
             e(gridfe) : "Y"

added macro:
               e(time) : "Y"

added macro:
        e(provtrendfe) : "N"

added macro:
                e(mod) : "moderator"
(MWFE estimator converged in 43 iterations)

HDFE linear regression with Julia                 Number of obs   = 63,240,134
Absorbing 3 HDFE groups                           F(   3,   1653) =      76.91
Statistics cluster-robust                         Prob > F        =     0.0000
                                                  R-squared       =     0.1096
                                                  Adj R-squared   =     0.0925
Number of clusters (ac_area_tr) =       1654      Within R-sq.    =     0.0092
                                                  Root MSE        =   922.7600

                         (Std. err. adjusted for 1,654 clusters in ac_area_tr)
------------------------------------------------------------------------------
             |               Robust
      countk | Coefficient  std. err.      t    P>|t|     [95% conf. interval]
-------------+----------------------------------------------------------------
     1.post_ |          0  (omitted)
     1.treat |          0  (omitted)
wind_direc~n |  -.8738191   .0712864   -12.26   0.000     -1.01364   -.7339978
av_wind_sp~d |   127.3617   13.09661     9.72   0.000      101.674    153.0494
             |
 post_#treat |
        1 1  |   104.4396   19.55019     5.34   0.000     66.09383    142.7853
------------------------------------------------------------------------------

added scalar:
              e(ymean) =  473.10874

added scalar:
             e(ymean2) =  .

added scalar:
                e(acq) =  808

added macro:
               e(smpl) : "Rural"

added macro:
             e(gridfe) : "Y"

added macro:
               e(time) : "Y"

added macro:
        e(provtrendfe) : "Y"

added macro:
                e(mod) : "moderator"
(28,517,871 real changes made)
(MWFE estimator converged in 1 iterations)

HDFE linear regression with Julia                 Number of obs   = 63,240,134
Absorbing 1 HDFE group                            F(   9,   1653) =      74.70
Statistics cluster-robust                         Prob > F        =     0.0000
                                                  R-squared       =     0.0218
                                                  Adj R-squared   =     0.0218
Number of clusters (ac_area_tr) =       1654      Within R-sq.    =     0.0218
                                                  Root MSE        =   958.0326

                         (Std. err. adjusted for 1,654 clusters in ac_area_tr)
------------------------------------------------------------------------------
             |               Robust
      countk | Coefficient  std. err.      t    P>|t|     [95% conf. interval]
-------------+----------------------------------------------------------------
     1.post_ |   11.88931    3.55144     3.35   0.001     4.923511     18.8551
     1.treat |   3.428029   6.640601     0.52   0.606    -9.596847    16.45291
1.rice_pro~h |   223.5392   20.12834    11.11   0.000     184.0595    263.0189
wind_direc~n |  -.8840349   .0706112   -12.52   0.000    -1.022532    -.745538
av_wind_sp~d |  -47.00172   15.49572    -3.03   0.002    -77.39504    -16.6084
             |
 post_#treat |
        1 1  |   5.874989   6.689189     0.88   0.380    -7.245186    18.99516
             |
       post_#|
rice_prod_~h |
        1 1  |    9.42797   7.673418     1.23   0.219    -5.622674    24.47861
             |
       treat#|
rice_prod_~h |
        1 1  |   321.9171   29.67147    10.85   0.000     263.7194    380.1147
             |
 post_#treat#|
rice_prod_~h |
      1 1 1  |   85.84313   27.78527     3.09   0.002     31.34509    140.3412
------------------------------------------------------------------------------

added scalar:
              e(ymean) =  473.10874

added scalar:
             e(ymean2) =  592.52287

added scalar:
                e(acq) =  808

added macro:
               e(smpl) : "Rural"

added macro:
             e(gridfe) : "N"

added macro:
               e(time) : "N"

added macro:
        e(provtrendfe) : "N"

added macro:
                e(mod) : "rice_prod_aclvl_ahigh"
(MWFE estimator converged in 1 iterations)

HDFE linear regression with Julia                 Number of obs   = 63,240,134
Absorbing 1 HDFE group                            F(   6,   1653) =      53.78
Statistics cluster-robust                         Prob > F        =     0.0000
                                                  R-squared       =     0.1069
                                                  Adj R-squared   =     0.0897
Number of clusters (ac_area_tr) =       1654      Within R-sq.    =     0.0093
                                                  Root MSE        =   924.1639

                         (Std. err. adjusted for 1,654 clusters in ac_area_tr)
------------------------------------------------------------------------------
             |               Robust
      countk | Coefficient  std. err.      t    P>|t|     [95% conf. interval]
-------------+----------------------------------------------------------------
     1.post_ |   14.52271   3.677299     3.95   0.000      7.31005    21.73536
     1.treat |          0  (omitted)
1.rice_pro~h |          0  (omitted)
wind_direc~n |  -.8651385   .0672167   -12.87   0.000    -.9969772   -.7332997
av_wind_sp~d |   82.17537    10.0525     8.17   0.000      62.4584    101.8923
             |
 post_#treat |
        1 1  |   10.82958   6.016175     1.80   0.072    -.9705453    22.62971
             |
       post_#|
rice_prod_~h |
        1 1  |   43.02113   8.705823     4.94   0.000     25.94553    60.09674
             |
       treat#|
rice_prod_~h |
        1 1  |          0  (omitted)
             |
 post_#treat#|
rice_prod_~h |
      1 1 1  |   181.6648   24.98974     7.27   0.000     132.6499    230.6797
------------------------------------------------------------------------------

added scalar:
              e(ymean) =  473.10874

added scalar:
             e(ymean2) =  592.52287

added scalar:
                e(acq) =  808

added macro:
               e(smpl) : "Rural"

added macro:
             e(gridfe) : "Y"

added macro:
               e(time) : "N"

added macro:
        e(provtrendfe) : "N"

added macro:
                e(mod) : "rice_prod_aclvl_ahigh"
(MWFE estimator converged in 8 iterations)

HDFE linear regression with Julia                 Number of obs   = 63,240,134
Absorbing 2 HDFE groups                           F(   5,   1653) =      63.40
Statistics cluster-robust                         Prob > F        =     0.0000
                                                  R-squared       =     0.1077
                                                  Adj R-squared   =     0.0905
Number of clusters (ac_area_tr) =       1654      Within R-sq.    =     0.0093
                                                  Root MSE        =   923.7808

                         (Std. err. adjusted for 1,654 clusters in ac_area_tr)
------------------------------------------------------------------------------
             |               Robust
      countk | Coefficient  std. err.      t    P>|t|     [95% conf. interval]
-------------+----------------------------------------------------------------
     1.post_ |          0  (omitted)
     1.treat |          0  (omitted)
1.rice_pro~h |          0  (omitted)
wind_direc~n |  -.8743307   .0678479   -12.89   0.000    -1.007407   -.7412539
av_wind_sp~d |   84.30433   10.21565     8.25   0.000     64.26735    104.3413
             |
 post_#treat |
        1 1  |  -3.260617   6.359101    -0.51   0.608    -15.73336    9.212124
             |
       post_#|
rice_prod_~h |
        1 1  |    42.1587   8.655957     4.87   0.000      25.1809    59.13649
             |
       treat#|
rice_prod_~h |
        1 1  |          0  (omitted)
             |
 post_#treat#|
rice_prod_~h |
      1 1 1  |   187.0679   24.74953     7.56   0.000     138.5242    235.6117
------------------------------------------------------------------------------

added scalar:
              e(ymean) =  473.10874

added scalar:
             e(ymean2) =  592.52287

added scalar:
                e(acq) =  808

added macro:
               e(smpl) : "Rural"

added macro:
             e(gridfe) : "Y"

added macro:
               e(time) : "Y"

added macro:
        e(provtrendfe) : "N"

added macro:
                e(mod) : "rice_prod_aclvl_ahigh"
(MWFE estimator converged in 57 iterations)

HDFE linear regression with Julia                 Number of obs   = 63,240,134
Absorbing 3 HDFE groups                           F(   5,   1653) =      48.41
Statistics cluster-robust                         Prob > F        =     0.0000
                                                  R-squared       =     0.1097
                                                  Adj R-squared   =     0.0925
Number of clusters (ac_area_tr) =       1654      Within R-sq.    =     0.0092
                                                  Root MSE        =   922.7505

                         (Std. err. adjusted for 1,654 clusters in ac_area_tr)
------------------------------------------------------------------------------
             |               Robust
      countk | Coefficient  std. err.      t    P>|t|     [95% conf. interval]
-------------+----------------------------------------------------------------
     1.post_ |          0  (omitted)
     1.treat |          0  (omitted)
1.rice_pro~h |          0  (omitted)
wind_direc~n |  -.8741993   .0713201   -12.26   0.000    -1.014087    -.734312
av_wind_sp~d |   127.4875   13.10727     9.73   0.000     101.7789    153.1961
             |
 post_#treat |
        1 1  |  -11.67537   6.558702    -1.78   0.075    -24.53961    1.188866
             |
       post_#|
rice_prod_~h |
        1 1  |   17.92479   6.446861     2.78   0.005      5.27992    30.56967
             |
       treat#|
rice_prod_~h |
        1 1  |          0  (omitted)
             |
 post_#treat#|
rice_prod_~h |
      1 1 1  |   147.3071   25.77179     5.72   0.000     96.75831    197.8559
------------------------------------------------------------------------------

added scalar:
              e(ymean) =  473.10874

added scalar:
             e(ymean2) =  592.52287

added scalar:
                e(acq) =  808

added macro:
               e(smpl) : "Rural"

added macro:
             e(gridfe) : "Y"

added macro:
               e(time) : "Y"

added macro:
        e(provtrendfe) : "Y"

added macro:
                e(mod) : "rice_prod_aclvl_ahigh"

. estwrite eq1 eq2 eq3 eq4 eq5 eq6 eq7 eq8 using ///
>     "${tables}/_app_13_protest_5km_fe12_did_ricemods${sample}_rural_acpop${st
> er_suffix}.ster", replace
(saving eq1)
(saving eq2)
(saving eq3)
(saving eq4)
(saving eq5)
(saving eq6)
(saving eq7)
(saving eq8)
(file /users/aquisper/proj_bureaucrats_farms/code/_stacked_downup_replication/.
> ./../tables/_app_13_protest_5km_fe12_did_ricemods_rural_acpop.ster saved)

. display as result "Saved updated presentation ster: _app_13_protest_5km_fe12_
> did_ricemods${sample}_rural_acpop${ster_suffix}.ster"
Saved updated presentation ster: _app_13_protest_5km_fe12_did_ricemods_rural_ac
> pop.ster

. *****************************************************************************
> ***
. 
end of do-file

. 
. display as result "COMPLETED: `dofile' at $S_DATE $S_TIME"
COMPLETED: _app_13_protest_5km_fe12_did_ricemods.do at 31 Aug 2026 18:52:34

. 
end of do-file
