
  ___  ____  ____  ____  ____ ®
 /__    /   ____/   /   ____/      StataNow 19.5
___/   /   /___/   /   /___/       MP—Parallel Edition

 Statistics and Data Science       Copyright 1985-2025 StataCorp LLC
                                   StataCorp
                                   4905 Lakeway Drive
                                   College Station, Texas 77845 USA
                                   800-782-8272        https://www.stata.com
                                   979-696-4600        service@stata.com

Stata license: 4-user 16-core network, expiring 14 Sep 2026
Serial number: 501909301589
  Licensed to: University of Notre Dame
               Notre Dame, IN 46556

Notes:
      1. Stata is running in batch mode.
      2. Unicode is supported; see help unicode_advice.
      3. More than 2 billion observations are allowed; see help obs_advice.
      4. Maximum number of variables is set to 5,000 but can be increased;
          see help set_maxvar.

. do /users/aquisper/proj_bureaucrats_farms/code/_stacked_downup_replication/sb
> atch/_run_dofile.do 

. *****************************************************************************
> ***
. * Environment bridge: one invocation runs exactly one result-generating dofil
> e.
. *****************************************************************************
> ***
. 
. version 17

. set more off

. 
. local dofile        : environment FARMS_DOFILE

. local root          : environment FARMS_ROOT

. local code          : environment FARMS_CODE

. local location      : environment FARMS_LOCATION

. local sample        : environment FARMS_SAMPLE

. local is_rural_var  : environment FARMS_RURAL_VAR

. local fe_list       : environment FARMS_FE_LIST

. local ster_suffix   : environment FARMS_STER_SUFFIX

. local downup_var    : environment FARMS_DOWNUP_VAR

. local stacked_file  : environment FARMS_STACKED_FILE

. local did_output    : environment FARMS_DID_OUTPUT

. local control_samples : environment FARMS_CONTROL_SAMPLES

. local processors    : environment FARMS_CPUS

. 
. if "`processors'" == "" local processors "1"

. set processors `processors'
    The maximum number of processors or cores being used is changed from 16
    to 10.  It can be set to any number between 1 and 16

. 
. if "`dofile'" == "" {
.     display as error "FARMS_DOFILE is empty; use sbatch/run_dofile.sbatch."
.     exit 198
. }

. if "`root'" == "" {
.     display as error "FARMS_ROOT is empty; use sbatch/run_dofile.sbatch."
.     exit 198
. }

. if "`code'" == "" {
.     display as error "FARMS_CODE is empty; use sbatch/run_dofile.sbatch."
.     exit 198
. }

. 
. if "`sample'" == "none" local sample ""

. if "`ster_suffix'" == "none" local ster_suffix ""

. if "`downup_var'" == "none" local downup_var ""

. if "`stacked_file'" == "none" local stacked_file ""

. if "`did_output'" == "none" local did_output ""

. if "`control_samples'" == "all" local control_samples ""

. 
. global root          "`root'"

. global code          "`code'"

. global location      "`location'"

. global sample        "`sample'"

. global is_rural_var  "`is_rural_var'"

. global fe_list       "`fe_list'"

. global ster_suffix   "`ster_suffix'"

. global downup_var    "`downup_var'"

. global stacked_file  "`stacked_file'"

. global did_output    "`did_output'"

. global control_samples "`control_samples'"

. 
. global int_data    "${root}/data_output/intermediate"

. global int_farms   "${int_data}"

. global tables      "${code}/../../tables"

. global table_farms "${tables}"

. global figures     "${code}/../../figures"

. global figure_farms "${figures}"

. 
. capture mkdir "${tables}"

. capture mkdir "${figures}"

. capture mkdir "${code}/logs"

. 
. adopath ++ "${code}"
  [1]              "/users/aquisper/proj_bureaucrats_farms/code/_stacked_downup
> _replication"
  [2]  (BASE)      "/software/s/stata/19.5/ado/base/"
  [3]  (SITE)      "/software/s/stata/ado/"
  [4]              "."
  [5]  (PERSONAL)  "~/ado/personal/"
  [6]  (PLUS)      "~/ado/plus/"
  [7]  (OLDPLACE)  "~/ado/"

. capture noisily do "${code}/estsave_csv.ado"

. *! estsave_csv v1.2 - Export stored estimates and covariance matrices to CSV
. program define estsave_csv
  1.     version 14.0
  2.     syntax namelist using/, [replace append]
  3. 
.     local outfile `"`using'"'
  4.     tempfile coef_all coef_cur scalar_all scalar_cur
  5.     local first = 1
  6. 
.     foreach est of local namelist {
  7.         quietly estimates restore `est'
  8.         matrix b = e(b)
  9.         matrix V = e(V)
 10.         local k = colsof(b)
 11.         local cnames : colfullnames b
 12. 
.         preserve
 13.         clear
 14.         quietly set obs `k'
 15.         gen strL reg = "`est'"
 16.         gen strL var = ""
 17.         gen double beta = .
 18.         capture local ymean_val `"`e(ymean)'"'
 19.         if !_rc & `"`ymean_val'"' != "" gen strL ymean = `"`ymean_val'"'
 20.         else gen strL ymean = ""
 21. 
.         forvalues j = 1/`k' {
 22.             local nm : word `j' of `cnames'
 23.             quietly replace var = "`nm'" in `j'
 24.             quietly replace beta = b[1, `j'] in `j'
 25.             gen double cov`j' = .
 26.         }
 27.         forvalues i = 1/`k' {
 28.             forvalues j = 1/`k' {
 29.                 quietly replace cov`j' = V[`i', `j'] in `i'
 30.             }
 31.         }
 32.         quietly save `coef_cur', replace
 33.         if `first' quietly save `coef_all', replace
 34.         else {
 35.             quietly use `coef_all', clear
 36.             quietly append using `coef_cur'
 37.             quietly save `coef_all', replace
 38.         }
 39.         restore
 40. 
.         preserve
 41.         clear
 42.         quietly set obs 1
 43.         gen strL reg = "`est'"
 44.         local escalars : e(scalars)
 45.         foreach sc of local escalars {
 46.             local scval = e(`sc')
 47.             local safe = subinstr("`sc'", "-", "_", .)
 48.             capture gen double `safe' = `scval'
 49.             if _rc capture gen double sc_`safe' = `scval'
 50.         }
 51.         local emacros : e(macros)
 52.         foreach mc of local emacros {
 53.             capture local mcval `"`e(`mc')'"'
 54.             if !_rc & `"`mcval'"' != "" {
 55.                 if strlen(`"`mcval'"') > 244 local mcval = substr(`"`mcval
> '"', 1, 244)
 56.                 local safe = subinstr("`mc'", "-", "_", .)
 57.                 capture gen strL `safe' = `"`mcval'"'
 58.                 if _rc capture gen strL mc_`safe' = `"`mcval'"'
 59.             }
 60.         }
 61.         quietly save `scalar_cur', replace
 62.         if `first' {
 63.             quietly save `scalar_all', replace
 64.             local first = 0
 65.         }
 66.         else {
 67.             quietly use `scalar_all', clear
 68.             quietly append using `scalar_cur'
 69.             quietly save `scalar_all', replace
 70.         }
 71.         restore
 72.     }
 73. 
.     local basefile = subinstr(`"`outfile'"', ".csv", "", .)
 74.     quietly use `coef_all', clear
 75.     order reg var beta ymean
 76.     quietly export delimited using "`basefile'.csv", `replace' `append'
 77.     quietly use `scalar_all', clear
 78.     quietly export delimited using "`basefile'_scalars.csv", `replace' `ap
> pend'
 79.     display as result "Estimates exported to `basefile'.csv"
 80. end

. 
. 
end of do-file

. capture noisily do "${code}/estload_csv.ado"

. *! estload_csv v1.0 - Reconstruct estimate objects exported by estsave_csv
. program define estload_csv
  1.     version 14.0
  2.     syntax using/
  3. 
.     local infile `"`using'"'
  4.     local basefile = subinstr(`"`infile'"', ".csv", "", .)
  5.     preserve
  6.     quietly import delimited using "`basefile'.csv", clear varnames(1)
  7.     quietly levelsof reg, local(regs)
  8. 
.     foreach r of local regs {
  9.         preserve
 10.         quietly keep if reg == "`r'"
 11.         local k = _N
 12.         matrix b = J(1, `k', .)
 13.         matrix V = J(`k', `k', .)
 14.         local varnames ""
 15.         forvalues i = 1/`k' {
 16.             local vname = var[`i']
 17.             local varnames `"`varnames' `vname'"'
 18.             matrix b[1, `i'] = beta[`i']
 19.             forvalues j = 1/`k' {
 20.                 matrix V[`i', `j'] = cov`j'[`i']
 21.             }
 22.         }
 23.         matrix colnames b = `varnames'
 24.         matrix rownames V = `varnames'
 25.         matrix colnames V = `varnames'
 26.         restore, preserve
 27.         quietly ereturn post b V
 28.         estimates store `r'
 29.         display as text "Loaded estimate: `r'"
 30.     }
 31.     restore
 32. end

. 
. 
end of do-file

. 
. display "============================================================"
============================================================

. display "Independent dofile job: `dofile'"
Independent dofile job: _app_17_5km_fe12_evst_all.do

. display "Data root: ${root}"
Data root: /groups/sgulzar/sa_fires/proj_bureaucrats_farms

. display "Tables output: ${tables}"
Tables output: /users/aquisper/proj_bureaucrats_farms/code/_stacked_downup_repl
> ication/../../tables

. display "Figures output: ${figures}"
Figures output: /users/aquisper/proj_bureaucrats_farms/code/_stacked_downup_rep
> lication/../../figures

. display "Code root: ${code}"
Code root: /users/aquisper/proj_bureaucrats_farms/code/_stacked_downup_replicat
> ion

. display "Sample: ${sample}; rural: ${is_rural_var}; FE: ${fe_list}"
Sample: ; rural: is_rural; FE: 1

. display "Suffix: ${ster_suffix}; moderator: ${downup_var}"
Suffix: _acpop; moderator: downup_ac_pop

. display "Control samples: ${control_samples}"
Control samples: never both notyet

. display "Stata processors: " c(processors)
Stata processors: 10

. display "============================================================"
============================================================

. 
. do "${code}/`dofile'"

. *****************************************************************************
> ***
. * Protest event study (rural stacked sample)
. *
. * Input: election-term-cleaned stacked_data_protest5km_election_sameterm.
. * Output control suffixes follow the politician event-study dofile:
. *   _controls_never; _controls_both; _controls_notyet.
. *****************************************************************************
> ***
. 
. if "$root" == "" {
.     clear all
.     set more off
. 
.     * Standalone defaults for the five sbatch-array parameters:
.     * location, sample, is_rural_var, fe_list, and ster_suffix.
.     global location     "shell"
.     global sample       ""
.     global is_rural_var "is_rural"
.     global fe_list      "1"
.     global ster_suffix  ""
.     global control_samples "never both notyet"
. 
.     global shell "/groups/sgulzar/sa_fires/proj_bureaucrats_farms"
.     global dbox  "/Users/anzony.quisperojas/Library/CloudStorage/Dropbox/sa_f
> ires/proj_bureaucrats_farms"
.     global code_shell "/users/aquisper/proj_bureaucrats_farms/code/_stacked_d
> ownup_replication"
.     global code_dbox  "/Users/anzony.quisperojas/Documents/GitHub/proj_bureau
> crats_farms/code/_stacked_downup_replication"
. 
.     if "$location" == "dbox" {
.         global root "$dbox"
.         global code "$code_dbox"
.     }
.     else {
.         global root "$shell"
.         global code "$code_shell"
.     }
.     quietly do "${code}/estsave_csv.ado"
. }

. 
. if "$downup_var" == "" {
.     global downup_var "downup_ac_pop"
. }

. if "$control_samples" == "" {
.     global control_samples "never both notyet"
. }

. 
. global int_data "${root}/data_output/intermediate"

. global tables   "${code}/../../tables"

. 
. local protest_input ///
>     "${int_data}/stacked_data_protest5km_election_sameterm${sample}.csv"

. capture confirm file "`protest_input'"

. if _rc {
.     local protest_input ///
>         "${int_data}/cohortes_protest_term/stacked_data_protest5km_election_s
> ameterm${sample}.csv"
. }

. capture confirm file "`protest_input'"

. if _rc {
.     local protest_input ///
>         "${int_data}/cohorts_protest_term/stacked_data_protest5km_election_sa
> meterm${sample}.csv"
. }

. confirm file "`protest_input'"

. display as text "Final same-term protest input: `protest_input'"
Final same-term protest input: /groups/sgulzar/sa_fires/proj_bureaucrats_farms/
> data_output/intermediate/stacked_data_protest5km_election_sameterm.csv

. import delimited using "`protest_input'", clear varnames(1)
(encoding automatically selected: ISO-8859-1)
(29 vars, 87,667,769 obs)

. 
. confirm variable cohort_id

. confirm variable cohort_election_year

. confirm variable cohort_term_start

. confirm variable cohort_analysis_max

. assert monthyear >= cohort_term_start

. assert monthyear <= cohort_analysis_max

. assert cohort_term_start <= cohort

. assert inrange(cohort_analysis_max - cohort_term_start, 0, 59)

. bysort cohort_id: assert cohort == cohort[1]

. bysort cohort_id: assert cohort_election_year == cohort_election_year[1]

. bysort cohort_id: assert cohort_term_start == cohort_term_start[1]

. bysort cohort_id: assert cohort_analysis_max == cohort_analysis_max[1]

. 
. capture confirm variable relative_year_bin

. if _rc {
.     confirm variable relative_year
.     rename relative_year relative_year_bin
. }

. assert relative_year_bin == floor((monthyear - cohort) / 12)

. 
. * Always express the fire-count outcome in thousands.
. capture drop countk

. gen countk = count * 1000

. 
. capture confirm variable rice_area_aclvl_ahigh

. if _rc {
.     merge m:1 unique_small_grid_id ac_uq_id using ///
>         "${int_data}/rice_moderators.dta", ///
>         keep(master match) ///
>         keepusing(rice_area_aclvl_ahigh rice_harvarea_aclvl_ahigh)

    Result                      Number of obs
    -----------------------------------------
    Not matched                        22,407
        from master                    22,407  (_merge==1)
        from using                          0  (_merge==2)

    Matched                        87,645,362  (_merge==3)
    -----------------------------------------
.     drop _merge
. }

. 
. merge m:1 unique_small_grid_id using ///
>     "${int_data}/ghs_grid_classification_2000.dta", ///
>     keep(master match) keepusing(is_rural)

    Result                      Number of obs
    -----------------------------------------
    Not matched                             0
    Matched                        87,667,769  (_merge==3)
    -----------------------------------------

. drop _merge

. keep if ${is_rural_var} == 1
(17,217,610 observations deleted)

. keep if year < 2022 | (year == 2022 & month <= 8)
(4,832,352 observations deleted)

. * Event time is centered on the protest, while eligible observations remain
. * inside its government term. The final protest window is four pre years and
. * event years 0 and +1, with -1 used as the reference period.
. keep if inrange(relative_year_bin, -4, 1)
(2,098,832 observations deleted)

. display as text "Final protest event-study window: relative_year_bin in [-4, 
> 1]"
Final protest event-study window: relative_year_bin in [-4, 1]

. 
. confirm variable control_type

. assert control_type == 0 if treat == 1

. assert inlist(control_type, 1, 2) if treat == 0

. 
. egen unique_small_grid_id_cohort = group(unique_small_grid_id cohort_id)

. egen province_cohort = group(province cohort_id)

. egen relativeyear_cohort = group(relative_year_bin cohort_id)

. egen ac_elec_yr = group(ac_uq_id cohort_election_year cohort_id)

. 
. bysort unique_small_grid_id_cohort: egen byte has_pre = max(relative_year_bin
>  < 0)

. bysort unique_small_grid_id_cohort: egen byte has_post = max(relative_year_bi
> n >= 0)

. egen byte unit_tag = tag(unique_small_grid_id_cohort)

. quietly count if unit_tag

. local units_before = r(N)

. quietly count if unit_tag & has_pre == 1 & has_post == 1

. local units_balanced = r(N)

. display as text "Grid-cohort units with pre and post periods: `units_balanced
> ' of `units_before'"
Grid-cohort units with pre and post periods: 1193849 of 1207239

. keep if has_pre == 1 & has_post == 1
(278,841 observations deleted)

. assert has_pre == 1 & has_post == 1

. drop unit_tag has_pre has_post

. 
. quietly summarize relative_year_bin

. local rmin = r(min)

. gen relative_year_bin_aux = relative_year_bin - `rmin' + 1

. local base = -1 - `rmin' + 1

. 
. local fe1 "unique_small_grid_id_cohort relativeyear_cohort province_cohort#c.
> monthyear province_cohort#election_year"

. local filter1 "1"

. gen moderator = 0

. 
. * local moderators_list moderator downup_ac rice_area_aclvl_ahigh rice_harvar
> ea_aclvl_ahigh rice_prod_aclvl_ahigh
. local moderators_list moderator ${downup_var} rice_area_aclvl_ahigh rice_harv
> area_aclvl_ahigh rice_prod_aclvl_ahigh

. 
. tempfile analysis_base

. save `analysis_base'
file /tmp/1377390.1.largemem/St2196017.000001 saved as .dta format

. 
. foreach control_sample in $control_samples {
  2.     if !inlist("`control_sample'", "never", "both", "notyet") {
  3.         display as error "Unknown control sample: `control_sample'"
  4.         exit 198
  5.     }
  6.     use `analysis_base', clear
  7. 
.     local control_suffix "_controls_never"
  8.     if "`control_sample'" == "never" {
  9.         keep if treat == 1 | control_type == 1
 10.     }
 11.     else if "`control_sample'" == "both" {
 12.         local control_suffix "_controls_both"
 13.     }
 14.     else if "`control_sample'" == "notyet" {
 15.         keep if treat == 1 | control_type == 2
 16.         local control_suffix "_controls_notyet"
 17.     }
 18. 
.     display as text "Protest event study: controls=`control_sample', downup=$
> {downup_var}, N=" _N
 19. 
.     egen tag_ac = tag(ac_uq_id)
 20.     count if tag_ac == 1
 21.     local numacs = r(N)
 22. 
.     est clear
 23.     local i = 1
 24.     local estimate_names ""
 25.     foreach mod of local moderators_list {
 26.         replace moderator = `mod'
 27.         local rhs "ib`base'.relative_year_bin_aux##ib0.treat##ib0.`mod' wi
> nd_direction av_wind_speed"
 28.         local fcond `filter1'
 29. 
.         quietly summarize countk if treat == 1 & relative_year_bin <= -1 & `f
> cond'
 30.         local ymean = r(mean)
 31.         quietly summarize countk if treat == 1 & relative_year_bin <= -1 &
>  moderator == 1 & `fcond'
 32.         local ymean2 = r(mean)
 33. 
.         foreach fe of numlist $fe_list {
 34.             local fespec `fe`fe''
 35.             reghdfejl countk `rhs' if `fcond', ///
>                 absorb(`fespec') vce(cluster ac_elec_yr)
 36. 
.             estadd scalar ymean  = `ymean'
 37.             estadd scalar ymean2 = `ymean2'
 38.             estadd scalar acq    = `numacs'
 39.             estadd local smpl "Rural"
 40.             estadd local fespec "fe`fe'"
 41.             estadd local mod "`mod'"
 42.             estadd local controls "`control_sample'"
 43.             local estname evreg`i'
 44.             local i = `i' + 1
 45.             est store `estname'
 46.             local estimate_names "`estimate_names' `estname'"
 47.         }
 48.     }
 49. 
.     local outbase "${tables}/_app_17_5km_fe12_evst_all${sample}_rural${ster_s
> uffix}`control_suffix'"
 50.     estwrite evreg* using "`outbase'.ster", replace
 51.     estsave_csv `estimate_names' using "`outbase'.csv", replace
 52.     confirm file "`outbase'.ster"
 53.     confirm file "`outbase'.csv"
 54.     confirm file "`outbase'_scalars.csv"
 55.     display as result "Saved: `outbase'.ster and `outbase'.csv"
 56. }
(2,385,344 observations deleted)
Protest event study: controls=never, downup=downup_ac_pop, N=60854790
  808
(0 real changes made)
(MWFE estimator converged in 15 iterations)

HDFE linear regression with Julia                 Number of obs   = 60,854,790
Absorbing 4 HDFE groups                           F(   7,  12043) =     310.72
Statistics cluster-robust                         Prob > F        =     0.0000
                                                  R-squared       =     0.1096
                                                  Adj R-squared   =     0.0928
Number of clusters (ac_elec_yr) =      12043      Within R-sq.    =     0.0081
                                                  Root MSE        =   878.4736

                        (Std. err. adjusted for 12,043 clusters in ac_elec_yr)
------------------------------------------------------------------------------
             |               Robust
      countk | Coefficient  std. err.      t    P>|t|     [95% conf. interval]
-------------+----------------------------------------------------------------
relative_y~x |
          1  |          0  (omitted)
          2  |          0  (omitted)
          3  |          0  (omitted)
          5  |          0  (omitted)
          6  |          0  (omitted)
             |
     1.treat |          0  (omitted)
wind_direc~n |  -.7688905   .0180748   -42.54   0.000    -.8043201   -.7334609
av_wind_sp~d |   119.6855   3.513856    34.06   0.000     112.7978    126.5733
             |
relative_y~x#|
       treat |
        1 1  |  -29.56568   13.80019    -2.14   0.032    -56.61628   -2.515077
        2 1  |   3.832259   10.58431     0.36   0.717     -16.9147    24.57922
        3 1  |  -16.34434   11.31704    -1.44   0.149    -38.52756    5.838887
        5 1  |   54.02577   10.75993     5.02   0.000     32.93457    75.11696
        6 1  |    195.378   33.70539     5.80   0.000       129.31     261.446
------------------------------------------------------------------------------

added scalar:
              e(ymean) =  473.10874

added scalar:
             e(ymean2) =  .

added scalar:
                e(acq) =  808

added macro:
               e(smpl) : "Rural"

added macro:
             e(fespec) : "fe1"

added macro:
                e(mod) : "moderator"

added macro:
           e(controls) : "never"
(30,870,203 real changes made)
(MWFE estimator converged in 15 iterations)

HDFE linear regression with Julia                 Number of obs   = 60,854,790
Absorbing 4 HDFE groups                           F(  19,  12043) =     117.94
Statistics cluster-robust                         Prob > F        =     0.0000
                                                  R-squared       =     0.1097
                                                  Adj R-squared   =     0.0928
Number of clusters (ac_elec_yr) =      12043      Within R-sq.    =     0.0081
                                                  Root MSE        =   878.4696

                        (Std. err. adjusted for 12,043 clusters in ac_elec_yr)
------------------------------------------------------------------------------
             |               Robust
      countk | Coefficient  std. err.      t    P>|t|     [95% conf. interval]
-------------+----------------------------------------------------------------
relative_y~x |
          1  |          0  (omitted)
          2  |          0  (omitted)
          3  |          0  (omitted)
          5  |          0  (omitted)
          6  |          0  (omitted)
             |
     1.treat |          0  (omitted)
1.downup_a~p |   5.961137   1.181368     5.05   0.000     3.645465    8.276809
wind_direc~n |  -.7689527   .0180745   -42.54   0.000    -.8043816   -.7335237
av_wind_sp~d |   119.6597    3.51331    34.06   0.000     112.7731    126.5464
             |
relative_y~x#|
       treat |
        1 1  |  -31.76451   17.01632    -1.87   0.062    -65.11923    1.590205
        2 1  |  -9.990657   12.90902    -0.77   0.439    -35.29441     15.3131
        3 1  |  -17.37524    15.2022    -1.14   0.253    -47.17399    12.42351
        5 1  |   49.36234   13.17741     3.75   0.000      23.5325    75.19218
        6 1  |   178.6775   38.95826     4.59   0.000      102.313    255.0419
             |
relative_y~x#|
downup_ac_~p |
        1 1  |   1.615414   .9873151     1.64   0.102    -.3198829     3.55071
        2 1  |   1.231612   .8900594     1.38   0.166    -.5130472    2.976272
        3 1  |  -1.248087   .8753937    -1.43   0.154       -2.964    .4678255
        5 1  |  -1.012036   1.054514    -0.96   0.337    -3.079053    1.054982
        6 1  |  -4.651123   2.217131    -2.10   0.036    -8.997056   -.3051902
             |
       treat#|
downup_ac_~p |
        1 1  |  -33.68746   32.06056    -1.05   0.293    -96.53132    29.15641
             |
relative_y~x#|
       treat#|
downup_ac_~p |
      1 1 1  |   4.391924   20.81985     0.21   0.833    -36.41833    45.20218
      2 1 1  |   28.19378   16.97879     1.66   0.097    -5.087388    61.47494
      3 1 1  |   1.820659   18.36958     0.10   0.921    -34.18667    37.82799
      5 1 1  |   9.259987   15.72217     0.59   0.556    -21.55801    40.07798
      6 1 1  |   33.51482   44.76509     0.75   0.454    -54.23196    121.2616
------------------------------------------------------------------------------

added scalar:
              e(ymean) =  473.10874

added scalar:
             e(ymean2) =  459.31537

added scalar:
                e(acq) =  808

added macro:
               e(smpl) : "Rural"

added macro:
             e(fespec) : "fe1"

added macro:
                e(mod) : "downup_ac_pop"

added macro:
           e(controls) : "never"
(30,656,856 real changes made, 6,808 to missing)
(MWFE estimator converged in 19 iterations)

HDFE linear regression with Julia                 Number of obs   = 60,847,982
Absorbing 4 HDFE groups                           F(  17,  12043) =     148.39
Statistics cluster-robust                         Prob > F        =     0.0000
                                                  R-squared       =     0.1097
                                                  Adj R-squared   =     0.0928
Number of clusters (ac_elec_yr) =      12043      Within R-sq.    =     0.0082
                                                  Root MSE        =   878.4904

                        (Std. err. adjusted for 12,043 clusters in ac_elec_yr)
------------------------------------------------------------------------------
             |               Robust
      countk | Coefficient  std. err.      t    P>|t|     [95% conf. interval]
-------------+----------------------------------------------------------------
relative_y~x |
          1  |          0  (omitted)
          2  |          0  (omitted)
          3  |          0  (omitted)
          5  |          0  (omitted)
          6  |          0  (omitted)
             |
     1.treat |          0  (omitted)
1.rice_are~h |          0  (omitted)
wind_direc~n |  -.7684595   .0180815   -42.50   0.000    -.8039021   -.7330169
av_wind_sp~d |   119.7811   3.516497    34.06   0.000     112.8882     126.674
             |
relative_y~x#|
       treat |
        1 1  |   -4.44319   16.21171    -0.27   0.784    -36.22074    27.33436
        2 1  |  -20.62288   11.92372    -1.73   0.084     -43.9953    2.749539
        3 1  |  -31.73931   14.18636    -2.24   0.025    -59.54686   -3.931755
        5 1  |   6.615659   12.85347     0.51   0.607     -18.5792    31.81052
        6 1  |   84.95066   42.33721     2.01   0.045     1.962911    167.9384
             |
relative_y~x#|
rice_area_~h |
        1 1  |   31.73114   2.610963    12.15   0.000     26.61323    36.84905
        2 1  |   41.73681   2.164607    19.28   0.000     37.49383    45.97979
        3 1  |   11.58367   2.723938     4.25   0.000     6.244316    16.92303
        5 1  |   23.02334   2.623268     8.78   0.000     17.88131    28.16537
        6 1  |   28.13884   6.649374     4.23   0.000     15.10499    41.17268
             |
       treat#|
rice_area_~h |
        1 1  |          0  (omitted)
             |
relative_y~x#|
       treat#|
rice_area_~h |
      1 1 1  |  -53.70839   27.25043    -1.97   0.049    -107.1236   -.2931624
      2 1 1  |   42.94796   19.99431     2.15   0.032      3.75589    82.14004
      3 1 1  |   32.94621   22.50863     1.46   0.143    -11.17433    77.06676
      5 1 1  |   94.13289   20.49584     4.59   0.000     53.95774     134.308
      6 1 1  |   212.1906   65.16005     3.26   0.001     84.46639    339.9148
------------------------------------------------------------------------------

added scalar:
              e(ymean) =  473.10874

added scalar:
             e(ymean2) =  547.95406

added scalar:
                e(acq) =  808

added macro:
               e(smpl) : "Rural"

added macro:
             e(fespec) : "fe1"

added macro:
                e(mod) : "rice_area_aclvl_ahigh"

added macro:
           e(controls) : "never"
(4,242,639 real changes made)
(MWFE estimator converged in 19 iterations)

HDFE linear regression with Julia                 Number of obs   = 60,847,982
Absorbing 4 HDFE groups                           F(  17,  12043) =     147.95
Statistics cluster-robust                         Prob > F        =     0.0000
                                                  R-squared       =     0.1097
                                                  Adj R-squared   =     0.0928
Number of clusters (ac_elec_yr) =      12043      Within R-sq.    =     0.0082
                                                  Root MSE        =   878.4737

                        (Std. err. adjusted for 12,043 clusters in ac_elec_yr)
------------------------------------------------------------------------------
             |               Robust
      countk | Coefficient  std. err.      t    P>|t|     [95% conf. interval]
-------------+----------------------------------------------------------------
relative_y~x |
          1  |          0  (omitted)
          2  |          0  (omitted)
          3  |          0  (omitted)
          5  |          0  (omitted)
          6  |          0  (omitted)
             |
     1.treat |          0  (omitted)
1.rice_har~h |          0  (omitted)
wind_direc~n |  -.7686627   .0180789   -42.52   0.000    -.8041002   -.7332252
av_wind_sp~d |   119.9278   3.519042    34.08   0.000     113.0299    126.8257
             |
relative_y~x#|
       treat |
        1 1  |   21.71067   10.70462     2.03   0.043     .7278806    42.69345
        2 1  |   2.234323   8.632032     0.26   0.796    -14.68585     19.1545
        3 1  |  -3.210195   6.263842    -0.51   0.608    -15.48833    9.067944
        5 1  |  -12.79205   6.343454    -2.02   0.044    -25.22624   -.3578612
        6 1  |  -10.62603   9.673702    -1.10   0.272    -29.58804    8.335984
             |
relative_y~x#|
rice_harva~h |
        1 1  |   36.05525   2.943239    12.25   0.000     30.28603    41.82448
        2 1  |   41.40121   2.324605    17.81   0.000     36.84461    45.95781
        3 1  |   1.162032   2.833058     0.41   0.682    -4.391218    6.715281
        5 1  |   32.24189   2.774305    11.62   0.000     26.80381    37.67998
        6 1  |   40.08777   7.036294     5.70   0.000     26.29551    53.88004
             |
       treat#|
rice_harva~h |
        1 1  |          0  (omitted)
             |
relative_y~x#|
       treat#|
rice_harva~h |
      1 1 1  |  -73.15923   20.14857    -3.63   0.000    -112.6537   -33.66479
      2 1 1  |   -9.99211    16.0363    -0.62   0.533    -41.42585    21.44162
      3 1 1  |  -10.93231   16.39332    -0.67   0.505    -43.06586    21.20123
      5 1 1  |   77.46363   15.73064     4.92   0.000     46.62904    108.2982
      6 1 1  |   277.4724   45.58557     6.09   0.000     188.1173    366.8274
------------------------------------------------------------------------------

added scalar:
              e(ymean) =  473.10874

added scalar:
             e(ymean2) =  604.69466

added scalar:
                e(acq) =  808

added macro:
               e(smpl) : "Rural"

added macro:
             e(fespec) : "fe1"

added macro:
                e(mod) : "rice_harvarea_aclvl_ahigh"

added macro:
           e(controls) : "never"
(6,848,319 real changes made)
(MWFE estimator converged in 19 iterations)

HDFE linear regression with Julia                 Number of obs   = 60,854,790
Absorbing 4 HDFE groups                           F(  17,  12043) =     144.98
Statistics cluster-robust                         Prob > F        =     0.0000
                                                  R-squared       =     0.1097
                                                  Adj R-squared   =     0.0928
Number of clusters (ac_elec_yr) =      12043      Within R-sq.    =     0.0082
                                                  Root MSE        =   878.4360

                        (Std. err. adjusted for 12,043 clusters in ac_elec_yr)
------------------------------------------------------------------------------
             |               Robust
      countk | Coefficient  std. err.      t    P>|t|     [95% conf. interval]
-------------+----------------------------------------------------------------
relative_y~x |
          1  |          0  (omitted)
          2  |          0  (omitted)
          3  |          0  (omitted)
          5  |          0  (omitted)
          6  |          0  (omitted)
             |
     1.treat |          0  (omitted)
1.rice_pro~h |          0  (omitted)
wind_direc~n |  -.7684499   .0180717   -42.52   0.000    -.8038733   -.7330264
av_wind_sp~d |   119.9084   3.516948    34.09   0.000     113.0147    126.8022
             |
relative_y~x#|
       treat |
        1 1  |   10.46419   10.63963     0.98   0.325    -10.39121    31.31959
        2 1  |  -2.866366   6.188889    -0.46   0.643    -14.99759    9.264853
        3 1  |  -3.045615   4.700555    -0.65   0.517    -12.25946     6.16823
        5 1  |  -14.51986   5.754568    -2.52   0.012    -25.79974   -3.239984
        6 1  |   2.535663    8.36722     0.30   0.762    -13.86544    18.93676
             |
relative_y~x#|
rice_prod_~h |
        1 1  |   32.50303   2.349653    13.83   0.000     27.89733    37.10873
        2 1  |   35.99333   2.032493    17.71   0.000     32.00932    39.97734
        3 1  |   2.317117   2.392051     0.97   0.333    -2.371689    7.005922
        5 1  |   27.51879   2.474734    11.12   0.000     22.66791    32.36967
        6 1  |   35.04385   5.671565     6.18   0.000     23.92667    46.16103
             |
       treat#|
rice_prod_~h |
        1 1  |          0  (omitted)
             |
relative_y~x#|
       treat#|
rice_prod_~h |
      1 1 1  |  -53.68349   19.64652    -2.73   0.006    -92.19383   -15.17315
      2 1 1  |   .6075563   14.42722     0.04   0.966    -27.67212    28.88723
      3 1 1  |  -12.23257   15.20318    -0.80   0.421    -42.03325    17.56811
      5 1 1  |   78.73655   14.71029     5.35   0.000     49.90202    107.5711
      6 1 1  |   245.0539   42.88906     5.71   0.000     160.9844    329.1233
------------------------------------------------------------------------------

added scalar:
              e(ymean) =  473.10874

added scalar:
             e(ymean2) =  592.52287

added scalar:
                e(acq) =  808

added macro:
               e(smpl) : "Rural"

added macro:
             e(fespec) : "fe1"

added macro:
                e(mod) : "rice_prod_aclvl_ahigh"

added macro:
           e(controls) : "never"
(saving evreg1)
(saving evreg2)
(saving evreg3)
(saving evreg4)
(saving evreg5)
(file /users/aquisper/proj_bureaucrats_farms/code/_stacked_downup_replication/.
> ./../tables/_app_17_5km_fe12_evst_all_rural_acpop_controls_never.ster saved)
(13 missing values generated)
(13 missing values generated)
(13 missing values generated)
(13 missing values generated)
(13 missing values generated)
(13 missing values generated)
(13 missing values generated)
(13 missing values generated)
(13 missing values generated)
(13 missing values generated)
(13 missing values generated)
(13 missing values generated)
(13 missing values generated)
(13 missing values generated)
(13 missing values generated)
(25 missing values generated)
(25 missing values generated)
(25 missing values generated)
(25 missing values generated)
(25 missing values generated)
(25 missing values generated)
(25 missing values generated)
(25 missing values generated)
(25 missing values generated)
(25 missing values generated)
(25 missing values generated)
(25 missing values generated)
(25 missing values generated)
(25 missing values generated)
(25 missing values generated)
(25 missing values generated)
(25 missing values generated)
(25 missing values generated)
(25 missing values generated)
(25 missing values generated)
(25 missing values generated)
(25 missing values generated)
(25 missing values generated)
(25 missing values generated)
(25 missing values generated)
(25 missing values generated)
(25 missing values generated)
(25 missing values generated)
(25 missing values generated)
(25 missing values generated)
(25 missing values generated)
(25 missing values generated)
(25 missing values generated)
(25 missing values generated)
(25 missing values generated)
(25 missing values generated)
(25 missing values generated)
(25 missing values generated)
(25 missing values generated)
(25 missing values generated)
(25 missing values generated)
(25 missing values generated)
(25 missing values generated)
(25 missing values generated)
(25 missing values generated)
(25 missing values generated)
(25 missing values generated)
(25 missing values generated)
(25 missing values generated)
(25 missing values generated)
(25 missing values generated)
(25 missing values generated)
(25 missing values generated)
(25 missing values generated)
(25 missing values generated)
(25 missing values generated)
(25 missing values generated)
(25 missing values generated)
(25 missing values generated)
(25 missing values generated)
(25 missing values generated)
(25 missing values generated)
(25 missing values generated)
(25 missing values generated)
(25 missing values generated)
(25 missing values generated)
(25 missing values generated)
(25 missing values generated)
(25 missing values generated)
(25 missing values generated)
(25 missing values generated)
(25 missing values generated)
(25 missing values generated)
(25 missing values generated)
(25 missing values generated)
(25 missing values generated)
(25 missing values generated)
(25 missing values generated)
(25 missing values generated)
(25 missing values generated)
(25 missing values generated)
(25 missing values generated)
(25 missing values generated)
(25 missing values generated)
(25 missing values generated)
(25 missing values generated)
(25 missing values generated)
(25 missing values generated)
(25 missing values generated)
(25 missing values generated)
(25 missing values generated)
(25 missing values generated)
(25 missing values generated)
(25 missing values generated)
(25 missing values generated)
(25 missing values generated)
(25 missing values generated)
(25 missing values generated)
(25 missing values generated)
(25 missing values generated)
(25 missing values generated)
(25 missing values generated)
(25 missing values generated)
(25 missing values generated)
(25 missing values generated)
(25 missing values generated)
(25 missing values generated)
(25 missing values generated)
Estimates exported to /users/aquisper/proj_bureaucrats_farms/code/_stacked_down
> up_replication/../../tables/_app_17_5km_fe12_evst_all_rural_acpop_controls_ne
> ver.csv
Saved: /users/aquisper/proj_bureaucrats_farms/code/_stacked_downup_replication/
> ../../tables/_app_17_5km_fe12_evst_all_rural_acpop_controls_never.ster and /u
> sers/aquisper/proj_bureaucrats_farms/code/_stacked_downup_replication/../../t
> ables/_app_17_5km_fe12_evst_all_rural_acpop_controls_never.csv
Protest event study: controls=both, downup=downup_ac_pop, N=63240134
  808
(0 real changes made)
(MWFE estimator converged in 45 iterations)

HDFE linear regression with Julia                 Number of obs   = 63,240,134
Absorbing 4 HDFE groups                           F(   7,  12095) =     300.94
Statistics cluster-robust                         Prob > F        =     0.0000
                                                  R-squared       =     0.1085
                                                  Adj R-squared   =     0.0913
Number of clusters (ac_elec_yr) =      12096      Within R-sq.    =     0.0092
                                                  Root MSE        =   923.3702

                        (Std. err. adjusted for 12,096 clusters in ac_elec_yr)
------------------------------------------------------------------------------
             |               Robust
      countk | Coefficient  std. err.      t    P>|t|     [95% conf. interval]
-------------+----------------------------------------------------------------
relative_y~x |
          1  |          0  (omitted)
          2  |          0  (omitted)
          3  |          0  (omitted)
          5  |          0  (omitted)
          6  |          0  (omitted)
             |
     1.treat |          0  (omitted)
wind_direc~n |  -.8743119   .0206336   -42.37   0.000    -.9147571   -.8338667
av_wind_sp~d |   126.5665   3.783493    33.45   0.000     119.1503    133.9828
             |
relative_y~x#|
       treat |
        1 1  |  -39.53168   13.63933    -2.90   0.004    -66.26695   -12.79641
        2 1  |  -4.846053   10.28698    -0.47   0.638    -25.01018    15.31808
        3 1  |  -20.00252   11.09322    -1.80   0.071      -41.747    1.741963
        5 1  |   56.74232   10.60654     5.35   0.000     35.95179    77.53285
        6 1  |   200.6917   33.70261     5.95   0.000     134.6292    266.7542
------------------------------------------------------------------------------

added scalar:
              e(ymean) =  473.10874

added scalar:
             e(ymean2) =  .

added scalar:
                e(acq) =  808

added macro:
               e(smpl) : "Rural"

added macro:
             e(fespec) : "fe1"

added macro:
                e(mod) : "moderator"

added macro:
           e(controls) : "both"
(32,052,057 real changes made)
(MWFE estimator converged in 45 iterations)

HDFE linear regression with Julia                 Number of obs   = 63,240,134
Absorbing 4 HDFE groups                           F(  19,  12095) =     113.53
Statistics cluster-robust                         Prob > F        =     0.0000
                                                  R-squared       =     0.1085
                                                  Adj R-squared   =     0.0913
Number of clusters (ac_elec_yr) =      12096      Within R-sq.    =     0.0092
                                                  Root MSE        =   923.3681

                        (Std. err. adjusted for 12,096 clusters in ac_elec_yr)
------------------------------------------------------------------------------
             |               Robust
      countk | Coefficient  std. err.      t    P>|t|     [95% conf. interval]
-------------+----------------------------------------------------------------
relative_y~x |
          1  |          0  (omitted)
          2  |          0  (omitted)
          3  |          0  (omitted)
          5  |          0  (omitted)
          6  |          0  (omitted)
             |
     1.treat |          0  (omitted)
1.downup_a~p |   3.934701     1.1309     3.48   0.001     1.717955    6.151447
wind_direc~n |  -.8743539   .0206338   -42.37   0.000    -.9147994   -.8339083
av_wind_sp~d |   126.5499    3.78327    33.45   0.000     119.1341    133.9657
             |
relative_y~x#|
       treat |
        1 1  |  -40.98144   16.88163    -2.43   0.015    -74.07214   -7.890736
        2 1  |  -17.63541   12.65414    -1.39   0.163    -42.43955     7.16872
        3 1  |  -20.63258   15.04755    -1.37   0.170    -50.12819     8.86304
        5 1  |   51.86578   13.03364     3.98   0.000     26.31775    77.41381
        6 1  |   183.4929   38.80808     4.73   0.000     107.4228    259.5629
             |
relative_y~x#|
downup_ac_~p |
        1 1  |   1.599381   .9904411     1.61   0.106    -.3420418    3.540805
        2 1  |   1.807775   .8902192     2.03   0.042     .0628033    3.552748
        3 1  |  -.8536722   .8652237    -0.99   0.324    -2.549649    .8423049
        5 1  |  -.5306386   1.139543    -0.47   0.641    -2.764325    1.703048
        6 1  |   -3.05631   2.254732    -1.36   0.175    -7.475946    1.363325
             |
       treat#|
downup_ac_~p |
        1 1  |  -31.08308   32.45327    -0.96   0.338    -94.69669    32.53054
             |
relative_y~x#|
       treat#|
downup_ac_~p |
      1 1 1  |   2.830424   21.22082     0.13   0.894    -38.76578    44.42663
      2 1 1  |   26.07637    17.0295     1.53   0.126    -7.304186    59.45692
      3 1 1  |   1.005412   18.46141     0.05   0.957    -35.18192    37.19274
      5 1 1  |   9.717387    15.7272     0.62   0.537    -21.11044    40.54521
      6 1 1  |   34.60641   44.18624     0.78   0.434    -52.00569    121.2185
------------------------------------------------------------------------------

added scalar:
              e(ymean) =  473.10874

added scalar:
             e(ymean2) =  459.31537

added scalar:
                e(acq) =  808

added macro:
               e(smpl) : "Rural"

added macro:
             e(fespec) : "fe1"

added macro:
                e(mod) : "downup_ac_pop"

added macro:
           e(controls) : "both"
(31,844,325 real changes made, 6,808 to missing)
(MWFE estimator converged in 51 iterations)

HDFE linear regression with Julia                 Number of obs   = 63,233,326
Absorbing 4 HDFE groups                           F(  17,  12095) =     146.25
Statistics cluster-robust                         Prob > F        =     0.0000
                                                  R-squared       =     0.1085
                                                  Adj R-squared   =     0.0914
Number of clusters (ac_elec_yr) =      12096      Within R-sq.    =     0.0092
                                                  Root MSE        =   923.3908

                        (Std. err. adjusted for 12,096 clusters in ac_elec_yr)
------------------------------------------------------------------------------
             |               Robust
      countk | Coefficient  std. err.      t    P>|t|     [95% conf. interval]
-------------+----------------------------------------------------------------
relative_y~x |
          1  |          0  (omitted)
          2  |          0  (omitted)
          3  |          0  (omitted)
          5  |          0  (omitted)
          6  |          0  (omitted)
             |
     1.treat |          0  (omitted)
1.rice_are~h |          0  (omitted)
wind_direc~n |  -.8739417   .0206425   -42.34   0.000    -.9144044   -.8334791
av_wind_sp~d |    126.651   3.785968    33.45   0.000     119.2299    134.0721
             |
relative_y~x#|
       treat |
        1 1  |  -15.22307    15.9172    -0.96   0.339    -46.42334    15.97719
        2 1  |  -27.35294   11.72046    -2.33   0.020    -50.32692    -4.37896
        3 1  |  -33.55995   14.06817    -2.39   0.017    -61.13582   -5.984085
        5 1  |   10.01922   12.69674     0.79   0.430    -14.86842    34.90687
        6 1  |   89.04166   42.27614     2.11   0.035     6.173662    171.9097
             |
relative_y~x#|
rice_area_~h |
        1 1  |   27.35668   2.718709    10.06   0.000     22.02757    32.68578
        2 1  |   41.18544   2.210886    18.63   0.000     36.85175    45.51913
        3 1  |   11.20815   2.822086     3.97   0.000      5.67641    16.73989
        5 1  |   20.62096   2.897231     7.12   0.000     14.94192        26.3
        6 1  |   28.34404   6.865618     4.13   0.000     14.88633    41.80175
             |
       treat#|
rice_area_~h |
        1 1  |          0  (omitted)
             |
relative_y~x#|
       treat#|
rice_area_~h |
      1 1 1  |  -50.50192   26.85461    -1.88   0.060    -103.1412    2.137406
      2 1 1  |    39.7233   19.56178     2.03   0.042     1.379072    78.06753
      3 1 1  |   29.41971   22.15634     1.33   0.184    -14.01025    72.84968
      5 1 1  |   93.55743   20.22077     4.63   0.000     53.92149    133.1934
      6 1 1  |   214.0864   64.90621     3.30   0.001     86.85983     341.313
------------------------------------------------------------------------------

added scalar:
              e(ymean) =  473.10874

added scalar:
             e(ymean2) =  547.95406

added scalar:
                e(acq) =  808

added macro:
               e(smpl) : "Rural"

added macro:
             e(fespec) : "fe1"

added macro:
                e(mod) : "rice_area_aclvl_ahigh"

added macro:
           e(controls) : "both"
(4,936,750 real changes made)
(MWFE estimator converged in 60 iterations)

HDFE linear regression with Julia                 Number of obs   = 63,233,326
Absorbing 4 HDFE groups                           F(  17,  12095) =     143.58
Statistics cluster-robust                         Prob > F        =     0.0000
                                                  R-squared       =     0.1086
                                                  Adj R-squared   =     0.0914
Number of clusters (ac_elec_yr) =      12096      Within R-sq.    =     0.0093
                                                  Root MSE        =   923.3744

                        (Std. err. adjusted for 12,096 clusters in ac_elec_yr)
------------------------------------------------------------------------------
             |               Robust
      countk | Coefficient  std. err.      t    P>|t|     [95% conf. interval]
-------------+----------------------------------------------------------------
relative_y~x |
          1  |          0  (omitted)
          2  |          0  (omitted)
          3  |          0  (omitted)
          5  |          0  (omitted)
          6  |          0  (omitted)
             |
     1.treat |          0  (omitted)
1.rice_har~h |          0  (omitted)
wind_direc~n |  -.8742317   .0206419   -42.35   0.000    -.9146932   -.8337703
av_wind_sp~d |   126.8083   3.788301    33.47   0.000     119.3826     134.234
             |
relative_y~x#|
       treat |
        1 1  |   19.14402   9.472587     2.02   0.043     .5762317    37.71181
        2 1  |  -.1218349   8.205437    -0.01   0.988    -16.20581    15.96214
        3 1  |  -3.306515   6.245294    -0.53   0.597    -15.54829     8.93526
        5 1  |  -11.31933   6.425011    -1.76   0.078    -23.91338    1.274721
        6 1  |  -9.162245   9.669637    -0.95   0.343    -28.11628    9.791791
             |
relative_y~x#|
rice_harva~h |
        1 1  |    33.1457   3.203665    10.35   0.000       26.866     39.4254
        2 1  |   39.25598   2.400998    16.35   0.000     34.54964    43.96233
        3 1  |  -.2311408   2.901631    -0.08   0.937    -5.918803    5.456521
        5 1  |   30.87343   3.144609     9.82   0.000      24.7095    37.03737
        6 1  |   41.40947   7.334717     5.65   0.000     27.03225    55.78669
             |
       treat#|
rice_harva~h |
        1 1  |          0  (omitted)
             |
relative_y~x#|
       treat#|
rice_harva~h |
      1 1 1  |  -80.00308   19.43882    -4.12   0.000    -118.1063   -41.89989
      2 1 1  |   -15.4529   15.56667    -0.99   0.321    -45.96606    15.06026
      3 1 1  |  -14.72139   16.16074    -0.91   0.362    -46.39904    16.95625
      5 1 1  |   80.13546   15.57374     5.15   0.000     49.60843    110.6625
      6 1 1  |   281.9344   45.42222     6.21   0.000     192.8996    370.9693
------------------------------------------------------------------------------

added scalar:
              e(ymean) =  473.10874

added scalar:
             e(ymean2) =  604.69466

added scalar:
                e(acq) =  808

added macro:
               e(smpl) : "Rural"

added macro:
             e(fespec) : "fe1"

added macro:
                e(mod) : "rice_harvarea_aclvl_ahigh"

added macro:
           e(controls) : "both"
(6,948,228 real changes made)
(MWFE estimator converged in 60 iterations)

HDFE linear regression with Julia                 Number of obs   = 63,240,134
Absorbing 4 HDFE groups                           F(  17,  12095) =     140.86
Statistics cluster-robust                         Prob > F        =     0.0000
                                                  R-squared       =     0.1085
                                                  Adj R-squared   =     0.0914
Number of clusters (ac_elec_yr) =      12096      Within R-sq.    =     0.0092
                                                  Root MSE        =   923.3348

                        (Std. err. adjusted for 12,096 clusters in ac_elec_yr)
------------------------------------------------------------------------------
             |               Robust
      countk | Coefficient  std. err.      t    P>|t|     [95% conf. interval]
-------------+----------------------------------------------------------------
relative_y~x |
          1  |          0  (omitted)
          2  |          0  (omitted)
          3  |          0  (omitted)
          5  |          0  (omitted)
          6  |          0  (omitted)
             |
     1.treat |          0  (omitted)
1.rice_pro~h |          0  (omitted)
wind_direc~n |  -.8740214   .0206342   -42.36   0.000    -.9144677    -.833575
av_wind_sp~d |   126.7977   3.786451    33.49   0.000     119.3757    134.2198
             |
relative_y~x#|
       treat |
        1 1  |   10.32638   8.840489     1.17   0.243    -7.002391    27.65516
        2 1  |  -3.057604   5.382711    -0.57   0.570    -13.60858     7.49337
        3 1  |  -2.359269    4.71048    -0.50   0.616    -11.59256    6.874026
        5 1  |  -13.65082   5.879796    -2.32   0.020    -25.17617   -2.125483
        6 1  |   3.180432   8.561685     0.37   0.710    -13.60184    19.96271
             |
relative_y~x#|
rice_prod_~h |
        1 1  |   30.02632   2.559899    11.73   0.000     25.00851    35.04413
        2 1  |   34.39565    2.09749    16.40   0.000     30.28423    38.50706
        3 1  |   .8648784   2.474331     0.35   0.727    -3.985206    5.714963
        5 1  |   27.19666   2.743663     9.91   0.000     21.81864    32.57468
        6 1  |   37.22959   5.932096     6.28   0.000     25.60173    48.85744
             |
       treat#|
rice_prod_~h |
        1 1  |          0  (omitted)
             |
relative_y~x#|
       treat#|
rice_prod_~h |
      1 1 1  |  -64.10486   18.63724    -3.44   0.001    -100.6368   -27.57287
      2 1 1  |  -8.151401   13.80964    -0.59   0.555    -35.22051    18.91771
      3 1 1  |  -17.01615   14.97241    -1.14   0.256    -46.36446    12.33216
      5 1 1  |   81.44434   14.57217     5.59   0.000     52.88056    110.0081
      6 1 1  |   250.1633   42.78968     5.85   0.000     166.2887     334.038
------------------------------------------------------------------------------

added scalar:
              e(ymean) =  473.10874

added scalar:
             e(ymean2) =  592.52287

added scalar:
                e(acq) =  808

added macro:
               e(smpl) : "Rural"

added macro:
             e(fespec) : "fe1"

added macro:
                e(mod) : "rice_prod_aclvl_ahigh"

added macro:
           e(controls) : "both"
(saving evreg1)
(saving evreg2)
(saving evreg3)
(saving evreg4)
(saving evreg5)
(file /users/aquisper/proj_bureaucrats_farms/code/_stacked_downup_replication/.
> ./../tables/_app_17_5km_fe12_evst_all_rural_acpop_controls_both.ster saved)
(13 missing values generated)
(13 missing values generated)
(13 missing values generated)
(13 missing values generated)
(13 missing values generated)
(13 missing values generated)
(13 missing values generated)
(13 missing values generated)
(13 missing values generated)
(13 missing values generated)
(13 missing values generated)
(13 missing values generated)
(13 missing values generated)
(13 missing values generated)
(13 missing values generated)
(25 missing values generated)
(25 missing values generated)
(25 missing values generated)
(25 missing values generated)
(25 missing values generated)
(25 missing values generated)
(25 missing values generated)
(25 missing values generated)
(25 missing values generated)
(25 missing values generated)
(25 missing values generated)
(25 missing values generated)
(25 missing values generated)
(25 missing values generated)
(25 missing values generated)
(25 missing values generated)
(25 missing values generated)
(25 missing values generated)
(25 missing values generated)
(25 missing values generated)
(25 missing values generated)
(25 missing values generated)
(25 missing values generated)
(25 missing values generated)
(25 missing values generated)
(25 missing values generated)
(25 missing values generated)
(25 missing values generated)
(25 missing values generated)
(25 missing values generated)
(25 missing values generated)
(25 missing values generated)
(25 missing values generated)
(25 missing values generated)
(25 missing values generated)
(25 missing values generated)
(25 missing values generated)
(25 missing values generated)
(25 missing values generated)
(25 missing values generated)
(25 missing values generated)
(25 missing values generated)
(25 missing values generated)
(25 missing values generated)
(25 missing values generated)
(25 missing values generated)
(25 missing values generated)
(25 missing values generated)
(25 missing values generated)
(25 missing values generated)
(25 missing values generated)
(25 missing values generated)
(25 missing values generated)
(25 missing values generated)
(25 missing values generated)
(25 missing values generated)
(25 missing values generated)
(25 missing values generated)
(25 missing values generated)
(25 missing values generated)
(25 missing values generated)
(25 missing values generated)
(25 missing values generated)
(25 missing values generated)
(25 missing values generated)
(25 missing values generated)
(25 missing values generated)
(25 missing values generated)
(25 missing values generated)
(25 missing values generated)
(25 missing values generated)
(25 missing values generated)
(25 missing values generated)
(25 missing values generated)
(25 missing values generated)
(25 missing values generated)
(25 missing values generated)
(25 missing values generated)
(25 missing values generated)
(25 missing values generated)
(25 missing values generated)
(25 missing values generated)
(25 missing values generated)
(25 missing values generated)
(25 missing values generated)
(25 missing values generated)
(25 missing values generated)
(25 missing values generated)
(25 missing values generated)
(25 missing values generated)
(25 missing values generated)
(25 missing values generated)
(25 missing values generated)
(25 missing values generated)
(25 missing values generated)
(25 missing values generated)
(25 missing values generated)
(25 missing values generated)
(25 missing values generated)
(25 missing values generated)
(25 missing values generated)
(25 missing values generated)
(25 missing values generated)
(25 missing values generated)
(25 missing values generated)
(25 missing values generated)
(25 missing values generated)
(25 missing values generated)
Estimates exported to /users/aquisper/proj_bureaucrats_farms/code/_stacked_down
> up_replication/../../tables/_app_17_5km_fe12_evst_all_rural_acpop_controls_bo
> th.csv
Saved: /users/aquisper/proj_bureaucrats_farms/code/_stacked_downup_replication/
> ../../tables/_app_17_5km_fe12_evst_all_rural_acpop_controls_both.ster and /us
> ers/aquisper/proj_bureaucrats_farms/code/_stacked_downup_replication/../../ta
> bles/_app_17_5km_fe12_evst_all_rural_acpop_controls_both.csv
(60,442,696 observations deleted)
Protest event study: controls=notyet, downup=downup_ac_pop, N=2797438
  364
(0 real changes made)
(MWFE estimator converged in 71 iterations)

HDFE linear regression with Julia                 Number of obs   =  2,797,438
Absorbing 4 HDFE groups                           F(   7,   3545) =     184.52
Statistics cluster-robust                         Prob > F        =     0.0000
                                                  R-squared       =     0.1248
                                                  Adj R-squared   =     0.1025
Number of clusters (ac_elec_yr) =       3545      Within R-sq.    =     0.0331
                                                  Root MSE        =  1671.8030

                         (Std. err. adjusted for 3,545 clusters in ac_elec_yr)
------------------------------------------------------------------------------
             |               Robust
      countk | Coefficient  std. err.      t    P>|t|     [95% conf. interval]
-------------+----------------------------------------------------------------
relative_y~x |
          1  |          0  (omitted)
          2  |          0  (omitted)
          3  |          0  (omitted)
          5  |          0  (omitted)
          6  |          0  (omitted)
             |
     1.treat |          0  (omitted)
wind_direc~n |  -3.123608   .0911913   -34.25   0.000    -3.302401   -2.944816
av_wind_sp~d |   468.8793   27.94828    16.78   0.000     414.0829    523.6756
             |
relative_y~x#|
       treat |
        1 1  |  -72.37074   13.88922    -5.21   0.000    -99.60241   -45.13908
        2 1  |  -15.40867    12.1323    -1.27   0.204    -39.19567    8.378326
        3 1  |   6.829637   12.23628     0.56   0.577    -17.16121    30.82049
        5 1  |    142.078   14.59553     9.73   0.000     113.4615    170.6945
        6 1  |   500.2234   42.95186    11.65   0.000     416.0105    584.4363
------------------------------------------------------------------------------

added scalar:
              e(ymean) =  473.10874

added scalar:
             e(ymean2) =  .

added scalar:
                e(acq) =  364

added macro:
               e(smpl) : "Rural"

added macro:
             e(fespec) : "fe1"

added macro:
                e(mod) : "moderator"

added macro:
           e(controls) : "notyet"
(1,384,738 real changes made)
(MWFE estimator converged in 71 iterations)

HDFE linear regression with Julia                 Number of obs   =  2,797,438
Absorbing 4 HDFE groups                           F(  19,   3545) =      72.50
Statistics cluster-robust                         Prob > F        =     0.0000
                                                  R-squared       =     0.1248
                                                  Adj R-squared   =     0.1025
Number of clusters (ac_elec_yr) =       3545      Within R-sq.    =     0.0332
                                                  Root MSE        =  1671.7632

                         (Std. err. adjusted for 3,545 clusters in ac_elec_yr)
------------------------------------------------------------------------------
             |               Robust
      countk | Coefficient  std. err.      t    P>|t|     [95% conf. interval]
-------------+----------------------------------------------------------------
relative_y~x |
          1  |          0  (omitted)
          2  |          0  (omitted)
          3  |          0  (omitted)
          5  |          0  (omitted)
          6  |          0  (omitted)
             |
     1.treat |          0  (omitted)
1.downup_a~p |  -29.08886   10.34885    -2.81   0.005    -49.37916   -8.798566
wind_direc~n |  -3.123416   .0909786   -34.33   0.000    -3.301792    -2.94504
av_wind_sp~d |   468.3536   27.93132    16.77   0.000     413.5905    523.1166
             |
relative_y~x#|
       treat |
        1 1  |  -78.95619    17.8762    -4.42   0.000    -114.0049   -43.90752
        2 1  |  -19.78006   14.82682    -1.33   0.182    -48.85002    9.289899
        3 1  |   7.690934   16.44309     0.47   0.640    -24.54794    39.92981
        5 1  |   133.6904   18.93678     7.06   0.000     96.56233    170.8185
        6 1  |    467.479   50.10775     9.33   0.000     369.2361    565.7219
             |
relative_y~x#|
downup_ac_~p |
        1 1  |  -6.690825   9.707545    -0.69   0.491    -25.72376    12.34211
        2 1  |   14.70607   6.129987     2.40   0.016     2.687416    26.72473
        3 1  |   5.919969   6.709094     0.88   0.378    -7.234104    19.07404
        5 1  |  -8.659549   13.53618    -0.64   0.522    -35.19903    17.87993
        6 1  |   .3631473   30.62937     0.01   0.991    -59.68981    60.41611
             |
       treat#|
downup_ac_~p |
        1 1  |  -1.216064   29.33488    -0.04   0.967      -58.731    56.29887
             |
relative_y~x#|
       treat#|
downup_ac_~p |
      1 1 1  |   13.64559   23.09516     0.59   0.555    -31.63555    58.92673
      2 1 1  |    9.46905   17.93243     0.53   0.598    -25.68987    44.62797
      3 1 1  |  -1.789919   20.26537    -0.09   0.930    -41.52288    37.94304
      5 1 1  |   16.74108   21.84165     0.77   0.443    -26.08239    59.56456
      6 1 1  |   67.10333   50.26701     1.33   0.182    -31.45185    165.6585
------------------------------------------------------------------------------

added scalar:
              e(ymean) =  473.10874

added scalar:
             e(ymean2) =  459.31537

added scalar:
                e(acq) =  364

added macro:
               e(smpl) : "Rural"

added macro:
             e(fespec) : "fe1"

added macro:
                e(mod) : "downup_ac_pop"

added macro:
           e(controls) : "notyet"
(1,390,295 real changes made)
(MWFE estimator converged in 76 iterations)

HDFE linear regression with Julia                 Number of obs   =  2,797,438
Absorbing 4 HDFE groups                           F(  17,   3545) =      80.21
Statistics cluster-robust                         Prob > F        =     0.0000
                                                  R-squared       =     0.1249
                                                  Adj R-squared   =     0.1026
Number of clusters (ac_elec_yr) =       3545      Within R-sq.    =     0.0332
                                                  Root MSE        =  1671.6949

                         (Std. err. adjusted for 3,545 clusters in ac_elec_yr)
------------------------------------------------------------------------------
             |               Robust
      countk | Coefficient  std. err.      t    P>|t|     [95% conf. interval]
-------------+----------------------------------------------------------------
relative_y~x |
          1  |          0  (omitted)
          2  |          0  (omitted)
          3  |          0  (omitted)
          5  |          0  (omitted)
          6  |          0  (omitted)
             |
     1.treat |          0  (omitted)
1.rice_are~h |          0  (omitted)
wind_direc~n |  -3.122846   .0911527   -34.26   0.000    -3.301562   -2.944129
av_wind_sp~d |   469.7693   27.96304    16.80   0.000      414.944    524.5945
             |
relative_y~x#|
       treat |
        1 1  |  -85.67239   18.48455    -4.63   0.000    -121.9138   -49.43097
        2 1  |  -24.16497   16.31426    -1.48   0.139    -56.15125    7.821305
        3 1  |   15.52498   17.32533     0.90   0.370    -18.44363    49.49359
        5 1  |   95.86249    20.2373     4.74   0.000     56.18456    135.5404
        6 1  |   320.2223   52.30306     6.12   0.000     217.6752    422.7694
             |
relative_y~x#|
rice_area_~h |
        1 1  |  -67.30793   14.35022    -4.69   0.000    -95.44345   -39.17241
        2 1  |   29.74165   8.749865     3.40   0.001     12.58638    46.89693
        3 1  |   16.32636   9.025487     1.81   0.071    -1.369314    34.02203
        5 1  |   -51.8049   18.42734    -2.81   0.005    -87.93416   -15.67564
        6 1  |  -353.9334   63.43887    -5.58   0.000    -478.3138   -229.5531
             |
       treat#|
rice_area_~h |
        1 1  |          0  (omitted)
             |
relative_y~x#|
       treat#|
rice_area_~h |
      1 1 1  |   36.35568   26.22562     1.39   0.166    -15.06314    87.77449
      2 1 1  |   16.30319   21.87562     0.75   0.456    -26.58689    59.19327
      3 1 1  |  -17.18938   23.06023    -0.75   0.456    -62.40205    28.02328
      5 1 1  |   105.6582   31.09918     3.40   0.001     44.68414    166.6323
      6 1 1  |    467.302   79.78737     5.86   0.000     310.8683    623.7358
------------------------------------------------------------------------------

added scalar:
              e(ymean) =  473.10874

added scalar:
             e(ymean2) =  547.95406

added scalar:
                e(acq) =  364

added macro:
               e(smpl) : "Rural"

added macro:
             e(fespec) : "fe1"

added macro:
                e(mod) : "rice_area_aclvl_ahigh"

added macro:
           e(controls) : "notyet"
(800,580 real changes made)
(MWFE estimator converged in 83 iterations)

HDFE linear regression with Julia                 Number of obs   =  2,797,438
Absorbing 4 HDFE groups                           F(  17,   3545) =      85.18
Statistics cluster-robust                         Prob > F        =     0.0000
                                                  R-squared       =     0.1249
                                                  Adj R-squared   =     0.1026
Number of clusters (ac_elec_yr) =       3545      Within R-sq.    =     0.0333
                                                  Root MSE        =  1671.6730

                         (Std. err. adjusted for 3,545 clusters in ac_elec_yr)
------------------------------------------------------------------------------
             |               Robust
      countk | Coefficient  std. err.      t    P>|t|     [95% conf. interval]
-------------+----------------------------------------------------------------
relative_y~x |
          1  |          0  (omitted)
          2  |          0  (omitted)
          3  |          0  (omitted)
          5  |          0  (omitted)
          6  |          0  (omitted)
             |
     1.treat |          0  (omitted)
1.rice_har~h |          0  (omitted)
wind_direc~n |  -3.124295   .0911777   -34.27   0.000    -3.303061   -2.945529
av_wind_sp~d |   471.1826    27.9993    16.83   0.000     416.2862     526.079
             |
relative_y~x#|
       treat |
        1 1  |  -21.43499   21.51613    -1.00   0.319    -63.62024    20.75026
        2 1  |   9.871522   17.14252     0.58   0.565    -23.73868    43.48172
        3 1  |   41.65626   14.24235     2.92   0.003     13.73224    69.58028
        5 1  |   30.57428   22.79437     1.34   0.180    -14.11713    75.26568
        6 1  |   131.2282   46.75653     2.81   0.005      39.5558    222.9006
             |
relative_y~x#|
rice_harva~h |
        1 1  |  -113.6452   19.85927    -5.72   0.000     -152.582   -74.70848
        2 1  |  -31.28871   11.06926    -2.83   0.005    -52.99147   -9.585952
        3 1  |  -40.78037   8.444056    -4.83   0.000    -57.33607   -24.22467
        5 1  |  -20.17365   18.15616    -1.11   0.267    -55.77122    15.42392
        6 1  |  -409.8396   49.86751    -8.22   0.000    -507.6115   -312.0677
             |
       treat#|
rice_harva~h |
        1 1  |          0  (omitted)
             |
relative_y~x#|
       treat#|
rice_harva~h |
      1 1 1  |  -51.36765    26.0781    -1.97   0.049    -102.4972   -.2380496
      2 1 1  |  -23.74091   20.75048    -1.14   0.253      -64.425    16.94317
      3 1 1  |  -36.04497   19.33453    -1.86   0.062    -73.95289    1.862949
      5 1 1  |   153.8856     32.589     4.72   0.000     89.99057    217.7807
      6 1 1  |   631.5867    60.8927    10.37   0.000     512.1985     750.975
------------------------------------------------------------------------------

added scalar:
              e(ymean) =  473.10874

added scalar:
             e(ymean2) =  604.69466

added scalar:
                e(acq) =  364

added macro:
               e(smpl) : "Rural"

added macro:
             e(fespec) : "fe1"

added macro:
                e(mod) : "rice_harvarea_aclvl_ahigh"

added macro:
           e(controls) : "notyet"
(120,038 real changes made)
(MWFE estimator converged in 83 iterations)

HDFE linear regression with Julia                 Number of obs   =  2,797,438
Absorbing 4 HDFE groups                           F(  17,   3545) =      85.36
Statistics cluster-robust                         Prob > F        =     0.0000
                                                  R-squared       =     0.1249
                                                  Adj R-squared   =     0.1026
Number of clusters (ac_elec_yr) =       3545      Within R-sq.    =     0.0332
                                                  Root MSE        =  1671.6847

                         (Std. err. adjusted for 3,545 clusters in ac_elec_yr)
------------------------------------------------------------------------------
             |               Robust
      countk | Coefficient  std. err.      t    P>|t|     [95% conf. interval]
-------------+----------------------------------------------------------------
relative_y~x |
          1  |          0  (omitted)
          2  |          0  (omitted)
          3  |          0  (omitted)
          5  |          0  (omitted)
          6  |          0  (omitted)
             |
     1.treat |          0  (omitted)
1.rice_pro~h |          0  (omitted)
wind_direc~n |  -3.125001   .0911952   -34.27   0.000    -3.303802   -2.946201
av_wind_sp~d |   470.9536   27.99525    16.82   0.000     416.0651     525.842
             |
relative_y~x#|
       treat |
        1 1  |  -7.175565   23.24117    -0.31   0.758    -52.74298    38.39185
        2 1  |   25.10694   17.14768     1.46   0.143    -8.513371    58.72725
        3 1  |   44.89592   14.61491     3.07   0.002     16.24143     73.5504
        5 1  |    14.4316   25.02348     0.58   0.564    -34.63026    63.49346
        6 1  |   143.4412   49.61557     2.89   0.004      46.1633    240.7192
             |
relative_y~x#|
rice_prod_~h |
        1 1  |  -125.6643   23.26032    -5.40   0.000    -171.2693   -80.05936
        2 1  |  -42.85869   11.82271    -3.63   0.000    -66.03868    -19.6787
        3 1  |  -54.79357    8.48724    -6.46   0.000    -71.43394    -38.1532
        5 1  |   -16.8235   18.06826    -0.93   0.352    -52.24873    18.60174
        6 1  |  -383.6949   48.41641    -7.92   0.000    -478.6217   -288.7681
             |
       treat#|
rice_prod_~h |
        1 1  |          0  (omitted)
             |
relative_y~x#|
       treat#|
rice_prod_~h |
      1 1 1  |  -64.75829   26.80215    -2.42   0.016    -117.3075   -12.20911
      2 1 1  |  -39.93277   20.22313    -1.97   0.048    -79.58292   -.2826318
      3 1 1  |  -36.87549   18.99874    -1.94   0.052    -74.12505    .3740797
      5 1 1  |    163.933   33.82586     4.85   0.000     97.61287    230.2531
      6 1 1  |   577.5267   59.42756     9.72   0.000     461.0111    694.0424
------------------------------------------------------------------------------

added scalar:
              e(ymean) =  473.10874

added scalar:
             e(ymean2) =  592.52287

added scalar:
                e(acq) =  364

added macro:
               e(smpl) : "Rural"

added macro:
             e(fespec) : "fe1"

added macro:
                e(mod) : "rice_prod_aclvl_ahigh"

added macro:
           e(controls) : "notyet"
(saving evreg1)
(saving evreg2)
(saving evreg3)
(saving evreg4)
(saving evreg5)
(file /users/aquisper/proj_bureaucrats_farms/code/_stacked_downup_replication/.
> ./../tables/_app_17_5km_fe12_evst_all_rural_acpop_controls_notyet.ster saved)
(13 missing values generated)
(13 missing values generated)
(13 missing values generated)
(13 missing values generated)
(13 missing values generated)
(13 missing values generated)
(13 missing values generated)
(13 missing values generated)
(13 missing values generated)
(13 missing values generated)
(13 missing values generated)
(13 missing values generated)
(13 missing values generated)
(13 missing values generated)
(13 missing values generated)
(25 missing values generated)
(25 missing values generated)
(25 missing values generated)
(25 missing values generated)
(25 missing values generated)
(25 missing values generated)
(25 missing values generated)
(25 missing values generated)
(25 missing values generated)
(25 missing values generated)
(25 missing values generated)
(25 missing values generated)
(25 missing values generated)
(25 missing values generated)
(25 missing values generated)
(25 missing values generated)
(25 missing values generated)
(25 missing values generated)
(25 missing values generated)
(25 missing values generated)
(25 missing values generated)
(25 missing values generated)
(25 missing values generated)
(25 missing values generated)
(25 missing values generated)
(25 missing values generated)
(25 missing values generated)
(25 missing values generated)
(25 missing values generated)
(25 missing values generated)
(25 missing values generated)
(25 missing values generated)
(25 missing values generated)
(25 missing values generated)
(25 missing values generated)
(25 missing values generated)
(25 missing values generated)
(25 missing values generated)
(25 missing values generated)
(25 missing values generated)
(25 missing values generated)
(25 missing values generated)
(25 missing values generated)
(25 missing values generated)
(25 missing values generated)
(25 missing values generated)
(25 missing values generated)
(25 missing values generated)
(25 missing values generated)
(25 missing values generated)
(25 missing values generated)
(25 missing values generated)
(25 missing values generated)
(25 missing values generated)
(25 missing values generated)
(25 missing values generated)
(25 missing values generated)
(25 missing values generated)
(25 missing values generated)
(25 missing values generated)
(25 missing values generated)
(25 missing values generated)
(25 missing values generated)
(25 missing values generated)
(25 missing values generated)
(25 missing values generated)
(25 missing values generated)
(25 missing values generated)
(25 missing values generated)
(25 missing values generated)
(25 missing values generated)
(25 missing values generated)
(25 missing values generated)
(25 missing values generated)
(25 missing values generated)
(25 missing values generated)
(25 missing values generated)
(25 missing values generated)
(25 missing values generated)
(25 missing values generated)
(25 missing values generated)
(25 missing values generated)
(25 missing values generated)
(25 missing values generated)
(25 missing values generated)
(25 missing values generated)
(25 missing values generated)
(25 missing values generated)
(25 missing values generated)
(25 missing values generated)
(25 missing values generated)
(25 missing values generated)
(25 missing values generated)
(25 missing values generated)
(25 missing values generated)
(25 missing values generated)
(25 missing values generated)
(25 missing values generated)
(25 missing values generated)
(25 missing values generated)
(25 missing values generated)
(25 missing values generated)
(25 missing values generated)
(25 missing values generated)
(25 missing values generated)
(25 missing values generated)
(25 missing values generated)
(25 missing values generated)
Estimates exported to /users/aquisper/proj_bureaucrats_farms/code/_stacked_down
> up_replication/../../tables/_app_17_5km_fe12_evst_all_rural_acpop_controls_no
> tyet.csv
Saved: /users/aquisper/proj_bureaucrats_farms/code/_stacked_downup_replication/
> ../../tables/_app_17_5km_fe12_evst_all_rural_acpop_controls_notyet.ster and /
> users/aquisper/proj_bureaucrats_farms/code/_stacked_downup_replication/../../
> tables/_app_17_5km_fe12_evst_all_rural_acpop_controls_notyet.csv

. 
. *****************************************************************************
> ***
. 
end of do-file

. 
. display as result "COMPLETED: `dofile' at $S_DATE $S_TIME"
COMPLETED: _app_17_5km_fe12_evst_all.do at 22 Aug 2026 12:53:58

. 
end of do-file
