
  ___  ____  ____  ____  ____ ®
 /__    /   ____/   /   ____/      StataNow 19.5
___/   /   /___/   /   /___/       MP—Parallel Edition

 Statistics and Data Science       Copyright 1985-2025 StataCorp LLC
                                   StataCorp
                                   4905 Lakeway Drive
                                   College Station, Texas 77845 USA
                                   800-782-8272        https://www.stata.com
                                   979-696-4600        service@stata.com

Stata license: 4-user 16-core network, expiring 14 Sep 2026
Serial number: 501909301589
  Licensed to: University of Notre Dame
               Notre Dame, IN 46556

Notes:
      1. Stata is running in batch mode.
      2. Unicode is supported; see help unicode_advice.
      3. More than 2 billion observations are allowed; see help obs_advice.
      4. Maximum number of variables is set to 5,000 but can be increased;
          see help set_maxvar.

. do /users/aquisper/proj_bureaucrats_farms/code/_stacked_downup_replication/sb
> atch/_run_dofile.do 

. *****************************************************************************
> ***
. * Environment bridge: one invocation runs exactly one result-generating dofil
> e.
. *****************************************************************************
> ***
. 
. version 17

. set more off

. 
. local dofile        : environment FARMS_DOFILE

. local root          : environment FARMS_ROOT

. local code          : environment FARMS_CODE

. local location      : environment FARMS_LOCATION

. local sample        : environment FARMS_SAMPLE

. local is_rural_var  : environment FARMS_RURAL_VAR

. local fe_list       : environment FARMS_FE_LIST

. local ster_suffix   : environment FARMS_STER_SUFFIX

. local downup_var    : environment FARMS_DOWNUP_VAR

. local stacked_file  : environment FARMS_STACKED_FILE

. local did_output    : environment FARMS_DID_OUTPUT

. local control_samples : environment FARMS_CONTROL_SAMPLES

. local analysis_subsample : environment FARMS_ANALYSIS_SUBSAMPLE

. local processors    : environment FARMS_CPUS

. 
. if "`processors'" == "" local processors "1"

. set processors `processors'
    The maximum number of processors or cores being used is changed from 16
    to 3.  It can be set to any number between 1 and 16

. 
. if "`dofile'" == "" {
.     display as error "FARMS_DOFILE is empty; use sbatch/run_dofile.sbatch."
.     exit 198
. }

. if "`root'" == "" {
.     display as error "FARMS_ROOT is empty; use sbatch/run_dofile.sbatch."
.     exit 198
. }

. if "`code'" == "" {
.     display as error "FARMS_CODE is empty; use sbatch/run_dofile.sbatch."
.     exit 198
. }

. 
. if "`sample'" == "none" local sample ""

. if "`ster_suffix'" == "none" local ster_suffix ""

. if "`downup_var'" == "none" local downup_var ""

. if "`stacked_file'" == "none" local stacked_file ""

. if "`did_output'" == "none" local did_output ""

. if "`control_samples'" == "all" local control_samples ""

. if "`analysis_subsample'" == "all" local analysis_subsample ""

. 
. global root          "`root'"

. global code          "`code'"

. global location      "`location'"

. global sample        "`sample'"

. global is_rural_var  "`is_rural_var'"

. global fe_list       "`fe_list'"

. global ster_suffix   "`ster_suffix'"

. global downup_var    "`downup_var'"

. global stacked_file  "`stacked_file'"

. global did_output    "`did_output'"

. global control_samples "`control_samples'"

. global analysis_subsample "`analysis_subsample'"

. 
. global int_data    "${root}/data_output/intermediate"

. global int_farms   "${int_data}"

. global tables      "${code}/../../tables"

. global table_farms "${tables}"

. global figures     "${code}/../../figures"

. global figure_farms "${figures}"

. 
. capture mkdir "${tables}"

. capture mkdir "${figures}"

. capture mkdir "${code}/logs"

. 
. adopath ++ "${code}"
  [1]              "/users/aquisper/proj_bureaucrats_farms/code/_stacked_downup
> _replication"
  [2]  (BASE)      "/software/s/stata/19.5/ado/base/"
  [3]  (SITE)      "/software/s/stata/ado/"
  [4]              "."
  [5]  (PERSONAL)  "~/ado/personal/"
  [6]  (PLUS)      "~/ado/plus/"
  [7]  (OLDPLACE)  "~/ado/"

. capture noisily do "${code}/estsave_csv.ado"

. *! estsave_csv v1.2 - Export stored estimates and covariance matrices to CSV
. program define estsave_csv
  1.     version 14.0
  2.     syntax namelist using/, [replace append]
  3. 
.     local outfile `"`using'"'
  4.     tempfile coef_all coef_cur scalar_all scalar_cur
  5.     local first = 1
  6. 
.     foreach est of local namelist {
  7.         quietly estimates restore `est'
  8.         matrix b = e(b)
  9.         matrix V = e(V)
 10.         local k = colsof(b)
 11.         local cnames : colfullnames b
 12. 
.         preserve
 13.         clear
 14.         quietly set obs `k'
 15.         gen strL reg = "`est'"
 16.         gen strL var = ""
 17.         gen double beta = .
 18.         capture local ymean_val `"`e(ymean)'"'
 19.         if !_rc & `"`ymean_val'"' != "" gen strL ymean = `"`ymean_val'"'
 20.         else gen strL ymean = ""
 21. 
.         forvalues j = 1/`k' {
 22.             local nm : word `j' of `cnames'
 23.             quietly replace var = "`nm'" in `j'
 24.             quietly replace beta = b[1, `j'] in `j'
 25.             gen double cov`j' = .
 26.         }
 27.         forvalues i = 1/`k' {
 28.             forvalues j = 1/`k' {
 29.                 quietly replace cov`j' = V[`i', `j'] in `i'
 30.             }
 31.         }
 32.         quietly save `coef_cur', replace
 33.         if `first' quietly save `coef_all', replace
 34.         else {
 35.             quietly use `coef_all', clear
 36.             quietly append using `coef_cur'
 37.             quietly save `coef_all', replace
 38.         }
 39.         restore
 40. 
.         preserve
 41.         clear
 42.         quietly set obs 1
 43.         gen strL reg = "`est'"
 44.         local escalars : e(scalars)
 45.         foreach sc of local escalars {
 46.             local scval = e(`sc')
 47.             local safe = subinstr("`sc'", "-", "_", .)
 48.             capture gen double `safe' = `scval'
 49.             if _rc capture gen double sc_`safe' = `scval'
 50.         }
 51.         local emacros : e(macros)
 52.         foreach mc of local emacros {
 53.             capture local mcval `"`e(`mc')'"'
 54.             if !_rc & `"`mcval'"' != "" {
 55.                 if strlen(`"`mcval'"') > 244 local mcval = substr(`"`mcval
> '"', 1, 244)
 56.                 local safe = subinstr("`mc'", "-", "_", .)
 57.                 capture gen strL `safe' = `"`mcval'"'
 58.                 if _rc capture gen strL mc_`safe' = `"`mcval'"'
 59.             }
 60.         }
 61.         quietly save `scalar_cur', replace
 62.         if `first' {
 63.             quietly save `scalar_all', replace
 64.             local first = 0
 65.         }
 66.         else {
 67.             quietly use `scalar_all', clear
 68.             quietly append using `scalar_cur'
 69.             quietly save `scalar_all', replace
 70.         }
 71.         restore
 72.     }
 73. 
.     local basefile = subinstr(`"`outfile'"', ".csv", "", .)
 74.     quietly use `coef_all', clear
 75.     order reg var beta ymean
 76.     quietly export delimited using "`basefile'.csv", `replace' `append'
 77.     quietly use `scalar_all', clear
 78.     quietly export delimited using "`basefile'_scalars.csv", `replace' `ap
> pend'
 79.     display as result "Estimates exported to `basefile'.csv"
 80. end

. 
. 
end of do-file

. capture noisily do "${code}/estload_csv.ado"

. *! estload_csv v1.0 - Reconstruct estimate objects exported by estsave_csv
. program define estload_csv
  1.     version 14.0
  2.     syntax using/
  3. 
.     local infile `"`using'"'
  4.     local basefile = subinstr(`"`infile'"', ".csv", "", .)
  5.     preserve
  6.     quietly import delimited using "`basefile'.csv", clear varnames(1)
  7.     quietly levelsof reg, local(regs)
  8. 
.     foreach r of local regs {
  9.         preserve
 10.         quietly keep if reg == "`r'"
 11.         local k = _N
 12.         matrix b = J(1, `k', .)
 13.         matrix V = J(`k', `k', .)
 14.         local varnames ""
 15.         forvalues i = 1/`k' {
 16.             local vname = var[`i']
 17.             local varnames `"`varnames' `vname'"'
 18.             matrix b[1, `i'] = beta[`i']
 19.             forvalues j = 1/`k' {
 20.                 matrix V[`i', `j'] = cov`j'[`i']
 21.             }
 22.         }
 23.         matrix colnames b = `varnames'
 24.         matrix rownames V = `varnames'
 25.         matrix colnames V = `varnames'
 26.         restore, preserve
 27.         quietly ereturn post b V
 28.         estimates store `r'
 29.         display as text "Loaded estimate: `r'"
 30.     }
 31.     restore
 32. end

. 
. 
end of do-file

. 
. display "============================================================"
============================================================

. display "Independent dofile job: `dofile'"
Independent dofile job: _app_17_5km_fe12_evst_all.do

. display "Data root: ${root}"
Data root: /groups/sgulzar/sa_fires/proj_bureaucrats_farms

. display "Tables output: ${tables}"
Tables output: /users/aquisper/proj_bureaucrats_farms/code/_stacked_downup_repl
> ication/../../tables

. display "Figures output: ${figures}"
Figures output: /users/aquisper/proj_bureaucrats_farms/code/_stacked_downup_rep
> lication/../../figures

. display "Code root: ${code}"
Code root: /users/aquisper/proj_bureaucrats_farms/code/_stacked_downup_replicat
> ion

. display "Sample: ${sample}; rural: ${is_rural_var}; FE: ${fe_list}"
Sample: ; rural: is_rural; FE: 3

. display "Suffix: ${ster_suffix}; moderator: ${downup_var}"
Suffix: ; moderator: 

. display "Control samples: ${control_samples}"
Control samples: 

. display "Analysis subsample: ${analysis_subsample}"
Analysis subsample: 

. display "Stata processors: " c(processors)
Stata processors: 3

. display "============================================================"
============================================================

. 
. do "${code}/`dofile'"

. *****************************************************************************
> ***
. * Canonical protest event study: FE3 implementation based on the RA's
. * _app_21_5km_allfe_same_term.do, estimating all naturally observed event yea
> rs.
. *
. * Authoritative input: stacked_data_protest5km_election_sameterm.csv.
. * Controls are pooled exactly as supplied by that stack. There is no
. * control_type filter and no moderator/heterogeneity regression in this file.
. *****************************************************************************
> ***
. 
. if "$root" == "" {
.     clear all
.     set more off
. 
.     * Standalone defaults for the five sbatch-array parameters:
.     * location, sample, is_rural_var, fe_list, and ster_suffix.
.     global location     "shell"
.     global sample       ""
.     global is_rural_var "is_rural"
.     global fe_list      "3"
.     global ster_suffix  ""
. 
.     global shell "/groups/sgulzar/sa_fires/proj_bureaucrats_farms"
.     global dbox  "/Users/anzony.quisperojas/Library/CloudStorage/Dropbox/sa_f
> ires/proj_bureaucrats_farms"
.     global code_shell "/users/aquisper/proj_bureaucrats_farms/code/_stacked_d
> ownup_replication"
.     global code_dbox  "/Users/anzony.quisperojas/Documents/GitHub/proj_bureau
> crats_farms/code/_stacked_downup_replication"
. 
.     if "$location" == "dbox" {
.         global root "$dbox"
.         global code "$code_dbox"
.     }
.     else {
.         global root "$shell"
.         global code "$code_shell"
.     }
.     quietly do "${code}/estsave_csv.ado"
. }

. 
. global int_data "${root}/data_output/intermediate"

. global tables   "${code}/../../tables"

. 
. local protest_input ///
>     "${int_data}/stacked_data_protest5km_election_sameterm${sample}.csv"

. confirm file "`protest_input'"

. display as text "RA same-term protest input: `protest_input'"
RA same-term protest input: /groups/sgulzar/sa_fires/proj_bureaucrats_farms/dat
> a_output/intermediate/stacked_data_protest5km_election_sameterm.csv

. import delimited using "`protest_input'", clear varnames(1)
(encoding automatically selected: ISO-8859-1)
(29 vars, 87,667,769 obs)

. 
. * Attach the reference dofile's AC-area clustering variable without importing
. * the full master CSV into Stata.
. merge m:1 unique_small_grid_id month year using ///
>     "${int_data}/grid_month_ac_area_tr.dta", ///
>     keep(master match) keepusing(ac_area_tr)

    Result                      Number of obs
    -----------------------------------------
    Not matched                             0
    Matched                        87,667,769  (_merge==3)
    -----------------------------------------

. assert _merge == 3

. drop _merge

. assert !missing(ac_area_tr)

. 
. * Match the reference dofile's cohort and election-term checks.
. confirm variable cohort_id

. confirm variable cohort_election_year

. confirm variable cohort_term_start

. assert monthyear >= cohort_term_start

. assert cohort_term_start <= cohort

. bysort cohort_id: assert cohort_election_year == cohort_election_year[1]

. 
. capture confirm variable relative_year_bin

. if _rc {
.     confirm variable relative_year
.     rename relative_year relative_year_bin
. }

. assert relative_year_bin == floor((monthyear - cohort) / 12)

. 
. * The canonical protest stack carries the only rice moderator used here.
. confirm variable rice_prod_aclvl_ahigh

. assert inlist(rice_prod_aclvl_ahigh, 0, 1)

. 
. merge m:1 unique_small_grid_id using ///
>     "${int_data}/ghs_grid_classification_2000.dta", ///
>     keepusing(is_rural)

    Result                      Number of obs
    -----------------------------------------
    Not matched                        58,521
        from master                         0  (_merge==1)
        from using                     58,521  (_merge==2)

    Matched                        87,667,769  (_merge==3)
    -----------------------------------------

. keep if _merge == 3
(58,521 observations deleted)

. drop _merge

. keep if ${is_rural_var} == 1
(17,217,610 observations deleted)

. keep if year < 2022 | (year == 2022 & month <= 8)
(4,832,352 observations deleted)

. display as text "Observations after rural and date filters: " _N
Observations after rural and date filters: 65617807

. 
. * Match the reference sample: remove only its earliest -5 bin and estimate al
> l
. * remaining naturally observed event years. Plotting can impose a narrower
. * display window without changing the estimation sample.
. count if relative_year_bin == -5
  2,060,688

. display as text "Observations dropped at relative_year_bin == -5: " r(N)
Observations dropped at relative_year_bin == -5: 2060688

. drop if relative_year_bin == -5
(2,060,688 observations deleted)

. quietly summarize relative_year_bin

. display as text "Canonical protest event-study support retained: [" ///
>     r(min) ", " r(max) "]"
Canonical protest event-study support retained: [-4, 2]

. 
. foreach v of varlist election_year yeargov {
  2.     capture confirm numeric variable `v'
  3.     if _rc destring `v', replace
  4. }

. recast int election_year, force

. recast byte yeargov, force

. 
. egen unique_small_grid_id_cohort = group(unique_small_grid_id cohort_id)

. egen monthyearco                 = group(month year cohort_id)

. egen province_cohort             = group(cohort_id province)

. egen relativeyear_cohort         = group(relative_year_bin cohort_id)

. 
. * Retain grid-cohort units observed on both sides of the protest switch.
. bysort unique_small_grid_id_cohort: egen byte has_pre  = max(relative_year_bi
> n < 0)

. bysort unique_small_grid_id_cohort: egen byte has_post = max(relative_year_bi
> n >= 0)

. egen byte unit_tag = tag(unique_small_grid_id_cohort)

. quietly count if unit_tag

. local all_units = r(N)

. quietly count if unit_tag & has_pre == 1 & has_post == 1

. local balanced_units = r(N)

. display as text "Grid-cohort units with pre and post: `balanced_units' of `al
> l_units'"
Grid-cohort units with pre and post: 1193849 of 1207239

. drop unit_tag

. keep if has_pre == 1 & has_post == 1
(278,841 observations deleted)

. drop has_pre has_post

. display as text "Canonical protest estimation observations: " _N
Canonical protest estimation observations: 63278278

. 
. quietly summarize relative_year_bin

. local rmin = r(min)

. gen relative_year_bin_aux = relative_year_bin - `rmin' + 1

. local base = -1 - `rmin' + 1

. 
. capture drop countk

. gen countk = count * 1000

. local dep_var countk

. local filter1 "1"

. 
. * Selected specification from the RA's five-specification comparison.
. local fe3 "unique_small_grid_id_cohort province_cohort#c.monthyear"

. 
. * The only substantive event-study moderator is rice production. The zero stu
> b
. * retains the required unmoderated baseline specification.
. gen byte moderator = 0

. local moderators_list moderator rice_prod_aclvl_ahigh

. 
. do "${code}/exploratory_analysis/rice_high_subsample/_apply_rice_high_subsamp
> le.do"

. *****************************************************************************
> ***
. * Optional exploratory restriction: ACs with above-median rice production.
. *
. * Called after an analysis dataset and its required merge fields are loaded,
. * but before the first regression/common-sample regression.  It is inert unle
> ss
. * $analysis_subsample is "rice_high".
. *****************************************************************************
> ***
. 
. if "$analysis_subsample" == "rice_high" {
.     capture confirm variable rice_prod_aclvl_ahigh
.     if _rc {
.         display as error ///
>             "rice_prod_aclvl_ahigh is missing from the stacked dataset. " ///
>             "Regenerate it from 0_master_dataset with the data-generation pip
> eline."
.         exit 111
.     }
. 
.     assert inlist(rice_prod_aclvl_ahigh, 0, 1)
.     quietly count
.     local rice_before = r(N)
.     keep if rice_prod_aclvl_ahigh == 1
.     quietly count
.     local rice_after = r(N)
.     if `rice_after' == 0 {
.         display as error "The rice-high exploratory restriction removed every
>  row."
.         exit 2000
.     }
.     display as result "EXPLORATORY SAMPLE: rice_prod_aclvl_ahigh == 1"
.     display as result "Rows retained: `rice_after' of `rice_before'"
. }

. 
end of do-file

. 
. egen byte tag_ac = tag(ac_uq_id)

. quietly count if tag_ac

. local numacs = r(N)

. drop tag_ac

. 
. est clear

. local i = 1

. local estimate_names ""

. if trim("$fe_list") != "3" {
.     display as error "Canonical protest event study requires fe_list=3."
.     exit 198
. }

. foreach fe of numlist $fe_list {
  2.     local fespec `fe`fe''
  3.     display _newline as text "FE`fe': `fespec' + relativeyear_cohort"
  4. 
.     foreach mod of local moderators_list {
  5.         replace moderator = `mod'
  6.         local rhs ///
>             "ib`base'.relative_year_bin_aux##ib0.treat##ib0.`mod' wind_direct
> ion av_wind_speed"
  7. 
.         quietly summarize `dep_var' if treat == 1 & relative_year_bin <= -1 &
>  `filter1'
  8.         local ymean = r(mean)
  9.         quietly summarize `dep_var' if treat == 1 & relative_year_bin <= -
> 1 & moderator == 1 & `filter1'
 10.         local ymean2 = r(mean)
 11.         quietly summarize `dep_var' if treat == 0 & relative_year_bin <= -
> 1 & `filter1'
 12.         local control_ymean = r(mean)
 13. 
.         reghdfejl `dep_var' `rhs' if `filter1', ///
>             absorb(`fespec' relativeyear_cohort) ///
>             vce(cluster ac_area_tr)
 14. 
.         * Preserve structural sanity checks for the naturally retained suppor
> t.
.         if e(N) <= 0 | e(N_clust) <= 1 {
 15.             display as error "FE3 returned an empty sample or insufficient
>  clusters."
 16.             exit 459
 17.         }
 18.         display as result "PASS: FE3 estimated over full natural event sup
> port."
 19. 
.         estadd scalar ymean  = `ymean'
 20.         estadd scalar ymean2 = `ymean2'
 21.         estadd scalar control_ymean = `control_ymean'
 22.         estadd scalar acq    = `numacs'
 23.         estadd local smpl "Rural"
 24.         estadd local fespec "FE`fe': `fespec' relativeyear_cohort"
 25.         estadd local mod "`mod'"
 26.         estadd local controls "pooled"
 27. 
.         local estname evreg`i'
 28.         local estimate_names "`estimate_names' `estname'"
 29.         local i = `i' + 1
 30.         est store `estname'
 31.     }
 32. }

FE3: unique_small_grid_id_cohort province_cohort#c.monthyear + relativeyear_coh
> ort
(0 real changes made)
(MWFE estimator converged in 43 iterations)

HDFE linear regression with Julia                 Number of obs   = 63,278,278
Absorbing 3 HDFE groups                           F(   8,   1653) =      30.31
Statistics cluster-robust                         Prob > F        =     0.0000
                                                  R-squared       =     0.1095
                                                  Adj R-squared   =     0.0924
Number of clusters (ac_area_tr) =       1654      Within R-sq.    =     0.0092
                                                  Root MSE        =   922.5382

                         (Std. err. adjusted for 1,654 clusters in ac_area_tr)
------------------------------------------------------------------------------
             |               Robust
      countk | Coefficient  std. err.      t    P>|t|     [95% conf. interval]
-------------+----------------------------------------------------------------
relative_y~x |
          1  |          0  (omitted)
          2  |          0  (omitted)
          3  |          0  (omitted)
          5  |          0  (omitted)
          6  |          0  (omitted)
          7  |          0  (omitted)
             |
     1.treat |          0  (omitted)
wind_direc~n |  -.8726809   .0712501   -12.25   0.000    -1.012431   -.7329309
av_wind_sp~d |   127.2701   13.07617     9.73   0.000     101.6225    152.9177
             |
relative_y~x#|
       treat |
        1 1  |  -39.02698   17.89226    -2.18   0.029    -74.12087   -3.933096
        2 1  |  -4.602804    12.4483    -0.37   0.712    -29.01891     19.8133
        3 1  |  -19.93359    11.1707    -1.78   0.075    -41.84381    1.976627
        5 1  |    56.7827   12.76468     4.45   0.000     31.74605    81.81935
        6 1  |   200.8279   35.11322     5.72   0.000     131.9568     269.699
        7 1  |   73.16022   29.32575     2.49   0.013     15.64069    130.6798
------------------------------------------------------------------------------
PASS: FE3 estimated over full natural event support.

added scalar:
              e(ymean) =  473.10874

added scalar:
             e(ymean2) =  .

added scalar:
      e(control_ymean) =  139.85001

added scalar:
                e(acq) =  808

added macro:
               e(smpl) : "Rural"

added macro:
             e(fespec) : "FE3: unique_small_grid_id_cohort province_cohort#c.mo
> nthyear relativeyear_cohort"

added macro:
                e(mod) : "moderator"

added macro:
           e(controls) : "pooled"
(28,535,724 real changes made)
(MWFE estimator converged in 57 iterations)

HDFE linear regression with Julia                 Number of obs   = 63,278,278
Absorbing 3 HDFE groups                           F(  20,   1653) =      19.17
Statistics cluster-robust                         Prob > F        =     0.0000
                                                  R-squared       =     0.1096
                                                  Adj R-squared   =     0.0925
Number of clusters (ac_area_tr) =       1654      Within R-sq.    =     0.0093
                                                  Root MSE        =   922.5017

                         (Std. err. adjusted for 1,654 clusters in ac_area_tr)
------------------------------------------------------------------------------
             |               Robust
      countk | Coefficient  std. err.      t    P>|t|     [95% conf. interval]
-------------+----------------------------------------------------------------
relative_y~x |
          1  |          0  (omitted)
          2  |          0  (omitted)
          3  |          0  (omitted)
          5  |          0  (omitted)
          6  |          0  (omitted)
          7  |          0  (omitted)
             |
     1.treat |          0  (omitted)
1.rice_pro~h |          0  (omitted)
wind_direc~n |  -.8723967   .0713157   -12.23   0.000    -1.012275   -.7325181
av_wind_sp~d |    127.465   13.09735     9.73   0.000     101.7759    153.1542
             |
relative_y~x#|
       treat |
        1 1  |   10.72373   12.10142     0.89   0.376    -13.01199    34.45945
        2 1  |  -2.800223   7.176696    -0.39   0.696     -16.8766    11.27615
        3 1  |  -2.430307   5.345411    -0.45   0.649     -12.9148    8.054184
        5 1  |   -13.7422   6.655422    -2.06   0.039    -26.79614   -.6882513
        6 1  |   3.245952   8.932767     0.36   0.716    -14.27478    20.76668
        7 1  |   28.73023   18.02722     1.59   0.111    -6.628353    64.08882
             |
relative_y~x#|
rice_prod_~h |
        1 1  |   30.11076   6.477007     4.65   0.000     17.40676    42.81476
        2 1  |   34.58099   6.113033     5.66   0.000     22.59088    46.57109
        3 1  |   .8118671    4.79662     0.17   0.866    -8.596224    10.21996
        5 1  |   26.92518   4.455153     6.04   0.000     18.18684    35.66352
        6 1  |   37.10153   7.260858     5.11   0.000     22.86008    51.34297
        7 1  |  -90.17925   28.45048    -3.17   0.002     -145.982   -34.37647
             |
       treat#|
rice_prod_~h |
        1 1  |          0  (omitted)
             |
relative_y~x#|
       treat#|
rice_prod_~h |
      1 1 1  |  -63.89117   23.64252    -2.70   0.007    -110.2636   -17.51873
      2 1 1  |  -8.166402   16.09048    -0.51   0.612    -39.72626    23.39346
      3 1 1  |  -16.77329    15.0854    -1.11   0.266    -46.36181    12.81522
      5 1 1  |   81.69667    17.8297     4.58   0.000      46.7255    116.6678
      6 1 1  |   250.2588   46.29212     5.41   0.000     159.4615    341.0562
      7 1 1  |   98.86035   42.14764     2.35   0.019     16.19197    181.5287
------------------------------------------------------------------------------
PASS: FE3 estimated over full natural event support.

added scalar:
              e(ymean) =  473.10874

added scalar:
             e(ymean2) =  592.52287

added scalar:
      e(control_ymean) =  139.85001

added scalar:
                e(acq) =  808

added macro:
               e(smpl) : "Rural"

added macro:
             e(fespec) : "FE3: unique_small_grid_id_cohort province_cohort#c.mo
> nthyear relativeyear_cohort"

added macro:
                e(mod) : "rice_prod_aclvl_ahigh"

added macro:
           e(controls) : "pooled"

. 
. local outbase ///
>     "${tables}/_app_17_5km_fe12_evst_all${sample}_rural${ster_suffix}"

. estwrite `estimate_names' using "`outbase'.ster", replace
(saving evreg1)
(saving evreg2)
(file /users/aquisper/proj_bureaucrats_farms/code/_stacked_downup_replication/.
> ./../tables/_app_17_5km_fe12_evst_all_rural.ster saved)

. estsave_csv `estimate_names' using "`outbase'.csv", replace
(15 missing values generated)
(15 missing values generated)
(15 missing values generated)
(15 missing values generated)
(15 missing values generated)
(15 missing values generated)
(15 missing values generated)
(15 missing values generated)
(15 missing values generated)
(15 missing values generated)
(15 missing values generated)
(15 missing values generated)
(15 missing values generated)
(15 missing values generated)
(15 missing values generated)
(15 missing values generated)
(15 missing values generated)
(29 missing values generated)
(29 missing values generated)
(29 missing values generated)
(29 missing values generated)
(29 missing values generated)
(29 missing values generated)
(29 missing values generated)
(29 missing values generated)
(29 missing values generated)
(29 missing values generated)
(29 missing values generated)
(29 missing values generated)
(29 missing values generated)
(29 missing values generated)
(29 missing values generated)
(29 missing values generated)
(29 missing values generated)
(29 missing values generated)
(29 missing values generated)
(29 missing values generated)
(29 missing values generated)
(29 missing values generated)
(29 missing values generated)
(29 missing values generated)
(29 missing values generated)
(29 missing values generated)
(29 missing values generated)
(29 missing values generated)
(29 missing values generated)
(29 missing values generated)
(29 missing values generated)
Estimates exported to /users/aquisper/proj_bureaucrats_farms/code/_stacked_down
> up_replication/../../tables/_app_17_5km_fe12_evst_all_rural.csv

. confirm file "`outbase'.ster"

. confirm file "`outbase'.csv"

. confirm file "`outbase'_scalars.csv"

. display as result "Saved canonical full-support FE3 protest results: `outbase
> '.ster and .csv"
Saved canonical full-support FE3 protest results: /users/aquisper/proj_bureaucr
> ats_farms/code/_stacked_downup_replication/../../tables/_app_17_5km_fe12_evst
> _all_rural.ster and .csv

. 
. *****************************************************************************
> ***
. 
end of do-file

. 
. display as result "COMPLETED: `dofile' at $S_DATE $S_TIME"
COMPLETED: _app_17_5km_fe12_evst_all.do at 24 Aug 2026 19:25:20

. 
end of do-file
