
  ___  ____  ____  ____  ____ ®
 /__    /   ____/   /   ____/      StataNow 19.5
___/   /   /___/   /   /___/       MP—Parallel Edition

 Statistics and Data Science       Copyright 1985-2025 StataCorp LLC
                                   StataCorp
                                   4905 Lakeway Drive
                                   College Station, Texas 77845 USA
                                   800-782-8272        https://www.stata.com
                                   979-696-4600        service@stata.com

Stata license: 4-user 16-core network, expiring 14 Sep 2026
Serial number: 501909301589
  Licensed to: University of Notre Dame
               Notre Dame, IN 46556

Notes:
      1. Stata is running in batch mode.
      2. Unicode is supported; see help unicode_advice.
      3. More than 2 billion observations are allowed; see help obs_advice.
      4. Maximum number of variables is set to 5,000 but can be increased;
          see help set_maxvar.

. do /users/aquisper/proj_bureaucrats_farms/code/_stacked_downup_replication/sb
> atch/_run_dofile.do 

. *****************************************************************************
> ***
. * Environment bridge: one invocation runs exactly one result-generating dofil
> e.
. *****************************************************************************
> ***
. 
. version 17

. set more off

. 
. local dofile        : environment FARMS_DOFILE

. local root          : environment FARMS_ROOT

. local code          : environment FARMS_CODE

. local location      : environment FARMS_LOCATION

. local sample        : environment FARMS_SAMPLE

. local is_rural_var  : environment FARMS_RURAL_VAR

. local fe_list       : environment FARMS_FE_LIST

. local ster_suffix   : environment FARMS_STER_SUFFIX

. local downup_var    : environment FARMS_DOWNUP_VAR

. local stacked_file  : environment FARMS_STACKED_FILE

. local did_output    : environment FARMS_DID_OUTPUT

. local processors    : environment FARMS_CPUS

. 
. if "`processors'" == "" local processors "1"

. set processors `processors'
    The maximum number of processors or cores being used is changed from 16
    to 10.  It can be set to any number between 1 and 16

. 
. if "`dofile'" == "" {
.     display as error "FARMS_DOFILE is empty; use sbatch/run_dofile.sbatch."
.     exit 198
. }

. if "`root'" == "" {
.     display as error "FARMS_ROOT is empty; use sbatch/run_dofile.sbatch."
.     exit 198
. }

. if "`code'" == "" {
.     display as error "FARMS_CODE is empty; use sbatch/run_dofile.sbatch."
.     exit 198
. }

. 
. if "`sample'" == "none" local sample ""

. if "`ster_suffix'" == "none" local ster_suffix ""

. if "`downup_var'" == "none" local downup_var ""

. if "`stacked_file'" == "none" local stacked_file ""

. if "`did_output'" == "none" local did_output ""

. 
. global root          "`root'"

. global code          "`code'"

. global location      "`location'"

. global sample        "`sample'"

. global is_rural_var  "`is_rural_var'"

. global fe_list       "`fe_list'"

. global ster_suffix   "`ster_suffix'"

. global downup_var    "`downup_var'"

. global stacked_file  "`stacked_file'"

. global did_output    "`did_output'"

. 
. global int_data    "${root}/data_output/intermediate"

. global int_farms   "${int_data}"

. global tables      "${root}/tex/paper/tables"

. global table_farms "${tables}"

. global figures     "${root}/tex/paper/figures"

. global figure_farms "${figures}"

. 
. capture mkdir "${root}/tex"

. capture mkdir "${root}/tex/paper"

. capture mkdir "${tables}"

. capture mkdir "${figures}"

. capture mkdir "${code}/logs"

. 
. adopath ++ "${code}"
  [1]              "/users/aquisper/proj_bureaucrats_farms/code/_stacked_downup
> _replication"
  [2]  (BASE)      "/software/s/stata/19.5/ado/base/"
  [3]  (SITE)      "/software/s/stata/ado/"
  [4]              "."
  [5]  (PERSONAL)  "~/ado/personal/"
  [6]  (PLUS)      "~/ado/plus/"
  [7]  (OLDPLACE)  "~/ado/"

. capture noisily do "${code}/estsave_csv.ado"

. *! estsave_csv v1.2 - Export stored estimates and covariance matrices to CSV
. program define estsave_csv
  1.     version 14.0
  2.     syntax namelist using/, [replace append]
  3. 
.     local outfile `"`using'"'
  4.     tempfile coef_all coef_cur scalar_all scalar_cur
  5.     local first = 1
  6. 
.     foreach est of local namelist {
  7.         quietly estimates restore `est'
  8.         matrix b = e(b)
  9.         matrix V = e(V)
 10.         local k = colsof(b)
 11.         local cnames : colfullnames b
 12. 
.         preserve
 13.         clear
 14.         quietly set obs `k'
 15.         gen strL reg = "`est'"
 16.         gen strL var = ""
 17.         gen double beta = .
 18.         capture local ymean_val `"`e(ymean)'"'
 19.         if !_rc & `"`ymean_val'"' != "" gen strL ymean = `"`ymean_val'"'
 20.         else gen strL ymean = ""
 21. 
.         forvalues j = 1/`k' {
 22.             local nm : word `j' of `cnames'
 23.             quietly replace var = "`nm'" in `j'
 24.             quietly replace beta = b[1, `j'] in `j'
 25.             gen double cov`j' = .
 26.         }
 27.         forvalues i = 1/`k' {
 28.             forvalues j = 1/`k' {
 29.                 quietly replace cov`j' = V[`i', `j'] in `i'
 30.             }
 31.         }
 32.         quietly save `coef_cur', replace
 33.         if `first' quietly save `coef_all', replace
 34.         else {
 35.             quietly use `coef_all', clear
 36.             quietly append using `coef_cur'
 37.             quietly save `coef_all', replace
 38.         }
 39.         restore
 40. 
.         preserve
 41.         clear
 42.         quietly set obs 1
 43.         gen strL reg = "`est'"
 44.         local escalars : e(scalars)
 45.         foreach sc of local escalars {
 46.             local scval = e(`sc')
 47.             local safe = subinstr("`sc'", "-", "_", .)
 48.             capture gen double `safe' = `scval'
 49.             if _rc capture gen double sc_`safe' = `scval'
 50.         }
 51.         local emacros : e(macros)
 52.         foreach mc of local emacros {
 53.             capture local mcval `"`e(`mc')'"'
 54.             if !_rc & `"`mcval'"' != "" {
 55.                 if strlen(`"`mcval'"') > 244 local mcval = substr(`"`mcval
> '"', 1, 244)
 56.                 local safe = subinstr("`mc'", "-", "_", .)
 57.                 capture gen strL `safe' = `"`mcval'"'
 58.                 if _rc capture gen strL mc_`safe' = `"`mcval'"'
 59.             }
 60.         }
 61.         quietly save `scalar_cur', replace
 62.         if `first' {
 63.             quietly save `scalar_all', replace
 64.             local first = 0
 65.         }
 66.         else {
 67.             quietly use `scalar_all', clear
 68.             quietly append using `scalar_cur'
 69.             quietly save `scalar_all', replace
 70.         }
 71.         restore
 72.     }
 73. 
.     local basefile = subinstr(`"`outfile'"', ".csv", "", .)
 74.     quietly use `coef_all', clear
 75.     order reg var beta ymean
 76.     quietly export delimited using "`basefile'.csv", `replace' `append'
 77.     quietly use `scalar_all', clear
 78.     quietly export delimited using "`basefile'_scalars.csv", `replace' `ap
> pend'
 79.     display as result "Estimates exported to `basefile'.csv"
 80. end

. 
. 
end of do-file

. capture noisily do "${code}/estload_csv.ado"

. *! estload_csv v1.0 - Reconstruct estimate objects exported by estsave_csv
. program define estload_csv
  1.     version 14.0
  2.     syntax using/
  3. 
.     local infile `"`using'"'
  4.     local basefile = subinstr(`"`infile'"', ".csv", "", .)
  5.     preserve
  6.     quietly import delimited using "`basefile'.csv", clear varnames(1)
  7.     quietly levelsof reg, local(regs)
  8. 
.     foreach r of local regs {
  9.         preserve
 10.         quietly keep if reg == "`r'"
 11.         local k = _N
 12.         matrix b = J(1, `k', .)
 13.         matrix V = J(`k', `k', .)
 14.         local varnames ""
 15.         forvalues i = 1/`k' {
 16.             local vname = var[`i']
 17.             local varnames `"`varnames' `vname'"'
 18.             matrix b[1, `i'] = beta[`i']
 19.             forvalues j = 1/`k' {
 20.                 matrix V[`i', `j'] = cov`j'[`i']
 21.             }
 22.         }
 23.         matrix colnames b = `varnames'
 24.         matrix rownames V = `varnames'
 25.         matrix colnames V = `varnames'
 26.         restore, preserve
 27.         quietly ereturn post b V
 28.         estimates store `r'
 29.         display as text "Loaded estimate: `r'"
 30.     }
 31.     restore
 32. end

. 
. 
end of do-file

. 
. display "============================================================"
============================================================

. display "Independent dofile job: `dofile'"
Independent dofile job: _main_4_protest_5km_fe12_did_downup.do

. display "Data/output root: ${root}"
Data/output root: /groups/sgulzar/sa_fires/proj_bureaucrats_farms

. display "Code root: ${code}"
Code root: /users/aquisper/proj_bureaucrats_farms/code/_stacked_downup_replicat
> ion

. display "Sample: ${sample}; rural: ${is_rural_var}; FE: ${fe_list}"
Sample: ; rural: is_rural; FE: 1/3

. display "Suffix: ${ster_suffix}; moderator: ${downup_var}"
Suffix: ; moderator: downup_ac

. display "Stata processors: " c(processors)
Stata processors: 10

. display "============================================================"
============================================================

. 
. do "${code}/`dofile'"

. *****************************************************************************
> ***
. * Protest DiD with down/up interaction, using stacked_data_protest5km.csv
. *****************************************************************************
> ***
. 
. if "$root" == "" {
.     clear all
.     set more off
.     * Standalone defaults for the five sbatch-array parameters.
.     global location     "shell"
.     global sample       ""
.     global is_rural_var "is_rural"
.     global fe_list      "1/3"
.     global ster_suffix  ""
.     global shell "/groups/sgulzar/sa_fires/proj_bureaucrats_farms"
.     global dbox  "/Users/anzony.quisperojas/Library/CloudStorage/Dropbox/sa_f
> ires/proj_bureaucrats_farms"
.     if "$location" == "dbox" {
.         global root "$dbox"
.     }
.     else {
.         global root "$shell"
.     }
. }

. if "$downup_var" == "" {
.     global downup_var "downup_ac"
. }

. 
. global int_data "${root}/data_output/intermediate"

. global tables   "${root}/tex/paper/tables"

. 
. import delimited using "${int_data}/stacked_data_protest5km${sample}.csv", //
> /
>     clear varnames(1)
(encoding automatically selected: ISO-8859-1)
(22 vars, 257,040,986 obs)

. capture confirm variable relative_year_bin

. if _rc {
.     rename relative_year relative_year_bin
. }

. * Always express the fire-count outcome in thousands.
. capture drop countk

. gen countk = count * 1000

. 
. merge m:1 unique_small_grid_id using ///
>     "${int_data}/ghs_grid_classification_2000.dta", ///
>     keep(master match) keepusing(is_rural)

    Result                      Number of obs
    -----------------------------------------
    Not matched                             0
    Matched                       257,040,986  (_merge==3)
    -----------------------------------------

. drop _merge

. keep if ${is_rural_var} == 1
(56,924,924 observations deleted)

. keep if year < 2022 | (year == 2022 & month <= 8)
(36,592,248 observations deleted)

. 
. egen unique_small_grid_id_cohort = group(unique_small_grid_id cohort)

. egen province_cohort = group(province cohort)

. egen ac_elec_yr = group(ac_uq_id election_year cohort)

. gen post_ = relative_year_bin >= 0

. gen moderator = 0

. 
. local fe1 "unique_small_grid_id_cohort relative_year_bin"

. local fe2 "unique_small_grid_id_cohort relative_year_bin province_cohort#elec
> tion_year"

. local fe3 "unique_small_grid_id_cohort relative_year_bin province_cohort#elec
> tion_year province_cohort#c.monthyear"

. local moderators_list moderator ${downup_var}

. egen tag_ac = tag(ac_uq_id)

. count if tag_ac == 1
  808

. local numacs = r(N)

. 
. est clear

. local i = 1

. foreach mod of local moderators_list {
  2.     replace moderator = `mod'
  3.     local rhs "ib0.post_##ib0.treat##ib0.`mod' wind_direction av_wind_spee
> d"
  4.     quietly summarize countk if treat == 1 & relative_year_bin <= -1
  5.     local ymean = r(mean)
  6.     quietly summarize countk if treat == 1 & relative_year_bin <= -1 & mod
> erator == 1
  7.     local ymean2 = r(mean)
  8.     foreach fe of numlist $fe_list {
  9.         reghdfejl countk `rhs', absorb(`fe`fe'') vce(cluster ac_elec_yr)
 10.         estadd scalar ymean = `ymean'
 11.         estadd scalar ymean2 = `ymean2'
 12.         estadd scalar acq = `numacs'
 13.         estadd local smpl "Rural"
 14.         estadd local gridfe "Y"
 15.         estadd local time "Y"
 16.         local election_label = cond(`fe' >= 2, "Y", "N")
 17.         local provtrend_label = cond(`fe' == 3, "Y", "N")
 18.         estadd local electionfe "`election_label'"
 19.         estadd local provtrendfe "`provtrend_label'"
 20.         estadd local mod "`mod'"
 21.         local estname evreg`i'
 22.         local i = `i' + 1
 23.         est store `estname'
 24.     }
 25. }
(0 real changes made)
(MWFE estimator converged in 6 iterations)

HDFE linear regression with Julia                 Number of obs   =  163523814
Absorbing 2 HDFE groups                           F(   3,  45697) =    2346.78
Statistics cluster-robust                         Prob > F        =     0.0000
                                                  R-squared       =     0.1053
                                                  Adj R-squared   =     0.0977
Number of clusters (ac_elec_yr) =      45697      Within R-sq.    =     0.0067
                                                  Root MSE        =   886.7144

                        (Std. err. adjusted for 45,697 clusters in ac_elec_yr)
------------------------------------------------------------------------------
             |               Robust
      countk | Coefficient  std. err.      t    P>|t|     [95% conf. interval]
-------------+----------------------------------------------------------------
     1.post_ |          0  (omitted)
     1.treat |          0  (omitted)
wind_direc~n |  -.7264206   .0098357   -73.86   0.000    -.7456987   -.7071426
av_wind_sp~d |   64.39769   1.251594    51.45   0.000     61.94454    66.85083
             |
 post_#treat |
        1 1  |   15.61409   11.92396     1.31   0.190    -7.757055    38.98523
------------------------------------------------------------------------------

added scalar:
              e(ymean) =  446.2126

added scalar:
             e(ymean2) =  .

added scalar:
                e(acq) =  808

added macro:
               e(smpl) : "Rural"

added macro:
             e(gridfe) : "Y"

added macro:
               e(time) : "Y"

added macro:
         e(electionfe) : "N"

added macro:
        e(provtrendfe) : "N"

added macro:
                e(mod) : "moderator"
(MWFE estimator converged in 17 iterations)

HDFE linear regression with Julia                 Number of obs   =  163523814
Absorbing 3 HDFE groups                           F(   3,  45697) =    2259.19
Statistics cluster-robust                         Prob > F        =     0.0000
                                                  R-squared       =     0.1060
                                                  Adj R-squared   =     0.0985
Number of clusters (ac_elec_yr) =      45697      Within R-sq.    =     0.0066
                                                  Root MSE        =   886.3389

                        (Std. err. adjusted for 45,697 clusters in ac_elec_yr)
------------------------------------------------------------------------------
             |               Robust
      countk | Coefficient  std. err.      t    P>|t|     [95% conf. interval]
-------------+----------------------------------------------------------------
     1.post_ |          0  (omitted)
     1.treat |          0  (omitted)
wind_direc~n |  -.7245593   .0099108   -73.11   0.000    -.7439846    -.705134
av_wind_sp~d |   64.80362   1.267811    51.11   0.000     62.31868    67.28855
             |
 post_#treat |
        1 1  |   82.42392   10.92029     7.55   0.000     61.01998    103.8279
------------------------------------------------------------------------------

added scalar:
              e(ymean) =  446.2126

added scalar:
             e(ymean2) =  .

added scalar:
                e(acq) =  808

added macro:
               e(smpl) : "Rural"

added macro:
             e(gridfe) : "Y"

added macro:
               e(time) : "Y"

added macro:
         e(electionfe) : "Y"

added macro:
        e(provtrendfe) : "N"

added macro:
                e(mod) : "moderator"
(MWFE estimator converged in 51 iterations)

HDFE linear regression with Julia                 Number of obs   =  163523814
Absorbing 4 HDFE groups                           F(   3,  45697) =    2261.01
Statistics cluster-robust                         Prob > F        =     0.0000
                                                  R-squared       =     0.1060
                                                  Adj R-squared   =     0.0985
Number of clusters (ac_elec_yr) =      45697      Within R-sq.    =     0.0066
                                                  Root MSE        =   886.3420

                        (Std. err. adjusted for 45,697 clusters in ac_elec_yr)
------------------------------------------------------------------------------
             |               Robust
      countk | Coefficient  std. err.      t    P>|t|     [95% conf. interval]
-------------+----------------------------------------------------------------
     1.post_ |          0  (omitted)
     1.treat |          0  (omitted)
wind_direc~n |  -.7240406   .0099018   -73.12   0.000    -.7434484   -.7046328
av_wind_sp~d |   65.26679   1.271731    51.32   0.000     62.77418     67.7594
             |
 post_#treat |
        1 1  |   74.02247   10.81274     6.85   0.000     52.82931    95.21562
------------------------------------------------------------------------------

added scalar:
              e(ymean) =  446.2126

added scalar:
             e(ymean2) =  .

added scalar:
                e(acq) =  808

added macro:
               e(smpl) : "Rural"

added macro:
             e(gridfe) : "Y"

added macro:
               e(time) : "Y"

added macro:
         e(electionfe) : "Y"

added macro:
        e(provtrendfe) : "Y"

added macro:
                e(mod) : "moderator"
(83,083,671 real changes made)
(MWFE estimator converged in 6 iterations)

HDFE linear regression with Julia                 Number of obs   =  163523814
Absorbing 2 HDFE groups                           F(   7,  45697) =    1009.12
Statistics cluster-robust                         Prob > F        =     0.0000
                                                  R-squared       =     0.1053
                                                  Adj R-squared   =     0.0977
Number of clusters (ac_elec_yr) =      45697      Within R-sq.    =     0.0067
                                                  Root MSE        =   886.7104

                        (Std. err. adjusted for 45,697 clusters in ac_elec_yr)
------------------------------------------------------------------------------
             |               Robust
      countk | Coefficient  std. err.      t    P>|t|     [95% conf. interval]
-------------+----------------------------------------------------------------
     1.post_ |          0  (omitted)
     1.treat |          0  (omitted)
 1.downup_ac |   6.067055   .6158246     9.85   0.000     4.860029    7.274081
wind_direc~n |  -.7266004   .0098367   -73.87   0.000    -.7458804   -.7073203
av_wind_sp~d |   64.35565   1.251339    51.43   0.000     61.90301     66.8083
             |
 post_#treat |
        1 1  |   18.86219   15.63749     1.21   0.228    -11.78754    49.51192
             |
       post_#|
   downup_ac |
        1 1  |   .2357803   .9246273     0.26   0.799    -1.576504    2.048065
             |
       treat#|
   downup_ac |
        1 1  |  -17.45136   18.62197    -0.94   0.349    -53.95072      19.048
             |
 post_#treat#|
   downup_ac |
      1 1 1  |  -6.595605   22.15607    -0.30   0.766    -50.02186    36.83065
------------------------------------------------------------------------------

added scalar:
              e(ymean) =  446.2126

added scalar:
             e(ymean2) =  439.72235

added scalar:
                e(acq) =  808

added macro:
               e(smpl) : "Rural"

added macro:
             e(gridfe) : "Y"

added macro:
               e(time) : "Y"

added macro:
         e(electionfe) : "N"

added macro:
        e(provtrendfe) : "N"

added macro:
                e(mod) : "downup_ac"
(MWFE estimator converged in 17 iterations)

HDFE linear regression with Julia                 Number of obs   =  163523814
Absorbing 3 HDFE groups                           F(   7,  45697) =     971.52
Statistics cluster-robust                         Prob > F        =     0.0000
                                                  R-squared       =     0.1060
                                                  Adj R-squared   =     0.0985
Number of clusters (ac_elec_yr) =      45697      Within R-sq.    =     0.0066
                                                  Root MSE        =   886.3351

                        (Std. err. adjusted for 45,697 clusters in ac_elec_yr)
------------------------------------------------------------------------------
             |               Robust
      countk | Coefficient  std. err.      t    P>|t|     [95% conf. interval]
-------------+----------------------------------------------------------------
     1.post_ |          0  (omitted)
     1.treat |          0  (omitted)
 1.downup_ac |   5.927158    .614817     9.64   0.000     4.722107     7.13221
wind_direc~n |  -.7247312   .0099117   -73.12   0.000    -.7441584   -.7053041
av_wind_sp~d |   64.76474   1.267557    51.09   0.000     62.28031    67.24918
             |
 post_#treat |
        1 1  |   85.29619   14.76442     5.78   0.000      56.3577    114.2347
             |
       post_#|
   downup_ac |
        1 1  |    .064948   .9256778     0.07   0.944    -1.749395    1.879291
             |
       treat#|
   downup_ac |
        1 1  |  -17.05113   18.53895    -0.92   0.358    -53.38777    19.28551
             |
 post_#treat#|
   downup_ac |
      1 1 1  |  -5.886056   21.59003    -0.27   0.785    -48.20286    36.43074
------------------------------------------------------------------------------

added scalar:
              e(ymean) =  446.2126

added scalar:
             e(ymean2) =  439.72235

added scalar:
                e(acq) =  808

added macro:
               e(smpl) : "Rural"

added macro:
             e(gridfe) : "Y"

added macro:
               e(time) : "Y"

added macro:
         e(electionfe) : "Y"

added macro:
        e(provtrendfe) : "N"

added macro:
                e(mod) : "downup_ac"
(MWFE estimator converged in 51 iterations)

HDFE linear regression with Julia                 Number of obs   =  163523814
Absorbing 4 HDFE groups                           F(   7,  45697) =     972.25
Statistics cluster-robust                         Prob > F        =     0.0000
                                                  R-squared       =     0.1060
                                                  Adj R-squared   =     0.0985
Number of clusters (ac_elec_yr) =      45697      Within R-sq.    =     0.0066
                                                  Root MSE        =   886.3382

                        (Std. err. adjusted for 45,697 clusters in ac_elec_yr)
------------------------------------------------------------------------------
             |               Robust
      countk | Coefficient  std. err.      t    P>|t|     [95% conf. interval]
-------------+----------------------------------------------------------------
     1.post_ |          0  (omitted)
     1.treat |          0  (omitted)
 1.downup_ac |   5.922872   .6147583     9.63   0.000     4.717936    7.127808
wind_direc~n |  -.7242118   .0099028   -73.13   0.000    -.7436214   -.7048021
av_wind_sp~d |   65.22848   1.271473    51.30   0.000     62.73637    67.72059
             |
 post_#treat |
        1 1  |   76.77428   14.69225     5.23   0.000     47.97724    105.5713
             |
       post_#|
   downup_ac |
        1 1  |   .0777973   .9262811     0.08   0.933    -1.737728    1.893323
             |
       treat#|
   downup_ac |
        1 1  |  -17.08293   18.52797    -0.92   0.357    -53.39805    19.23219
             |
 post_#treat#|
   downup_ac |
      1 1 1  |  -5.621422   21.67295    -0.26   0.795    -48.10076    36.85791
------------------------------------------------------------------------------

added scalar:
              e(ymean) =  446.2126

added scalar:
             e(ymean2) =  439.72235

added scalar:
                e(acq) =  808

added macro:
               e(smpl) : "Rural"

added macro:
             e(gridfe) : "Y"

added macro:
               e(time) : "Y"

added macro:
         e(electionfe) : "Y"

added macro:
        e(provtrendfe) : "Y"

added macro:
                e(mod) : "downup_ac"

. 
. estwrite evreg* using ///
>     "${tables}/_main_4_protest_5km_fe12_did_downup${sample}_rural${ster_suffi
> x}.ster", replace
(saving evreg1)
(saving evreg2)
(saving evreg3)
(saving evreg4)
(saving evreg5)
(saving evreg6)
(file /groups/sgulzar/sa_fires/proj_bureaucrats_farms/tex/paper/tables/_main_4_
> protest_5km_fe12_did_downup_rural.ster saved)

. 
. *****************************************************************************
> ***
. 
end of do-file

. 
. display as result "COMPLETED: `dofile' at $S_DATE $S_TIME"
COMPLETED: _main_4_protest_5km_fe12_did_downup.do at  6 Aug 2026 09:56:58

. 
end of do-file
