
  ___  ____  ____  ____  ____ ®
 /__    /   ____/   /   ____/      StataNow 19.5
___/   /   /___/   /   /___/       MP—Parallel Edition

 Statistics and Data Science       Copyright 1985-2025 StataCorp LLC
                                   StataCorp
                                   4905 Lakeway Drive
                                   College Station, Texas 77845 USA
                                   800-782-8272        https://www.stata.com
                                   979-696-4600        service@stata.com

Stata license: 4-user 16-core network, expiring 14 Sep 2026
Serial number: 501909301589
  Licensed to: University of Notre Dame
               Notre Dame, IN 46556

Notes:
      1. Stata is running in batch mode.
      2. Unicode is supported; see help unicode_advice.
      3. More than 2 billion observations are allowed; see help obs_advice.
      4. Maximum number of variables is set to 5,000 but can be increased;
          see help set_maxvar.

. do /users/aquisper/proj_bureaucrats_farms/code/_stacked_downup_replication/sb
> atch/_run_dofile.do 

. *****************************************************************************
> ***
. * Environment bridge: one invocation runs exactly one result-generating dofil
> e.
. *****************************************************************************
> ***
. 
. version 17

. set more off

. 
. local dofile        : environment FARMS_DOFILE

. local root          : environment FARMS_ROOT

. local code          : environment FARMS_CODE

. local location      : environment FARMS_LOCATION

. local sample        : environment FARMS_SAMPLE

. local is_rural_var  : environment FARMS_RURAL_VAR

. local fe_list       : environment FARMS_FE_LIST

. local ster_suffix   : environment FARMS_STER_SUFFIX

. local downup_var    : environment FARMS_DOWNUP_VAR

. local stacked_file  : environment FARMS_STACKED_FILE

. local did_output    : environment FARMS_DID_OUTPUT

. local processors    : environment FARMS_CPUS

. 
. if "`processors'" == "" local processors "1"

. set processors `processors'
    The maximum number of processors or cores being used is changed from 16
    to 1.  It can be set to any number between 1 and 16

. 
. if "`dofile'" == "" {
.     display as error "FARMS_DOFILE is empty; use sbatch/run_dofile.sbatch."
.     exit 198
. }

. if "`root'" == "" {
.     display as error "FARMS_ROOT is empty; use sbatch/run_dofile.sbatch."
.     exit 198
. }

. if "`code'" == "" {
.     display as error "FARMS_CODE is empty; use sbatch/run_dofile.sbatch."
.     exit 198
. }

. 
. if "`sample'" == "none" local sample ""

. if "`ster_suffix'" == "none" local ster_suffix ""

. if "`downup_var'" == "none" local downup_var ""

. if "`stacked_file'" == "none" local stacked_file ""

. if "`did_output'" == "none" local did_output ""

. 
. global root          "`root'"

. global code          "`code'"

. global location      "`location'"

. global sample        "`sample'"

. global is_rural_var  "`is_rural_var'"

. global fe_list       "`fe_list'"

. global ster_suffix   "`ster_suffix'"

. global downup_var    "`downup_var'"

. global stacked_file  "`stacked_file'"

. global did_output    "`did_output'"

. 
. global int_data    "${root}/data_output/intermediate"

. global int_farms   "${int_data}"

. global tables      "${code}/../../tables"

. global table_farms "${tables}"

. global figures     "${code}/../../figures"

. global figure_farms "${figures}"

. 
. capture mkdir "${tables}"

. capture mkdir "${figures}"

. capture mkdir "${code}/logs"

. 
. adopath ++ "${code}"
  [1]              "/users/aquisper/proj_bureaucrats_farms/code/_stacked_downup
> _replication"
  [2]  (BASE)      "/software/s/stata/19.5/ado/base/"
  [3]  (SITE)      "/software/s/stata/ado/"
  [4]              "."
  [5]  (PERSONAL)  "~/ado/personal/"
  [6]  (PLUS)      "~/ado/plus/"
  [7]  (OLDPLACE)  "~/ado/"

. capture noisily do "${code}/estsave_csv.ado"

. *! estsave_csv v1.2 - Export stored estimates and covariance matrices to CSV
. program define estsave_csv
  1.     version 14.0
  2.     syntax namelist using/, [replace append]
  3. 
.     local outfile `"`using'"'
  4.     tempfile coef_all coef_cur scalar_all scalar_cur
  5.     local first = 1
  6. 
.     foreach est of local namelist {
  7.         quietly estimates restore `est'
  8.         matrix b = e(b)
  9.         matrix V = e(V)
 10.         local k = colsof(b)
 11.         local cnames : colfullnames b
 12. 
.         preserve
 13.         clear
 14.         quietly set obs `k'
 15.         gen strL reg = "`est'"
 16.         gen strL var = ""
 17.         gen double beta = .
 18.         capture local ymean_val `"`e(ymean)'"'
 19.         if !_rc & `"`ymean_val'"' != "" gen strL ymean = `"`ymean_val'"'
 20.         else gen strL ymean = ""
 21. 
.         forvalues j = 1/`k' {
 22.             local nm : word `j' of `cnames'
 23.             quietly replace var = "`nm'" in `j'
 24.             quietly replace beta = b[1, `j'] in `j'
 25.             gen double cov`j' = .
 26.         }
 27.         forvalues i = 1/`k' {
 28.             forvalues j = 1/`k' {
 29.                 quietly replace cov`j' = V[`i', `j'] in `i'
 30.             }
 31.         }
 32.         quietly save `coef_cur', replace
 33.         if `first' quietly save `coef_all', replace
 34.         else {
 35.             quietly use `coef_all', clear
 36.             quietly append using `coef_cur'
 37.             quietly save `coef_all', replace
 38.         }
 39.         restore
 40. 
.         preserve
 41.         clear
 42.         quietly set obs 1
 43.         gen strL reg = "`est'"
 44.         local escalars : e(scalars)
 45.         foreach sc of local escalars {
 46.             local scval = e(`sc')
 47.             local safe = subinstr("`sc'", "-", "_", .)
 48.             capture gen double `safe' = `scval'
 49.             if _rc capture gen double sc_`safe' = `scval'
 50.         }
 51.         local emacros : e(macros)
 52.         foreach mc of local emacros {
 53.             capture local mcval `"`e(`mc')'"'
 54.             if !_rc & `"`mcval'"' != "" {
 55.                 if strlen(`"`mcval'"') > 244 local mcval = substr(`"`mcval
> '"', 1, 244)
 56.                 local safe = subinstr("`mc'", "-", "_", .)
 57.                 capture gen strL `safe' = `"`mcval'"'
 58.                 if _rc capture gen strL mc_`safe' = `"`mcval'"'
 59.             }
 60.         }
 61.         quietly save `scalar_cur', replace
 62.         if `first' {
 63.             quietly save `scalar_all', replace
 64.             local first = 0
 65.         }
 66.         else {
 67.             quietly use `scalar_all', clear
 68.             quietly append using `scalar_cur'
 69.             quietly save `scalar_all', replace
 70.         }
 71.         restore
 72.     }
 73. 
.     local basefile = subinstr(`"`outfile'"', ".csv", "", .)
 74.     quietly use `coef_all', clear
 75.     order reg var beta ymean
 76.     quietly export delimited using "`basefile'.csv", `replace' `append'
 77.     quietly use `scalar_all', clear
 78.     quietly export delimited using "`basefile'_scalars.csv", `replace' `ap
> pend'
 79.     display as result "Estimates exported to `basefile'.csv"
 80. end

. 
. 
end of do-file

. capture noisily do "${code}/estload_csv.ado"

. *! estload_csv v1.0 - Reconstruct estimate objects exported by estsave_csv
. program define estload_csv
  1.     version 14.0
  2.     syntax using/
  3. 
.     local infile `"`using'"'
  4.     local basefile = subinstr(`"`infile'"', ".csv", "", .)
  5.     preserve
  6.     quietly import delimited using "`basefile'.csv", clear varnames(1)
  7.     quietly levelsof reg, local(regs)
  8. 
.     foreach r of local regs {
  9.         preserve
 10.         quietly keep if reg == "`r'"
 11.         local k = _N
 12.         matrix b = J(1, `k', .)
 13.         matrix V = J(`k', `k', .)
 14.         local varnames ""
 15.         forvalues i = 1/`k' {
 16.             local vname = var[`i']
 17.             local varnames `"`varnames' `vname'"'
 18.             matrix b[1, `i'] = beta[`i']
 19.             forvalues j = 1/`k' {
 20.                 matrix V[`i', `j'] = cov`j'[`i']
 21.             }
 22.         }
 23.         matrix colnames b = `varnames'
 24.         matrix rownames V = `varnames'
 25.         matrix colnames V = `varnames'
 26.         restore, preserve
 27.         quietly ereturn post b V
 28.         estimates store `r'
 29.         display as text "Loaded estimate: `r'"
 30.     }
 31.     restore
 32. end

. 
. 
end of do-file

. 
. display "============================================================"
============================================================

. display "Independent dofile job: `dofile'"
Independent dofile job: _app_9_main_did_by_state.do

. display "Data root: ${root}"
Data root: /groups/sgulzar/sa_fires/proj_bureaucrats_farms

. display "Tables output: ${tables}"
Tables output: /users/aquisper/proj_bureaucrats_farms/code/_stacked_downup_repl
> ication/../../tables

. display "Figures output: ${figures}"
Figures output: /users/aquisper/proj_bureaucrats_farms/code/_stacked_downup_rep
> lication/../../figures

. display "Code root: ${code}"
Code root: /users/aquisper/proj_bureaucrats_farms/code/_stacked_downup_replicat
> ion

. display "Sample: ${sample}; rural: ${is_rural_var}; FE: ${fe_list}"
Sample: ; rural: is_rural; FE: 1/4

. display "Suffix: ${ster_suffix}; moderator: ${downup_var}"
Suffix: ; moderator: 

. display "Stata processors: " c(processors)
Stata processors: 1

. display "============================================================"
============================================================

. 
. do "${code}/`dofile'"

. *****************************************************************************
> ***
. * _app_main_did_by_state_rural.do
. * Replicates _app_main_did_by_state.R - RURAL GRIDS ONLY
. * DiD regressions by state/province
. *****************************************************************************
> ***
. 
. *****************************************************************************
> ***
. * Setup - Only set globals if running standalone (not from master)
. *****************************************************************************
> ***
. 
. if "$root" == "" {
.     clear all
.     set more off
. 
.     global location "shell"
.     global sample ""
.     global is_rural_var "is_rural"
.     global fe_list "1/4"
.     global ster_suffix ""
. 
.     global shell "/groups/sgulzar/sa_fires/proj_bureaucrats_farms"
.     global dbox "/Users/anzony.quisperojas/Library/CloudStorage/Dropbox/sa_fi
> res/proj_bureaucrats_farms"
. 
.     if "$location" == "dbox" {
.         global root "$dbox"
.     }
.     else {
.         global root "$shell"
.     }
. }

. 
. cd "${root}"
/groups/sgulzar/sa_fires/proj_bureaucrats_farms

. global int_farms "${root}/data_output/intermediate"

. global table_farms "${code}/../../tables"

. global figure_farms "${code}/../../figures"

. *****************************************************************************
> ***
. * Import Data
. *****************************************************************************
> ***
. 
. import delimited using "${int_farms}/combined_dt_pop${sample}.csv", clear var
> names(1)
(encoding automatically selected: ISO-8859-9)
(20 vars, 95,976,111 obs)

. 
. * Merge with rural classification
. merge m:1 unique_small_grid_id using "${root}/data_output/intermediate/ghs_gr
> id_classification_2000.dta", keepusing(is_rural)

    Result                      Number of obs
    -----------------------------------------
    Not matched                        59,933
        from master                         0  (_merge==1)
        from using                     59,933  (_merge==2)

    Matched                        95,976,111  (_merge==3)
    -----------------------------------------

. keep if _merge == 3
(59,933 observations deleted)

. drop _merge

. 
. * Keep only rural grids
. keep if ${is_rural_var} == 1
(18,997,361 observations deleted)

. 
. display "Observations after rural filter: " _N
Observations after rural filter: 76978750

. 
. * Do not drop grids that intersect more than one assembly constituency.
. * merge m:1 unique_small_grid_id using "${root}/data_output/intermediate/grid
> s_with_more_1_ac.dta"
. * drop if dpl_ac == 1
. * drop _merge
. 
. * Create count in thousands
. capture drop countk

. gen countk = count * 1000

. 
. * Filter data: year < 2022 or (year == 2022 & month <= 8)
. keep if year < 2022 | (year == 2022 & month <= 8)
(13,428,180 observations deleted)

. 
. * Sort data
. sort unique_small_grid_id monthyear

. 
. *****************************************************************************
> ***
. * Encode IDs
. *****************************************************************************
> ***
. 
. capture confirm numeric variable unique_small_grid_id

. if _rc {
.     encode unique_small_grid_id, gen(grid_id)
. }

. else {
.     gen grid_id = unique_small_grid_id
. }

. 
. capture confirm numeric variable ac_uq_id

. if _rc {
.     encode ac_uq_id, gen(ac_id)
. }

. else {
.     gen ac_id = ac_uq_id
. }

. 
. 
. 
. *****************************************************************************
> ***
. * Get list of states (using numeric encoding to handle spaces)
. *****************************************************************************
> ***
. 
. * Encode province to handle names with spaces (like "Uttar Pradesh")
. encode province, gen(province_id)

. label list province_id
province_id:
           1 Bihar
           2 Haryana
           3 Punjab
           4 Uttar Pradesh

. 
. * Get number of states
. summarize province_id

    Variable |        Obs        Mean    Std. dev.       Min        Max
-------------+---------------------------------------------------------
 province_id | 63,550,570    3.339263     1.03005          1          4

. local nstates = r(max)

. display "Number of states: `nstates'"
Number of states: 4

. 
. *****************************************************************************
> ***
. * Run Regressions by State
. *****************************************************************************
> ***
. 
. * FE
. global setfe ac_id#cohort ac_id#monthyear#cohort

. 
. * Controls
. global controls av_wind_speed wind_direction

. 
. * Cluster variables
. global cluster unique_small_grid_id#cohort ac_uq_id#cohort#monthyear

. bys unique_small_grid_id: egen treat_wind = max(downup_ac_pop)

. 
. local i = 1

. local state_labels ""

. 
. forvalues prov_num = 1/`nstates' {
  2. 
.     * Get province name from label
.     local st : label province_id `prov_num'
  3.     display "Running regression for: `st'"
  4. 
.     preserve
  5.     keep if province_id == `prov_num'
  6. 
.     * Count unique ACs for this state
.     egen tag_ac = tag(ac_id)
  7.     count if tag_ac == 1
  8.     local numacs`i' = r(N)
  9. 
.     * Project-standard treated-group pre-treatment means for this state.
.     gen relative_year_bin = floor(relative_monthyear / 12)
 10.     gen moderator = 0
 11.     quietly summarize countk if treat == 1 & relative_year_bin <= -1
 12.     local meandv`i' = r(mean)
 13.     quietly summarize countk if treat == 1 & relative_year_bin <= -1 & mod
> erator == 1
 14.     local meandv2`i' = r(mean)
 15. 
.     * Run regression
.     reghdfejl countk downup_ac_pop $controls, ///
>         absorb(grid_id#cohort ac_id#monthyear#cohort) cluster($cluster)
 16. 
.     * Store statistics
.     estadd local gridfe "Y"
 17.     estadd local acmonthfe "Y"
 18.     estadd scalar ymean = `meandv`i''
 19.     estadd scalar ymean2 = `meandv2`i''
 20.     estadd scalar acq = `numacs`i''
 21. 
.     est store eq`i'
 22. 
.     restore
 23. 
.     * Build state label (clean name for table)
.     local clean_st = subinstr("`st'", "_", " ", .)
 24.     local clean_st = subinstr("`clean_st'", "IND", "", .)
 25.     local state_labels `"`state_labels' "`clean_st'""'
 26. 
.     local i = `i' + 1
 27. }
Running regression for: Bihar
(56,687,085 observations deleted)
  237
(dropped 141159 singleton observations)
(MWFE estimator converged in 36 iterations)

HDFE linear regression with Julia                 Number of obs   =  6,722,326
Absorbing 2 HDFE groups                           F(   3, 336633) =      35.78
Statistics cluster-robust                         Prob > F        =     0.0000
                                                  R-squared       =     0.4365
                                                  Adj R-squared   =     0.3043
Number of clusters (unique_small_grid_id#cohort) =     940430Within R-sq.=     
> 0.0001
Number of clusters (ac_uq_id#cohort#monthyear) =     336633Root MSE=   445.7116

(Std. err. adjusted for 336,633 clusters in unique_small_grid_id#cohort ac_uq_i
> d#cohort#monthyear)
------------------------------------------------------------------------------
             |               Robust
      countk | Coefficient  std. err.      t    P>|t|     [95% conf. interval]
-------------+----------------------------------------------------------------
downup_ac_~p |  -.3845108   2.456556    -0.16   0.876     -5.19929    4.430268
av_wind_sp~d |   113.3346   12.22565     9.27   0.000     89.37267    137.2965
wind_direc~n |   .0344137   .0069575     4.95   0.000     .0207772    .0480501
------------------------------------------------------------------------------

added macro:
             e(gridfe) : "Y"

added macro:
          e(acmonthfe) : "Y"

added scalar:
              e(ymean) =  50.911417

added scalar:
             e(ymean2) =  .

added scalar:
                e(acq) =  237
Running regression for: Haryana
(57,550,210 observations deleted)
  84
(dropped 43986 singleton observations)
(MWFE estimator converged in 34 iterations)

HDFE linear regression with Julia                 Number of obs   =  5,956,374
Absorbing 2 HDFE groups                           F(   3, 290039) =       9.79
Statistics cluster-robust                         Prob > F        =     0.0000
                                                  R-squared       =     0.5293
                                                  Adj R-squared   =     0.4475
Number of clusters (unique_small_grid_id#cohort) =     591817Within R-sq.=     
> 0.0000
Number of clusters (ac_uq_id#cohort#monthyear) =     290039Root MSE=   649.1336

(Std. err. adjusted for 290,039 clusters in unique_small_grid_id#cohort ac_uq_i
> d#cohort#monthyear)
------------------------------------------------------------------------------
             |               Robust
      countk | Coefficient  std. err.      t    P>|t|     [95% conf. interval]
-------------+----------------------------------------------------------------
downup_ac_~p |   10.52589   6.034051     1.74   0.081    -1.300681    22.35246
av_wind_sp~d |  -107.5894   28.55403    -3.77   0.000    -163.5545   -51.62432
wind_direc~n |  -.1332594   .0437749    -3.04   0.002     -.219057   -.0474619
------------------------------------------------------------------------------

added macro:
             e(gridfe) : "Y"

added macro:
          e(acmonthfe) : "Y"

added scalar:
              e(ymean) =  155.02697

added scalar:
             e(ymean2) =  .

added scalar:
                e(acq) =  84
Running regression for: Punjab
(54,151,535 observations deleted)
  107
(dropped 164467 singleton observations)
(MWFE estimator converged in 34 iterations)

HDFE linear regression with Julia                 Number of obs   =  9,234,568
Absorbing 2 HDFE groups                           F(   3, 693591) =      95.41
Statistics cluster-robust                         Prob > F        =     0.0000
                                                  R-squared       =     0.7092
                                                  Adj R-squared   =     0.6568
Number of clusters (unique_small_grid_id#cohort) =     714912Within R-sq.=     
> 0.0001
Number of clusters (ac_uq_id#cohort#monthyear) =     693592Root MSE=  1278.6390

(Std. err. adjusted for 693,592 clusters in unique_small_grid_id#cohort ac_uq_i
> d#cohort#monthyear)
------------------------------------------------------------------------------
             |               Robust
      countk | Coefficient  std. err.      t    P>|t|     [95% conf. interval]
-------------+----------------------------------------------------------------
downup_ac_~p |  -.3399758   7.163209    -0.05   0.962    -14.37963    13.69968
av_wind_sp~d |  -719.5138   42.78509   -16.82   0.000    -803.3712   -635.6564
wind_direc~n |   .0681801   .0266433     2.56   0.010     .0159601    .1204001
------------------------------------------------------------------------------

added macro:
             e(gridfe) : "Y"

added macro:
          e(acmonthfe) : "Y"

added scalar:
              e(ymean) =  764.76871

added scalar:
             e(ymean2) =  .

added scalar:
                e(acq) =  107
Running regression for: Uttar Pradesh
(22,262,880 observations deleted)
  380
(dropped 738946 singleton observations)
(MWFE estimator converged in 37 iterations)

HDFE linear regression with Julia                 Number of obs   = 40,548,744
Absorbing 2 HDFE groups                           F(   3,1581783) =      42.63
Statistics cluster-robust                         Prob > F        =     0.0000
                                                  R-squared       =     0.2803
                                                  Adj R-squared   =     0.1868
Number of clusters (unique_small_grid_id#cohort) =    3081245Within R-sq.=     
> 0.0000
Number of clusters (ac_uq_id#cohort#monthyear) =    1581784Root MSE=   357.4284

(Std. err. adjusted for 1,581,784 clusters in unique_small_grid_id#cohort ac_uq
> _id#cohort#monthyear)
------------------------------------------------------------------------------
             |               Robust
      countk | Coefficient  std. err.      t    P>|t|     [95% conf. interval]
-------------+----------------------------------------------------------------
downup_ac_~p |  -6.051219   1.336196    -4.53   0.000    -8.670117    -3.43232
av_wind_sp~d |  -50.19692   6.877239    -7.30   0.000    -63.67607   -36.71776
wind_direc~n |  -.0302408   .0043396    -6.97   0.000    -.0387463   -.0217352
------------------------------------------------------------------------------

added macro:
             e(gridfe) : "Y"

added macro:
          e(acmonthfe) : "Y"

added scalar:
              e(ymean) =  47.207681

added scalar:
             e(ymean2) =  .

added scalar:
                e(acq) =  380

. 
. local nregs = `i' - 1

. 
. *****************************************************************************
> ***
. * Save ster file
. *****************************************************************************
> ***
. 
. estwrite eq* using ///
>     "${code}/../../tables/_app_9_main_did_by_state${sample}_rural_stacked${st
> er_suffix}.ster", replace
(saving eq1)
(saving eq2)
(saving eq3)
(saving eq4)
(file /users/aquisper/proj_bureaucrats_farms/code/_stacked_downup_replication/.
> ./../tables/_app_9_main_did_by_state_rural_stacked.ster saved)

. 
. display "Ster: ${code}/../../tables/_app_9_main_did_by_state${sample}_rural_s
> tacked${ster_suffix}.ster"
Ster: /users/aquisper/proj_bureaucrats_farms/code/_stacked_downup_replication/.
> ./../tables/_app_9_main_did_by_state_rural_stacked.ster

. 
. *****************************************************************************
> ***
. 
end of do-file

. 
. display as result "COMPLETED: `dofile' at $S_DATE $S_TIME"
COMPLETED: _app_9_main_did_by_state.do at  6 Aug 2026 15:43:48

. 
end of do-file
