
  ___  ____  ____  ____  ____ ®
 /__    /   ____/   /   ____/      StataNow 19.5
___/   /   /___/   /   /___/       MP—Parallel Edition

 Statistics and Data Science       Copyright 1985-2025 StataCorp LLC
                                   StataCorp
                                   4905 Lakeway Drive
                                   College Station, Texas 77845 USA
                                   800-782-8272        https://www.stata.com
                                   979-696-4600        service@stata.com

Stata license: 4-user 16-core network, expiring 14 Sep 2026
Serial number: 501909301589
  Licensed to: University of Notre Dame
               Notre Dame, IN 46556

Notes:
      1. Stata is running in batch mode.
      2. Unicode is supported; see help unicode_advice.
      3. More than 2 billion observations are allowed; see help obs_advice.
      4. Maximum number of variables is set to 5,000 but can be increased;
          see help set_maxvar.

. do /users/aquisper/proj_bureaucrats_farms/code/_stacked_downup_replication/sb
> atch/_run_dofile.do 

. *****************************************************************************
> ***
. * Environment bridge: one invocation runs exactly one result-generating dofil
> e.
. *****************************************************************************
> ***
. 
. version 17

. set more off

. 
. local dofile        : environment FARMS_DOFILE

. local root          : environment FARMS_ROOT

. local code          : environment FARMS_CODE

. local location      : environment FARMS_LOCATION

. local sample        : environment FARMS_SAMPLE

. local is_rural_var  : environment FARMS_RURAL_VAR

. local fe_list       : environment FARMS_FE_LIST

. local ster_suffix   : environment FARMS_STER_SUFFIX

. local downup_var    : environment FARMS_DOWNUP_VAR

. local stacked_file  : environment FARMS_STACKED_FILE

. local did_output    : environment FARMS_DID_OUTPUT

. local processors    : environment FARMS_CPUS

. 
. if "`processors'" == "" local processors "1"

. set processors `processors'
    The maximum number of processors or cores being used is changed from 16
    to 1.  It can be set to any number between 1 and 16

. 
. if "`dofile'" == "" {
.     display as error "FARMS_DOFILE is empty; use sbatch/run_dofile.sbatch."
.     exit 198
. }

. if "`root'" == "" {
.     display as error "FARMS_ROOT is empty; use sbatch/run_dofile.sbatch."
.     exit 198
. }

. if "`code'" == "" {
.     display as error "FARMS_CODE is empty; use sbatch/run_dofile.sbatch."
.     exit 198
. }

. 
. if "`sample'" == "none" local sample ""

. if "`ster_suffix'" == "none" local ster_suffix ""

. if "`downup_var'" == "none" local downup_var ""

. if "`stacked_file'" == "none" local stacked_file ""

. if "`did_output'" == "none" local did_output ""

. 
. global root          "`root'"

. global code          "`code'"

. global location      "`location'"

. global sample        "`sample'"

. global is_rural_var  "`is_rural_var'"

. global fe_list       "`fe_list'"

. global ster_suffix   "`ster_suffix'"

. global downup_var    "`downup_var'"

. global stacked_file  "`stacked_file'"

. global did_output    "`did_output'"

. 
. global int_data    "${root}/data_output/intermediate"

. global int_farms   "${int_data}"

. global tables      "${code}/../../tables"

. global table_farms "${tables}"

. global figures     "${code}/../../figures"

. global figure_farms "${figures}"

. 
. capture mkdir "${tables}"

. capture mkdir "${figures}"

. capture mkdir "${code}/logs"

. 
. adopath ++ "${code}"
  [1]              "/users/aquisper/proj_bureaucrats_farms/code/_stacked_downup
> _replication"
  [2]  (BASE)      "/software/s/stata/19.5/ado/base/"
  [3]  (SITE)      "/software/s/stata/ado/"
  [4]              "."
  [5]  (PERSONAL)  "~/ado/personal/"
  [6]  (PLUS)      "~/ado/plus/"
  [7]  (OLDPLACE)  "~/ado/"

. capture noisily do "${code}/estsave_csv.ado"

. *! estsave_csv v1.2 - Export stored estimates and covariance matrices to CSV
. program define estsave_csv
  1.     version 14.0
  2.     syntax namelist using/, [replace append]
  3. 
.     local outfile `"`using'"'
  4.     tempfile coef_all coef_cur scalar_all scalar_cur
  5.     local first = 1
  6. 
.     foreach est of local namelist {
  7.         quietly estimates restore `est'
  8.         matrix b = e(b)
  9.         matrix V = e(V)
 10.         local k = colsof(b)
 11.         local cnames : colfullnames b
 12. 
.         preserve
 13.         clear
 14.         quietly set obs `k'
 15.         gen strL reg = "`est'"
 16.         gen strL var = ""
 17.         gen double beta = .
 18.         capture local ymean_val `"`e(ymean)'"'
 19.         if !_rc & `"`ymean_val'"' != "" gen strL ymean = `"`ymean_val'"'
 20.         else gen strL ymean = ""
 21. 
.         forvalues j = 1/`k' {
 22.             local nm : word `j' of `cnames'
 23.             quietly replace var = "`nm'" in `j'
 24.             quietly replace beta = b[1, `j'] in `j'
 25.             gen double cov`j' = .
 26.         }
 27.         forvalues i = 1/`k' {
 28.             forvalues j = 1/`k' {
 29.                 quietly replace cov`j' = V[`i', `j'] in `i'
 30.             }
 31.         }
 32.         quietly save `coef_cur', replace
 33.         if `first' quietly save `coef_all', replace
 34.         else {
 35.             quietly use `coef_all', clear
 36.             quietly append using `coef_cur'
 37.             quietly save `coef_all', replace
 38.         }
 39.         restore
 40. 
.         preserve
 41.         clear
 42.         quietly set obs 1
 43.         gen strL reg = "`est'"
 44.         local escalars : e(scalars)
 45.         foreach sc of local escalars {
 46.             local scval = e(`sc')
 47.             local safe = subinstr("`sc'", "-", "_", .)
 48.             capture gen double `safe' = `scval'
 49.             if _rc capture gen double sc_`safe' = `scval'
 50.         }
 51.         local emacros : e(macros)
 52.         foreach mc of local emacros {
 53.             capture local mcval `"`e(`mc')'"'
 54.             if !_rc & `"`mcval'"' != "" {
 55.                 if strlen(`"`mcval'"') > 244 local mcval = substr(`"`mcval
> '"', 1, 244)
 56.                 local safe = subinstr("`mc'", "-", "_", .)
 57.                 capture gen strL `safe' = `"`mcval'"'
 58.                 if _rc capture gen strL mc_`safe' = `"`mcval'"'
 59.             }
 60.         }
 61.         quietly save `scalar_cur', replace
 62.         if `first' {
 63.             quietly save `scalar_all', replace
 64.             local first = 0
 65.         }
 66.         else {
 67.             quietly use `scalar_all', clear
 68.             quietly append using `scalar_cur'
 69.             quietly save `scalar_all', replace
 70.         }
 71.         restore
 72.     }
 73. 
.     local basefile = subinstr(`"`outfile'"', ".csv", "", .)
 74.     quietly use `coef_all', clear
 75.     order reg var beta ymean
 76.     quietly export delimited using "`basefile'.csv", `replace' `append'
 77.     quietly use `scalar_all', clear
 78.     quietly export delimited using "`basefile'_scalars.csv", `replace' `ap
> pend'
 79.     display as result "Estimates exported to `basefile'.csv"
 80. end

. 
. 
end of do-file

. capture noisily do "${code}/estload_csv.ado"

. *! estload_csv v1.0 - Reconstruct estimate objects exported by estsave_csv
. program define estload_csv
  1.     version 14.0
  2.     syntax using/
  3. 
.     local infile `"`using'"'
  4.     local basefile = subinstr(`"`infile'"', ".csv", "", .)
  5.     preserve
  6.     quietly import delimited using "`basefile'.csv", clear varnames(1)
  7.     quietly levelsof reg, local(regs)
  8. 
.     foreach r of local regs {
  9.         preserve
 10.         quietly keep if reg == "`r'"
 11.         local k = _N
 12.         matrix b = J(1, `k', .)
 13.         matrix V = J(`k', `k', .)
 14.         local varnames ""
 15.         forvalues i = 1/`k' {
 16.             local vname = var[`i']
 17.             local varnames `"`varnames' `vname'"'
 18.             matrix b[1, `i'] = beta[`i']
 19.             forvalues j = 1/`k' {
 20.                 matrix V[`i', `j'] = cov`j'[`i']
 21.             }
 22.         }
 23.         matrix colnames b = `varnames'
 24.         matrix rownames V = `varnames'
 25.         matrix colnames V = `varnames'
 26.         restore, preserve
 27.         quietly ereturn post b V
 28.         estimates store `r'
 29.         display as text "Loaded estimate: `r'"
 30.     }
 31.     restore
 32. end

. 
. 
end of do-file

. 
. display "============================================================"
============================================================

. display "Independent dofile job: `dofile'"
Independent dofile job: _main_2_stacked_event_study_5pre.do

. display "Data root: ${root}"
Data root: /groups/sgulzar/sa_fires/proj_bureaucrats_farms

. display "Tables output: ${tables}"
Tables output: /users/aquisper/proj_bureaucrats_farms/code/_stacked_downup_repl
> ication/../../tables

. display "Figures output: ${figures}"
Figures output: /users/aquisper/proj_bureaucrats_farms/code/_stacked_downup_rep
> lication/../../figures

. display "Code root: ${code}"
Code root: /users/aquisper/proj_bureaucrats_farms/code/_stacked_downup_replicat
> ion

. display "Sample: ${sample}; rural: ${is_rural_var}; FE: ${fe_list}"
Sample: ; rural: is_rural; FE: 1

. display "Suffix: ${ster_suffix}; moderator: ${downup_var}"
Suffix: ; moderator: 

. display "Stata processors: " c(processors)
Stata processors: 1

. display "============================================================"
============================================================

. 
. do "${code}/`dofile'"

. *****************************************************************************
> ***
. * Population-weighted stacked event study over relative months -6 through 5.
. * Period -1 remains the omitted reference category.
. *****************************************************************************
> ***
. 
. if "$root" == "" {
.     clear all
.     set more off
.     * Standalone defaults for location, sample, rural definition, FE list,
.     * and output suffix. Sbatch wrappers may override all five.
.     global location     "shell"
.     global sample       ""
.     global is_rural_var "is_rural"
.     global fe_list      "1"
.     global ster_suffix  ""
.     global shell "/groups/sgulzar/sa_fires/proj_bureaucrats_farms"
.     global dbox  "/Users/anzony.quisperojas/Library/CloudStorage/Dropbox/sa_f
> ires/proj_bureaucrats_farms"
.     global code_shell "/users/aquisper/proj_bureaucrats_farms/code/_stacked_d
> ownup_replication"
.     global code_dbox  "/Users/anzony.quisperojas/Documents/GitHub/proj_bureau
> crats_farms/code/_stacked_downup_replication"
.     if "$location" == "dbox" {
.         global root "$dbox"
.         global code "$code_dbox"
.     }
.     else {
.         global root "$shell"
.         global code "$code_shell"
.     }
.     quietly do "${code}/estsave_csv.ado"
. }

. 
. global int_data "${root}/data_output/intermediate"

. global tables   "${code}/../../tables"

. 
. import delimited using "${int_data}/combined_dt_pop${sample}.csv", clear varn
> ames(1)
(encoding automatically selected: ISO-8859-9)
(20 vars, 95,976,111 obs)

. keep if inrange(relative_monthyear, -6, 5)
(37,265,924 observations deleted)

. gen relative_year_bin = relative_monthyear

. gen relative_year_bin_aux = relative_year_bin + 7

. local base = 6

. capture drop countk

. gen countk = count * 1000

. 
. merge m:1 unique_small_grid_id using "${int_data}/ghs_grid_classification_200
> 0.dta", ///
>     keep(master match) keepusing(is_rural)

    Result                      Number of obs
    -----------------------------------------
    Not matched                             0
    Matched                        58,710,187  (_merge==3)
    -----------------------------------------

. drop _merge

. keep if ${is_rural_var} == 1
(13,660,220 observations deleted)

. keep if year < 2022 | (year == 2022 & month <= 8)
(8,049,035 observations deleted)

. 
. capture confirm variable rice_prod_aclvl_ahigh

. if _rc {
.     merge m:1 unique_small_grid_id ac_uq_id using ///
>         "${int_data}/rice_moderators.dta", keep(master match) nogen ///
>         keepusing(rice_area_aclvl_ahigh rice_harvarea_aclvl_ahigh rice_prod_a
> clvl_ahigh)
. }

. 
. local dep_var countk

. local fe1 "unique_small_grid_id#cohort ac_uq_id#monthyear#cohort"

. local moderators_list moderator rice_prod_aclvl_ahigh

. * local moderators_list moderator downup_ac rice_area_aclvl_ahigh rice_harvar
> ea_aclvl_ahigh rice_prod_aclvl_ahigh
. gen moderator = 0

. egen tag_ac = tag(ac_uq_id)

. count if tag_ac == 1
  808

. local numacs = r(N)

. 
. est clear

. local i = 1

. local estimate_names ""

. foreach mod of local moderators_list {
  2.     replace moderator = `mod'
  3.     local rhs "ib`base'.relative_year_bin_aux##ib0.treat##ib0.`mod' wind_d
> irection av_wind_speed"
  4.     quietly summarize `dep_var' if treat == 1 & relative_year_bin <= -1
  5.     local ymean = r(mean)
  6.     quietly summarize `dep_var' if treat == 1 & relative_year_bin <= -1 & 
> moderator == 1
  7.     local ymean2 = r(mean)
  8.     foreach fe of numlist $fe_list {
  9.         reghdfejl `dep_var' `rhs', absorb(`fe`fe'') ///
>             cluster(ac_uq_id#cohort#monthyear unique_small_grid_id#cohort)
 10.         estadd scalar ymean = `ymean'
 11.         estadd scalar ymean2 = `ymean2'
 12.         estadd scalar acq = `numacs'
 13.         estadd local smpl "Rural"
 14.         estadd local fespec "fe`fe'"
 15.         estadd local mod "`mod'"
 16.         local estname evreg`i'
 17.         local i = `i' + 1
 18.         est store `estname'
 19.         local estimate_names "`estimate_names' `estname'"
 20.     }
 21. }
(0 real changes made)
(dropped 139049 singleton observations)
(MWFE estimator converged in 27 iterations)

HDFE linear regression with Julia                 Number of obs   = 36,861,883
Absorbing 2 HDFE groups                           F(  13, 931311) =       8.24
Statistics cluster-robust                         Prob > F        =     0.0000
                                                  R-squared       =     0.6770
                                                  Adj R-squared   =     0.6113
Number of clusters (ac_uq_id#cohort#monthyear) =     931312Within R-sq.=     0.
> 0000
Number of clusters (unique_small_grid_id#cohort) =    5293426Root MSE=   643.11
> 02

(Std. err. adjusted for 931,312 clusters in ac_uq_id#cohort#monthyear unique_sm
> all_grid_id#cohort)
------------------------------------------------------------------------------
             |               Robust
      countk | Coefficient  std. err.      t    P>|t|     [95% conf. interval]
-------------+----------------------------------------------------------------
relative_y~x |
          1  |          0  (omitted)
          2  |          0  (omitted)
          3  |          0  (omitted)
          4  |          0  (omitted)
          5  |          0  (omitted)
          7  |          0  (omitted)
          8  |          0  (omitted)
          9  |          0  (omitted)
         10  |          0  (omitted)
         11  |          0  (omitted)
         12  |          0  (omitted)
             |
     1.treat |          0  (omitted)
wind_direc~n |   -.012406   .0053198    -2.33   0.020    -.0228327   -.0019793
av_wind_sp~d |  -14.77722   8.353552    -1.77   0.077    -31.14991    1.595458
             |
relative_y~x#|
       treat |
        1 1  |  -8.787984   4.245722    -2.07   0.038    -17.10946   -.4665121
        2 1  |    6.53437    3.15478     2.07   0.038     .3511074    12.71763
        3 1  |   1.602734   2.679702     0.60   0.550    -3.649392    6.854861
        4 1  |  -.5945064   3.027972    -0.20   0.844    -6.529231    5.340218
        5 1  |   4.043488   2.855155     1.42   0.157    -1.552521    9.639497
        7 1  |   .2179997    2.81684     0.08   0.938    -5.302912    5.738912
        8 1  |   4.386945   4.200745     1.04   0.296    -3.846374    12.62026
        9 1  |  -2.650727   3.382048    -0.78   0.433    -9.279428    3.977974
       10 1  |  -15.49949   3.043569    -5.09   0.000    -21.46478   -9.534196
       11 1  |  -18.56943   3.301447    -5.62   0.000    -25.04015    -12.0987
       12 1  |   -22.1019   3.973224    -5.56   0.000    -29.88929   -14.31452
------------------------------------------------------------------------------

added scalar:
              e(ymean) =  93.646576

added scalar:
             e(ymean2) =  .

added scalar:
                e(acq) =  808

added macro:
               e(smpl) : "Rural"

added macro:
             e(fespec) : "fe1"

added macro:
                e(mod) : "moderator"
(16,713,531 real changes made)
(dropped 139049 singleton observations)
(MWFE estimator converged in 27 iterations)

HDFE linear regression with Julia                 Number of obs   = 36,861,883
Absorbing 2 HDFE groups                           F(  24, 931311) =       5.65
Statistics cluster-robust                         Prob > F        =     0.0000
                                                  R-squared       =     0.6770
                                                  Adj R-squared   =     0.6113
Number of clusters (ac_uq_id#cohort#monthyear) =     931312Within R-sq.=     0.
> 0000
Number of clusters (unique_small_grid_id#cohort) =    5293426Root MSE=   643.10
> 87

(Std. err. adjusted for 931,312 clusters in ac_uq_id#cohort#monthyear unique_sm
> all_grid_id#cohort)
------------------------------------------------------------------------------
             |               Robust
      countk | Coefficient  std. err.      t    P>|t|     [95% conf. interval]
-------------+----------------------------------------------------------------
relative_y~x |
          1  |          0  (omitted)
          2  |          0  (omitted)
          3  |          0  (omitted)
          4  |          0  (omitted)
          5  |          0  (omitted)
          7  |          0  (omitted)
          8  |          0  (omitted)
          9  |          0  (omitted)
         10  |          0  (omitted)
         11  |          0  (omitted)
         12  |          0  (omitted)
             |
     1.treat |          0  (omitted)
1.rice_pro~h |          0  (omitted)
wind_direc~n |  -.0123901   .0053191    -2.33   0.020    -.0228153    -.001965
av_wind_sp~d |  -15.27503   8.349786    -1.83   0.067    -31.64033    1.090274
             |
relative_y~x#|
       treat |
        1 1  |   3.248784   4.673713     0.70   0.487    -5.911536     12.4091
        2 1  |   5.978971    3.83753     1.56   0.119    -1.542459     13.5004
        3 1  |  -1.905849   3.195745    -0.60   0.551    -8.169402    4.357704
        4 1  |  -1.037556   3.834434    -0.27   0.787    -8.552919    6.477807
        5 1  |   4.357102   3.622367     1.20   0.229    -2.742616    11.45682
        7 1  |  -.9861879   2.543183    -0.39   0.698    -5.970742    3.998367
        8 1  |   1.107256   5.040329     0.22   0.826     -8.77162    10.98613
        9 1  |  -4.741687   3.380708    -1.40   0.161    -11.36776    1.884388
       10 1  |  -9.742933   2.815034    -3.46   0.001    -15.26031   -4.225561
       11 1  |  -16.08025   3.474003    -4.63   0.000    -22.88918   -9.271318
       12 1  |  -9.189666   4.488775    -2.05   0.041    -17.98751   -.3918163
             |
relative_y~x#|
rice_prod_~h |
        1 1  |          0  (omitted)
        2 1  |          0  (omitted)
        3 1  |          0  (omitted)
        4 1  |          0  (omitted)
        5 1  |          0  (omitted)
        7 1  |          0  (omitted)
        8 1  |          0  (omitted)
        9 1  |          0  (omitted)
       10 1  |          0  (omitted)
       11 1  |          0  (omitted)
       12 1  |          0  (omitted)
             |
       treat#|
rice_prod_~h |
        1 1  |          0  (omitted)
             |
relative_y~x#|
       treat#|
rice_prod_~h |
      1 1 1  |  -27.26774   8.820095    -3.09   0.002    -44.55483    -9.98065
      2 1 1  |     1.1151   6.371111     0.18   0.861    -11.37206    13.60227
      3 1 1  |   7.043653   5.416764     1.30   0.193    -3.573024    17.66033
      4 1 1  |   .8340867    6.10621     0.14   0.891    -11.13388    12.80205
      5 1 1  |   -.628655   5.773298    -0.11   0.913    -11.94413    10.68682
      7 1 1  |   2.533789   5.845781     0.43   0.665    -8.923745    13.99132
      8 1 1  |    6.78619   8.498075     0.80   0.425    -9.869752    23.44213
      9 1 1  |     4.2805   6.845711     0.63   0.532    -9.136865    17.69786
     10 1 1  |  -11.50222   6.154448    -1.87   0.062    -23.56473    .5602886
     11 1 1  |  -5.073695   6.698735    -0.76   0.449    -18.20299    8.055601
     12 1 1  |  -26.96576   8.041063    -3.35   0.001    -42.72598   -11.20555
------------------------------------------------------------------------------

added scalar:
              e(ymean) =  93.646576

added scalar:
             e(ymean2) =  152.51514

added scalar:
                e(acq) =  808

added macro:
               e(smpl) : "Rural"

added macro:
             e(fespec) : "fe1"

added macro:
                e(mod) : "rice_prod_aclvl_ahigh"

. 
. local outbase "${tables}/stacked_event_study_pop_5pre${sample}_rural${ster_su
> ffix}"

. estwrite evreg* using "`outbase'.ster", replace
(saving evreg1)
(saving evreg2)
(file /users/aquisper/proj_bureaucrats_farms/code/_stacked_downup_replication/.
> ./../tables/stacked_event_study_pop_5pre_rural.ster saved)

. estsave_csv `estimate_names' using "`outbase'.csv", replace
(25 missing values generated)
(25 missing values generated)
(25 missing values generated)
(25 missing values generated)
(25 missing values generated)
(25 missing values generated)
(25 missing values generated)
(25 missing values generated)
(25 missing values generated)
(25 missing values generated)
(25 missing values generated)
(25 missing values generated)
(25 missing values generated)
(25 missing values generated)
(25 missing values generated)
(25 missing values generated)
(25 missing values generated)
(25 missing values generated)
(25 missing values generated)
(25 missing values generated)
(25 missing values generated)
(25 missing values generated)
(25 missing values generated)
(25 missing values generated)
(25 missing values generated)
(25 missing values generated)
(25 missing values generated)
(49 missing values generated)
(49 missing values generated)
(49 missing values generated)
(49 missing values generated)
(49 missing values generated)
(49 missing values generated)
(49 missing values generated)
(49 missing values generated)
(49 missing values generated)
(49 missing values generated)
(49 missing values generated)
(49 missing values generated)
(49 missing values generated)
(49 missing values generated)
(49 missing values generated)
(49 missing values generated)
(49 missing values generated)
(49 missing values generated)
(49 missing values generated)
(49 missing values generated)
(49 missing values generated)
(49 missing values generated)
(49 missing values generated)
(49 missing values generated)
(49 missing values generated)
(49 missing values generated)
(49 missing values generated)
(49 missing values generated)
(49 missing values generated)
(49 missing values generated)
(49 missing values generated)
(49 missing values generated)
(49 missing values generated)
(49 missing values generated)
(49 missing values generated)
(49 missing values generated)
(49 missing values generated)
(49 missing values generated)
(49 missing values generated)
(49 missing values generated)
(49 missing values generated)
(49 missing values generated)
(49 missing values generated)
(49 missing values generated)
(49 missing values generated)
(49 missing values generated)
(49 missing values generated)
(49 missing values generated)
(49 missing values generated)
(49 missing values generated)
(49 missing values generated)
Estimates exported to /users/aquisper/proj_bureaucrats_farms/code/_stacked_down
> up_replication/../../tables/stacked_event_study_pop_5pre_rural.csv

. 
. *****************************************************************************
> ***
. 
end of do-file

. 
. display as result "COMPLETED: `dofile' at $S_DATE $S_TIME"
COMPLETED: _main_2_stacked_event_study_5pre.do at  6 Aug 2026 16:00:47

. 
end of do-file
