
  ___  ____  ____  ____  ____ ®
 /__    /   ____/   /   ____/      StataNow 19.5
___/   /   /___/   /   /___/       MP—Parallel Edition

 Statistics and Data Science       Copyright 1985-2025 StataCorp LLC
                                   StataCorp
                                   4905 Lakeway Drive
                                   College Station, Texas 77845 USA
                                   800-782-8272        https://www.stata.com
                                   979-696-4600        service@stata.com

Stata license: 4-user 16-core network, expiring 14 Sep 2026
Serial number: 501909301589
  Licensed to: University of Notre Dame
               Notre Dame, IN 46556

Notes:
      1. Stata is running in batch mode.
      2. Unicode is supported; see help unicode_advice.
      3. More than 2 billion observations are allowed; see help obs_advice.
      4. Maximum number of variables is set to 5,000 but can be increased;
          see help set_maxvar.

. do /users/aquisper/proj_bureaucrats_farms/code/_stacked_downup_replication/sb
> atch/_run_dofile.do 

. *****************************************************************************
> ***
. * Environment bridge: one invocation runs exactly one result-generating dofil
> e.
. *****************************************************************************
> ***
. 
. version 17

. set more off

. 
. local dofile        : environment FARMS_DOFILE

. local root          : environment FARMS_ROOT

. local code          : environment FARMS_CODE

. local location      : environment FARMS_LOCATION

. local sample        : environment FARMS_SAMPLE

. local is_rural_var  : environment FARMS_RURAL_VAR

. local fe_list       : environment FARMS_FE_LIST

. local ster_suffix   : environment FARMS_STER_SUFFIX

. local downup_var    : environment FARMS_DOWNUP_VAR

. local stacked_file  : environment FARMS_STACKED_FILE

. local did_output    : environment FARMS_DID_OUTPUT

. local control_samples : environment FARMS_CONTROL_SAMPLES

. local analysis_subsample : environment FARMS_ANALYSIS_SUBSAMPLE

. local processors    : environment FARMS_CPUS

. 
. if "`processors'" == "" local processors "1"

. set processors `processors'
    The maximum number of processors or cores being used is changed from 16
    to 1.  It can be set to any number between 1 and 16

. 
. if "`dofile'" == "" {
.     display as error "FARMS_DOFILE is empty; use sbatch/run_dofile.sbatch."
.     exit 198
. }

. if "`root'" == "" {
.     display as error "FARMS_ROOT is empty; use sbatch/run_dofile.sbatch."
.     exit 198
. }

. if "`code'" == "" {
.     display as error "FARMS_CODE is empty; use sbatch/run_dofile.sbatch."
.     exit 198
. }

. 
. if "`sample'" == "none" local sample ""

. if "`ster_suffix'" == "none" local ster_suffix ""

. if "`downup_var'" == "none" local downup_var ""

. if "`stacked_file'" == "none" local stacked_file ""

. if "`did_output'" == "none" local did_output ""

. if "`control_samples'" == "all" local control_samples ""

. if "`analysis_subsample'" == "all" local analysis_subsample ""

. 
. global root          "`root'"

. global code          "`code'"

. global location      "`location'"

. global sample        "`sample'"

. global is_rural_var  "`is_rural_var'"

. global fe_list       "`fe_list'"

. global ster_suffix   "`ster_suffix'"

. global downup_var    "`downup_var'"

. global stacked_file  "`stacked_file'"

. global did_output    "`did_output'"

. global control_samples "`control_samples'"

. global analysis_subsample "`analysis_subsample'"

. 
. global int_data    "${root}/data_output/intermediate"

. global int_farms   "${int_data}"

. global tables      "${code}/../../tables"

. global table_farms "${tables}"

. global figures     "${code}/../../figures"

. global figure_farms "${figures}"

. 
. capture mkdir "${tables}"

. capture mkdir "${figures}"

. capture mkdir "${code}/logs"

. 
. adopath ++ "${code}"
  [1]              "/users/aquisper/proj_bureaucrats_farms/code/_stacked_downup
> _replication"
  [2]  (BASE)      "/software/s/stata/19.5/ado/base/"
  [3]  (SITE)      "/software/s/stata/ado/"
  [4]              "."
  [5]  (PERSONAL)  "~/ado/personal/"
  [6]  (PLUS)      "~/ado/plus/"
  [7]  (OLDPLACE)  "~/ado/"

. capture noisily do "${code}/estsave_csv.ado"

. *! estsave_csv v1.2 - Export stored estimates and covariance matrices to CSV
. program define estsave_csv
  1.     version 14.0
  2.     syntax namelist using/, [replace append]
  3. 
.     local outfile `"`using'"'
  4.     tempfile coef_all coef_cur scalar_all scalar_cur
  5.     local first = 1
  6. 
.     foreach est of local namelist {
  7.         quietly estimates restore `est'
  8.         matrix b = e(b)
  9.         matrix V = e(V)
 10.         local k = colsof(b)
 11.         local cnames : colfullnames b
 12. 
.         preserve
 13.         clear
 14.         quietly set obs `k'
 15.         gen strL reg = "`est'"
 16.         gen strL var = ""
 17.         gen double beta = .
 18.         capture local ymean_val `"`e(ymean)'"'
 19.         if !_rc & `"`ymean_val'"' != "" gen strL ymean = `"`ymean_val'"'
 20.         else gen strL ymean = ""
 21. 
.         forvalues j = 1/`k' {
 22.             local nm : word `j' of `cnames'
 23.             quietly replace var = "`nm'" in `j'
 24.             quietly replace beta = b[1, `j'] in `j'
 25.             gen double cov`j' = .
 26.         }
 27.         forvalues i = 1/`k' {
 28.             forvalues j = 1/`k' {
 29.                 quietly replace cov`j' = V[`i', `j'] in `i'
 30.             }
 31.         }
 32.         quietly save `coef_cur', replace
 33.         if `first' quietly save `coef_all', replace
 34.         else {
 35.             quietly use `coef_all', clear
 36.             quietly append using `coef_cur'
 37.             quietly save `coef_all', replace
 38.         }
 39.         restore
 40. 
.         preserve
 41.         clear
 42.         quietly set obs 1
 43.         gen strL reg = "`est'"
 44.         local escalars : e(scalars)
 45.         foreach sc of local escalars {
 46.             local scval = e(`sc')
 47.             local safe = subinstr("`sc'", "-", "_", .)
 48.             capture gen double `safe' = `scval'
 49.             if _rc capture gen double sc_`safe' = `scval'
 50.         }
 51.         local emacros : e(macros)
 52.         foreach mc of local emacros {
 53.             capture local mcval `"`e(`mc')'"'
 54.             if !_rc & `"`mcval'"' != "" {
 55.                 if strlen(`"`mcval'"') > 244 local mcval = substr(`"`mcval
> '"', 1, 244)
 56.                 local safe = subinstr("`mc'", "-", "_", .)
 57.                 capture gen strL `safe' = `"`mcval'"'
 58.                 if _rc capture gen strL mc_`safe' = `"`mcval'"'
 59.             }
 60.         }
 61.         quietly save `scalar_cur', replace
 62.         if `first' {
 63.             quietly save `scalar_all', replace
 64.             local first = 0
 65.         }
 66.         else {
 67.             quietly use `scalar_all', clear
 68.             quietly append using `scalar_cur'
 69.             quietly save `scalar_all', replace
 70.         }
 71.         restore
 72.     }
 73. 
.     local basefile = subinstr(`"`outfile'"', ".csv", "", .)
 74.     quietly use `coef_all', clear
 75.     order reg var beta ymean
 76.     quietly export delimited using "`basefile'.csv", `replace' `append'
 77.     quietly use `scalar_all', clear
 78.     quietly export delimited using "`basefile'_scalars.csv", `replace' `ap
> pend'
 79.     display as result "Estimates exported to `basefile'.csv"
 80. end

. 
. 
end of do-file

. capture noisily do "${code}/estload_csv.ado"

. *! estload_csv v1.0 - Reconstruct estimate objects exported by estsave_csv
. program define estload_csv
  1.     version 14.0
  2.     syntax using/
  3. 
.     local infile `"`using'"'
  4.     local basefile = subinstr(`"`infile'"', ".csv", "", .)
  5.     preserve
  6.     quietly import delimited using "`basefile'.csv", clear varnames(1)
  7.     quietly levelsof reg, local(regs)
  8. 
.     foreach r of local regs {
  9.         preserve
 10.         quietly keep if reg == "`r'"
 11.         local k = _N
 12.         matrix b = J(1, `k', .)
 13.         matrix V = J(`k', `k', .)
 14.         local varnames ""
 15.         forvalues i = 1/`k' {
 16.             local vname = var[`i']
 17.             local varnames `"`varnames' `vname'"'
 18.             matrix b[1, `i'] = beta[`i']
 19.             forvalues j = 1/`k' {
 20.                 matrix V[`i', `j'] = cov`j'[`i']
 21.             }
 22.         }
 23.         matrix colnames b = `varnames'
 24.         matrix rownames V = `varnames'
 25.         matrix colnames V = `varnames'
 26.         restore, preserve
 27.         quietly ereturn post b V
 28.         estimates store `r'
 29.         display as text "Loaded estimate: `r'"
 30.     }
 31.     restore
 32. end

. 
. 
end of do-file

. 
. display "============================================================"
============================================================

. display "Independent dofile job: `dofile'"
Independent dofile job: _app_6_main_did_treat_definition.do

. display "Data root: ${root}"
Data root: /groups/sgulzar/sa_fires/proj_bureaucrats_farms

. display "Tables output: ${tables}"
Tables output: /users/aquisper/proj_bureaucrats_farms/code/_stacked_downup_repl
> ication/../../tables

. display "Figures output: ${figures}"
Figures output: /users/aquisper/proj_bureaucrats_farms/code/_stacked_downup_rep
> lication/../../figures

. display "Code root: ${code}"
Code root: /users/aquisper/proj_bureaucrats_farms/code/_stacked_downup_replicat
> ion

. display "Sample: ${sample}; rural: ${is_rural_var}; FE: ${fe_list}"
Sample: ; rural: is_rural; FE: 1/7

. display "Suffix: ${ster_suffix}; moderator: ${downup_var}"
Suffix: ; moderator: 

. display "Control samples: ${control_samples}"
Control samples: 

. display "Analysis subsample: ${analysis_subsample}"
Analysis subsample: 

. display "Stata processors: " c(processors)
Stata processors: 1

. display "============================================================"
============================================================

. 
. do "${code}/`dofile'"

. *****************************************************************************
> ***
. * _app_main_did_treat_definition_rural.do
. * Replicates _app_main_did_treat_definition.R - RURAL GRIDS ONLY
. * Different treatment definitions for downup
. *****************************************************************************
> ***
. 
. *****************************************************************************
> ***
. * Setup - Only set globals if running standalone (not from master)
. *****************************************************************************
> ***
. 
. if "$root" == "" {
.     clear all
.     set more off
. 
.     * Set toggles for standalone run
.     global location "shell"
.     global sample ""
.     global is_rural_var "is_rural"
.     global fe_list "1/7"
.     global ster_suffix ""
. 
.     global shell "/groups/sgulzar/sa_fires/proj_bureaucrats_farms"
.     global dbox "/Users/anzony.quisperojas/Library/CloudStorage/Dropbox/sa_fi
> res/proj_bureaucrats_farms"
. 
.     if "$location" == "dbox" {
.         global root "$dbox"
.     }
.     else {
.         global root "$shell"
.     }
. }

. 
. global int_farms "${root}/data_output/intermediate"

. global table_farms "${code}/../../tables"

. global figure_farms "${code}/../../figures"

. 
. *****************************************************************************
> ***
. * Import Data
. *****************************************************************************
> ***
. 
. * Getting downup_dummy & mean_brigthness
. import delimited "${root}/data_output/intermediate/combined_dt_pop${sample}.c
> sv", clear
(encoding automatically selected: ISO-8859-1)
(20 vars, 95,976,111 obs)

. keep if inrange(relative_monthyear, -5, 6)
(37,385,876 observations deleted)

. display as text "Final event-study sample: relative_monthyear in [-5, 6]"
Final event-study sample: relative_monthyear in [-5, 6]

. 
. preserve

.                 import delimited using "${root}/data_output/intermediate/0_ma
> ster_dataset${sample}.csv", ///
>     clear varnames(1)
(encoding automatically selected: ISO-8859-1)
(81 vars, 14,837,592 obs)

.                 keep ac_uq_id unique_small_grid_id downup_ac down_percent_pop
>  downup_diff_percent_pop downwind_pop_ac_nosmall upwind_pop_ac_nosmall downup
> _1sd_pop year month

.                 tempfile dta

.                 save `dta'
file /tmp/1383479.1.largemem/St3437735.000002 saved as .dta format

.         restore

.         
.         merge m:1 unique_small_grid_id month year using `dta', keep(3) nogen

    Result                      Number of obs
    -----------------------------------------
    Not matched                             0
    Matched                        58,590,235  
    -----------------------------------------

. 
. 
. * Merge with rural classification
. merge m:1 unique_small_grid_id using "${root}/data_output/intermediate/ghs_gr
> id_classification_2000.dta", keepusing(is_rural)

    Result                      Number of obs
    -----------------------------------------
    Not matched                        59,933
        from master                         0  (_merge==1)
        from using                     59,933  (_merge==2)

    Matched                        58,590,235  (_merge==3)
    -----------------------------------------

. keep if _merge == 3
(59,933 observations deleted)

. drop _merge

. 
. 
. * Total POP
. merge m:1 ac_uq_id using "${root}/data_output/intermediate/AC_total_pop.dta" 
> , keep(3) nogen

    Result                      Number of obs
    -----------------------------------------
    Not matched                             0
    Matched                        58,590,235  
    -----------------------------------------

. 
. 
. * Keep only rural grids
. keep if ${is_rural_var} == 1
(13,625,380 observations deleted)

. 
. display "Observations after rural filter: " _N
Observations after rural filter: 44964855

. 
. * Do not drop grids that intersect more than one assembly constituency.
. * merge m:1 unique_small_grid_id using "${root}/data_output/intermediate/grid
> s_with_more_1_ac.dta"
. * drop if dpl_ac == 1
. * drop _merge
. 
. 
. confirm variable rice_prod_aclvl_ahigh

. assert inlist(rice_prod_aclvl_ahigh, 0, 1)

. 
. 
. 
. * Create count in thousands
. capture drop countk

. gen countk = count * 1000

. 
. * Filter data: year < 2022 or (year == 2022 & month <= 8)
. keep if year < 2022 | (year == 2022 & month <= 8)
(8,066,918 observations deleted)

. 
. *****************************************************************************
> ***
. * Create treatment variables
. *****************************************************************************
> ***
. 
. * Total area
. // gen total_area = downwind_pop_ac_nosmall + upwind_pop_ac_nosmall
. 
. * Difference: downwind - upwind and its one-standard-deviation threshold.
. gen downup_diff = downwind_pop_ac_nosmall - upwind_pop_ac_nosmall

. summarize downup_diff

    Variable |        Obs        Mean    Std. dev.       Min        Max
-------------+---------------------------------------------------------
 downup_diff | 36,897,937   -198057.2    229374.1   -1692580    1692557

. local sd_val = r(sd)

. 
. 
. // gen downup_1sd = .
. // replace downup_1sd = 1 if downup_diff > `sd_val' & !missing(downup_diff)
. // replace downup_1sd = 0 if downup_diff <= `sd_val' & !missing(downup_diff)
. 
. * Downwind percentage over total
. gen down_percent = (downwind_pop_ac_nosmall  * 100) / total_pop_ac_nosmall

. 
. *****************************************************************************
> ***
. * Encode IDs
. *****************************************************************************
> ***
. 
. capture confirm numeric variable unique_small_grid_id

. if _rc {
.     encode unique_small_grid_id, gen(grid_id)
. }

. else {
.     gen grid_id = unique_small_grid_id
. }

. 
. capture confirm numeric variable ac_uq_id

. if _rc {
.     encode ac_uq_id, gen(ac_id)
. }

. else {
.     gen ac_id = ac_uq_id
. }

. 
. * Create cluster variable
. egen cluster_acmonth = group(ac_id monthyear)

. 
. 
. *****************************************************************************
> ***
. * Run Regressions
. *****************************************************************************
> ***
. 
. global controls av_wind_speed wind_direction

. 
. * Eq1: downup_ac_pop (exclude grid 116147 as in R code)
. do "${code}/exploratory_analysis/rice_high_subsample/_apply_rice_high_subsamp
> le.do"

. *****************************************************************************
> ***
. * Optional exploratory restriction: ACs with above-median rice production.
. *
. * Called after an analysis dataset and its required merge fields are loaded,
. * but before the first regression/common-sample regression.  It is inert unle
> ss
. * $analysis_subsample is "rice_high".
. *****************************************************************************
> ***
. 
. if "$analysis_subsample" == "rice_high" {
.     capture confirm variable rice_prod_aclvl_ahigh
.     if _rc {
.         display as error ///
>             "rice_prod_aclvl_ahigh is missing from the stacked dataset. " ///
>             "Regenerate it from 0_master_dataset with the data-generation pip
> eline."
.         exit 111
.     }
. 
.     assert inlist(rice_prod_aclvl_ahigh, 0, 1)
.     quietly count
.     local rice_before = r(N)
.     keep if rice_prod_aclvl_ahigh == 1
.     quietly count
.     local rice_after = r(N)
.     if `rice_after' == 0 {
.         display as error "The rice-high exploratory restriction removed every
>  row."
.         exit 2000
.     }
.     display as result "EXPLORATORY SAMPLE: rice_prod_aclvl_ahigh == 1"
.     display as result "Rows retained: `rice_after' of `rice_before'"
. }

. 
end of do-file

. 
. reghdfejl countk downup_ac_pop $controls if grid_id != 116147, ///
>     absorb(grid_id#cohort ac_id#monthyear#cohort) cluster(grid_id cluster_acm
> onth)
(dropped 139166 singleton observations)
(MWFE estimator converged in 28 iterations)

HDFE linear regression with Julia                 Number of obs   = 36,758,016
Absorbing 2 HDFE groups                           F(   3,  75325) =       1.81
Statistics cluster-robust                         Prob > F        =     0.1433
                                                  R-squared       =     0.6669
                                                  Adj R-squared   =     0.5992
Number of clusters (grid_id) =      75325         Within R-sq.    =     0.0000
Number of clusters (cluster_acmonth) =      95550 Root MSE        =   636.3771

           (Std. err. adjusted for 75,325 clusters in grid_id cluster_acmonth)
------------------------------------------------------------------------------
             |               Robust
      countk | Coefficient  std. err.      t    P>|t|     [95% conf. interval]
-------------+----------------------------------------------------------------
downup_ac_~p |  -5.432826   2.772208    -1.96   0.050    -10.86634    .0006887
av_wind_sp~d |  -16.45755   23.70432    -0.69   0.488    -62.91791    30.00281
wind_direc~n |  -.0125143   .0127999    -0.98   0.328    -.0376022    .0125735
------------------------------------------------------------------------------

. 
. gen esample = e(sample)

. 
. {
. *****************************************************************************
> ***
. * Calculate Mean DV for each treatment definition
. *****************************************************************************
> ***
. 
. * Project-standard treated-group pre-treatment means and AC count.
. egen tag_ac = tag(ac_id) if esample == 1
. count if tag_ac == 1
  797
. local numacs = r(N)
. gen relative_year_bin = floor(relative_monthyear / 12)
. gen moderator = rice_prod_aclvl_ahigh
. quietly summarize countk if treat == 1 & relative_year_bin <= -1 & esample ==
>  1
. local meandv = r(mean)
. quietly summarize countk if treat == 1 & relative_year_bin <= -1 & moderator 
> == 1 & esample == 1
. local meandv2 = r(mean)
. }

. 
. estadd local gridfe "Y"

added macro:
             e(gridfe) : "Y"

. estadd local acmonthfe "Y"

added macro:
          e(acmonthfe) : "Y"

. estadd scalar ymean = `meandv'

added scalar:
              e(ymean) =  92.118802

. estadd scalar ymean2 = `meandv2'

added scalar:
             e(ymean2) =  149.57649

. estadd scalar acq = `numacs'

added scalar:
                e(acq) =  797

. est store eq1

. 
. * Eq2: downup_ac
. reghdfejl countk downup_ac $controls if  esample == 1, ///
>     absorb(grid_id#cohort ac_id#monthyear#cohort) cluster(grid_id cluster_acm
> onth)
(MWFE estimator converged in 28 iterations)

HDFE linear regression with Julia                 Number of obs   = 36,758,016
Absorbing 2 HDFE groups                           F(   3,  75325) =       0.50
Statistics cluster-robust                         Prob > F        =     0.6849
                                                  R-squared       =     0.6669
                                                  Adj R-squared   =     0.5992
Number of clusters (grid_id) =      75325         Within R-sq.    =     0.0000
Number of clusters (cluster_acmonth) =      95550 Root MSE        =   636.3775

           (Std. err. adjusted for 75,325 clusters in grid_id cluster_acmonth)
------------------------------------------------------------------------------
             |               Robust
      countk | Coefficient  std. err.      t    P>|t|     [95% conf. interval]
-------------+----------------------------------------------------------------
   downup_ac |   .4129084   2.403457     0.17   0.864    -4.297856    5.123672
av_wind_sp~d |  -17.70674   23.72507    -0.75   0.455    -64.20777    28.79429
wind_direc~n |  -.0123321   .0127965    -0.96   0.335    -.0374132     .012749
------------------------------------------------------------------------------

. estadd local gridfe "Y"

added macro:
             e(gridfe) : "Y"

. estadd local acmonthfe "Y"

added macro:
          e(acmonthfe) : "Y"

. estadd scalar ymean = `meandv'

added scalar:
              e(ymean) =  92.118802

. estadd scalar ymean2 = `meandv2'

added scalar:
             e(ymean2) =  149.57649

. estadd scalar acq = `numacs'

added scalar:
                e(acq) =  797

. est store eq2

. 
. * Eq3: downup_1sd
. reghdfejl countk downup_1sd_pop $controls if  esample == 1, ///
>     absorb(grid_id#cohort ac_id#monthyear#cohort) cluster(grid_id cluster_acm
> onth)
(MWFE estimator converged in 28 iterations)

HDFE linear regression with Julia                 Number of obs   = 36,758,016
Absorbing 2 HDFE groups                           F(   3,  75325) =       0.99
Statistics cluster-robust                         Prob > F        =     0.3976
                                                  R-squared       =     0.6669
                                                  Adj R-squared   =     0.5992
Number of clusters (grid_id) =      75325         Within R-sq.    =     0.0000
Number of clusters (cluster_acmonth) =      95550 Root MSE        =   636.3774

           (Std. err. adjusted for 75,325 clusters in grid_id cluster_acmonth)
------------------------------------------------------------------------------
             |               Robust
      countk | Coefficient  std. err.      t    P>|t|     [95% conf. interval]
-------------+----------------------------------------------------------------
downup_1sd~p |  -1.789271   1.766344    -1.01   0.311    -5.251297    1.672755
av_wind_sp~d |  -17.25603   23.73892    -0.73   0.467    -63.78421    29.27215
wind_direc~n |  -.0123738   .0127979    -0.97   0.334    -.0374575      .01271
------------------------------------------------------------------------------

. estadd local gridfe "Y"

added macro:
             e(gridfe) : "Y"

. estadd local acmonthfe "Y"

added macro:
          e(acmonthfe) : "Y"

. estadd scalar ymean = `meandv'

added scalar:
              e(ymean) =  92.118802

. estadd scalar ymean2 = `meandv2'

added scalar:
             e(ymean2) =  149.57649

. estadd scalar acq = `numacs'

added scalar:
                e(acq) =  797

. est store eq3

. 
. * Eq4: down_percent
. reghdfejl countk down_percent_pop $controls if  esample == 1, ///
>     absorb(grid_id#cohort ac_id#monthyear#cohort) cluster(grid_id cluster_acm
> onth)
(MWFE estimator converged in 28 iterations)

HDFE linear regression with Julia                 Number of obs   = 36,758,016
Absorbing 2 HDFE groups                           F(   3,  75325) =       4.39
Statistics cluster-robust                         Prob > F        =     0.0043
                                                  R-squared       =     0.6669
                                                  Adj R-squared   =     0.5992
Number of clusters (grid_id) =      75325         Within R-sq.    =     0.0000
Number of clusters (cluster_acmonth) =      95550 Root MSE        =   636.3754

           (Std. err. adjusted for 75,325 clusters in grid_id cluster_acmonth)
------------------------------------------------------------------------------
             |               Robust
      countk | Coefficient  std. err.      t    P>|t|     [95% conf. interval]
-------------+----------------------------------------------------------------
down_perce~p |  -.1659261   .0506709    -3.27   0.001    -.2652408   -.0666114
av_wind_sp~d |  -13.42773   23.84737    -0.56   0.573    -60.16847    33.31302
wind_direc~n |  -.0128262   .0127971    -1.00   0.316    -.0379085     .012256
------------------------------------------------------------------------------

. estadd local gridfe "Y"

added macro:
             e(gridfe) : "Y"

. estadd local acmonthfe "Y"

added macro:
          e(acmonthfe) : "Y"

. estadd scalar ymean = `meandv'

added scalar:
              e(ymean) =  92.118802

. estadd scalar ymean2 = `meandv2'

added scalar:
             e(ymean2) =  149.57649

. estadd scalar acq = `numacs'

added scalar:
                e(acq) =  797

. est store eq4

. 
. * Eq5: downup_diff_percent
. reghdfejl countk downup_diff_percent_pop $controls if  esample == 1, ///
>     absorb(grid_id#cohort ac_id#monthyear#cohort) cluster(grid_id cluster_acm
> onth)
(MWFE estimator converged in 28 iterations)

HDFE linear regression with Julia                 Number of obs   = 36,758,016
Absorbing 2 HDFE groups                           F(   3,  75325) =       4.39
Statistics cluster-robust                         Prob > F        =     0.0043
                                                  R-squared       =     0.6669
                                                  Adj R-squared   =     0.5992
Number of clusters (grid_id) =      75325         Within R-sq.    =     0.0000
Number of clusters (cluster_acmonth) =      95550 Root MSE        =   636.3754

           (Std. err. adjusted for 75,325 clusters in grid_id cluster_acmonth)
------------------------------------------------------------------------------
             |               Robust
      countk | Coefficient  std. err.      t    P>|t|     [95% conf. interval]
-------------+----------------------------------------------------------------
downup_dif~p |   -.082963   .0253354    -3.27   0.001    -.1326204   -.0333057
av_wind_sp~d |  -13.42773   23.84737    -0.56   0.573    -60.16847    33.31302
wind_direc~n |  -.0128262   .0127971    -1.00   0.316    -.0379085     .012256
------------------------------------------------------------------------------

. estadd local gridfe "Y"

added macro:
             e(gridfe) : "Y"

. estadd local acmonthfe "Y"

added macro:
          e(acmonthfe) : "Y"

. estadd scalar ymean = `meandv'

added scalar:
              e(ymean) =  92.118802

. estadd scalar ymean2 = `meandv2'

added scalar:
             e(ymean2) =  149.57649

. estadd scalar acq = `numacs'

added scalar:
                e(acq) =  797

. est store eq5

. 
. 
. * Eq6: down_percent
. reghdfejl countk down_percent $controls if  esample == 1, ///
>     absorb(grid_id#cohort ac_id#monthyear#cohort) cluster(grid_id cluster_acm
> onth)
(MWFE estimator converged in 28 iterations)

HDFE linear regression with Julia                 Number of obs   = 36,758,016
Absorbing 2 HDFE groups                           F(   3,  75325) =       5.74
Statistics cluster-robust                         Prob > F        =     0.0006
                                                  R-squared       =     0.6669
                                                  Adj R-squared   =     0.5992
Number of clusters (grid_id) =      75325         Within R-sq.    =     0.0000
Number of clusters (cluster_acmonth) =      95550 Root MSE        =   636.3753

           (Std. err. adjusted for 75,325 clusters in grid_id cluster_acmonth)
------------------------------------------------------------------------------
             |               Robust
      countk | Coefficient  std. err.      t    P>|t|     [95% conf. interval]
-------------+----------------------------------------------------------------
down_percent |  -.0188302   .0050069    -3.76   0.000    -.0286438   -.0090166
av_wind_sp~d |  -12.46865   23.91133    -0.52   0.602    -59.33475    34.39746
wind_direc~n |  -.0127187   .0127962    -0.99   0.320    -.0377992    .0123617
------------------------------------------------------------------------------

. estadd local gridfe "Y"

added macro:
             e(gridfe) : "Y"

. estadd local acmonthfe "Y"

added macro:
          e(acmonthfe) : "Y"

. estadd scalar ymean = `meandv'

added scalar:
              e(ymean) =  92.118802

. estadd scalar ymean2 = `meandv2'

added scalar:
             e(ymean2) =  149.57649

. estadd scalar acq = `numacs'

added scalar:
                e(acq) =  797

. est store eq6

. 
. * Eq7: X Rice
. reghdfejl countk downup_ac_pop##ib0.rice_prod_aclvl_ahigh $controls if  esamp
> le == 1, ///
>     absorb(grid_id#cohort ac_id#monthyear#cohort) cluster(grid_id cluster_acm
> onth)
(MWFE estimator converged in 28 iterations)

HDFE linear regression with Julia                 Number of obs   = 36,758,016
Absorbing 2 HDFE groups                           F(   4,  75325) =       1.66
Statistics cluster-robust                         Prob > F        =     0.1563
                                                  R-squared       =     0.6669
                                                  Adj R-squared   =     0.5992
Number of clusters (grid_id) =      75325         Within R-sq.    =     0.0000
Number of clusters (cluster_acmonth) =      95550 Root MSE        =   636.3771

           (Std. err. adjusted for 75,325 clusters in grid_id cluster_acmonth)
------------------------------------------------------------------------------
             |               Robust
      countk | Coefficient  std. err.      t    P>|t|     [95% conf. interval]
-------------+----------------------------------------------------------------
1.downup_a~p |  -4.426292   2.504954    -1.77   0.077     -9.33599    .4834061
1.rice_pro~h |          0  (omitted)
av_wind_sp~d |  -16.53926   23.70665    -0.70   0.485    -63.00418    29.92566
wind_direc~n |  -.0125151      .0128    -0.98   0.328    -.0376031    .0125728
             |
downup_ac_~p#|
rice_prod_~h |
        1 1  |  -2.068981   5.641802    -0.37   0.714    -13.12689    8.988926
------------------------------------------------------------------------------

. estadd local gridfe "Y"

added macro:
             e(gridfe) : "Y"

. estadd local acmonthfe "Y"

added macro:
          e(acmonthfe) : "Y"

. estadd scalar ymean = `meandv'

added scalar:
              e(ymean) =  92.118802

. estadd scalar ymean2 = `meandv2'

added scalar:
             e(ymean2) =  149.57649

. estadd scalar acq = `numacs'

added scalar:
                e(acq) =  797

. est store eq7

. 
. *****************************************************************************
> ***
. * Save ster file
. *****************************************************************************
> ***
. 
. estwrite eq* using ///
>     "${code}/../../tables/_app_6_main_did_treat_definition${sample}_rural_acp
> op${ster_suffix}.ster", replace
(saving eq1)
(saving eq2)
(saving eq3)
(saving eq4)
(saving eq5)
(saving eq6)
(saving eq7)
(file /users/aquisper/proj_bureaucrats_farms/code/_stacked_downup_replication/.
> ./../tables/_app_6_main_did_treat_definition_rural_acpop.ster saved)

. 
. display "Ster: ${code}/../../tables/_app_6_main_did_treat_definition${sample}
> _rural_acpop${ster_suffix}.ster"
Ster: /users/aquisper/proj_bureaucrats_farms/code/_stacked_downup_replication/.
> ./../tables/_app_6_main_did_treat_definition_rural_acpop.ster

. 
. *****************************************************************************
> ***
. 
end of do-file

. 
. display as result "COMPLETED: `dofile' at $S_DATE $S_TIME"
COMPLETED: _app_6_main_did_treat_definition.do at 24 Aug 2026 22:01:39

. 
end of do-file
