
  ___  ____  ____  ____  ____ ®
 /__    /   ____/   /   ____/      StataNow 19.5
___/   /   /___/   /   /___/       MP—Parallel Edition

 Statistics and Data Science       Copyright 1985-2025 StataCorp LLC
                                   StataCorp
                                   4905 Lakeway Drive
                                   College Station, Texas 77845 USA
                                   800-782-8272        https://www.stata.com
                                   979-696-4600        service@stata.com

Stata license: 4-user 16-core network, expiring 14 Sep 2026
Serial number: 501909301589
  Licensed to: University of Notre Dame
               Notre Dame, IN 46556

Notes:
      1. Stata is running in batch mode.
      2. Unicode is supported; see help unicode_advice.
      3. More than 2 billion observations are allowed; see help obs_advice.
      4. Maximum number of variables is set to 5,000 but can be increased;
          see help set_maxvar.

. do _app_19_polischar_fe12_did_downup_inter_plot.do 

. *****************************************************************************
> ***
. * _app_19_polischar_fe12_did_downup_inter_plot_rural.do
. * Politician characteristics DiD with downup interaction for plotting - RURAL
>  GRIDS ONLY
. *****************************************************************************
> ***
. 
. *****************************************************************************
> ***
. * Setup - Only set globals if running standalone (not from master)
. *****************************************************************************
> ***
. 
. if "$root" == "" {
.     clear all
.     set more off
. 
.     * Set toggles for standalone run
.     global location "shell"
.     global sample ""
. 
.     global shell "/groups/sgulzar/sa_fires/proj_bureaucrats_farms"
.     global dbox "/Users/anzony.quisperojas/Library/CloudStorage/Dropbox/sa_fi
> res/proj_bureaucrats_farms"
. 
.     if "$location" == "dbox" {
.         global root "$dbox"
.     }
.     else {
.         global root "$shell"
.     }
. }

. 
. cd "${root}"
/groups/sgulzar/sa_fires/proj_bureaucrats_farms

. 
. *----------------------------------------------------------------------------
> ---
. *                                               Importing Data
. *----------------------------------------------------------------------------
> ---
. 
. // Importing data from csv
. 
. // Importing data from csv
. import delimited using "${root}/data_output/intermediate/politicians_characte
> ristics${sample}.csv", ///
>     clear varnames(1)
(encoding automatically selected: ISO-8859-9)
(19 vars, 29,740,165 obs)

.         
.         drop downup_ac 

. 
. preserve

.                 import delimited using "${root}/data_output/intermediate/0_ma
> ster_dataset.csv", ///
>     clear varnames(1)
(encoding automatically selected: ISO-8859-1)
(66 vars, 14,837,592 obs)

.                 keep unique_small_grid_id month year downup_ac_pop

.                 tempfile dta

.                 save `dta'
file /tmp/1321648.1.largemem/St2136857.000002 saved as .dta format

.         restore

.         
.         merge m:1 unique_small_grid_id month year using `dta', keep(3) nogen

    Result                      Number of obs
    -----------------------------------------
    Not matched                             0
    Matched                        29,740,165  
    -----------------------------------------

.         
.         rename  downup_ac_pop downup_ac

.         
. merge m:1 unique_small_grid_id ac_uq_id using  "${root}/data_output/intermedi
> ate/rice_moderators.dta"

    Result                      Number of obs
    -----------------------------------------
    Not matched                        23,982
        from master                         0  (_merge==1)
        from using                     23,982  (_merge==2)

    Matched                        29,740,165  (_merge==3)
    -----------------------------------------

. keep if _merge == 3
(23,982 observations deleted)

. drop _merge

. 
. * Merge with rural classification
. merge m:1 unique_small_grid_id using "${root}/data_output/intermediate/ghs_gr
> id_classification_2000.dta", keepusing(is_rural)

    Result                      Number of obs
    -----------------------------------------
    Not matched                        82,479
        from master                         0  (_merge==1)
        from using                     82,479  (_merge==2)

    Matched                        29,740,165  (_merge==3)
    -----------------------------------------

. keep if _merge == 3
(82,479 observations deleted)

. drop _merge

. 
. * Keep only rural grids
. keep if is_rural == 1
(7,857,656 observations deleted)

. 
. display "Observations after rural filter: " _N
Observations after rural filter: 21882509

. 
. // Date
. gen date_ym = ym(year,month)

. 
. // Generation of Fixed Effects
. egen unique_small_grid_id_cohort = group(unique_small_grid_id cohort)

. egen monthyearco = group(month year cohort)

. egen ac_elec_yr = group(ac_uq_id election_year cohort)

. egen province_cohort = group(cohort province)

. 
. // Government year
. bys ac_uq_id election_year: egen min_monthyear = min(date_ym)

. gen gov_year = date_ym - min_monthyear

. replace gov_year = gov_year / 12
(21,441,362 real changes made)

. // g yeargov = int(gov_year + 1)
. 
. 
. // Generation of Relative Years
. sum relative_year_bin

    Variable |        Obs        Mean    Std. dev.       Min        Max
-------------+---------------------------------------------------------
relative_y~n | 21,882,509   -.3912998    2.647744         -5          4

. local rmin = r(min)

. gen relative_year_bin_aux = relative_year_bin -  `rmin' + 1

. local base = -1 - `rmin' +1

. dis `base'
5

. g post_ = (relative_year_bin>=0)

. 
. // Generating Ever treated cells
. bys unique_small_grid_id: egen TREAT_down = max(downup_ac)
(299,651 missing values generated)

. gen moderator = 0

. 
. *-------------------------------------
. * 1. Dep var and RHS
. *-------------------------------------
. gen countk = count*1000

. local dep_var countk

. 
. *-------------------------------------
. * 2. Set of FE
. *-------------------------------------
. 
. local rhs "ib0.post_##ib0.treat##ib0.downup_ac wind_direction av_wind_speed"

. 
. * FE specifications
. local fe12 "unique_small_grid_id_cohort province_cohort#election_year provinc
> e_cohort#c.monthyear "

. 
. * Statistics
. quietly summarize `dep_var' if treat == 0 & relative_year_bin <= -1

. local ymean_fmt = string(r(mean), "%9.3f")

. unique ac_uq_id
Number of unique values of ac_uq_id is  658
Number of records is  21882509

. local numacs = r(unique)

. 
. *****************************************************************************
> ***
. * Run Regressions
. *****************************************************************************
> ***
. 
. reghdfejl `dep_var' `rhs', absorb(`fe12') cluster(ac_elec_yr)
(MWFE estimator converged in 17 iterations)

HDFE linear regression with Julia                 Number of obs   = 21,582,858
Absorbing 3 HDFE groups                           F(   8,   6261) =     107.58
Statistics cluster-robust                         Prob > F        =     0.0000
                                                  R-squared       =     0.1733
                                                  Adj R-squared   =     0.1647
Number of clusters (ac_elec_yr) =       6261      Within R-sq.    =     0.0180
                                                  Root MSE        =   957.5243

                         (Std. err. adjusted for 6,261 clusters in ac_elec_yr)
------------------------------------------------------------------------------
             |               Robust
      countk | Coefficient  std. err.      t    P>|t|     [95% conf. interval]
-------------+----------------------------------------------------------------
     1.post_ |   2.651038   3.844001     0.69   0.490    -4.884522     10.1866
     1.treat |          0  (omitted)
 1.downup_ac |  -18.31613   2.819214    -6.50   0.000    -23.84276   -12.78951
wind_direc~n |  -2.160507   .0784072   -27.55   0.000    -2.314212   -2.006802
av_wind_sp~d |   151.3285   5.698223    26.56   0.000      140.158    162.4989
             |
 post_#treat |
        1 1  |   7.855937   3.462795     2.27   0.023     1.067672     14.6442
             |
       post_#|
   downup_ac |
        1 1  |   1.553471   2.606837     0.60   0.551    -3.556823    6.663765
             |
       treat#|
   downup_ac |
        1 1  |   12.75499   4.281013     2.98   0.003     4.362735    21.14724
             |
 post_#treat#|
   downup_ac |
      1 1 1  |   -.847487   3.791353    -0.22   0.823    -8.279839    6.584865
------------------------------------------------------------------------------

. est store evreg1

. estwrite evreg* using "${root}/tex/paper/tables/_app_19_polischar_fe12_did_do
> wnup_inter_plot${sample}_rural_stacked.ster", replace
(saving evreg1)
(file /groups/sgulzar/sa_fires/proj_bureaucrats_farms/tex/paper/tables/_app_19_
> polischar_fe12_did_downup_inter_plot_rural_stacked.ster saved)

. 
. display "Ster: ${root}/tex/paper/tables/_app_19_polischar_fe12_did_downup_int
> er_plot${sample}_rural_stacked.ster"
Ster: /groups/sgulzar/sa_fires/proj_bureaucrats_farms/tex/paper/tables/_app_19_
> polischar_fe12_did_downup_inter_plot_rural_stacked.ster

. 
. *****************************************************************************
> ***
. 
. 
end of do-file
