
  ___  ____  ____  ____  ____ ®
 /__    /   ____/   /   ____/      StataNow 19.5
___/   /   /___/   /   /___/       MP—Parallel Edition

 Statistics and Data Science       Copyright 1985-2025 StataCorp LLC
                                   StataCorp
                                   4905 Lakeway Drive
                                   College Station, Texas 77845 USA
                                   800-782-8272        https://www.stata.com
                                   979-696-4600        service@stata.com

Stata license: 4-user 16-core network, expiring 14 Sep 2026
Serial number: 501909301589
  Licensed to: University of Notre Dame
               Notre Dame, IN 46556

Notes:
      1. Stata is running in batch mode.
      2. Unicode is supported; see help unicode_advice.
      3. More than 2 billion observations are allowed; see help obs_advice.
      4. Maximum number of variables is set to 5,000 but can be increased;
          see help set_maxvar.

. do _app_14_polischar_fe12_did_ricemods.do 

. *****************************************************************************
> ***
. * _app_14_polischar_fe12_did_ricemods_rural.do
. * Politician characteristics DiD with rice moderators - RURAL GRIDS ONLY
. * 3 columns: 3 FE specs (baseline only, no downup_ac interaction)
. *****************************************************************************
> ***
. 
. *****************************************************************************
> ***
. * Setup - Only set globals if running standalone (not from master)
. *****************************************************************************
> ***
. 
. if "$root" == "" {
.     clear all
.     set more off
. 
.     * Set toggles for standalone run
.     global location "shell"
.     global sample ""
. 
.     global shell "/groups/sgulzar/sa_fires/proj_bureaucrats_farms"
.     global dbox "/Users/anzony.quisperojas/Library/CloudStorage/Dropbox/sa_fi
> res/proj_bureaucrats_farms"
. 
.     if "$location" == "dbox" {
.         global root "$dbox"
.     }
.     else {
.         global root "$shell"
.     }
. }

. 
. cd "${root}"
/groups/sgulzar/sa_fires/proj_bureaucrats_farms

. 
. *****************************************************************************
> ***
. * Import Data
. *****************************************************************************
> ***
. 
. // Importing data from csv
. import delimited using "${root}/data_output/intermediate/politicians_characte
> ristics${sample}.csv", ///
>     clear varnames(1)
(encoding automatically selected: ISO-8859-9)
(19 vars, 29,740,165 obs)

.         
.         drop downup_ac 

. 
. preserve

.                 import delimited using "${root}/data_output/intermediate/0_ma
> ster_dataset.csv", ///
>     clear varnames(1)
(encoding automatically selected: ISO-8859-1)
(66 vars, 14,837,592 obs)

.                 keep unique_small_grid_id month year downup_ac_pop

.                 tempfile dta

.                 save `dta'
file /tmp/1321557.1.largemem/St2132728.000002 saved as .dta format

.         restore

.         
.         merge m:1 unique_small_grid_id month year using `dta', keep(3) nogen

    Result                      Number of obs
    -----------------------------------------
    Not matched                             0
    Matched                        29,740,165  
    -----------------------------------------

.         
.         rename  downup_ac_pop downup_ac

. 
. * Merge with rice moderators
. merge m:1 unique_small_grid_id ac_uq_id using "${root}/data_output/intermedia
> te/rice_moderators.dta"

    Result                      Number of obs
    -----------------------------------------
    Not matched                        23,982
        from master                         0  (_merge==1)
        from using                     23,982  (_merge==2)

    Matched                        29,740,165  (_merge==3)
    -----------------------------------------

. keep if _merge == 3
(23,982 observations deleted)

. drop _merge

. 
. * Merge with rural classification
. merge m:1 unique_small_grid_id using "${root}/data_output/intermediate/ghs_gr
> id_classification_2000.dta", keepusing(is_rural)

    Result                      Number of obs
    -----------------------------------------
    Not matched                        82,479
        from master                         0  (_merge==1)
        from using                     82,479  (_merge==2)

    Matched                        29,740,165  (_merge==3)
    -----------------------------------------

. keep if _merge == 3
(82,479 observations deleted)

. drop _merge

. 
. * Keep only rural grids
. keep if is_rural == 1
(7,857,656 observations deleted)

. 
. display "Observations after rural filter: " _N
Observations after rural filter: 21882509

. 
. *****************************************************************************
> ***
. * Generate Variables
. *****************************************************************************
> ***
. 
. * Date
. gen date_ym = ym(year, month)

. 
. * Fixed Effects
. egen unique_small_grid_id_cohort = group(unique_small_grid_id cohort)

. egen monthyearco = group(month year cohort)

. egen ac_elec_yr = group(ac_uq_id election_year cohort)

. egen province_cohort = group(cohort province)

. 
. 
. * Government year
. bys ac_uq_id election_year: egen min_monthyear = min(date_ym)

. gen gov_year = date_ym - min_monthyear

. replace gov_year = gov_year / 12
(21,441,362 real changes made)

. 
. * Relative years
. sum relative_year_bin

    Variable |        Obs        Mean    Std. dev.       Min        Max
-------------+---------------------------------------------------------
relative_y~n | 21,882,509   -.3912998    2.647744         -5          4

. local rmin = r(min)

. gen relative_year_bin_aux = relative_year_bin - `rmin' + 1

. local base = -1 - `rmin' + 1

. gen post_ = (relative_year_bin >= 0)

. 
. * Ever treated
. bys unique_small_grid_id: egen TREAT_down = max(downup_ac)
(299,651 missing values generated)

. 
. *****************************************************************************
> ***
. * Regression Setup
. *****************************************************************************
> ***
. gen countk = count * 1000

. local dep_var countk

. 
. 
. * FE specifications
. local dep_var countk

. local rhs "wind_direction av_wind_speed"

. local fe12 "unique_small_grid_id_cohort relative_year_bin_aux province_cohort
> #election_year province_cohort#c.monthyear"

. 
. unique ac_uq_id
Number of unique values of ac_uq_id is  658
Number of records is  21882509

. local numacs = r(unique)

. gen moderator = 0

. local mods_list moderator rice_area_aclvl_ahigh rice_harvarea_aclvl_ahigh ric
> e_prod_aclvl_ahigh

. *****************************************************************************
> ***
. * Run Regressions
. *****************************************************************************
> ***
. 
. local i = 1

. 
. foreach mod of local mods_list {
  2. 
.         quietly summarize `dep_var' if treat == 0 & post_ == 0
  3.         local ymean_fmt = r(mean)
  4. 
.         quietly summarize `dep_var' if treat == 0 & post_ == 0 & `mod' == 0
  5.         local ymean2 = r(mean)
  6. 
.         reghdfejl `dep_var' ib0.post_##ib0.treat##ib0.`mod' `rhs', absorb(`fe
> 12') cluster(ac_elec_yr)
  7. 
.         * Store FE indicators
.         estadd local gridfe "Y"
  8.         estadd local time "Y"
  9.         estadd local electionfe "Y"
 10.         estadd local provtrendfe "Y"
 11.         estadd scalar ymean `ymean_fmt'
 12.         estadd scalar ymean2 `ymean2'
 13.         estadd scalar acq `numacs'
 14. 
.         est store evreg`i'
 15.         local i = `i' + 1
 16. 
. }
(MWFE estimator converged in 28 iterations)

HDFE linear regression with Julia                 Number of obs   = 21,882,509
Absorbing 4 HDFE groups                           F(   3,   6261) =     288.48
Statistics cluster-robust                         Prob > F        =     0.0000
                                                  R-squared       =     0.1718
                                                  Adj R-squared   =     0.1632
Number of clusters (ac_elec_yr) =       6261      Within R-sq.    =     0.0178
                                                  Root MSE        =   955.3423

                         (Std. err. adjusted for 6,261 clusters in ac_elec_yr)
------------------------------------------------------------------------------
             |               Robust
      countk | Coefficient  std. err.      t    P>|t|     [95% conf. interval]
-------------+----------------------------------------------------------------
     1.post_ |          0  (omitted)
     1.treat |          0  (omitted)
wind_direc~n |  -2.146187   .0779622   -27.53   0.000    -2.299019   -1.993354
av_wind_sp~d |   151.4594   5.652983    26.79   0.000     140.3776    162.5412
             |
 post_#treat |
        1 1  |   7.316493   2.827086     2.59   0.010     1.774436    12.85855
------------------------------------------------------------------------------

added macro:
             e(gridfe) : "Y"

added macro:
               e(time) : "Y"

added macro:
         e(electionfe) : "Y"

added macro:
        e(provtrendfe) : "Y"

added scalar:
              e(ymean) =  200.66181

added scalar:
             e(ymean2) =  200.66181

added scalar:
                e(acq) =  658
(MWFE estimator converged in 32 iterations)

HDFE linear regression with Julia                 Number of obs   = 21,882,509
Absorbing 4 HDFE groups                           F(   7,   6261) =     256.83
Statistics cluster-robust                         Prob > F        =     0.0000
                                                  R-squared       =     0.1718
                                                  Adj R-squared   =     0.1632
Number of clusters (ac_elec_yr) =       6261      Within R-sq.    =     0.0178
                                                  Root MSE        =   955.3356

                         (Std. err. adjusted for 6,261 clusters in ac_elec_yr)
------------------------------------------------------------------------------
             |               Robust
      countk | Coefficient  std. err.      t    P>|t|     [95% conf. interval]
-------------+----------------------------------------------------------------
     1.post_ |          0  (omitted)
     1.treat |          0  (omitted)
1.rice_are~h |   232.9318   7.866637    29.61   0.000     217.5104    248.3531
wind_direc~n |  -2.146529   .0779667   -27.53   0.000     -2.29937   -1.993687
av_wind_sp~d |    151.483   5.652502    26.80   0.000     140.4022    162.5638
             |
 post_#treat |
        1 1  |  -1.749798   3.180693    -0.55   0.582    -7.985047    4.485452
             |
       post_#|
rice_area_~h |
        1 1  |  -20.38601   5.147469    -3.96   0.000    -30.47681   -10.29521
             |
       treat#|
rice_area_~h |
        1 1  |  -234.5904   14.49022   -16.19   0.000    -262.9962   -206.1846
             |
 post_#treat#|
rice_area_~h |
      1 1 1  |   23.05698   6.382929     3.61   0.000     10.54425    35.56971
------------------------------------------------------------------------------

added macro:
             e(gridfe) : "Y"

added macro:
               e(time) : "Y"

added macro:
         e(electionfe) : "Y"

added macro:
        e(provtrendfe) : "Y"

added scalar:
              e(ymean) =  200.66181

added scalar:
             e(ymean2) =  107.35086

added scalar:
                e(acq) =  658
(MWFE estimator converged in 32 iterations)

HDFE linear regression with Julia                 Number of obs   = 21,882,509
Absorbing 4 HDFE groups                           F(   7,   6261) =     262.89
Statistics cluster-robust                         Prob > F        =     0.0000
                                                  R-squared       =     0.1718
                                                  Adj R-squared   =     0.1632
Number of clusters (ac_elec_yr) =       6261      Within R-sq.    =     0.0178
                                                  Root MSE        =   955.3371

                         (Std. err. adjusted for 6,261 clusters in ac_elec_yr)
------------------------------------------------------------------------------
             |               Robust
      countk | Coefficient  std. err.      t    P>|t|     [95% conf. interval]
-------------+----------------------------------------------------------------
     1.post_ |          0  (omitted)
     1.treat |          0  (omitted)
1.rice_har~h |   231.0835   7.786001    29.68   0.000     215.8203    246.3467
wind_direc~n |  -2.146416    .077965   -27.53   0.000    -2.299254   -1.993578
av_wind_sp~d |   151.4576   5.652223    26.80   0.000     140.3774    162.5379
             |
 post_#treat |
        1 1  |  -3.214661   2.608433    -1.23   0.218    -8.328083    1.898762
             |
       post_#|
rice_harva~h |
        1 1  |  -15.65057   4.643165    -3.37   0.001    -24.75277   -6.548378
             |
       treat#|
rice_harva~h |
        1 1  |  -224.2386   12.13182   -18.48   0.000    -248.0211   -200.4561
             |
 post_#treat#|
rice_harva~h |
      1 1 1  |   27.06292   6.481168     4.18   0.000     14.35761    39.76823
------------------------------------------------------------------------------

added macro:
             e(gridfe) : "Y"

added macro:
               e(time) : "Y"

added macro:
         e(electionfe) : "Y"

added macro:
        e(provtrendfe) : "Y"

added scalar:
              e(ymean) =  200.66181

added scalar:
             e(ymean2) =  44.740805

added scalar:
                e(acq) =  658
(MWFE estimator converged in 33 iterations)

HDFE linear regression with Julia                 Number of obs   = 21,882,509
Absorbing 4 HDFE groups                           F(   7,   6261) =     124.73
Statistics cluster-robust                         Prob > F        =     0.0000
                                                  R-squared       =     0.1718
                                                  Adj R-squared   =     0.1632
Number of clusters (ac_elec_yr) =       6261      Within R-sq.    =     0.0178
                                                  Root MSE        =   955.3394

                         (Std. err. adjusted for 6,261 clusters in ac_elec_yr)
------------------------------------------------------------------------------
             |               Robust
      countk | Coefficient  std. err.      t    P>|t|     [95% conf. interval]
-------------+----------------------------------------------------------------
     1.post_ |          0  (omitted)
     1.treat |          0  (omitted)
1.rice_pro~h |  -18.64245   3.774621    -4.94   0.000      -26.042    -11.2429
wind_direc~n |   -2.14609   .0779595   -27.53   0.000    -2.298918   -1.993263
av_wind_sp~d |   151.4415   5.652499    26.79   0.000     140.3607    162.5223
             |
 post_#treat |
        1 1  |  -1.089825   2.669008    -0.41   0.683    -6.321996    4.142345
             |
       post_#|
rice_prod_~h |
        1 1  |  -3.933222   3.971063    -0.99   0.322    -11.71787    3.851423
             |
       treat#|
rice_prod_~h |
        1 1  |   52.40707   10.27918     5.10   0.000     32.25636    72.55778
             |
 post_#treat#|
rice_prod_~h |
      1 1 1  |   19.60838   6.012294     3.26   0.001     7.822226    31.39454
------------------------------------------------------------------------------

added macro:
             e(gridfe) : "Y"

added macro:
               e(time) : "Y"

added macro:
         e(electionfe) : "Y"

added macro:
        e(provtrendfe) : "Y"

added scalar:
              e(ymean) =  200.66181

added scalar:
             e(ymean2) =  39.082825

added scalar:
                e(acq) =  658

. 
. *****************************************************************************
> ***
. * Save ster file
. *****************************************************************************
> ***
. 
. estwrite evreg* using "${root}/tex/paper/tables/_app_14_polischar_fe12_did_ri
> cemods${sample}_rural_stacked.ster", replace
(saving evreg1)
(saving evreg2)
(saving evreg3)
(saving evreg4)
(file /groups/sgulzar/sa_fires/proj_bureaucrats_farms/tex/paper/tables/_app_14_
> polischar_fe12_did_ricemods_rural_stacked.ster saved)

. 
. display "Ster: ${root}/tex/paper/tables/_app_14_polischar_fe12_did_ricemods${
> sample}_rural_stacked.ster"
Ster: /groups/sgulzar/sa_fires/proj_bureaucrats_farms/tex/paper/tables/_app_14_
> polischar_fe12_did_ricemods_rural_stacked.ster

. 
. *****************************************************************************
> ***
. 
end of do-file
