
  ___  ____  ____  ____  ____ ®
 /__    /   ____/   /   ____/      StataNow 19.5
___/   /   /___/   /   /___/       MP—Parallel Edition

 Statistics and Data Science       Copyright 1985-2025 StataCorp LLC
                                   StataCorp
                                   4905 Lakeway Drive
                                   College Station, Texas 77845 USA
                                   800-782-8272        https://www.stata.com
                                   979-696-4600        service@stata.com

Stata license: 4-user 16-core network, expiring 14 Sep 2026
Serial number: 501909301589
  Licensed to: University of Notre Dame
               Notre Dame, IN 46556

Notes:
      1. Stata is running in batch mode.
      2. Unicode is supported; see help unicode_advice.
      3. More than 2 billion observations are allowed; see help obs_advice.
      4. Maximum number of variables is set to 5,000 but can be increased;
          see help set_maxvar.

. do _app_6_main_did_treat_definition.do 

. *****************************************************************************
> ***
. * _app_main_did_treat_definition_rural.do
. * Replicates _app_main_did_treat_definition.R - RURAL GRIDS ONLY
. * Different treatment definitions for downup
. *****************************************************************************
> ***
. 
. *****************************************************************************
> ***
. * Setup - Only set globals if running standalone (not from master)
. *****************************************************************************
> ***
. 
. if "$root" == "" {
.     clear all
.     set more off
. 
.     * Set toggles for standalone run
.     global location "shell"
.     global sample ""
. 
.     global shell "/groups/sgulzar/sa_fires/proj_bureaucrats_farms"
.     global dbox "/Users/anzony.quisperojas/Library/CloudStorage/Dropbox/sa_fi
> res/proj_bureaucrats_farms"
. 
.     if "$location" == "dbox" {
.         global root "$dbox"
.     }
.     else {
.         global root "$shell"
.     }
. }

. 
. global int_farms "${root}/data_output/intermediate"

. global table_farms "${root}/tex/paper/tables"

. global figure_farms "${root}/tex/paper/figures"

. 
. *****************************************************************************
> ***
. * Import Data
. *****************************************************************************
> ***
. 
. * Getting downup_dummy & mean_brigthness
. import delimited "${root}/data_output/intermediate/combined_dt_pop.csv", clea
> r
(encoding automatically selected: ISO-8859-9)
(14 vars, 162,906,001 obs)

. 
. preserve

.                 import delimited using "${root}/data_output/intermediate/0_ma
> ster_dataset.csv", ///
>     clear varnames(1)
(encoding automatically selected: ISO-8859-1)
(66 vars, 14,837,592 obs)

.         d*

Variable      Storage   Display    Value
    name         type    format    label      Variable label
-------------------------------------------------------------------------------
unique_small_~d long    %12.0g                
province        str13   %13s                  
district        str25   %25s                  
month           byte    %8.0g                 
year            int     %8.0g                 
wind_speed_av~h float   %9.0g                 
wind_directio~h float   %9.0g                 
rollav_wind_s~h float   %9.0g                 
rollav_wind_d~n float   %9.0g                 rollav_wind_direction_cellid_mont
                                                > h
downup_dummy    byte    %8.0g                 
downup_ac_pop   byte    %8.0g                 
downup_ac_area  byte    %8.0g                 
downwind_pop    float   %9.0g                 
upwind_pop      float   %9.0g                 
downwind_area   float   %9.0g                 
upwind_area     float   %9.0g                 
ac_uq_id        int     %8.0g                 
calculation_w~n float   %9.0g                 
downwind_pop_~l float   %9.0g                 
upwind_pop_ac~l float   %9.0g                 
total_pop       float   %9.0g                 
downup_diff_pop float   %9.0g                 
downup_ac       byte    %8.0g                 
monthyear       int     %8.0g                 
protest_id      int     %8.0g                 
protest_place   int     %8.0g                 
yr_pr_5km       int     %8.0g                 
mt_pr_5km       byte    %8.0g                 
ac_area_tr      int     %8.0g                 
protest5km      byte    %8.0g                 
election_index  long    %12.0g                
state           str13   %13s                  
election_year   int     %8.0g                 
month_take      byte    %8.0g                 
year_take       int     %8.0g                 
month_end       byte    %8.0g                 
year_end        int     %8.0g                 
ym              int     %8.0g                 
ym_take         int     %8.0g                 
yeargov         byte    %8.0g                 
constituency    str41   %41s                  
acpost08id      int     %8.0g                 acpost08ID
subfolder       str21   %21s                  
unique_id       str21   %21s                  
age             byte    %8.0g                 
assembly        int     %8.0g                 ASSEMBLY
assembly_1      str22   %22s                  ASSEMBLY_1
election_dist~t str28   %28s                  election_DISTRICT
parliament      byte    %8.0g                 PARLIAMENT
p_name          str20   %20s                  P_NAME
state_ut        str13   %13s                  STATE_UT
dependent_1_o~s byte    %8.0g                 
dependent_2_o~s byte    %8.0g                 
dependent_3_o~s byte    %8.0g                 
self_owns_agr~s byte    %8.0g                 
spouse_owns_a~s byte    %8.0g                 
self_profession byte    %8.0g                 
self_professi~w strL    %9s                   
spouse_profes~w str158  %158s                 
spouse_profes~n byte    %8.0g                 
education       str21   %21s                  
state_clean     str13   %13s                  
state_ut_clean  str13   %13s                  STATE_UT_clean
downup_1sd_pop  byte    %8.0g                 
down_percent_~p float   %9.0g                 
downup_di~t_pop float   %9.0g                 

.         
.                 keep ac_uq_id unique_small_grid_id downup_ac down_percent_pop
>  downup_diff_percent_pop downwind_pop_ac_nosmall upwind_pop_ac_nosmall downup
> _1sd_pop year month

.                 tempfile dta

.                 save `dta'
file /tmp/1325949.1.largemem/St1105761.000002 saved as .dta format

.         restore

.         
.         merge m:1 unique_small_grid_id month year using `dta', keep(3) nogen

    Result                      Number of obs
    -----------------------------------------
    Not matched                             0
    Matched                       162,906,001  
    -----------------------------------------

. 
. 
. * Merge with rural classification
. merge m:1 unique_small_grid_id using "${root}/data_output/intermediate/ghs_gr
> id_classification_2000.dta", keepusing(is_rural)
