
  ___  ____  ____  ____  ____ ®
 /__    /   ____/   /   ____/      StataNow 19.5
___/   /   /___/   /   /___/       MP—Parallel Edition

 Statistics and Data Science       Copyright 1985-2025 StataCorp LLC
                                   StataCorp
                                   4905 Lakeway Drive
                                   College Station, Texas 77845 USA
                                   800-782-8272        https://www.stata.com
                                   979-696-4600        service@stata.com

Stata license: 4-user 16-core network, expiring 14 Sep 2026
Serial number: 501909301589
  Licensed to: University of Notre Dame
               Notre Dame, IN 46556

Notes:
      1. Stata is running in batch mode.
      2. Unicode is supported; see help unicode_advice.
      3. More than 2 billion observations are allowed; see help obs_advice.
      4. Maximum number of variables is set to 5,000 but can be increased;
          see help set_maxvar.

. do _app_15_polischar_fe12_did.do 

. *****************************************************************************
> ***
. * _app_15_polischar_fe12_did_rural.do
. * Politician characteristics DiD WITHOUT moderator - RURAL GRIDS ONLY
. * 3 columns: 3 FE specs (baseline only, no downup_ac interaction)
. *****************************************************************************
> ***
. 
. *****************************************************************************
> ***
. * Setup - Only set globals if running standalone (not from master)
. *****************************************************************************
> ***
. 
. if "$root" == "" {
.     clear all
.     set more off
. 
.     * Set toggles for standalone run
.     global location "shell"
.     global sample ""
. 
.     global shell "/groups/sgulzar/sa_fires/proj_bureaucrats_farms"
.     global dbox "/Users/anzony.quisperojas/Library/CloudStorage/Dropbox/sa_fi
> res/proj_bureaucrats_farms"
. 
.     if "$location" == "dbox" {
.         global root "$dbox"
.     }
.     else {
.         global root "$shell"
.     }
. }

. 
. cd "${root}"
/groups/sgulzar/sa_fires/proj_bureaucrats_farms

. 
. *****************************************************************************
> ***
. * Import Data
. *****************************************************************************
> ***
. 
. // Importing data from csv
. import delimited using "${root}/data_output/intermediate/politicians_characte
> ristics${sample}.csv", ///
>     clear varnames(1)
(encoding automatically selected: ISO-8859-9)
(19 vars, 29,740,165 obs)

.         
.         drop downup_ac 

. 
. preserve

.                 import delimited using "${root}/data_output/intermediate/0_ma
> ster_dataset.csv", ///
>     clear varnames(1)
(encoding automatically selected: ISO-8859-1)
(66 vars, 14,837,592 obs)

.                 keep unique_small_grid_id month year downup_ac_pop

.                 tempfile dta

.                 save `dta'
file /tmp/1321534.1.largemem/St2131982.000002 saved as .dta format

.         restore

.         
.         merge m:1 unique_small_grid_id month year using `dta', keep(3) nogen

    Result                      Number of obs
    -----------------------------------------
    Not matched                             0
    Matched                        29,740,165  
    -----------------------------------------

.         
.         rename  downup_ac_pop downup_ac

. 
. * Merge with rice moderators
. merge m:1 unique_small_grid_id ac_uq_id using "${root}/data_output/intermedia
> te/rice_moderators.dta"

    Result                      Number of obs
    -----------------------------------------
    Not matched                        23,982
        from master                         0  (_merge==1)
        from using                     23,982  (_merge==2)

    Matched                        29,740,165  (_merge==3)
    -----------------------------------------

. keep if _merge == 3
(23,982 observations deleted)

. drop _merge

. 
. * Merge with rural classification
. merge m:1 unique_small_grid_id using "${root}/data_output/intermediate/ghs_gr
> id_classification_2000.dta", keepusing(is_rural)

    Result                      Number of obs
    -----------------------------------------
    Not matched                        82,479
        from master                         0  (_merge==1)
        from using                     82,479  (_merge==2)

    Matched                        29,740,165  (_merge==3)
    -----------------------------------------

. keep if _merge == 3
(82,479 observations deleted)

. drop _merge

. 
. * Keep only rural grids
. keep if is_rural == 1
(7,857,656 observations deleted)

. 
. display "Observations after rural filter: " _N
Observations after rural filter: 21882509

. 
. *****************************************************************************
> ***
. * Generate Variables
. *****************************************************************************
> ***
. 
. * Date
. gen date_ym = ym(year, month)

. 
. * Fixed Effects
. egen unique_small_grid_id_cohort = group(unique_small_grid_id cohort)

. egen monthyearco = group(month year cohort)

. egen ac_elec_yr = group(ac_uq_id election_year cohort)

. egen province_cohort = group(cohort province)

. 
. 
. * Government year
. bys ac_uq_id election_year: egen min_monthyear = min(date_ym)

. gen gov_year = date_ym - min_monthyear

. replace gov_year = gov_year / 12
(21,441,362 real changes made)

. 
. * Relative years
. sum relative_year_bin

    Variable |        Obs        Mean    Std. dev.       Min        Max
-------------+---------------------------------------------------------
relative_y~n | 21,882,509   -.3912998    2.647744         -5          4

. local rmin = r(min)

. gen relative_year_bin_aux = relative_year_bin - `rmin' + 1

. local base = -1 - `rmin' + 1

. gen post_ = (relative_year_bin >= 0)

. 
. * Ever treated
. bys unique_small_grid_id: egen TREAT_down = max(downup_ac)
(299,651 missing values generated)

. 
. *****************************************************************************
> ***
. * Regression Setup
. *****************************************************************************
> ***
. gen countk = count * 1000

. local dep_var countk

. local rhs "ib0.post_##ib0.treat wind_direction av_wind_speed"

. 
. * FE specifications
. local fe1 "unique_small_grid_id_cohort relative_year_bin_aux"

. local fe2 "unique_small_grid_id_cohort relative_year_bin_aux province_cohort#
> election_year"

. local fe3 "unique_small_grid_id_cohort relative_year_bin_aux province_cohort#
> election_year province_cohort#c.monthyear"

. 
. *****************************************************************************
> ***
. * Run Regressions (only 3 FE specs, no moderator)
. *****************************************************************************
> ***
. 
. * Compute mean of dep var where untreated
. quietly summarize `dep_var' if treat == 0 & relative_year_bin < 0

. local ymean = r(mean)

. local ymean_fmt = string(`ymean', "%9.3f")

. 
. * Count number of unique ACs
. unique ac_uq_id
Number of unique values of ac_uq_id is  658
Number of records is  21882509

. local numacs = r(unique)

. 
. local i = 1

. 
. forvalues feval = 1/3 {
  2. 
.     local fespec `fe`feval''
  3. 
.     * Run regression with clustering
.     reghdfejl `dep_var' `rhs', absorb(`fespec') vce(cluster ac_elec_yr)
  4. 
.     * Store statistics
.     estadd local ymean "`ymean_fmt'"
  5.     estadd local acq "`numacs'"
  6.     estadd local gridfe "Y"
  7.         estadd local time "Y"
  8.     estadd local electionfe = cond(`feval' >= 2, "Y", "N")
  9.     estadd local provtrendfe = cond(`feval' == 3, "Y", "N")
 10. 
.     est store evreg`i'
 11.     local i = `i' + 1
 12.     display("`i'")
 13. }
(MWFE estimator converged in 9 iterations)

HDFE linear regression with Julia                 Number of obs   = 21,882,509
Absorbing 2 HDFE groups                           F(   3,   6261) =     341.33
Statistics cluster-robust                         Prob > F        =     0.0000
                                                  R-squared       =     0.1074
                                                  Adj R-squared   =     0.0981
Number of clusters (ac_elec_yr) =       6261      Within R-sq.    =     0.0113
                                                  Root MSE        =   991.7652

                         (Std. err. adjusted for 6,261 clusters in ac_elec_yr)
------------------------------------------------------------------------------
             |               Robust
      countk | Coefficient  std. err.      t    P>|t|     [95% conf. interval]
-------------+----------------------------------------------------------------
     1.post_ |          0  (omitted)
     1.treat |          0  (omitted)
wind_direc~n |  -1.735678   .0583508   -29.75   0.000    -1.850065    -1.62129
av_wind_sp~d |   112.4262    4.36336    25.77   0.000     103.8725    120.9798
             |
 post_#treat |
        1 1  |   29.24409   3.658909     7.99   0.000     22.07138    36.41681
------------------------------------------------------------------------------

added macro:
              e(ymean) : "200.662"

added macro:
                e(acq) : "658"

added macro:
             e(gridfe) : "Y"

added macro:
               e(time) : "Y"

added macro:
         e(electionfe) : "N"

added macro:
        e(provtrendfe) : "N"
2
(MWFE estimator converged in 17 iterations)

HDFE linear regression with Julia                 Number of obs   = 21,882,509
Absorbing 3 HDFE groups                           F(   3,   6261) =     342.10
Statistics cluster-robust                         Prob > F        =     0.0000
                                                  R-squared       =     0.1088
                                                  Adj R-squared   =     0.0996
Number of clusters (ac_elec_yr) =       6261      Within R-sq.    =     0.0112
                                                  Root MSE        =   990.9640

                         (Std. err. adjusted for 6,261 clusters in ac_elec_yr)
------------------------------------------------------------------------------
             |               Robust
      countk | Coefficient  std. err.      t    P>|t|     [95% conf. interval]
-------------+----------------------------------------------------------------
     1.post_ |          0  (omitted)
     1.treat |          0  (omitted)
wind_direc~n |  -1.728827   .0581287   -29.74   0.000    -1.842779   -1.614875
av_wind_sp~d |   112.2948   4.359299    25.76   0.000     103.7491    120.8405
             |
 post_#treat |
        1 1  |   6.287832   2.853887     2.20   0.028     .6932348    11.88243
------------------------------------------------------------------------------

added macro:
              e(ymean) : "200.662"

added macro:
                e(acq) : "658"

added macro:
             e(gridfe) : "Y"

added macro:
               e(time) : "Y"

added macro:
         e(electionfe) : "Y"

added macro:
        e(provtrendfe) : "N"
3
(MWFE estimator converged in 28 iterations)

HDFE linear regression with Julia                 Number of obs   = 21,882,509
Absorbing 4 HDFE groups                           F(   3,   6261) =     288.48
Statistics cluster-robust                         Prob > F        =     0.0000
                                                  R-squared       =     0.1718
                                                  Adj R-squared   =     0.1632
Number of clusters (ac_elec_yr) =       6261      Within R-sq.    =     0.0178
                                                  Root MSE        =   955.3423

                         (Std. err. adjusted for 6,261 clusters in ac_elec_yr)
------------------------------------------------------------------------------
             |               Robust
      countk | Coefficient  std. err.      t    P>|t|     [95% conf. interval]
-------------+----------------------------------------------------------------
     1.post_ |          0  (omitted)
     1.treat |          0  (omitted)
wind_direc~n |  -2.146187   .0779622   -27.53   0.000    -2.299019   -1.993354
av_wind_sp~d |   151.4594   5.652983    26.79   0.000     140.3776    162.5412
             |
 post_#treat |
        1 1  |   7.316493   2.827086     2.59   0.010     1.774436    12.85855
------------------------------------------------------------------------------

added macro:
              e(ymean) : "200.662"

added macro:
                e(acq) : "658"

added macro:
             e(gridfe) : "Y"

added macro:
               e(time) : "Y"

added macro:
         e(electionfe) : "Y"

added macro:
        e(provtrendfe) : "Y"
4

. 
. *****************************************************************************
> ***
. * Save ster file
. *****************************************************************************
> ***
. 
. estwrite evreg* using "${root}/tex/paper/tables/_app_15_polischar_fe12_did${s
> ample}_rural_stacked.ster", replace
(saving evreg1)
(saving evreg2)
(saving evreg3)
(file /groups/sgulzar/sa_fires/proj_bureaucrats_farms/tex/paper/tables/_app_15_
> polischar_fe12_did_rural_stacked.ster saved)

. 
. display "Ster: ${root}/tex/paper/tables/_app_15_polischar_fe12_did${sample}_r
> ural_stacked.ster"
Ster: /groups/sgulzar/sa_fires/proj_bureaucrats_farms/tex/paper/tables/_app_15_
> polischar_fe12_did_rural_stacked.ster

. 
. *****************************************************************************
> ***
. 
end of do-file
