
  ___  ____  ____  ____  ____ ®
 /__    /   ____/   /   ____/      StataNow 19.5
___/   /   /___/   /   /___/       MP—Parallel Edition

 Statistics and Data Science       Copyright 1985-2025 StataCorp LLC
                                   StataCorp
                                   4905 Lakeway Drive
                                   College Station, Texas 77845 USA
                                   800-782-8272        https://www.stata.com
                                   979-696-4600        service@stata.com

Stata license: 4-user 16-core network, expiring 14 Sep 2026
Serial number: 501909301589
  Licensed to: University of Notre Dame
               Notre Dame, IN 46556

Notes:
      1. Stata is running in batch mode.
      2. Unicode is supported; see help unicode_advice.
      3. More than 2 billion observations are allowed; see help obs_advice.
      4. Maximum number of variables is set to 5,000 but can be increased;
          see help set_maxvar.

. do /users/aquisper/proj_bureaucrats_farms/code/_stacked_downup_replication/_m
> ain_2_stacked_event_study_5pre_grid_monthyear_pop_nocontrols.do 

. *****************************************************************************
> ***
. * Population event study robustness 2:
. *   - grid x cohort and month-year x cohort fixed effects
. *   - no wind controls
. *   - original cohort-interacted clustering
. *****************************************************************************
> ***
. 
. version 17

. do "_main_2_stacked_event_study_5pre_grid_monthyear_pop.do" ///
>     nocontrols cohort ///
>     stacked_event_study_pop_5pre_grid_monthyear_fe_nocontrols

. *****************************************************************************
> ***
. * Population-weighted stacked event study, relative months -6 through 5.
. * Fixed effects: grid x cohort and month-year x cohort only.
. * Period -1 remains the omitted reference category.
. *
. * Optional direct-call arguments:
. *   controls_mode: controls | nocontrols
. *   cluster_mode:  cohort | grid_monthyear
. *   output_stem:   filename stem written under tables/
. *****************************************************************************
> ***
. 
. args controls_mode cluster_mode output_stem

. 
. if "$root" == "" {
.     clear all
.     set more off
. 
.     * Five sbatch-array parameters; defaults apply only to standalone runs.
.     global location     "shell"
.     global sample       ""
.     global is_rural_var "is_rural"
.     global fe_list      "1"
.     global ster_suffix  ""
. 
.     global shell "/groups/sgulzar/sa_fires/proj_bureaucrats_farms"
.     global dbox  "/Users/anzony.quisperojas/Library/CloudStorage/Dropbox/sa_f
> ires/proj_bureaucrats_farms"
.     global code_shell "/users/aquisper/proj_bureaucrats_farms/code/_stacked_d
> ownup_replication"
.     global code_dbox  "/Users/anzony.quisperojas/Documents/GitHub/proj_bureau
> crats_farms/code/_stacked_downup_replication"
.     if "$location" == "dbox" {
.         global root "$dbox"
.         global code "$code_dbox"
.     }
.     else {
.         global root "$shell"
.         global code "$code_shell"
.     }
.     quietly do "${code}/estsave_csv.ado"
. }

. 
. global int_data "${root}/data_output/intermediate"

. global tables   "${code}/../../tables"

. 
. if "`controls_mode'" == "" local controls_mode "controls"

. if "`cluster_mode'" == "" local cluster_mode "cohort"

. if "`output_stem'" == "" {
.     local output_stem "stacked_event_study_pop_5pre_grid_monthyear_fe"
. }

. 
. if !inlist("`controls_mode'", "controls", "nocontrols") {
.     display as error "controls_mode must be controls or nocontrols."
.     exit 198
. }

. if !inlist("`cluster_mode'", "cohort", "grid_monthyear") {
.     display as error "cluster_mode must be cohort or grid_monthyear."
.     exit 198
. }

. 
. if "`controls_mode'" == "controls" {
.     local weather_controls "wind_direction av_wind_speed"
.     local controls_tag "Y"
. }

. else {
.     local weather_controls ""
.     local controls_tag "N"
. }

. 
. if "`cluster_mode'" == "cohort" {
.     local cluster_variables ///
>         "ac_uq_id#cohort#monthyear unique_small_grid_id#cohort"
.     local cluster_tag "AC x cohort x month-year; grid x cohort"
. }

. else {
.     local cluster_variables "unique_small_grid_id monthyear"
.     local cluster_tag "Grid; month-year"
. }

. 
. import delimited using "${int_data}/combined_dt_pop${sample}.csv", clear varn
> ames(1)
(encoding automatically selected: ISO-8859-9)
(20 vars, 95,976,111 obs)

. keep if inrange(relative_monthyear, -6, 5)
(37,265,924 observations deleted)

. gen relative_year_bin = relative_monthyear

. gen relative_year_bin_aux = relative_year_bin + 7

. local base = 6

. capture drop countk

. gen countk = count * 1000

. 
. merge m:1 unique_small_grid_id using "${int_data}/ghs_grid_classification_200
> 0.dta", ///
>     keep(master match) keepusing(is_rural)

    Result                      Number of obs
    -----------------------------------------
    Not matched                             0
    Matched                        58,710,187  (_merge==3)
    -----------------------------------------

. drop _merge

. keep if ${is_rural_var} == 1
(13,660,220 observations deleted)

. keep if year < 2022 | (year == 2022 & month <= 8)
(8,049,035 observations deleted)

. 
. capture confirm variable rice_prod_aclvl_ahigh

. if _rc {
.     merge m:1 unique_small_grid_id ac_uq_id using ///
>         "${int_data}/rice_moderators.dta", keep(master match) nogen ///
>         keepusing(rice_area_aclvl_ahigh rice_harvarea_aclvl_ahigh rice_prod_a
> clvl_ahigh)
. }

. 
. local dep_var countk

. local fe1 "unique_small_grid_id#cohort monthyear#cohort"

. local moderators_list moderator rice_prod_aclvl_ahigh

. * local moderators_list moderator downup_ac rice_area_aclvl_ahigh rice_harvar
> ea_aclvl_ahigh rice_prod_aclvl_ahigh
. gen moderator = 0

. egen tag_ac = tag(ac_uq_id)

. count if tag_ac == 1
  808

. local numacs = r(N)

. 
. est clear

. local i = 1

. local estimate_names ""

. foreach mod of local moderators_list {
  2.     replace moderator = `mod'
  3.     local rhs ///
>         "ib`base'.relative_year_bin_aux##ib0.treat##ib0.`mod' `weather_contro
> ls'"
  4. 
.     quietly summarize `dep_var' if treat == 1 & relative_year_bin <= -1
  5.     local ymean = r(mean)
  6.     quietly summarize `dep_var' if treat == 1 & relative_year_bin <= -1 & 
> moderator == 1
  7.     local ymean2 = r(mean)
  8. 
.     foreach fe of numlist $fe_list {
  9.         if `fe' != 1 {
 10.             display as error "This standalone file supports only FE specif
> ication 1."
 11.             exit 198
 12.         }
 13. 
.         reghdfejl `dep_var' `rhs', absorb(`fe`fe'') ///
>             cluster(`cluster_variables')
 14.         estadd scalar ymean = `ymean'
 15.         estadd scalar ymean2 = `ymean2'
 16.         estadd scalar acq = `numacs'
 17.         estadd local smpl "Rural"
 18.         estadd local fespec "Grid x cohort and month-year x cohort"
 19.         estadd local mod "`mod'"
 20.         estadd local monthyearfe "Y"
 21.         estadd local acfe "N"
 22.         estadd local acmonthfe "N"
 23.         estadd local gridfe "Y"
 24.         estadd local weathercontrols "`controls_tag'"
 25.         estadd local clusterspec "`cluster_tag'"
 26.         local estname evreg`i'
 27.         local i = `i' + 1
 28.         est store `estname'
 29.         local estimate_names "`estimate_names' `estname'"
 30.     }
 31. }
(0 real changes made)
(dropped 89814 singleton observations)
(MWFE estimator converged in 14 iterations)

HDFE linear regression with Julia                 Number of obs   = 36,911,118
Absorbing 2 HDFE groups                           F(  11, 980407) =     163.61
Statistics cluster-robust                         Prob > F        =     0.0000
                                                  R-squared       =     0.2274
                                                  Adj R-squared   =     0.0980
Number of clusters (ac_uq_id#cohort#monthyear) =     980408Within R-sq.=     0.
> 0007
Number of clusters (unique_small_grid_id#cohort) =    5295000Root MSE=   979.26
> 28

(Std. err. adjusted for 980,408 clusters in ac_uq_id#cohort#monthyear unique_sm
> all_grid_id#cohort)
------------------------------------------------------------------------------
             |               Robust
      countk | Coefficient  std. err.      t    P>|t|     [95% conf. interval]
-------------+----------------------------------------------------------------
relative_y~x |
          1  |          0  (omitted)
          2  |          0  (omitted)
          3  |          0  (omitted)
          4  |          0  (omitted)
          5  |          0  (omitted)
          7  |          0  (omitted)
          8  |          0  (omitted)
          9  |          0  (omitted)
         10  |          0  (omitted)
         11  |          0  (omitted)
         12  |          0  (omitted)
             |
     1.treat |          0  (omitted)
             |
relative_y~x#|
       treat |
        1 1  |  -368.0183   11.53546   -31.90   0.000    -390.6274   -345.4092
        2 1  |  -161.2722   6.248084   -25.81   0.000    -173.5182   -149.0261
        3 1  |  -83.43677   5.056701   -16.50   0.000    -93.34773    -73.5258
        4 1  |  -60.87356   5.071837   -12.00   0.000    -70.81419   -50.93292
        5 1  |  -47.24098   4.629757   -10.20   0.000    -56.31515   -38.16681
        7 1  |  -108.0098   4.521627   -23.89   0.000     -116.872   -99.14755
        8 1  |  -81.24858   5.821859   -13.96   0.000    -92.65923   -69.83793
        9 1  |  -88.27233   4.902564   -18.01   0.000    -97.88119   -78.66347
       10 1  |  -47.98852   4.791101   -10.02   0.000    -57.37892   -38.59812
       11 1  |  -29.64614   5.290791    -5.60   0.000    -40.01592   -19.27637
       12 1  |   -65.8751   5.897452   -11.17   0.000     -77.4339   -54.31629
------------------------------------------------------------------------------

added scalar:
              e(ymean) =  93.646576

added scalar:
             e(ymean2) =  .

added scalar:
                e(acq) =  808

added macro:
               e(smpl) : "Rural"

added macro:
             e(fespec) : "Grid x cohort and month-year x cohort"

added macro:
                e(mod) : "moderator"

added macro:
        e(monthyearfe) : "Y"

added macro:
               e(acfe) : "N"

added macro:
          e(acmonthfe) : "N"

added macro:
             e(gridfe) : "Y"

added macro:
    e(weathercontrols) : "N"

added macro:
        e(clusterspec) : "AC x cohort x month-year; grid x cohort"
(16,713,531 real changes made)
(dropped 89814 singleton observations)
(MWFE estimator converged in 14 iterations)

HDFE linear regression with Julia                 Number of obs   = 36,911,118
Absorbing 2 HDFE groups                           F(  33, 980407) =     231.07
Statistics cluster-robust                         Prob > F        =     0.0000
                                                  R-squared       =     0.2323
                                                  Adj R-squared   =     0.1037
Number of clusters (ac_uq_id#cohort#monthyear) =     980408Within R-sq.=     0.
> 0070
Number of clusters (unique_small_grid_id#cohort) =    5295000Root MSE=   976.13
> 92

(Std. err. adjusted for 980,408 clusters in ac_uq_id#cohort#monthyear unique_sm
> all_grid_id#cohort)
------------------------------------------------------------------------------
             |               Robust
      countk | Coefficient  std. err.      t    P>|t|     [95% conf. interval]
-------------+----------------------------------------------------------------
relative_y~x |
          1  |          0  (omitted)
          2  |          0  (omitted)
          3  |          0  (omitted)
          4  |          0  (omitted)
          5  |          0  (omitted)
          7  |          0  (omitted)
          8  |          0  (omitted)
          9  |          0  (omitted)
         10  |          0  (omitted)
         11  |          0  (omitted)
         12  |          0  (omitted)
             |
     1.treat |          0  (omitted)
1.rice_pro~h |          0  (omitted)
             |
relative_y~x#|
       treat |
        1 1  |  -128.3278   8.327752   -15.41   0.000    -144.6499   -112.0057
        2 1  |   11.18146   6.153454     1.82   0.069    -.8791082    23.24202
        3 1  |   91.03386   6.179442    14.73   0.000     78.92236    103.1454
        4 1  |   60.41453   5.938273    10.17   0.000     48.77572    72.05335
        5 1  |   32.26392   5.533059     5.83   0.000     21.41931    43.10854
        7 1  |  -129.5859    4.51225   -28.72   0.000    -138.4297    -120.742
        8 1  |  -200.2499   6.654321   -30.09   0.000    -213.2921   -187.2076
        9 1  |  -138.8767   5.845004   -23.76   0.000    -150.3327   -127.4207
       10 1  |  -46.42292    4.95353    -9.37   0.000    -56.13167   -36.71417
       11 1  |  -24.18808   5.513596    -4.39   0.000    -34.99455   -13.38162
       12 1  |  -14.63468   7.056349    -2.07   0.038    -28.46488    -.804469
             |
relative_y~x#|
rice_prod_~h |
        1 1  |   579.8344   19.03313    30.46   0.000     542.5302    617.1387
        2 1  |   359.9871   14.57888    24.69   0.000      331.413    388.5613
        3 1  |   218.9548   11.86336    18.46   0.000      195.703    242.2066
        4 1  |   111.3011   10.08492    11.04   0.000     91.53497    131.0672
        5 1  |   43.58906    9.10968     4.78   0.000     25.73439    61.44373
        7 1  |  -10.60826   7.938338    -1.34   0.181    -26.16714    4.950614
        8 1  |  -63.31721   8.196852    -7.72   0.000    -79.38277   -47.25166
        9 1  |  -163.0069   8.061191   -20.22   0.000    -178.8065   -147.2072
       10 1  |  -213.1566   8.500642   -25.08   0.000    -229.8175   -196.4956
       11 1  |  -236.7671   9.371046   -25.27   0.000    -255.1341   -218.4002
       12 1  |  -251.8663   10.32179   -24.40   0.000    -272.0966   -231.6359
             |
       treat#|
rice_prod_~h |
        1 1  |          0  (omitted)
             |
relative_y~x#|
       treat#|
rice_prod_~h |
      1 1 1  |  -646.7696   20.32033   -31.83   0.000    -686.5968   -606.9424
      2 1 1  |  -435.8519   15.31075   -28.47   0.000    -465.8605   -405.8434
      3 1 1  |  -404.4642   13.17441   -30.70   0.000    -430.2856   -378.6428
      4 1 1  |  -275.9019   11.44879   -24.10   0.000    -298.3411   -253.4626
      5 1 1  |  -178.3407   11.20894   -15.91   0.000    -200.3098   -156.3715
      7 1 1  |   54.86622   9.944036     5.52   0.000     35.37624    74.35619
      8 1 1  |   270.2674   14.74917    18.32   0.000     241.3595    299.1753
      9 1 1  |   134.9587   12.08444    11.17   0.000     111.2736    158.6438
     10 1 1  |   39.76382   10.42938     3.81   0.000      19.3226    60.20505
     11 1 1  |   36.11775   11.18519     3.23   0.001     14.19516    58.04034
     12 1 1  |  -53.09817   12.48184    -4.25   0.000    -77.56216   -28.63419
------------------------------------------------------------------------------

added scalar:
              e(ymean) =  93.646576

added scalar:
             e(ymean2) =  152.51514

added scalar:
                e(acq) =  808

added macro:
               e(smpl) : "Rural"

added macro:
             e(fespec) : "Grid x cohort and month-year x cohort"

added macro:
                e(mod) : "rice_prod_aclvl_ahigh"

added macro:
        e(monthyearfe) : "Y"

added macro:
               e(acfe) : "N"

added macro:
          e(acmonthfe) : "N"

added macro:
             e(gridfe) : "Y"

added macro:
    e(weathercontrols) : "N"

added macro:
        e(clusterspec) : "AC x cohort x month-year; grid x cohort"

. 
. local outbase "${tables}/`output_stem'${sample}_rural${ster_suffix}"

. estwrite `estimate_names' using "`outbase'.ster", replace
(saving evreg1)
(saving evreg2)
(file /users/aquisper/proj_bureaucrats_farms/code/_stacked_downup_replication/.
> ./../tables/stacked_event_study_pop_5pre_grid_monthyear_fe_nocontrols_rural.s
> ter saved)

. estsave_csv `estimate_names' using "`outbase'.csv", replace
(23 missing values generated)
(23 missing values generated)
(23 missing values generated)
(23 missing values generated)
(23 missing values generated)
(23 missing values generated)
(23 missing values generated)
(23 missing values generated)
(23 missing values generated)
(23 missing values generated)
(23 missing values generated)
(23 missing values generated)
(23 missing values generated)
(23 missing values generated)
(23 missing values generated)
(23 missing values generated)
(23 missing values generated)
(23 missing values generated)
(23 missing values generated)
(23 missing values generated)
(23 missing values generated)
(23 missing values generated)
(23 missing values generated)
(23 missing values generated)
(23 missing values generated)
(47 missing values generated)
(47 missing values generated)
(47 missing values generated)
(47 missing values generated)
(47 missing values generated)
(47 missing values generated)
(47 missing values generated)
(47 missing values generated)
(47 missing values generated)
(47 missing values generated)
(47 missing values generated)
(47 missing values generated)
(47 missing values generated)
(47 missing values generated)
(47 missing values generated)
(47 missing values generated)
(47 missing values generated)
(47 missing values generated)
(47 missing values generated)
(47 missing values generated)
(47 missing values generated)
(47 missing values generated)
(47 missing values generated)
(47 missing values generated)
(47 missing values generated)
(47 missing values generated)
(47 missing values generated)
(47 missing values generated)
(47 missing values generated)
(47 missing values generated)
(47 missing values generated)
(47 missing values generated)
(47 missing values generated)
(47 missing values generated)
(47 missing values generated)
(47 missing values generated)
(47 missing values generated)
(47 missing values generated)
(47 missing values generated)
(47 missing values generated)
(47 missing values generated)
(47 missing values generated)
(47 missing values generated)
(47 missing values generated)
(47 missing values generated)
(47 missing values generated)
(47 missing values generated)
(47 missing values generated)
(47 missing values generated)
Estimates exported to /users/aquisper/proj_bureaucrats_farms/code/_stacked_down
> up_replication/../../tables/stacked_event_study_pop_5pre_grid_monthyear_fe_no
> controls_rural.csv

. 
. display as result "Saved `outbase'.ster and `outbase'.csv"
Saved /users/aquisper/proj_bureaucrats_farms/code/_stacked_downup_replication/.
> ./../tables/stacked_event_study_pop_5pre_grid_monthyear_fe_nocontrols_rural.s
> ter and /users/aquisper/proj_bureaucrats_farms/code/_stacked_downup_replicati
> on/../../tables/stacked_event_study_pop_5pre_grid_monthyear_fe_nocontrols_rur
> al.csv

. 
end of do-file

. 
. 
end of do-file
