
  ___  ____  ____  ____  ____ ®
 /__    /   ____/   /   ____/      StataNow 19.5
___/   /   /___/   /   /___/       MP—Parallel Edition

 Statistics and Data Science       Copyright 1985-2025 StataCorp LLC
                                   StataCorp
                                   4905 Lakeway Drive
                                   College Station, Texas 77845 USA
                                   800-782-8272        https://www.stata.com
                                   979-696-4600        service@stata.com

Stata license: 4-user 16-core network, expiring 14 Sep 2026
Serial number: 501909301589
  Licensed to: University of Notre Dame
               Notre Dame, IN 46556

Notes:
      1. Stata is running in batch mode.
      2. Unicode is supported; see help unicode_advice.
      3. More than 2 billion observations are allowed; see help obs_advice.
      4. Maximum number of variables is set to 5,000 but can be increased;
          see help set_maxvar.

. do /users/aquisper/proj_bureaucrats_farms/code/_stacked_downup_replication/ex
> ploratory_analysis/event_study/omit_period_0/grid_monthyear_pop_omit0.do 

. *****************************************************************************
> ***
. * Grid/month-year FE population event study, normalized to relative month 0.
. * Controls and original cohort-interacted clustering retained.
. *****************************************************************************
> ***
. 
. version 17

. do "exploratory_analysis/event_study/omit_period_0/_event_study_pop_omit0_cor
> e.do" ///
>     grid_monthyear controls cohort ///
>     stacked_event_study_pop_5pre_grid_monthyear_fe_omit0

. *****************************************************************************
> ***
. * Population-weighted stacked event study over relative months -6 through 5.
. * Exploratory normalization: relative month 0 is the omitted reference period
> .
. *
. * Arguments:
. *   fe_mode:       main | grid_monthyear
. *   controls_mode: controls | nocontrols
. *   cluster_mode:  cohort | grid_monthyear
. *   output_stem:   filename stem written under tables/
. *****************************************************************************
> ***
. 
. version 17

. args fe_mode controls_mode cluster_mode output_stem

. 
. if "$root" == "" {
.     clear all
.     set more off
. 
.     * Five sbatch-array parameters; defaults apply only to standalone runs.
.     global location     "shell"
.     global sample       ""
.     global is_rural_var "is_rural"
.     global fe_list      "1"
.     global ster_suffix  ""
. 
.     global shell "/groups/sgulzar/sa_fires/proj_bureaucrats_farms"
.     global dbox  "/Users/anzony.quisperojas/Library/CloudStorage/Dropbox/sa_f
> ires/proj_bureaucrats_farms"
.     global code_shell "/users/aquisper/proj_bureaucrats_farms/code/_stacked_d
> ownup_replication"
.     global code_dbox  "/Users/anzony.quisperojas/Documents/GitHub/proj_bureau
> crats_farms/code/_stacked_downup_replication"
.     if "$location" == "dbox" {
.         global root "$dbox"
.         global code "$code_dbox"
.     }
.     else {
.         global root "$shell"
.         global code "$code_shell"
.     }
.     quietly do "${code}/estsave_csv.ado"
. }

. 
. global int_data "${root}/data_output/intermediate"

. global tables   "${code}/../../tables"

. 
. if !inlist("`fe_mode'", "main", "grid_monthyear") {
.     display as error "fe_mode must be main or grid_monthyear."
.     exit 198
. }

. if !inlist("`controls_mode'", "controls", "nocontrols") {
.     display as error "controls_mode must be controls or nocontrols."
.     exit 198
. }

. if !inlist("`cluster_mode'", "cohort", "grid_monthyear") {
.     display as error "cluster_mode must be cohort or grid_monthyear."
.     exit 198
. }

. if "`output_stem'" == "" {
.     display as error "output_stem is required."
.     exit 198
. }

. 
. if "`fe_mode'" == "main" {
.     local fe1 "unique_small_grid_id#cohort ac_uq_id#monthyear#cohort"
.     local fespec_tag "Grid x cohort; AC x month-year x cohort"
.     local monthyearfe "N"
.     local acfe "N"
.     local acmonthfe "Y"
.     local gridfe "Y"
. }

. else {
.     local fe1 "unique_small_grid_id#cohort monthyear#cohort"
.     local fespec_tag "Grid x cohort; month-year x cohort"
.     local monthyearfe "Y"
.     local acfe "N"
.     local acmonthfe "N"
.     local gridfe "Y"
. }

. 
. if "`controls_mode'" == "controls" {
.     local weather_controls "wind_direction av_wind_speed"
.     local controls_tag "Y"
. }

. else {
.     local weather_controls ""
.     local controls_tag "N"
. }

. 
. if "`cluster_mode'" == "cohort" {
.     local cluster_variables ///
>         "ac_uq_id#cohort#monthyear unique_small_grid_id#cohort"
.     local cluster_tag "AC x cohort x month-year; grid x cohort"
. }

. else {
.     local cluster_variables "unique_small_grid_id monthyear"
.     local cluster_tag "Grid; month-year"
. }

. 
. import delimited using "${int_data}/combined_dt_pop${sample}.csv", clear varn
> ames(1)
(encoding automatically selected: ISO-8859-9)
(20 vars, 95,976,111 obs)

. keep if inrange(relative_monthyear, -6, 5)
(37,265,924 observations deleted)

. gen relative_year_bin = relative_monthyear

. gen relative_year_bin_aux = relative_year_bin + 7

. * relative month 0 maps to 7 and is the omitted category.
. local base = 7

. capture drop countk

. gen countk = count * 1000

. 
. merge m:1 unique_small_grid_id using "${int_data}/ghs_grid_classification_200
> 0.dta", ///
>     keep(master match) keepusing(is_rural)

    Result                      Number of obs
    -----------------------------------------
    Not matched                             0
    Matched                        58,710,187  (_merge==3)
    -----------------------------------------

. drop _merge

. keep if ${is_rural_var} == 1
(13,660,220 observations deleted)

. keep if year < 2022 | (year == 2022 & month <= 8)
(8,049,035 observations deleted)

. 
. capture confirm variable rice_prod_aclvl_ahigh

. if _rc {
.     merge m:1 unique_small_grid_id ac_uq_id using ///
>         "${int_data}/rice_moderators.dta", keep(master match) nogen ///
>         keepusing(rice_area_aclvl_ahigh rice_harvarea_aclvl_ahigh rice_prod_a
> clvl_ahigh)
. }

. 
. local dep_var countk

. local moderators_list moderator rice_prod_aclvl_ahigh

. * local moderators_list moderator downup_ac rice_area_aclvl_ahigh rice_harvar
> ea_aclvl_ahigh rice_prod_aclvl_ahigh
. gen moderator = 0

. egen tag_ac = tag(ac_uq_id)

. count if tag_ac == 1
  808

. local numacs = r(N)

. 
. est clear

. local i = 1

. local estimate_names ""

. foreach mod of local moderators_list {
  2.     replace moderator = `mod'
  3.     local rhs ///
>         "ib`base'.relative_year_bin_aux##ib0.treat##ib0.`mod' `weather_contro
> ls'"
  4. 
.     quietly summarize `dep_var' if treat == 1 & relative_year_bin <= -1
  5.     local ymean = r(mean)
  6.     quietly summarize `dep_var' if treat == 1 & relative_year_bin <= -1 & 
> moderator == 1
  7.     local ymean2 = r(mean)
  8. 
.     foreach fe of numlist $fe_list {
  9.         if `fe' != 1 {
 10.             display as error "This exploratory file supports only FE speci
> fication 1."
 11.             exit 198
 12.         }
 13. 
.         reghdfejl `dep_var' `rhs', absorb(`fe`fe'') ///
>             cluster(`cluster_variables')
 14.         estadd scalar ymean = `ymean'
 15.         estadd scalar ymean2 = `ymean2'
 16.         estadd scalar acq = `numacs'
 17.         estadd local smpl "Rural"
 18.         estadd local fespec "`fespec_tag'"
 19.         estadd local mod "`mod'"
 20.         estadd local monthyearfe "`monthyearfe'"
 21.         estadd local acfe "`acfe'"
 22.         estadd local acmonthfe "`acmonthfe'"
 23.         estadd local gridfe "`gridfe'"
 24.         estadd local weathercontrols "`controls_tag'"
 25.         estadd local clusterspec "`cluster_tag'"
 26.         estadd local omittedperiod "0"
 27.         local estname evreg`i'
 28.         local i = `i' + 1
 29.         est store `estname'
 30.         local estimate_names "`estimate_names' `estname'"
 31.     }
 32. }
(0 real changes made)
(dropped 89814 singleton observations)
(MWFE estimator converged in 14 iterations)

HDFE linear regression with Julia                 Number of obs   = 36,911,118
Absorbing 2 HDFE groups                           F(  13, 980407) =     872.90
Statistics cluster-robust                         Prob > F        =     0.0000
                                                  R-squared       =     0.2331
                                                  Adj R-squared   =     0.1046
Number of clusters (ac_uq_id#cohort#monthyear) =     980408Within R-sq.=     0.
> 0080
Number of clusters (unique_small_grid_id#cohort) =    5295000Root MSE=   975.65
> 11

(Std. err. adjusted for 980,408 clusters in ac_uq_id#cohort#monthyear unique_sm
> all_grid_id#cohort)
------------------------------------------------------------------------------
             |               Robust
      countk | Coefficient  std. err.      t    P>|t|     [95% conf. interval]
-------------+----------------------------------------------------------------
relative_y~x |
          1  |          0  (omitted)
          2  |          0  (omitted)
          3  |          0  (omitted)
          4  |          0  (omitted)
          5  |          0  (omitted)
          6  |          0  (omitted)
          8  |          0  (omitted)
          9  |          0  (omitted)
         10  |          0  (omitted)
         11  |          0  (omitted)
         12  |          0  (omitted)
             |
     1.treat |          0  (omitted)
wind_direc~n |  -.2798933   .0073969   -37.84   0.000     -.294391   -.2653957
av_wind_sp~d |   388.4195   3.844238   101.04   0.000     380.8849    395.9541
             |
relative_y~x#|
       treat |
        1 1  |  -282.0542   10.97565   -25.70   0.000    -303.5661   -260.5423
        2 1  |  -68.43743   5.505046   -12.43   0.000    -79.22714   -57.64773
        3 1  |  -7.109398   4.442376    -1.60   0.110    -15.81631    1.597511
        4 1  |  -6.836178   4.416215    -1.55   0.122    -15.49181    1.819455
        5 1  |   35.38733   4.072096     8.69   0.000     27.40615     43.3685
        6 1  |   103.1977   4.582917    22.52   0.000     94.21537    112.1801
        8 1  |  -.9130972   5.212322    -0.18   0.861    -11.12907    9.302879
        9 1  |  -31.09441    4.36561    -7.12   0.000    -39.65085   -22.53796
       10 1  |  -5.283098   4.200072    -1.26   0.208     -13.5151    2.948902
       11 1  |   13.01244   4.874103     2.67   0.008     3.459367    22.56552
       12 1  |  -25.97358   5.628675    -4.61   0.000    -37.00559   -14.94156
------------------------------------------------------------------------------

added scalar:
              e(ymean) =  93.646576

added scalar:
             e(ymean2) =  .

added scalar:
                e(acq) =  808

added macro:
               e(smpl) : "Rural"

added macro:
             e(fespec) : "Grid x cohort; month-year x cohort"

added macro:
                e(mod) : "moderator"

added macro:
        e(monthyearfe) : "Y"

added macro:
               e(acfe) : "N"

added macro:
          e(acmonthfe) : "N"

added macro:
             e(gridfe) : "Y"

added macro:
    e(weathercontrols) : "Y"

added macro:
        e(clusterspec) : "AC x cohort x month-year; grid x cohort"

added macro:
      e(omittedperiod) : "0"
(16,713,531 real changes made)
(dropped 89814 singleton observations)
(MWFE estimator converged in 14 iterations)

HDFE linear regression with Julia                 Number of obs   = 36,911,118
Absorbing 2 HDFE groups                           F(  35, 980407) =     359.06
Statistics cluster-robust                         Prob > F        =     0.0000
                                                  R-squared       =     0.2377
                                                  Adj R-squared   =     0.1100
Number of clusters (ac_uq_id#cohort#monthyear) =     980408Within R-sq.=     0.
> 0140
Number of clusters (unique_small_grid_id#cohort) =    5295000Root MSE=   972.73
> 61

(Std. err. adjusted for 980,408 clusters in ac_uq_id#cohort#monthyear unique_sm
> all_grid_id#cohort)
------------------------------------------------------------------------------
             |               Robust
      countk | Coefficient  std. err.      t    P>|t|     [95% conf. interval]
-------------+----------------------------------------------------------------
relative_y~x |
          1  |          0  (omitted)
          2  |          0  (omitted)
          3  |          0  (omitted)
          4  |          0  (omitted)
          5  |          0  (omitted)
          6  |          0  (omitted)
          8  |          0  (omitted)
          9  |          0  (omitted)
         10  |          0  (omitted)
         11  |          0  (omitted)
         12  |          0  (omitted)
             |
     1.treat |          0  (omitted)
1.rice_pro~h |          0  (omitted)
wind_direc~n |  -.2788875   .0074255   -37.56   0.000    -.2934413   -.2643338
av_wind_sp~d |   376.4604   3.727576   100.99   0.000     369.1545    383.7663
             |
relative_y~x#|
       treat |
        1 1  |  -43.13065   7.975229    -5.41   0.000    -58.76183   -27.49947
        2 1  |   104.5879    5.64747    18.52   0.000       93.519    115.6567
        3 1  |     169.53   6.017366    28.17   0.000     157.7362    181.3239
        4 1  |   129.5892   5.634646    23.00   0.000     118.5454    140.6329
        5 1  |   136.1861   5.242121    25.98   0.000     125.9117    146.4605
        6 1  |   114.5983   4.635758    24.72   0.000     105.5124    123.6842
        8 1  |  -99.48837   6.198299   -16.05   0.000    -111.6368   -87.33991
        9 1  |   -63.6041   5.338063   -11.92   0.000    -74.06653   -53.14168
       10 1  |   12.26833   4.309294     2.85   0.004     3.822259     20.7144
       11 1  |   36.27395   4.869751     7.45   0.000     26.72941     45.8185
       12 1  |   45.45579   6.591834     6.90   0.000     32.53602    58.37556
             |
relative_y~x#|
rice_prod_~h |
        1 1  |   568.9715   18.70947    30.41   0.000     532.3015    605.6414
        2 1  |   356.8705   14.33232    24.90   0.000     328.7796    384.9613
        3 1  |   222.8098   11.67373    19.09   0.000     199.9297    245.6899
        4 1  |   119.7342   9.813454    12.20   0.000     100.5001    138.9682
        5 1  |   51.52401   8.747146     5.89   0.000      34.3799    68.66812
        6 1  |   7.836008   7.905654     0.99   0.322    -7.658808    23.33082
        8 1  |  -49.58091   7.691618    -6.45   0.000    -64.65622    -34.5056
        9 1  |  -149.1056   7.512306   -19.85   0.000    -163.8295   -134.3818
       10 1  |  -196.3787    7.84201   -25.04   0.000    -211.7488   -181.0086
       11 1  |  -217.2858   8.750443   -24.83   0.000    -234.4363   -200.1352
       12 1  |  -228.0009   9.756363   -23.37   0.000     -247.123   -208.8787
             |
       treat#|
rice_prod_~h |
        1 1  |          0  (omitted)
             |
relative_y~x#|
       treat#|
rice_prod_~h |
      1 1 1  |  -648.4615   19.30981   -33.58   0.000    -686.3081   -610.6149
      2 1 1  |  -443.5413   14.29198   -31.03   0.000    -471.5532   -415.5295
      3 1 1  |  -415.9469   12.33283   -33.73   0.000    -440.1189    -391.775
      4 1 1  |   -312.565   10.56461   -29.59   0.000    -333.2713   -291.8587
      5 1 1  |  -229.9356   10.39142   -22.13   0.000    -250.3024   -209.5688
      6 1 1  |  -31.95487   9.964963    -3.21   0.001    -51.48586   -12.42388
      8 1 1  |   219.5607   13.55953    16.19   0.000     192.9845     246.137
      9 1 1  |    90.4709    10.8318     8.35   0.000     69.24093    111.7009
     10 1 1  |  -.0344375   8.914428    -0.00   0.997    -17.50642    17.43754
     11 1 1  |  -7.806745   9.881832    -0.79   0.430     -27.1748    11.56131
     12 1 1  |  -102.4822   11.34221    -9.04   0.000    -124.7125   -80.25182
------------------------------------------------------------------------------

added scalar:
              e(ymean) =  93.646576

added scalar:
             e(ymean2) =  152.51514

added scalar:
                e(acq) =  808

added macro:
               e(smpl) : "Rural"

added macro:
             e(fespec) : "Grid x cohort; month-year x cohort"

added macro:
                e(mod) : "rice_prod_aclvl_ahigh"

added macro:
        e(monthyearfe) : "Y"

added macro:
               e(acfe) : "N"

added macro:
          e(acmonthfe) : "N"

added macro:
             e(gridfe) : "Y"

added macro:
    e(weathercontrols) : "Y"

added macro:
        e(clusterspec) : "AC x cohort x month-year; grid x cohort"

added macro:
      e(omittedperiod) : "0"

. 
. local outbase "${tables}/`output_stem'${sample}_rural${ster_suffix}"

. estwrite `estimate_names' using "`outbase'.ster", replace
(saving evreg1)
(saving evreg2)
(file /users/aquisper/proj_bureaucrats_farms/code/_stacked_downup_replication/.
> ./../tables/stacked_event_study_pop_5pre_grid_monthyear_fe_omit0_rural.ster s
> aved)

. estsave_csv `estimate_names' using "`outbase'.csv", replace
(25 missing values generated)
(25 missing values generated)
(25 missing values generated)
(25 missing values generated)
(25 missing values generated)
(25 missing values generated)
(25 missing values generated)
(25 missing values generated)
(25 missing values generated)
(25 missing values generated)
(25 missing values generated)
(25 missing values generated)
(25 missing values generated)
(25 missing values generated)
(25 missing values generated)
(25 missing values generated)
(25 missing values generated)
(25 missing values generated)
(25 missing values generated)
(25 missing values generated)
(25 missing values generated)
(25 missing values generated)
(25 missing values generated)
(25 missing values generated)
(25 missing values generated)
(25 missing values generated)
(25 missing values generated)
(49 missing values generated)
(49 missing values generated)
(49 missing values generated)
(49 missing values generated)
(49 missing values generated)
(49 missing values generated)
(49 missing values generated)
(49 missing values generated)
(49 missing values generated)
(49 missing values generated)
(49 missing values generated)
(49 missing values generated)
(49 missing values generated)
(49 missing values generated)
(49 missing values generated)
(49 missing values generated)
(49 missing values generated)
(49 missing values generated)
(49 missing values generated)
(49 missing values generated)
(49 missing values generated)
(49 missing values generated)
(49 missing values generated)
(49 missing values generated)
(49 missing values generated)
(49 missing values generated)
(49 missing values generated)
(49 missing values generated)
(49 missing values generated)
(49 missing values generated)
(49 missing values generated)
(49 missing values generated)
(49 missing values generated)
(49 missing values generated)
(49 missing values generated)
(49 missing values generated)
(49 missing values generated)
(49 missing values generated)
(49 missing values generated)
(49 missing values generated)
(49 missing values generated)
(49 missing values generated)
(49 missing values generated)
(49 missing values generated)
(49 missing values generated)
(49 missing values generated)
(49 missing values generated)
(49 missing values generated)
(49 missing values generated)
(49 missing values generated)
(49 missing values generated)
Estimates exported to /users/aquisper/proj_bureaucrats_farms/code/_stacked_down
> up_replication/../../tables/stacked_event_study_pop_5pre_grid_monthyear_fe_om
> it0_rural.csv

. 
. display as result "Saved `outbase'.ster and `outbase'.csv"
Saved /users/aquisper/proj_bureaucrats_farms/code/_stacked_downup_replication/.
> ./../tables/stacked_event_study_pop_5pre_grid_monthyear_fe_omit0_rural.ster a
> nd /users/aquisper/proj_bureaucrats_farms/code/_stacked_downup_replication/..
> /../tables/stacked_event_study_pop_5pre_grid_monthyear_fe_omit0_rural.csv

. 
end of do-file

. 
end of do-file
