
  ___  ____  ____  ____  ____ ®
 /__    /   ____/   /   ____/      StataNow 19.5
___/   /   /___/   /   /___/       MP—Parallel Edition

 Statistics and Data Science       Copyright 1985-2025 StataCorp LLC
                                   StataCorp
                                   4905 Lakeway Drive
                                   College Station, Texas 77845 USA
                                   800-782-8272        https://www.stata.com
                                   979-696-4600        service@stata.com

Stata license: 4-user 16-core network, expiring 14 Sep 2026
Serial number: 501909301589
  Licensed to: University of Notre Dame
               Notre Dame, IN 46556

Notes:
      1. Stata is running in batch mode.
      2. Unicode is supported; see help unicode_advice.
      3. More than 2 billion observations are allowed; see help obs_advice.
      4. Maximum number of variables is set to 5,000 but can be increased;
          see help set_maxvar.

. do /users/aquisper/proj_bureaucrats_farms/code/_stacked_downup_replication/ex
> ploratory_analysis/event_study/omit_period_0/alternative_windows/m5_p6_grid_m
> onthyear_pop.do 

. * Grid/month-year FE baseline: relative months -5 through +6; omit 0.
. version 17

. do "exploratory_analysis/event_study/omit_period_0/_event_study_pop_omit0_cor
> e.do" ///
>     grid_monthyear controls cohort ///
>     stacked_event_study_pop_grid_monthyear_fe_m5_p6_omit0 -5 6

. *****************************************************************************
> ***
. * Population-weighted stacked event study with a configurable event window.
. * Exploratory normalization: relative month 0 is the omitted reference period
> .
. *
. * Arguments:
. *   fe_mode:       main | grid_monthyear
. *   controls_mode: controls | nocontrols
. *   cluster_mode:  cohort | grid_monthyear
. *   output_stem:   filename stem written under tables/
. *   window_min:    first retained relative month; default -6
. *   window_max:    last retained relative month; default +5
. *****************************************************************************
> ***
. 
. version 17

. args fe_mode controls_mode cluster_mode output_stem window_min window_max

. 
. if "$root" == "" {
.     clear all
.     set more off
. 
.     * Five sbatch-array parameters; defaults apply only to standalone runs.
.     global location     "shell"
.     global sample       ""
.     global is_rural_var "is_rural"
.     global fe_list      "1"
.     global ster_suffix  ""
. 
.     global shell "/groups/sgulzar/sa_fires/proj_bureaucrats_farms"
.     global dbox  "/Users/anzony.quisperojas/Library/CloudStorage/Dropbox/sa_f
> ires/proj_bureaucrats_farms"
.     global code_shell "/users/aquisper/proj_bureaucrats_farms/code/_stacked_d
> ownup_replication"
.     global code_dbox  "/Users/anzony.quisperojas/Documents/GitHub/proj_bureau
> crats_farms/code/_stacked_downup_replication"
.     if "$location" == "dbox" {
.         global root "$dbox"
.         global code "$code_dbox"
.     }
.     else {
.         global root "$shell"
.         global code "$code_shell"
.     }
.     quietly do "${code}/estsave_csv.ado"
. }

. 
. global int_data "${root}/data_output/intermediate"

. global tables   "${code}/../../tables"

. 
. if !inlist("`fe_mode'", "main", "grid_monthyear") {
.     display as error "fe_mode must be main or grid_monthyear."
.     exit 198
. }

. if !inlist("`controls_mode'", "controls", "nocontrols") {
.     display as error "controls_mode must be controls or nocontrols."
.     exit 198
. }

. if !inlist("`cluster_mode'", "cohort", "grid_monthyear") {
.     display as error "cluster_mode must be cohort or grid_monthyear."
.     exit 198
. }

. if "`output_stem'" == "" {
.     display as error "output_stem is required."
.     exit 198
. }

. if "`window_min'" == "" local window_min = -6

. if "`window_max'" == "" local window_max = 5

. if `window_min' >= 0 | `window_max' <= 0 {
.     display as error "The event window must contain negative periods, 0, and 
> positive periods."
.     exit 198
. }

. if `window_min' != floor(`window_min') | `window_max' != floor(`window_max') 
> {
.     display as error "window_min and window_max must be integers."
.     exit 198
. }

. 
. if "`fe_mode'" == "main" {
.     local fe1 "unique_small_grid_id#cohort ac_uq_id#monthyear#cohort"
.     local fespec_tag "Grid x cohort; AC x month-year x cohort"
.     local monthyearfe "N"
.     local acfe "N"
.     local acmonthfe "Y"
.     local gridfe "Y"
. }

. else {
.     local fe1 "unique_small_grid_id#cohort monthyear#cohort"
.     local fespec_tag "Grid x cohort; month-year x cohort"
.     local monthyearfe "Y"
.     local acfe "N"
.     local acmonthfe "N"
.     local gridfe "Y"
. }

. 
. if "`controls_mode'" == "controls" {
.     local weather_controls "wind_direction av_wind_speed"
.     local controls_tag "Y"
. }

. else {
.     local weather_controls ""
.     local controls_tag "N"
. }

. 
. if "`cluster_mode'" == "cohort" {
.     local cluster_variables ///
>         "ac_uq_id#cohort#monthyear unique_small_grid_id#cohort"
.     local cluster_tag "AC x cohort x month-year; grid x cohort"
. }

. else {
.     local cluster_variables "unique_small_grid_id monthyear"
.     local cluster_tag "Grid; month-year"
. }

. 
. import delimited using "${int_data}/combined_dt_pop${sample}.csv", clear varn
> ames(1)
(encoding automatically selected: ISO-8859-9)
(20 vars, 95,976,111 obs)

. keep if inrange(relative_monthyear, `window_min', `window_max')
(37,385,876 observations deleted)

. gen relative_year_bin = relative_monthyear

. local shift = 1 - `window_min'

. gen relative_year_bin_aux = relative_year_bin + `shift'

. * Relative month 0 maps to `shift' and is the omitted category.
. local base = `shift'

. capture drop countk

. gen countk = count * 1000

. 
. merge m:1 unique_small_grid_id using "${int_data}/ghs_grid_classification_200
> 0.dta", ///
>     keep(master match) keepusing(is_rural)

    Result                      Number of obs
    -----------------------------------------
    Not matched                             0
    Matched                        58,590,235  (_merge==3)
    -----------------------------------------

. drop _merge

. keep if ${is_rural_var} == 1
(13,625,380 observations deleted)

. keep if year < 2022 | (year == 2022 & month <= 8)
(8,066,918 observations deleted)

. 
. capture confirm variable rice_prod_aclvl_ahigh

. if _rc {
.     merge m:1 unique_small_grid_id ac_uq_id using ///
>         "${int_data}/rice_moderators.dta", keep(master match) nogen ///
>         keepusing(rice_area_aclvl_ahigh rice_harvarea_aclvl_ahigh rice_prod_a
> clvl_ahigh)
. }

. 
. local dep_var countk

. local moderators_list moderator rice_prod_aclvl_ahigh

. * local moderators_list moderator downup_ac rice_area_aclvl_ahigh rice_harvar
> ea_aclvl_ahigh rice_prod_aclvl_ahigh
. gen moderator = 0

. egen tag_ac = tag(ac_uq_id)

. count if tag_ac == 1
  808

. local numacs = r(N)

. 
. est clear

. local i = 1

. local estimate_names ""

. foreach mod of local moderators_list {
  2.     replace moderator = `mod'
  3.     local rhs ///
>         "ib`base'.relative_year_bin_aux##ib0.treat##ib0.`mod' `weather_contro
> ls'"
  4. 
.     quietly summarize `dep_var' if treat == 1 & relative_year_bin <= -1
  5.     local ymean = r(mean)
  6.     quietly summarize `dep_var' if treat == 1 & relative_year_bin <= -1 & 
> moderator == 1
  7.     local ymean2 = r(mean)
  8. 
.     foreach fe of numlist $fe_list {
  9.         if `fe' != 1 {
 10.             display as error "This exploratory file supports only FE speci
> fication 1."
 11.             exit 198
 12.         }
 13. 
.         reghdfejl `dep_var' `rhs', absorb(`fe`fe'') ///
>             cluster(`cluster_variables')
 14.         estadd scalar ymean = `ymean'
 15.         estadd scalar ymean2 = `ymean2'
 16.         estadd scalar acq = `numacs'
 17.         estadd local smpl "Rural"
 18.         estadd local fespec "`fespec_tag'"
 19.         estadd local mod "`mod'"
 20.         estadd local monthyearfe "`monthyearfe'"
 21.         estadd local acfe "`acfe'"
 22.         estadd local acmonthfe "`acmonthfe'"
 23.         estadd local gridfe "`gridfe'"
 24.         estadd local weathercontrols "`controls_tag'"
 25.         estadd local clusterspec "`cluster_tag'"
 26.         estadd local omittedperiod "0"
 27.         estadd local eventwindow "`window_min' to `window_max'"
 28.         local estname evreg`i'
 29.         local i = `i' + 1
 30.         est store `estname'
 31.         local estimate_names "`estimate_names' `estname'"
 32.     }
 33. }
(0 real changes made)
(dropped 89689 singleton observations)
(MWFE estimator converged in 14 iterations)

HDFE linear regression with Julia                 Number of obs   = 36,808,248
Absorbing 2 HDFE groups                           F(  13, 971025) =     782.84
Statistics cluster-robust                         Prob > F        =     0.0000
                                                  R-squared       =     0.2285
                                                  Adj R-squared   =     0.0989
Number of clusters (ac_uq_id#cohort#monthyear) =     971025Within R-sq.=     0.
> 0070
Number of clusters (unique_small_grid_id#cohort) =    5292271Root MSE=   953.92
> 92

(Std. err. adjusted for 971,025 clusters in ac_uq_id#cohort#monthyear unique_sm
> all_grid_id#cohort)
------------------------------------------------------------------------------
             |               Robust
      countk | Coefficient  std. err.      t    P>|t|     [95% conf. interval]
-------------+----------------------------------------------------------------
relative_y~x |
          1  |          0  (omitted)
          2  |          0  (omitted)
          3  |          0  (omitted)
          4  |          0  (omitted)
          5  |          0  (omitted)
          7  |          0  (omitted)
          8  |          0  (omitted)
          9  |          0  (omitted)
         10  |          0  (omitted)
         11  |          0  (omitted)
         12  |          0  (omitted)
             |
     1.treat |          0  (omitted)
wind_direc~n |  -.2711538   .0072921   -37.18   0.000    -.2854461   -.2568616
av_wind_sp~d |   364.5158   3.814908    95.55   0.000     357.0387    371.9929
             |
relative_y~x#|
       treat |
        1 1  |  -73.75392   5.373621   -13.73   0.000    -84.28603    -63.2218
        2 1  |  -8.789787   4.241694    -2.07   0.038    -17.10337   -.4762094
        3 1  |  -5.082972   4.295861    -1.18   0.237    -13.50271    3.336771
        4 1  |   35.17719   3.996372     8.80   0.000     27.34443    43.00994
        5 1  |   102.1374   4.542692    22.48   0.000     93.23387    111.0409
        7 1  |   5.302294   5.253725     1.01   0.313    -4.994831    15.59942
        8 1  |  -23.21612   4.372877    -5.31   0.000    -31.78682   -14.64543
        9 1  |   2.244473   4.194978     0.54   0.593    -5.977543    10.46649
       10 1  |   19.39895   4.881342     3.97   0.000     9.831683    28.96622
       11 1  |  -17.77619    5.54232    -3.21   0.001    -28.63895   -6.913433
       12 1  |  -3.154266   6.920148    -0.46   0.649    -16.71752    10.40899
------------------------------------------------------------------------------

added scalar:
              e(ymean) =  91.947846

added scalar:
             e(ymean2) =  .

added scalar:
                e(acq) =  808

added macro:
               e(smpl) : "Rural"

added macro:
             e(fespec) : "Grid x cohort; month-year x cohort"

added macro:
                e(mod) : "moderator"

added macro:
        e(monthyearfe) : "Y"

added macro:
               e(acfe) : "N"

added macro:
          e(acmonthfe) : "N"

added macro:
             e(gridfe) : "Y"

added macro:
    e(weathercontrols) : "Y"

added macro:
        e(clusterspec) : "AC x cohort x month-year; grid x cohort"

added macro:
      e(omittedperiod) : "0"

added macro:
        e(eventwindow) : "-5 to 6"
(16,670,104 real changes made)
(dropped 89689 singleton observations)
(MWFE estimator converged in 14 iterations)

HDFE linear regression with Julia                 Number of obs   = 36,808,248
Absorbing 2 HDFE groups                           F(  35, 971025) =     325.15
Statistics cluster-robust                         Prob > F        =     0.0000
                                                  R-squared       =     0.2322
                                                  Adj R-squared   =     0.1033
Number of clusters (ac_uq_id#cohort#monthyear) =     971025Within R-sq.=     0.
> 0118
Number of clusters (unique_small_grid_id#cohort) =    5292271Root MSE=   951.61
> 22

(Std. err. adjusted for 971,025 clusters in ac_uq_id#cohort#monthyear unique_sm
> all_grid_id#cohort)
------------------------------------------------------------------------------
             |               Robust
      countk | Coefficient  std. err.      t    P>|t|     [95% conf. interval]
-------------+----------------------------------------------------------------
relative_y~x |
          1  |          0  (omitted)
          2  |          0  (omitted)
          3  |          0  (omitted)
          4  |          0  (omitted)
          5  |          0  (omitted)
          7  |          0  (omitted)
          8  |          0  (omitted)
          9  |          0  (omitted)
         10  |          0  (omitted)
         11  |          0  (omitted)
         12  |          0  (omitted)
             |
     1.treat |          0  (omitted)
1.rice_pro~h |          0  (omitted)
wind_direc~n |  -.2717505   .0073322   -37.06   0.000    -.2861214   -.2573796
av_wind_sp~d |   354.7299   3.703443    95.78   0.000     347.4713    361.9885
             |
relative_y~x#|
       treat |
        1 1  |    106.494   5.593577    19.04   0.000     95.53078    117.4572
        2 1  |   172.2085    5.95226    28.93   0.000     160.5422    183.8747
        3 1  |   133.2865   5.590423    23.84   0.000     122.3295    144.2435
        4 1  |   136.6558   5.202699    26.27   0.000     126.4587    146.8529
        5 1  |   113.9309   4.624773    24.63   0.000     104.8665    122.9953
        7 1  |  -97.21628   6.297148   -15.44   0.000    -109.5585   -84.87408
        8 1  |  -62.62749   5.400759   -11.60   0.000     -73.2128   -52.04219
        9 1  |   12.56803   4.297595     2.92   0.003     4.144888    20.99117
       10 1  |   36.22306   4.865041     7.45   0.000     26.68775    45.75838
       11 1  |   47.18712   6.448568     7.32   0.000     34.54814     59.8261
       12 1  |   46.33399   8.762505     5.29   0.000     29.15977    63.50821
             |
relative_y~x#|
rice_prod_~h |
        1 1  |   363.0638   14.30392    25.38   0.000     335.0286     391.099
        2 1  |   226.7243    11.4978    19.72   0.000      204.189    249.2596
        3 1  |   121.9197   9.758787    12.49   0.000     102.7928    141.0466
        4 1  |   51.02934   8.728028     5.85   0.000      33.9227    68.13598
        5 1  |   7.042262    7.89133     0.89   0.372    -8.424479      22.509
        7 1  |  -54.50281   7.799008    -6.99   0.000     -69.7886   -39.21701
        8 1  |  -159.1465   7.527711   -21.14   0.000    -173.9006   -144.3924
        9 1  |  -206.8208   7.833576   -26.40   0.000    -222.1743   -191.4672
       10 1  |  -226.2507    8.72094   -25.94   0.000    -243.3434   -209.1579
       11 1  |  -237.7719   9.671447   -24.58   0.000    -256.7276   -218.8162
       12 1  |  -185.3228    10.8094   -17.14   0.000    -206.5089   -164.1368
             |
       treat#|
rice_prod_~h |
        1 1  |          0  (omitted)
             |
relative_y~x#|
       treat#|
rice_prod_~h |
      1 1 1  |  -458.2531   14.24661   -32.17   0.000     -486.176   -430.3302
      2 1 1  |  -424.7238   12.15545   -34.94   0.000    -448.5481   -400.8996
      3 1 1  |  -316.8457   10.47772   -30.24   0.000    -337.3817   -296.3098
      4 1 1  |  -231.1089   10.33002   -22.37   0.000    -251.3554   -210.8624
      5 1 1  |  -32.71201   9.933863    -3.29   0.001    -52.18205   -13.24197
      7 1 1  |   226.2946   13.68092    16.54   0.000     199.4805    253.1088
      8 1 1  |   102.6492   10.90403     9.41   0.000      81.2777    124.0208
      9 1 1  |   12.87743   8.944871     1.44   0.150    -4.654218    30.40907
     10 1 1  |   3.495851   9.924034     0.35   0.725    -15.95492    22.94662
     11 1 1  |  -91.23409   11.26435    -8.10   0.000    -113.3118   -69.15635
     12 1 1  |  -69.37501    14.0848    -4.93   0.000    -96.98075   -41.76928
------------------------------------------------------------------------------

added scalar:
              e(ymean) =  91.947846

added scalar:
             e(ymean2) =  149.3446

added scalar:
                e(acq) =  808

added macro:
               e(smpl) : "Rural"

added macro:
             e(fespec) : "Grid x cohort; month-year x cohort"

added macro:
                e(mod) : "rice_prod_aclvl_ahigh"

added macro:
        e(monthyearfe) : "Y"

added macro:
               e(acfe) : "N"

added macro:
          e(acmonthfe) : "N"

added macro:
             e(gridfe) : "Y"

added macro:
    e(weathercontrols) : "Y"

added macro:
        e(clusterspec) : "AC x cohort x month-year; grid x cohort"

added macro:
      e(omittedperiod) : "0"

added macro:
        e(eventwindow) : "-5 to 6"

. 
. local outbase "${tables}/`output_stem'${sample}_rural${ster_suffix}"

. estwrite `estimate_names' using "`outbase'.ster", replace
(saving evreg1)
(saving evreg2)
(file /users/aquisper/proj_bureaucrats_farms/code/_stacked_downup_replication/.
> ./../tables/stacked_event_study_pop_grid_monthyear_fe_m5_p6_omit0_rural.ster 
> saved)

. estsave_csv `estimate_names' using "`outbase'.csv", replace
(25 missing values generated)
(25 missing values generated)
(25 missing values generated)
(25 missing values generated)
(25 missing values generated)
(25 missing values generated)
(25 missing values generated)
(25 missing values generated)
(25 missing values generated)
(25 missing values generated)
(25 missing values generated)
(25 missing values generated)
(25 missing values generated)
(25 missing values generated)
(25 missing values generated)
(25 missing values generated)
(25 missing values generated)
(25 missing values generated)
(25 missing values generated)
(25 missing values generated)
(25 missing values generated)
(25 missing values generated)
(25 missing values generated)
(25 missing values generated)
(25 missing values generated)
(25 missing values generated)
(25 missing values generated)
(49 missing values generated)
(49 missing values generated)
(49 missing values generated)
(49 missing values generated)
(49 missing values generated)
(49 missing values generated)
(49 missing values generated)
(49 missing values generated)
(49 missing values generated)
(49 missing values generated)
(49 missing values generated)
(49 missing values generated)
(49 missing values generated)
(49 missing values generated)
(49 missing values generated)
(49 missing values generated)
(49 missing values generated)
(49 missing values generated)
(49 missing values generated)
(49 missing values generated)
(49 missing values generated)
(49 missing values generated)
(49 missing values generated)
(49 missing values generated)
(49 missing values generated)
(49 missing values generated)
(49 missing values generated)
(49 missing values generated)
(49 missing values generated)
(49 missing values generated)
(49 missing values generated)
(49 missing values generated)
(49 missing values generated)
(49 missing values generated)
(49 missing values generated)
(49 missing values generated)
(49 missing values generated)
(49 missing values generated)
(49 missing values generated)
(49 missing values generated)
(49 missing values generated)
(49 missing values generated)
(49 missing values generated)
(49 missing values generated)
(49 missing values generated)
(49 missing values generated)
(49 missing values generated)
(49 missing values generated)
(49 missing values generated)
(49 missing values generated)
(49 missing values generated)
Estimates exported to /users/aquisper/proj_bureaucrats_farms/code/_stacked_down
> up_replication/../../tables/stacked_event_study_pop_grid_monthyear_fe_m5_p6_o
> mit0_rural.csv

. 
. display as result "Saved `outbase'.ster and `outbase'.csv"
Saved /users/aquisper/proj_bureaucrats_farms/code/_stacked_downup_replication/.
> ./../tables/stacked_event_study_pop_grid_monthyear_fe_m5_p6_omit0_rural.ster 
> and /users/aquisper/proj_bureaucrats_farms/code/_stacked_downup_replication/.
> ./../tables/stacked_event_study_pop_grid_monthyear_fe_m5_p6_omit0_rural.csv

. 
end of do-file

. 
end of do-file
