
  ___  ____  ____  ____  ____ ®
 /__    /   ____/   /   ____/      StataNow 19.5
___/   /   /___/   /   /___/       MP—Parallel Edition

 Statistics and Data Science       Copyright 1985-2025 StataCorp LLC
                                   StataCorp
                                   4905 Lakeway Drive
                                   College Station, Texas 77845 USA
                                   800-782-8272        https://www.stata.com
                                   979-696-4600        service@stata.com

Stata license: 4-user 16-core network, expiring 14 Sep 2026
Serial number: 501909301589
  Licensed to: University of Notre Dame
               Notre Dame, IN 46556

Notes:
      1. Stata is running in batch mode.
      2. Unicode is supported; see help unicode_advice.
      3. More than 2 billion observations are allowed; see help obs_advice.
      4. Maximum number of variables is set to 5,000 but can be increased;
          see help set_maxvar.

. do /users/aquisper/proj_bureaucrats_farms/code/_stacked_downup_replication/ex
> ploratory_analysis/event_study/omit_period_0/alternative_windows/m5_p6_grid_m
> onthyear_pop_nocontrols_gridmonth_cluster.do 

. * Grid/month-year FE, no controls and modified clustering: -5 through +6; omi
> t 0.
. version 17

. do "exploratory_analysis/event_study/omit_period_0/_event_study_pop_omit0_cor
> e.do" ///
>     grid_monthyear nocontrols grid_monthyear ///
>     stacked_event_study_pop_grid_monthyear_fe_nocontrols_gridmonth_cluster_m5
> _p6_omit0 -5 6

. *****************************************************************************
> ***
. * Population-weighted stacked event study with a configurable event window.
. * Exploratory normalization: relative month 0 is the omitted reference period
> .
. *
. * Arguments:
. *   fe_mode:       main | grid_monthyear
. *   controls_mode: controls | nocontrols
. *   cluster_mode:  cohort | grid_monthyear
. *   output_stem:   filename stem written under tables/
. *   window_min:    first retained relative month; default -6
. *   window_max:    last retained relative month; default +5
. *****************************************************************************
> ***
. 
. version 17

. args fe_mode controls_mode cluster_mode output_stem window_min window_max

. 
. if "$root" == "" {
.     clear all
.     set more off
. 
.     * Five sbatch-array parameters; defaults apply only to standalone runs.
.     global location     "shell"
.     global sample       ""
.     global is_rural_var "is_rural"
.     global fe_list      "1"
.     global ster_suffix  ""
. 
.     global shell "/groups/sgulzar/sa_fires/proj_bureaucrats_farms"
.     global dbox  "/Users/anzony.quisperojas/Library/CloudStorage/Dropbox/sa_f
> ires/proj_bureaucrats_farms"
.     global code_shell "/users/aquisper/proj_bureaucrats_farms/code/_stacked_d
> ownup_replication"
.     global code_dbox  "/Users/anzony.quisperojas/Documents/GitHub/proj_bureau
> crats_farms/code/_stacked_downup_replication"
.     if "$location" == "dbox" {
.         global root "$dbox"
.         global code "$code_dbox"
.     }
.     else {
.         global root "$shell"
.         global code "$code_shell"
.     }
.     quietly do "${code}/estsave_csv.ado"
. }

. 
. global int_data "${root}/data_output/intermediate"

. global tables   "${code}/../../tables"

. 
. if !inlist("`fe_mode'", "main", "grid_monthyear") {
.     display as error "fe_mode must be main or grid_monthyear."
.     exit 198
. }

. if !inlist("`controls_mode'", "controls", "nocontrols") {
.     display as error "controls_mode must be controls or nocontrols."
.     exit 198
. }

. if !inlist("`cluster_mode'", "cohort", "grid_monthyear") {
.     display as error "cluster_mode must be cohort or grid_monthyear."
.     exit 198
. }

. if "`output_stem'" == "" {
.     display as error "output_stem is required."
.     exit 198
. }

. if "`window_min'" == "" local window_min = -6

. if "`window_max'" == "" local window_max = 5

. if `window_min' >= 0 | `window_max' <= 0 {
.     display as error "The event window must contain negative periods, 0, and 
> positive periods."
.     exit 198
. }

. if `window_min' != floor(`window_min') | `window_max' != floor(`window_max') 
> {
.     display as error "window_min and window_max must be integers."
.     exit 198
. }

. 
. if "`fe_mode'" == "main" {
.     local fe1 "unique_small_grid_id#cohort ac_uq_id#monthyear#cohort"
.     local fespec_tag "Grid x cohort; AC x month-year x cohort"
.     local monthyearfe "N"
.     local acfe "N"
.     local acmonthfe "Y"
.     local gridfe "Y"
. }

. else {
.     local fe1 "unique_small_grid_id#cohort monthyear#cohort"
.     local fespec_tag "Grid x cohort; month-year x cohort"
.     local monthyearfe "Y"
.     local acfe "N"
.     local acmonthfe "N"
.     local gridfe "Y"
. }

. 
. if "`controls_mode'" == "controls" {
.     local weather_controls "wind_direction av_wind_speed"
.     local controls_tag "Y"
. }

. else {
.     local weather_controls ""
.     local controls_tag "N"
. }

. 
. if "`cluster_mode'" == "cohort" {
.     local cluster_variables ///
>         "ac_uq_id#cohort#monthyear unique_small_grid_id#cohort"
.     local cluster_tag "AC x cohort x month-year; grid x cohort"
. }

. else {
.     local cluster_variables "unique_small_grid_id monthyear"
.     local cluster_tag "Grid; month-year"
. }

. 
. import delimited using "${int_data}/combined_dt_pop${sample}.csv", clear varn
> ames(1)
(encoding automatically selected: ISO-8859-9)
(20 vars, 95,976,111 obs)

. keep if inrange(relative_monthyear, `window_min', `window_max')
(37,385,876 observations deleted)

. gen relative_year_bin = relative_monthyear

. local shift = 1 - `window_min'

. gen relative_year_bin_aux = relative_year_bin + `shift'

. * Relative month 0 maps to `shift' and is the omitted category.
. local base = `shift'

. capture drop countk

. gen countk = count * 1000

. 
. merge m:1 unique_small_grid_id using "${int_data}/ghs_grid_classification_200
> 0.dta", ///
>     keep(master match) keepusing(is_rural)

    Result                      Number of obs
    -----------------------------------------
    Not matched                             0
    Matched                        58,590,235  (_merge==3)
    -----------------------------------------

. drop _merge

. keep if ${is_rural_var} == 1
(13,625,380 observations deleted)

. keep if year < 2022 | (year == 2022 & month <= 8)
(8,066,918 observations deleted)

. 
. capture confirm variable rice_prod_aclvl_ahigh

. if _rc {
.     merge m:1 unique_small_grid_id ac_uq_id using ///
>         "${int_data}/rice_moderators.dta", keep(master match) nogen ///
>         keepusing(rice_area_aclvl_ahigh rice_harvarea_aclvl_ahigh rice_prod_a
> clvl_ahigh)
. }

. 
. local dep_var countk

. local moderators_list moderator rice_prod_aclvl_ahigh

. * local moderators_list moderator downup_ac rice_area_aclvl_ahigh rice_harvar
> ea_aclvl_ahigh rice_prod_aclvl_ahigh
. gen moderator = 0

. egen tag_ac = tag(ac_uq_id)

. count if tag_ac == 1
  808

. local numacs = r(N)

. 
. est clear

. local i = 1

. local estimate_names ""

. foreach mod of local moderators_list {
  2.     replace moderator = `mod'
  3.     local rhs ///
>         "ib`base'.relative_year_bin_aux##ib0.treat##ib0.`mod' `weather_contro
> ls'"
  4. 
.     quietly summarize `dep_var' if treat == 1 & relative_year_bin <= -1
  5.     local ymean = r(mean)
  6.     quietly summarize `dep_var' if treat == 1 & relative_year_bin <= -1 & 
> moderator == 1
  7.     local ymean2 = r(mean)
  8. 
.     foreach fe of numlist $fe_list {
  9.         if `fe' != 1 {
 10.             display as error "This exploratory file supports only FE speci
> fication 1."
 11.             exit 198
 12.         }
 13. 
.         reghdfejl `dep_var' `rhs', absorb(`fe`fe'') ///
>             cluster(`cluster_variables')
 14.         estadd scalar ymean = `ymean'
 15.         estadd scalar ymean2 = `ymean2'
 16.         estadd scalar acq = `numacs'
 17.         estadd local smpl "Rural"
 18.         estadd local fespec "`fespec_tag'"
 19.         estadd local mod "`mod'"
 20.         estadd local monthyearfe "`monthyearfe'"
 21.         estadd local acfe "`acfe'"
 22.         estadd local acmonthfe "`acmonthfe'"
 23.         estadd local gridfe "`gridfe'"
 24.         estadd local weathercontrols "`controls_tag'"
 25.         estadd local clusterspec "`cluster_tag'"
 26.         estadd local omittedperiod "0"
 27.         estadd local eventwindow "`window_min' to `window_max'"
 28.         local estname evreg`i'
 29.         local i = `i' + 1
 30.         est store `estname'
 31.         local estimate_names "`estimate_names' `estname'"
 32.     }
 33. }
(0 real changes made)
(dropped 89689 singleton observations)
(MWFE estimator converged in 14 iterations)

HDFE linear regression with Julia                 Number of obs   = 36,808,248
Absorbing 2 HDFE groups                           F(  11,    119) =       6.33
Statistics cluster-robust                         Prob > F        =     0.0000
                                                  R-squared       =     0.2232
                                                  Adj R-squared   =     0.0927
Number of clusters (unique_small_grid_id) =      75337Within R-sq.=     0.0002
Number of clusters (monthyear) =        120       Root MSE        =   957.1847

       (Std. err. adjusted for 120 clusters in unique_small_grid_id monthyear)
------------------------------------------------------------------------------
             |               Robust
      countk | Coefficient  std. err.      t    P>|t|     [95% conf. interval]
-------------+----------------------------------------------------------------
relative_y~x |
          1  |          0  (omitted)
          2  |          0  (omitted)
          3  |          0  (omitted)
          4  |          0  (omitted)
          5  |          0  (omitted)
          7  |          0  (omitted)
          8  |          0  (omitted)
          9  |          0  (omitted)
         10  |          0  (omitted)
         11  |          0  (omitted)
         12  |          0  (omitted)
             |
     1.treat |          0  (omitted)
             |
relative_y~x#|
       treat |
        1 1  |  -56.93663   23.14651    -2.46   0.015     -102.769   -11.10422
        2 1  |   23.19696   13.19797     1.76   0.081    -2.936342    49.33025
        3 1  |   47.41993   14.36228     3.30   0.001     18.98118    75.85868
        4 1  |   59.77997    10.8569     5.51   0.000     38.28223    81.27771
        5 1  |   106.9371    20.0186     5.34   0.000     67.29832     146.576
        7 1  |   30.73802   10.17454     3.02   0.003     10.59142    50.88463
        8 1  |   23.40296   9.807756     2.39   0.019     3.982621    42.82329
        9 1  |   61.83864   14.97105     4.13   0.000     32.19447    91.48281
       10 1  |   78.55107   17.17968     4.57   0.000     44.53359    112.5685
       11 1  |   43.49273   12.25229     3.55   0.001     19.23197    67.75349
       12 1  |    45.9676   15.14155     3.04   0.003     15.98582    75.94938
------------------------------------------------------------------------------

added scalar:
              e(ymean) =  91.947846

added scalar:
             e(ymean2) =  .

added scalar:
                e(acq) =  808

added macro:
               e(smpl) : "Rural"

added macro:
             e(fespec) : "Grid x cohort; month-year x cohort"

added macro:
                e(mod) : "moderator"

added macro:
        e(monthyearfe) : "Y"

added macro:
               e(acfe) : "N"

added macro:
          e(acmonthfe) : "N"

added macro:
             e(gridfe) : "Y"

added macro:
    e(weathercontrols) : "N"

added macro:
        e(clusterspec) : "Grid; month-year"

added macro:
      e(omittedperiod) : "0"

added macro:
        e(eventwindow) : "-5 to 6"
(16,670,104 real changes made)
(dropped 89689 singleton observations)
(MWFE estimator converged in 14 iterations)

HDFE linear regression with Julia                 Number of obs   = 36,808,248
Absorbing 2 HDFE groups                           F(  33,    119) =      14.23
Statistics cluster-robust                         Prob > F        =     0.0000
                                                  R-squared       =     0.2272
                                                  Adj R-squared   =     0.0974
Number of clusters (unique_small_grid_id) =      75337Within R-sq.=     0.0054
Number of clusters (monthyear) =        120       Root MSE        =   954.7039

       (Std. err. adjusted for 120 clusters in unique_small_grid_id monthyear)
------------------------------------------------------------------------------
             |               Robust
      countk | Coefficient  std. err.      t    P>|t|     [95% conf. interval]
-------------+----------------------------------------------------------------
relative_y~x |
          1  |          0  (omitted)
          2  |          0  (omitted)
          3  |          0  (omitted)
          4  |          0  (omitted)
          5  |          0  (omitted)
          7  |          0  (omitted)
          8  |          0  (omitted)
          9  |          0  (omitted)
         10  |          0  (omitted)
         11  |          0  (omitted)
         12  |          0  (omitted)
             |
     1.treat |          0  (omitted)
1.rice_pro~h |          0  (omitted)
             |
relative_y~x#|
       treat |
        1 1  |   143.5166     26.495     5.42   0.000     91.05381    195.9793
        2 1  |   222.9352   29.83446     7.47   0.000       163.86    282.0104
        3 1  |   192.3596   30.25064     6.36   0.000     132.4603    252.2589
        4 1  |   161.8397    30.1995     5.36   0.000     102.0417    221.6378
        5 1  |   128.4445   20.12735     6.38   0.000     88.59035    168.2987
        7 1  |  -70.68337   22.84023    -3.09   0.002    -115.9093   -25.45743
        8 1  |  -12.66531   27.60018    -0.46   0.647    -67.31642    41.98581
        9 1  |   77.53082   18.28716     4.24   0.000     41.32042    113.7412
       10 1  |   99.01796    18.9919     5.21   0.000      61.4121    136.6238
       11 1  |   109.6372   19.13996     5.73   0.000      71.7382    147.5363
       12 1  |   93.37732   19.13147     4.88   0.000     55.49511    131.2595
             |
relative_y~x#|
rice_prod_~h |
        1 1  |   376.3698   69.89609     5.38   0.000     237.9685     514.771
        2 1  |   233.3513   52.02343     4.49   0.000     130.3397    336.3629
        3 1  |   124.3541   38.25375     3.25   0.001     48.60782    200.1003
        4 1  |   53.98432   26.70037     2.02   0.045     1.114926    106.8537
        5 1  |   9.962616   12.61741     0.79   0.431    -15.02112    34.94635
        7 1  |  -57.53719    10.8184    -5.32   0.000    -78.95871   -36.11567
        8 1  |  -162.5471   29.27274    -5.55   0.000      -220.51   -104.5841
        9 1  |  -212.9294   44.18946    -4.82   0.000     -300.429   -125.4298
       10 1  |  -234.9478    53.0054    -4.43   0.000    -339.9038   -129.9918
       11 1  |  -250.7432   66.71495    -3.76   0.000    -382.8455    -118.641
       12 1  |  -205.7114    73.1392    -2.81   0.006    -350.5343   -60.88846
             |
       treat#|
rice_prod_~h |
        1 1  |          0  (omitted)
             |
relative_y~x#|
       treat#|
rice_prod_~h |
      1 1 1  |  -503.6734   82.68832    -6.09   0.000    -667.4046   -339.9423
      2 1 1  |  -466.4808   75.00695    -6.22   0.000    -615.0021   -317.9596
      3 1 1  |  -334.8106    60.6089    -5.52   0.000    -454.8223   -214.7989
      4 1 1  |  -234.7955   66.76691    -3.52   0.001    -367.0007   -102.5904
      5 1 1  |   -54.6126   54.18829    -1.01   0.316    -161.9108    52.68562
      7 1 1  |   222.5926   55.89052     3.98   0.000     111.9238    333.2614
      8 1 1  |   93.21613   56.92749     1.64   0.104    -19.50598    205.9382
      9 1 1  |  -.8954892   33.89198    -0.03   0.979    -68.00499    66.21401
     10 1 1  |  -6.329747   43.87895    -0.14   0.886    -93.21446    80.55496
     11 1 1  |  -95.37789   38.83806    -2.46   0.016    -172.2811   -18.47465
     12 1 1  |  -64.97233   41.16144    -1.58   0.117    -146.4761    16.53142
------------------------------------------------------------------------------

added scalar:
              e(ymean) =  91.947846

added scalar:
             e(ymean2) =  149.3446

added scalar:
                e(acq) =  808

added macro:
               e(smpl) : "Rural"

added macro:
             e(fespec) : "Grid x cohort; month-year x cohort"

added macro:
                e(mod) : "rice_prod_aclvl_ahigh"

added macro:
        e(monthyearfe) : "Y"

added macro:
               e(acfe) : "N"

added macro:
          e(acmonthfe) : "N"

added macro:
             e(gridfe) : "Y"

added macro:
    e(weathercontrols) : "N"

added macro:
        e(clusterspec) : "Grid; month-year"

added macro:
      e(omittedperiod) : "0"

added macro:
        e(eventwindow) : "-5 to 6"

. 
. local outbase "${tables}/`output_stem'${sample}_rural${ster_suffix}"

. estwrite `estimate_names' using "`outbase'.ster", replace
(saving evreg1)
(saving evreg2)
(file /users/aquisper/proj_bureaucrats_farms/code/_stacked_downup_replication/.
> ./../tables/stacked_event_study_pop_grid_monthyear_fe_nocontrols_gridmonth_cl
> uster_m5_p6_omit0_rural.ster saved)

. estsave_csv `estimate_names' using "`outbase'.csv", replace
(23 missing values generated)
(23 missing values generated)
(23 missing values generated)
(23 missing values generated)
(23 missing values generated)
(23 missing values generated)
(23 missing values generated)
(23 missing values generated)
(23 missing values generated)
(23 missing values generated)
(23 missing values generated)
(23 missing values generated)
(23 missing values generated)
(23 missing values generated)
(23 missing values generated)
(23 missing values generated)
(23 missing values generated)
(23 missing values generated)
(23 missing values generated)
(23 missing values generated)
(23 missing values generated)
(23 missing values generated)
(23 missing values generated)
(23 missing values generated)
(23 missing values generated)
(47 missing values generated)
(47 missing values generated)
(47 missing values generated)
(47 missing values generated)
(47 missing values generated)
(47 missing values generated)
(47 missing values generated)
(47 missing values generated)
(47 missing values generated)
(47 missing values generated)
(47 missing values generated)
(47 missing values generated)
(47 missing values generated)
(47 missing values generated)
(47 missing values generated)
(47 missing values generated)
(47 missing values generated)
(47 missing values generated)
(47 missing values generated)
(47 missing values generated)
(47 missing values generated)
(47 missing values generated)
(47 missing values generated)
(47 missing values generated)
(47 missing values generated)
(47 missing values generated)
(47 missing values generated)
(47 missing values generated)
(47 missing values generated)
(47 missing values generated)
(47 missing values generated)
(47 missing values generated)
(47 missing values generated)
(47 missing values generated)
(47 missing values generated)
(47 missing values generated)
(47 missing values generated)
(47 missing values generated)
(47 missing values generated)
(47 missing values generated)
(47 missing values generated)
(47 missing values generated)
(47 missing values generated)
(47 missing values generated)
(47 missing values generated)
(47 missing values generated)
(47 missing values generated)
(47 missing values generated)
(47 missing values generated)
Estimates exported to /users/aquisper/proj_bureaucrats_farms/code/_stacked_down
> up_replication/../../tables/stacked_event_study_pop_grid_monthyear_fe_nocontr
> ols_gridmonth_cluster_m5_p6_omit0_rural.csv

. 
. display as result "Saved `outbase'.ster and `outbase'.csv"
Saved /users/aquisper/proj_bureaucrats_farms/code/_stacked_downup_replication/.
> ./../tables/stacked_event_study_pop_grid_monthyear_fe_nocontrols_gridmonth_cl
> uster_m5_p6_omit0_rural.ster and /users/aquisper/proj_bureaucrats_farms/code/
> _stacked_downup_replication/../../tables/stacked_event_study_pop_grid_monthye
> ar_fe_nocontrols_gridmonth_cluster_m5_p6_omit0_rural.csv

. 
end of do-file

. 
end of do-file
