
  ___  ____  ____  ____  ____ ®
 /__    /   ____/   /   ____/      StataNow 19.5
___/   /   /___/   /   /___/       MP—Parallel Edition

 Statistics and Data Science       Copyright 1985-2025 StataCorp LLC
                                   StataCorp
                                   4905 Lakeway Drive
                                   College Station, Texas 77845 USA
                                   800-782-8272        https://www.stata.com
                                   979-696-4600        service@stata.com

Stata license: 4-user 16-core network, expiring 14 Sep 2026
Serial number: 501909301589
  Licensed to: University of Notre Dame
               Notre Dame, IN 46556

Notes:
      1. Stata is running in batch mode.
      2. Unicode is supported; see help unicode_advice.
      3. More than 2 billion observations are allowed; see help obs_advice.
      4. Maximum number of variables is set to 5,000 but can be increased;
          see help set_maxvar.

. do /users/aquisper/proj_bureaucrats_farms/code/_stacked_downup_replication/ex
> ploratory_analysis/event_study/omit_period_0/alternative_windows/m5_p6_grid_m
> onthyear_pop_nocontrols.do 

. * Grid/month-year FE, no controls: relative months -5 through +6; omit 0.
. version 17

. do "exploratory_analysis/event_study/omit_period_0/_event_study_pop_omit0_cor
> e.do" ///
>     grid_monthyear nocontrols cohort ///
>     stacked_event_study_pop_grid_monthyear_fe_nocontrols_m5_p6_omit0 -5 6

. *****************************************************************************
> ***
. * Population-weighted stacked event study with a configurable event window.
. * Exploratory normalization: relative month 0 is the omitted reference period
> .
. *
. * Arguments:
. *   fe_mode:       main | grid_monthyear
. *   controls_mode: controls | nocontrols
. *   cluster_mode:  cohort | grid_monthyear
. *   output_stem:   filename stem written under tables/
. *   window_min:    first retained relative month; default -6
. *   window_max:    last retained relative month; default +5
. *****************************************************************************
> ***
. 
. version 17

. args fe_mode controls_mode cluster_mode output_stem window_min window_max

. 
. if "$root" == "" {
.     clear all
.     set more off
. 
.     * Five sbatch-array parameters; defaults apply only to standalone runs.
.     global location     "shell"
.     global sample       ""
.     global is_rural_var "is_rural"
.     global fe_list      "1"
.     global ster_suffix  ""
. 
.     global shell "/groups/sgulzar/sa_fires/proj_bureaucrats_farms"
.     global dbox  "/Users/anzony.quisperojas/Library/CloudStorage/Dropbox/sa_f
> ires/proj_bureaucrats_farms"
.     global code_shell "/users/aquisper/proj_bureaucrats_farms/code/_stacked_d
> ownup_replication"
.     global code_dbox  "/Users/anzony.quisperojas/Documents/GitHub/proj_bureau
> crats_farms/code/_stacked_downup_replication"
.     if "$location" == "dbox" {
.         global root "$dbox"
.         global code "$code_dbox"
.     }
.     else {
.         global root "$shell"
.         global code "$code_shell"
.     }
.     quietly do "${code}/estsave_csv.ado"
. }

. 
. global int_data "${root}/data_output/intermediate"

. global tables   "${code}/../../tables"

. 
. if !inlist("`fe_mode'", "main", "grid_monthyear") {
.     display as error "fe_mode must be main or grid_monthyear."
.     exit 198
. }

. if !inlist("`controls_mode'", "controls", "nocontrols") {
.     display as error "controls_mode must be controls or nocontrols."
.     exit 198
. }

. if !inlist("`cluster_mode'", "cohort", "grid_monthyear") {
.     display as error "cluster_mode must be cohort or grid_monthyear."
.     exit 198
. }

. if "`output_stem'" == "" {
.     display as error "output_stem is required."
.     exit 198
. }

. if "`window_min'" == "" local window_min = -6

. if "`window_max'" == "" local window_max = 5

. if `window_min' >= 0 | `window_max' <= 0 {
.     display as error "The event window must contain negative periods, 0, and 
> positive periods."
.     exit 198
. }

. if `window_min' != floor(`window_min') | `window_max' != floor(`window_max') 
> {
.     display as error "window_min and window_max must be integers."
.     exit 198
. }

. 
. if "`fe_mode'" == "main" {
.     local fe1 "unique_small_grid_id#cohort ac_uq_id#monthyear#cohort"
.     local fespec_tag "Grid x cohort; AC x month-year x cohort"
.     local monthyearfe "N"
.     local acfe "N"
.     local acmonthfe "Y"
.     local gridfe "Y"
. }

. else {
.     local fe1 "unique_small_grid_id#cohort monthyear#cohort"
.     local fespec_tag "Grid x cohort; month-year x cohort"
.     local monthyearfe "Y"
.     local acfe "N"
.     local acmonthfe "N"
.     local gridfe "Y"
. }

. 
. if "`controls_mode'" == "controls" {
.     local weather_controls "wind_direction av_wind_speed"
.     local controls_tag "Y"
. }

. else {
.     local weather_controls ""
.     local controls_tag "N"
. }

. 
. if "`cluster_mode'" == "cohort" {
.     local cluster_variables ///
>         "ac_uq_id#cohort#monthyear unique_small_grid_id#cohort"
.     local cluster_tag "AC x cohort x month-year; grid x cohort"
. }

. else {
.     local cluster_variables "unique_small_grid_id monthyear"
.     local cluster_tag "Grid; month-year"
. }

. 
. import delimited using "${int_data}/combined_dt_pop${sample}.csv", clear varn
> ames(1)
(encoding automatically selected: ISO-8859-9)
(20 vars, 95,976,111 obs)

. keep if inrange(relative_monthyear, `window_min', `window_max')
(37,385,876 observations deleted)

. gen relative_year_bin = relative_monthyear

. local shift = 1 - `window_min'

. gen relative_year_bin_aux = relative_year_bin + `shift'

. * Relative month 0 maps to `shift' and is the omitted category.
. local base = `shift'

. capture drop countk

. gen countk = count * 1000

. 
. merge m:1 unique_small_grid_id using "${int_data}/ghs_grid_classification_200
> 0.dta", ///
>     keep(master match) keepusing(is_rural)

    Result                      Number of obs
    -----------------------------------------
    Not matched                             0
    Matched                        58,590,235  (_merge==3)
    -----------------------------------------

. drop _merge

. keep if ${is_rural_var} == 1
(13,625,380 observations deleted)

. keep if year < 2022 | (year == 2022 & month <= 8)
(8,066,918 observations deleted)

. 
. capture confirm variable rice_prod_aclvl_ahigh

. if _rc {
.     merge m:1 unique_small_grid_id ac_uq_id using ///
>         "${int_data}/rice_moderators.dta", keep(master match) nogen ///
>         keepusing(rice_area_aclvl_ahigh rice_harvarea_aclvl_ahigh rice_prod_a
> clvl_ahigh)
. }

. 
. local dep_var countk

. local moderators_list moderator rice_prod_aclvl_ahigh

. * local moderators_list moderator downup_ac rice_area_aclvl_ahigh rice_harvar
> ea_aclvl_ahigh rice_prod_aclvl_ahigh
. gen moderator = 0

. egen tag_ac = tag(ac_uq_id)

. count if tag_ac == 1
  808

. local numacs = r(N)

. 
. est clear

. local i = 1

. local estimate_names ""

. foreach mod of local moderators_list {
  2.     replace moderator = `mod'
  3.     local rhs ///
>         "ib`base'.relative_year_bin_aux##ib0.treat##ib0.`mod' `weather_contro
> ls'"
  4. 
.     quietly summarize `dep_var' if treat == 1 & relative_year_bin <= -1
  5.     local ymean = r(mean)
  6.     quietly summarize `dep_var' if treat == 1 & relative_year_bin <= -1 & 
> moderator == 1
  7.     local ymean2 = r(mean)
  8. 
.     foreach fe of numlist $fe_list {
  9.         if `fe' != 1 {
 10.             display as error "This exploratory file supports only FE speci
> fication 1."
 11.             exit 198
 12.         }
 13. 
.         reghdfejl `dep_var' `rhs', absorb(`fe`fe'') ///
>             cluster(`cluster_variables')
 14.         estadd scalar ymean = `ymean'
 15.         estadd scalar ymean2 = `ymean2'
 16.         estadd scalar acq = `numacs'
 17.         estadd local smpl "Rural"
 18.         estadd local fespec "`fespec_tag'"
 19.         estadd local mod "`mod'"
 20.         estadd local monthyearfe "`monthyearfe'"
 21.         estadd local acfe "`acfe'"
 22.         estadd local acmonthfe "`acmonthfe'"
 23.         estadd local gridfe "`gridfe'"
 24.         estadd local weathercontrols "`controls_tag'"
 25.         estadd local clusterspec "`cluster_tag'"
 26.         estadd local omittedperiod "0"
 27.         estadd local eventwindow "`window_min' to `window_max'"
 28.         local estname evreg`i'
 29.         local i = `i' + 1
 30.         est store `estname'
 31.         local estimate_names "`estimate_names' `estname'"
 32.     }
 33. }
(0 real changes made)
(dropped 89689 singleton observations)
(MWFE estimator converged in 14 iterations)

HDFE linear regression with Julia                 Number of obs   = 36,808,248
Absorbing 2 HDFE groups                           F(  11, 971025) =     110.19
Statistics cluster-robust                         Prob > F        =     0.0000
                                                  R-squared       =     0.2232
                                                  Adj R-squared   =     0.0927
Number of clusters (ac_uq_id#cohort#monthyear) =     971025Within R-sq.=     0.
> 0002
Number of clusters (unique_small_grid_id#cohort) =    5292271Root MSE=   957.18
> 47

(Std. err. adjusted for 971,025 clusters in ac_uq_id#cohort#monthyear unique_sm
> all_grid_id#cohort)
------------------------------------------------------------------------------
             |               Robust
      countk | Coefficient  std. err.      t    P>|t|     [95% conf. interval]
-------------+----------------------------------------------------------------
relative_y~x |
          1  |          0  (omitted)
          2  |          0  (omitted)
          3  |          0  (omitted)
          4  |          0  (omitted)
          5  |          0  (omitted)
          7  |          0  (omitted)
          8  |          0  (omitted)
          9  |          0  (omitted)
         10  |          0  (omitted)
         11  |          0  (omitted)
         12  |          0  (omitted)
             |
     1.treat |          0  (omitted)
             |
relative_y~x#|
       treat |
        1 1  |  -56.93663   5.376766   -10.59   0.000    -67.47491   -46.39835
        2 1  |   23.19696   4.011747     5.78   0.000     15.33407    31.05984
        3 1  |   47.41993   4.167372    11.38   0.000     39.25202    55.58784
        4 1  |   59.77997   3.881643    15.40   0.000     52.17208    67.38786
        5 1  |   106.9371   4.486286    23.84   0.000     98.14417    115.7301
        7 1  |   30.73802   5.208956     5.90   0.000     20.52865     40.9474
        8 1  |   23.40296   4.306914     5.43   0.000     14.96155    31.84436
        9 1  |   61.83864   4.132058    14.97   0.000     53.73994    69.93733
       10 1  |   78.55107   4.820067    16.30   0.000      69.1039    87.99824
       11 1  |   43.49273   5.448133     7.98   0.000     32.81457    54.17088
       12 1  |    45.9676   6.844841     6.72   0.000     32.55194    59.38326
------------------------------------------------------------------------------

added scalar:
              e(ymean) =  91.947846

added scalar:
             e(ymean2) =  .

added scalar:
                e(acq) =  808

added macro:
               e(smpl) : "Rural"

added macro:
             e(fespec) : "Grid x cohort; month-year x cohort"

added macro:
                e(mod) : "moderator"

added macro:
        e(monthyearfe) : "Y"

added macro:
               e(acfe) : "N"

added macro:
          e(acmonthfe) : "N"

added macro:
             e(gridfe) : "Y"

added macro:
    e(weathercontrols) : "N"

added macro:
        e(clusterspec) : "AC x cohort x month-year; grid x cohort"

added macro:
      e(omittedperiod) : "0"

added macro:
        e(eventwindow) : "-5 to 6"
(16,670,104 real changes made)
(dropped 89689 singleton observations)
(MWFE estimator converged in 14 iterations)

HDFE linear regression with Julia                 Number of obs   = 36,808,248
Absorbing 2 HDFE groups                           F(  33, 971025) =     200.32
Statistics cluster-robust                         Prob > F        =     0.0000
                                                  R-squared       =     0.2272
                                                  Adj R-squared   =     0.0974
Number of clusters (ac_uq_id#cohort#monthyear) =     971025Within R-sq.=     0.
> 0054
Number of clusters (unique_small_grid_id#cohort) =    5292271Root MSE=   954.70
> 39

(Std. err. adjusted for 971,025 clusters in ac_uq_id#cohort#monthyear unique_sm
> all_grid_id#cohort)
------------------------------------------------------------------------------
             |               Robust
      countk | Coefficient  std. err.      t    P>|t|     [95% conf. interval]
-------------+----------------------------------------------------------------
relative_y~x |
          1  |          0  (omitted)
          2  |          0  (omitted)
          3  |          0  (omitted)
          4  |          0  (omitted)
          5  |          0  (omitted)
          7  |          0  (omitted)
          8  |          0  (omitted)
          9  |          0  (omitted)
         10  |          0  (omitted)
         11  |          0  (omitted)
         12  |          0  (omitted)
             |
     1.treat |          0  (omitted)
1.rice_pro~h |          0  (omitted)
             |
relative_y~x#|
       treat |
        1 1  |   143.5166   5.606109    25.60   0.000     132.5288    154.5043
        2 1  |   222.9352   5.718338    38.99   0.000     211.7275     234.143
        3 1  |   192.3596   5.459847    35.23   0.000     181.6585    203.0607
        4 1  |   161.8397   5.068504    31.93   0.000     151.9056    171.7738
        5 1  |   128.4445   4.515237    28.45   0.000     119.5948    137.2942
        7 1  |  -70.68337   6.118832   -11.55   0.000    -82.67608   -58.69067
        8 1  |  -12.66531   5.246434    -2.41   0.016    -22.94814   -2.382472
        9 1  |   77.53082   4.098855    18.92   0.000      69.4972    85.56444
       10 1  |   99.01796   4.698478    21.07   0.000      89.8091    108.2268
       11 1  |   109.6372    6.30688    17.38   0.000     97.27596    121.9985
       12 1  |   93.37732   8.576132    10.89   0.000     76.56839    110.1863
             |
relative_y~x#|
rice_prod_~h |
        1 1  |   376.3698   14.43424    26.07   0.000     348.0791    404.6604
        2 1  |   233.3513   11.57186    20.17   0.000     210.6708    256.0317
        3 1  |   124.3541   9.813708    12.67   0.000     105.1195    143.5886
        4 1  |   53.98432   8.771461     6.15   0.000     36.79255    71.17609
        5 1  |   9.962616    7.92549     1.26   0.209    -5.571079    25.49631
        7 1  |  -57.53719   7.822478    -7.36   0.000    -72.86898   -42.20539
        8 1  |  -162.5471     7.5614   -21.50   0.000    -177.3672    -147.727
        9 1  |  -212.9294   7.879505   -27.02   0.000     -228.373   -197.4858
       10 1  |  -234.9478   8.778068   -26.77   0.000    -252.1525   -217.7431
       11 1  |  -250.7432   9.725677   -25.78   0.000    -269.8052   -231.6812
       12 1  |  -205.7114   10.85097   -18.96   0.000    -226.9789   -184.4438
             |
       treat#|
rice_prod_~h |
        1 1  |          0  (omitted)
             |
relative_y~x#|
       treat#|
rice_prod_~h |
      1 1 1  |  -503.6734   14.45865   -34.84   0.000    -532.0119   -475.3349
      2 1 1  |  -466.4808    12.2622   -38.04   0.000    -490.5143   -442.4473
      3 1 1  |  -334.8106   10.47871   -31.95   0.000    -355.3485   -314.2727
      4 1 1  |  -234.7955   10.25729   -22.89   0.000    -254.8995   -214.6916
      5 1 1  |   -54.6126   9.924381    -5.50   0.000    -74.06405   -35.16115
      7 1 1  |   222.5926   13.64209    16.32   0.000     195.8545    249.3306
      8 1 1  |   93.21613   10.87997     8.57   0.000     71.89175    114.5405
      9 1 1  |  -.8954892   8.939735    -0.10   0.920    -18.41707    16.62609
     10 1 1  |  -6.329747   9.905913    -0.64   0.523      -25.745    13.08551
     11 1 1  |  -95.37789   11.25111    -8.48   0.000    -117.4297   -73.32609
     12 1 1  |  -64.97233   14.01879    -4.63   0.000    -92.44868   -37.49598
------------------------------------------------------------------------------

added scalar:
              e(ymean) =  91.947846

added scalar:
             e(ymean2) =  149.3446

added scalar:
                e(acq) =  808

added macro:
               e(smpl) : "Rural"

added macro:
             e(fespec) : "Grid x cohort; month-year x cohort"

added macro:
                e(mod) : "rice_prod_aclvl_ahigh"

added macro:
        e(monthyearfe) : "Y"

added macro:
               e(acfe) : "N"

added macro:
          e(acmonthfe) : "N"

added macro:
             e(gridfe) : "Y"

added macro:
    e(weathercontrols) : "N"

added macro:
        e(clusterspec) : "AC x cohort x month-year; grid x cohort"

added macro:
      e(omittedperiod) : "0"

added macro:
        e(eventwindow) : "-5 to 6"

. 
. local outbase "${tables}/`output_stem'${sample}_rural${ster_suffix}"

. estwrite `estimate_names' using "`outbase'.ster", replace
(saving evreg1)
(saving evreg2)
(file /users/aquisper/proj_bureaucrats_farms/code/_stacked_downup_replication/.
> ./../tables/stacked_event_study_pop_grid_monthyear_fe_nocontrols_m5_p6_omit0_
> rural.ster saved)

. estsave_csv `estimate_names' using "`outbase'.csv", replace
(23 missing values generated)
(23 missing values generated)
(23 missing values generated)
(23 missing values generated)
(23 missing values generated)
(23 missing values generated)
(23 missing values generated)
(23 missing values generated)
(23 missing values generated)
(23 missing values generated)
(23 missing values generated)
(23 missing values generated)
(23 missing values generated)
(23 missing values generated)
(23 missing values generated)
(23 missing values generated)
(23 missing values generated)
(23 missing values generated)
(23 missing values generated)
(23 missing values generated)
(23 missing values generated)
(23 missing values generated)
(23 missing values generated)
(23 missing values generated)
(23 missing values generated)
(47 missing values generated)
(47 missing values generated)
(47 missing values generated)
(47 missing values generated)
(47 missing values generated)
(47 missing values generated)
(47 missing values generated)
(47 missing values generated)
(47 missing values generated)
(47 missing values generated)
(47 missing values generated)
(47 missing values generated)
(47 missing values generated)
(47 missing values generated)
(47 missing values generated)
(47 missing values generated)
(47 missing values generated)
(47 missing values generated)
(47 missing values generated)
(47 missing values generated)
(47 missing values generated)
(47 missing values generated)
(47 missing values generated)
(47 missing values generated)
(47 missing values generated)
(47 missing values generated)
(47 missing values generated)
(47 missing values generated)
(47 missing values generated)
(47 missing values generated)
(47 missing values generated)
(47 missing values generated)
(47 missing values generated)
(47 missing values generated)
(47 missing values generated)
(47 missing values generated)
(47 missing values generated)
(47 missing values generated)
(47 missing values generated)
(47 missing values generated)
(47 missing values generated)
(47 missing values generated)
(47 missing values generated)
(47 missing values generated)
(47 missing values generated)
(47 missing values generated)
(47 missing values generated)
(47 missing values generated)
(47 missing values generated)
Estimates exported to /users/aquisper/proj_bureaucrats_farms/code/_stacked_down
> up_replication/../../tables/stacked_event_study_pop_grid_monthyear_fe_nocontr
> ols_m5_p6_omit0_rural.csv

. 
. display as result "Saved `outbase'.ster and `outbase'.csv"
Saved /users/aquisper/proj_bureaucrats_farms/code/_stacked_downup_replication/.
> ./../tables/stacked_event_study_pop_grid_monthyear_fe_nocontrols_m5_p6_omit0_
> rural.ster and /users/aquisper/proj_bureaucrats_farms/code/_stacked_downup_re
> plication/../../tables/stacked_event_study_pop_grid_monthyear_fe_nocontrols_m
> 5_p6_omit0_rural.csv

. 
end of do-file

. 
end of do-file
