
  ___  ____  ____  ____  ____ ®
 /__    /   ____/   /   ____/      StataNow 19.5
___/   /   /___/   /   /___/       MP—Parallel Edition

 Statistics and Data Science       Copyright 1985-2025 StataCorp LLC
                                   StataCorp
                                   4905 Lakeway Drive
                                   College Station, Texas 77845 USA
                                   800-782-8272        https://www.stata.com
                                   979-696-4600        service@stata.com

Stata license: 4-user 16-core network, expiring 14 Sep 2026
Serial number: 501909301589
  Licensed to: University of Notre Dame
               Notre Dame, IN 46556

Notes:
      1. Stata is running in batch mode.
      2. Unicode is supported; see help unicode_advice.
      3. More than 2 billion observations are allowed; see help obs_advice.
      4. Maximum number of variables is set to 5,000 but can be increased;
          see help set_maxvar.

. do /users/aquisper/proj_bureaucrats_farms/code/_stacked_downup_replication/ex
> ploratory_analysis/event_study/omit_period_0/alternative_windows/m6_p6_grid_m
> onthyear_pop_nocontrols.do 

. * Grid/month-year FE, no controls: relative months -6 through +6; omit 0.
. version 17

. do "exploratory_analysis/event_study/omit_period_0/_event_study_pop_omit0_cor
> e.do" ///
>     grid_monthyear nocontrols cohort ///
>     stacked_event_study_pop_grid_monthyear_fe_nocontrols_m6_p6_omit0 -6 6

. *****************************************************************************
> ***
. * Population-weighted stacked event study with a configurable event window.
. * Exploratory normalization: relative month 0 is the omitted reference period
> .
. *
. * Arguments:
. *   fe_mode:       main | grid_monthyear
. *   controls_mode: controls | nocontrols
. *   cluster_mode:  cohort | grid_monthyear
. *   output_stem:   filename stem written under tables/
. *   window_min:    first retained relative month; default -6
. *   window_max:    last retained relative month; default +5
. *****************************************************************************
> ***
. 
. version 17

. args fe_mode controls_mode cluster_mode output_stem window_min window_max

. 
. if "$root" == "" {
.     clear all
.     set more off
. 
.     * Five sbatch-array parameters; defaults apply only to standalone runs.
.     global location     "shell"
.     global sample       ""
.     global is_rural_var "is_rural"
.     global fe_list      "1"
.     global ster_suffix  ""
. 
.     global shell "/groups/sgulzar/sa_fires/proj_bureaucrats_farms"
.     global dbox  "/Users/anzony.quisperojas/Library/CloudStorage/Dropbox/sa_f
> ires/proj_bureaucrats_farms"
.     global code_shell "/users/aquisper/proj_bureaucrats_farms/code/_stacked_d
> ownup_replication"
.     global code_dbox  "/Users/anzony.quisperojas/Documents/GitHub/proj_bureau
> crats_farms/code/_stacked_downup_replication"
.     if "$location" == "dbox" {
.         global root "$dbox"
.         global code "$code_dbox"
.     }
.     else {
.         global root "$shell"
.         global code "$code_shell"
.     }
.     quietly do "${code}/estsave_csv.ado"
. }

. 
. global int_data "${root}/data_output/intermediate"

. global tables   "${code}/../../tables"

. 
. if !inlist("`fe_mode'", "main", "grid_monthyear") {
.     display as error "fe_mode must be main or grid_monthyear."
.     exit 198
. }

. if !inlist("`controls_mode'", "controls", "nocontrols") {
.     display as error "controls_mode must be controls or nocontrols."
.     exit 198
. }

. if !inlist("`cluster_mode'", "cohort", "grid_monthyear") {
.     display as error "cluster_mode must be cohort or grid_monthyear."
.     exit 198
. }

. if "`output_stem'" == "" {
.     display as error "output_stem is required."
.     exit 198
. }

. if "`window_min'" == "" local window_min = -6

. if "`window_max'" == "" local window_max = 5

. if `window_min' >= 0 | `window_max' <= 0 {
.     display as error "The event window must contain negative periods, 0, and 
> positive periods."
.     exit 198
. }

. if `window_min' != floor(`window_min') | `window_max' != floor(`window_max') 
> {
.     display as error "window_min and window_max must be integers."
.     exit 198
. }

. 
. if "`fe_mode'" == "main" {
.     local fe1 "unique_small_grid_id#cohort ac_uq_id#monthyear#cohort"
.     local fespec_tag "Grid x cohort; AC x month-year x cohort"
.     local monthyearfe "N"
.     local acfe "N"
.     local acmonthfe "Y"
.     local gridfe "Y"
. }

. else {
.     local fe1 "unique_small_grid_id#cohort monthyear#cohort"
.     local fespec_tag "Grid x cohort; month-year x cohort"
.     local monthyearfe "Y"
.     local acfe "N"
.     local acmonthfe "N"
.     local gridfe "Y"
. }

. 
. if "`controls_mode'" == "controls" {
.     local weather_controls "wind_direction av_wind_speed"
.     local controls_tag "Y"
. }

. else {
.     local weather_controls ""
.     local controls_tag "N"
. }

. 
. if "`cluster_mode'" == "cohort" {
.     local cluster_variables ///
>         "ac_uq_id#cohort#monthyear unique_small_grid_id#cohort"
.     local cluster_tag "AC x cohort x month-year; grid x cohort"
. }

. else {
.     local cluster_variables "unique_small_grid_id monthyear"
.     local cluster_tag "Grid; month-year"
. }

. 
. import delimited using "${int_data}/combined_dt_pop${sample}.csv", clear varn
> ames(1)
(encoding automatically selected: ISO-8859-9)
(20 vars, 95,976,111 obs)

. keep if inrange(relative_monthyear, `window_min', `window_max')
(35,318,147 observations deleted)

. gen relative_year_bin = relative_monthyear

. local shift = 1 - `window_min'

. gen relative_year_bin_aux = relative_year_bin + `shift'

. * Relative month 0 maps to `shift' and is the omitted category.
. local base = `shift'

. capture drop countk

. gen countk = count * 1000

. 
. merge m:1 unique_small_grid_id using "${int_data}/ghs_grid_classification_200
> 0.dta", ///
>     keep(master match) keepusing(is_rural)

    Result                      Number of obs
    -----------------------------------------
    Not matched                             0
    Matched                        60,657,964  (_merge==3)
    -----------------------------------------

. drop _merge

. keep if ${is_rural_var} == 1
(14,062,601 observations deleted)

. keep if year < 2022 | (year == 2022 & month <= 8)
(8,314,040 observations deleted)

. 
. capture confirm variable rice_prod_aclvl_ahigh

. if _rc {
.     merge m:1 unique_small_grid_id ac_uq_id using ///
>         "${int_data}/rice_moderators.dta", keep(master match) nogen ///
>         keepusing(rice_area_aclvl_ahigh rice_harvarea_aclvl_ahigh rice_prod_a
> clvl_ahigh)
. }

. 
. local dep_var countk

. local moderators_list moderator rice_prod_aclvl_ahigh

. * local moderators_list moderator downup_ac rice_area_aclvl_ahigh rice_harvar
> ea_aclvl_ahigh rice_prod_aclvl_ahigh
. gen moderator = 0

. egen tag_ac = tag(ac_uq_id)

. count if tag_ac == 1
  808

. local numacs = r(N)

. 
. est clear

. local i = 1

. local estimate_names ""

. foreach mod of local moderators_list {
  2.     replace moderator = `mod'
  3.     local rhs ///
>         "ib`base'.relative_year_bin_aux##ib0.treat##ib0.`mod' `weather_contro
> ls'"
  4. 
.     quietly summarize `dep_var' if treat == 1 & relative_year_bin <= -1
  5.     local ymean = r(mean)
  6.     quietly summarize `dep_var' if treat == 1 & relative_year_bin <= -1 & 
> moderator == 1
  7.     local ymean2 = r(mean)
  8. 
.     foreach fe of numlist $fe_list {
  9.         if `fe' != 1 {
 10.             display as error "This exploratory file supports only FE speci
> fication 1."
 11.             exit 198
 12.         }
 13. 
.         reghdfejl `dep_var' `rhs', absorb(`fe`fe'') ///
>             cluster(`cluster_variables')
 14.         estadd scalar ymean = `ymean'
 15.         estadd scalar ymean2 = `ymean2'
 16.         estadd scalar acq = `numacs'
 17.         estadd local smpl "Rural"
 18.         estadd local fespec "`fespec_tag'"
 19.         estadd local mod "`mod'"
 20.         estadd local monthyearfe "`monthyearfe'"
 21.         estadd local acfe "`acfe'"
 22.         estadd local acmonthfe "`acmonthfe'"
 23.         estadd local gridfe "`gridfe'"
 24.         estadd local weathercontrols "`controls_tag'"
 25.         estadd local clusterspec "`cluster_tag'"
 26.         estadd local omittedperiod "0"
 27.         estadd local eventwindow "`window_min' to `window_max'"
 28.         local estname evreg`i'
 29.         local i = `i' + 1
 30.         est store `estname'
 31.         local estimate_names "`estimate_names' `estname'"
 32.     }
 33. }
(0 real changes made)
(dropped 89814 singleton observations)
(MWFE estimator converged in 14 iterations)

HDFE linear regression with Julia                 Number of obs   = 38,191,509
Absorbing 2 HDFE groups                           F(  12,1032643) =     151.24
Statistics cluster-robust                         Prob > F        =     0.0000
                                                  R-squared       =     0.2227
                                                  Adj R-squared   =     0.0975
Number of clusters (ac_uq_id#cohort#monthyear) =    1032644Within R-sq.=     0.
> 0007
Number of clusters (unique_small_grid_id#cohort) =    5295000Root MSE=   975.27
> 30

(Std. err. adjusted for 1,032,644 clusters in ac_uq_id#cohort#monthyear unique_
> small_grid_id#cohort)
------------------------------------------------------------------------------
             |               Robust
      countk | Coefficient  std. err.      t    P>|t|     [95% conf. interval]
-------------+----------------------------------------------------------------
relative_y~x |
          1  |          0  (omitted)
          2  |          0  (omitted)
          3  |          0  (omitted)
          4  |          0  (omitted)
          5  |          0  (omitted)
          6  |          0  (omitted)
          8  |          0  (omitted)
          9  |          0  (omitted)
         10  |          0  (omitted)
         11  |          0  (omitted)
         12  |          0  (omitted)
         13  |          0  (omitted)
             |
     1.treat |          0  (omitted)
             |
relative_y~x#|
       treat |
        1 1  |  -257.5429   11.01653   -23.38   0.000    -279.1349   -235.9509
        2 1  |  -52.47239   5.497933    -9.54   0.000    -63.24815   -41.69663
        3 1  |   27.29375   4.200494     6.50   0.000     19.06092    35.52658
        4 1  |   50.70944   4.283325    11.84   0.000     42.31427    59.10461
        5 1  |   61.96382   3.952878    15.68   0.000     54.21632    69.71133
        6 1  |   108.0564   4.510084    23.96   0.000     99.21676     116.896
        8 1  |   26.61055   5.198832     5.12   0.000     16.42101    36.80008
        9 1  |   19.64186   4.298186     4.57   0.000     11.21756    28.06616
       10 1  |    59.8349   4.124009    14.51   0.000     51.75198    67.91782
       11 1  |   77.98183   4.806429    16.22   0.000     68.56139    87.40227
       12 1  |   41.71488    5.43929     7.67   0.000     31.05405     52.3757
       13 1  |   44.30283   6.815013     6.50   0.000     30.94563    57.66002
------------------------------------------------------------------------------

added scalar:
              e(ymean) =  93.646576

added scalar:
             e(ymean2) =  .

added scalar:
                e(acq) =  808

added macro:
               e(smpl) : "Rural"

added macro:
             e(fespec) : "Grid x cohort; month-year x cohort"

added macro:
                e(mod) : "moderator"

added macro:
        e(monthyearfe) : "Y"

added macro:
               e(acfe) : "N"

added macro:
          e(acmonthfe) : "N"

added macro:
             e(gridfe) : "Y"

added macro:
    e(weathercontrols) : "N"

added macro:
        e(clusterspec) : "AC x cohort x month-year; grid x cohort"

added macro:
      e(omittedperiod) : "0"

added macro:
        e(eventwindow) : "-6 to 6"
(17,243,633 real changes made)
(dropped 89814 singleton observations)
(MWFE estimator converged in 14 iterations)

HDFE linear regression with Julia                 Number of obs   = 38,191,509
Absorbing 2 HDFE groups                           F(  36,1032643) =     212.80
Statistics cluster-robust                         Prob > F        =     0.0000
                                                  R-squared       =     0.2275
                                                  Adj R-squared   =     0.1031
Number of clusters (ac_uq_id#cohort#monthyear) =    1032644Within R-sq.=     0.
> 0069
Number of clusters (unique_small_grid_id#cohort) =    5295000Root MSE=   972.24
> 21

(Std. err. adjusted for 1,032,644 clusters in ac_uq_id#cohort#monthyear unique_
> small_grid_id#cohort)
------------------------------------------------------------------------------
             |               Robust
      countk | Coefficient  std. err.      t    P>|t|     [95% conf. interval]
-------------+----------------------------------------------------------------
relative_y~x |
          1  |          0  (omitted)
          2  |          0  (omitted)
          3  |          0  (omitted)
          4  |          0  (omitted)
          5  |          0  (omitted)
          6  |          0  (omitted)
          8  |          0  (omitted)
          9  |          0  (omitted)
         10  |          0  (omitted)
         11  |          0  (omitted)
         12  |          0  (omitted)
         13  |          0  (omitted)
             |
     1.treat |          0  (omitted)
1.rice_pro~h |          0  (omitted)
             |
relative_y~x#|
       treat |
        1 1  |   2.244764   7.895532     0.28   0.776    -13.23021    17.71974
        2 1  |   142.8059    5.63509    25.34   0.000     131.7613    153.8505
        3 1  |   223.0202   5.764359    38.69   0.000     211.7222    234.3181
        4 1  |   192.7717   5.491489    35.10   0.000     182.0085    203.5348
        5 1  |   161.8871   5.100102    31.74   0.000     151.8911    171.8831
        6 1  |   128.5073   4.517434    28.45   0.000     119.6533    137.3613
        8 1  |  -70.60978   6.104982   -11.57   0.000    -82.57534   -58.64422
        9 1  |   -9.04326   5.230126    -1.73   0.084    -19.29413    1.207611
       10 1  |   83.50627    4.07915    20.47   0.000     75.51128    91.50127
       11 1  |   105.8276   4.674261    22.64   0.000     96.66616    114.9889
       12 1  |   115.5528   6.279345    18.40   0.000     103.2455    127.8601
       13 1  |   100.2778   8.548336    11.73   0.000     83.52334    117.0322
             |
relative_y~x#|
rice_prod_~h |
        1 1  |     585.33   18.84264    31.06   0.000     548.3991     622.261
        2 1  |   366.4711   14.44186    25.38   0.000     338.1656    394.7767
        3 1  |   225.9477   11.76477    19.21   0.000     202.8892    249.0063
        4 1  |   119.1358   9.885355    12.05   0.000     99.76081    138.5107
        5 1  |   50.71517   8.815489     5.75   0.000     33.43711    67.99323
        6 1  |   8.235961   7.944783     1.04   0.300    -7.335546    23.80747
        8 1  |  -52.20642   7.799326    -6.69   0.000    -67.49284      -36.92
        9 1  |  -151.3749   7.559872   -20.02   0.000     -166.192   -136.5578
       10 1  |   -200.925    7.86246   -25.55   0.000    -216.3352   -185.5148
       11 1  |  -223.7932   8.765375   -25.53   0.000    -240.9731   -206.6134
       12 1  |  -237.9913   9.705217   -24.52   0.000    -257.0132   -218.9694
       13 1  |  -190.4275     10.783   -17.66   0.000    -211.5618   -169.2931
             |
       treat#|
rice_prod_~h |
        1 1  |          0  (omitted)
             |
relative_y~x#|
       treat#|
rice_prod_~h |
      1 1 1  |  -698.5539   19.49541   -35.83   0.000    -736.7642   -660.3435
      2 1 1  |  -493.5342   14.48436   -34.07   0.000    -521.9231   -465.1453
      3 1 1  |  -459.1321    12.4188   -36.97   0.000    -483.4725   -434.7916
      4 1 1  |  -329.7637    10.5415   -31.28   0.000    -350.4246   -309.1027
      5 1 1  |  -230.9498   10.30085   -22.42   0.000    -251.1391   -210.7604
      6 1 1  |  -52.60139   9.936707    -5.29   0.000      -72.077   -33.12578
      8 1 1  |   214.9519   13.61619    15.79   0.000     188.2646    241.6391
      9 1 1  |   79.30682    10.8528     7.31   0.000     58.03569     100.578
     10 1 1  |  -16.27594   8.913556    -1.83   0.068    -33.74621    1.194329
     11 1 1  |  -20.49191   9.873859    -2.08   0.038    -39.84434   -1.139484
     12 1 1  |  -110.1911   11.22894    -9.81   0.000    -132.1995   -88.18279
     13 1 1  |  -81.77001   13.97444    -5.85   0.000    -109.1594   -54.38058
------------------------------------------------------------------------------

added scalar:
              e(ymean) =  93.646576

added scalar:
             e(ymean2) =  152.51514

added scalar:
                e(acq) =  808

added macro:
               e(smpl) : "Rural"

added macro:
             e(fespec) : "Grid x cohort; month-year x cohort"

added macro:
                e(mod) : "rice_prod_aclvl_ahigh"

added macro:
        e(monthyearfe) : "Y"

added macro:
               e(acfe) : "N"

added macro:
          e(acmonthfe) : "N"

added macro:
             e(gridfe) : "Y"

added macro:
    e(weathercontrols) : "N"

added macro:
        e(clusterspec) : "AC x cohort x month-year; grid x cohort"

added macro:
      e(omittedperiod) : "0"

added macro:
        e(eventwindow) : "-6 to 6"

. 
. local outbase "${tables}/`output_stem'${sample}_rural${ster_suffix}"

. estwrite `estimate_names' using "`outbase'.ster", replace
(saving evreg1)
(saving evreg2)
(file /users/aquisper/proj_bureaucrats_farms/code/_stacked_downup_replication/.
> ./../tables/stacked_event_study_pop_grid_monthyear_fe_nocontrols_m6_p6_omit0_
> rural.ster saved)

. estsave_csv `estimate_names' using "`outbase'.csv", replace
(25 missing values generated)
(25 missing values generated)
(25 missing values generated)
(25 missing values generated)
(25 missing values generated)
(25 missing values generated)
(25 missing values generated)
(25 missing values generated)
(25 missing values generated)
(25 missing values generated)
(25 missing values generated)
(25 missing values generated)
(25 missing values generated)
(25 missing values generated)
(25 missing values generated)
(25 missing values generated)
(25 missing values generated)
(25 missing values generated)
(25 missing values generated)
(25 missing values generated)
(25 missing values generated)
(25 missing values generated)
(25 missing values generated)
(25 missing values generated)
(25 missing values generated)
(25 missing values generated)
(25 missing values generated)
(51 missing values generated)
(51 missing values generated)
(51 missing values generated)
(51 missing values generated)
(51 missing values generated)
(51 missing values generated)
(51 missing values generated)
(51 missing values generated)
(51 missing values generated)
(51 missing values generated)
(51 missing values generated)
(51 missing values generated)
(51 missing values generated)
(51 missing values generated)
(51 missing values generated)
(51 missing values generated)
(51 missing values generated)
(51 missing values generated)
(51 missing values generated)
(51 missing values generated)
(51 missing values generated)
(51 missing values generated)
(51 missing values generated)
(51 missing values generated)
(51 missing values generated)
(51 missing values generated)
(51 missing values generated)
(51 missing values generated)
(51 missing values generated)
(51 missing values generated)
(51 missing values generated)
(51 missing values generated)
(51 missing values generated)
(51 missing values generated)
(51 missing values generated)
(51 missing values generated)
(51 missing values generated)
(51 missing values generated)
(51 missing values generated)
(51 missing values generated)
(51 missing values generated)
(51 missing values generated)
(51 missing values generated)
(51 missing values generated)
(51 missing values generated)
(51 missing values generated)
(51 missing values generated)
(51 missing values generated)
(51 missing values generated)
(51 missing values generated)
(51 missing values generated)
(51 missing values generated)
(51 missing values generated)
Estimates exported to /users/aquisper/proj_bureaucrats_farms/code/_stacked_down
> up_replication/../../tables/stacked_event_study_pop_grid_monthyear_fe_nocontr
> ols_m6_p6_omit0_rural.csv

. 
. display as result "Saved `outbase'.ster and `outbase'.csv"
Saved /users/aquisper/proj_bureaucrats_farms/code/_stacked_downup_replication/.
> ./../tables/stacked_event_study_pop_grid_monthyear_fe_nocontrols_m6_p6_omit0_
> rural.ster and /users/aquisper/proj_bureaucrats_farms/code/_stacked_downup_re
> plication/../../tables/stacked_event_study_pop_grid_monthyear_fe_nocontrols_m
> 6_p6_omit0_rural.csv

. 
end of do-file

. 
end of do-file
