
  ___  ____  ____  ____  ____ ®
 /__    /   ____/   /   ____/      StataNow 19.5
___/   /   /___/   /   /___/       MP—Parallel Edition

 Statistics and Data Science       Copyright 1985-2025 StataCorp LLC
                                   StataCorp
                                   4905 Lakeway Drive
                                   College Station, Texas 77845 USA
                                   800-782-8272        https://www.stata.com
                                   979-696-4600        service@stata.com

Stata license: 4-user 16-core network, expiring 14 Sep 2026
Serial number: 501909301589
  Licensed to: University of Notre Dame
               Notre Dame, IN 46556

Notes:
      1. Stata is running in batch mode.
      2. Unicode is supported; see help unicode_advice.
      3. More than 2 billion observations are allowed; see help obs_advice.
      4. Maximum number of variables is set to 5,000 but can be increased;
          see help set_maxvar.

. do /users/aquisper/proj_bureaucrats_farms/code/_stacked_downup_replication/sb
> atch/_run_dofile.do 

. *****************************************************************************
> ***
. * Environment bridge: one invocation runs exactly one result-generating dofil
> e.
. *****************************************************************************
> ***
. 
. version 17

. set more off

. 
. local dofile        : environment FARMS_DOFILE

. local root          : environment FARMS_ROOT

. local code          : environment FARMS_CODE

. local location      : environment FARMS_LOCATION

. local sample        : environment FARMS_SAMPLE

. local is_rural_var  : environment FARMS_RURAL_VAR

. local fe_list       : environment FARMS_FE_LIST

. local ster_suffix   : environment FARMS_STER_SUFFIX

. local downup_var    : environment FARMS_DOWNUP_VAR

. local stacked_file  : environment FARMS_STACKED_FILE

. local did_output    : environment FARMS_DID_OUTPUT

. local processors    : environment FARMS_CPUS

. 
. if "`processors'" == "" local processors "1"

. set processors `processors'
    The maximum number of processors or cores being used is changed from 16
    to 1.  It can be set to any number between 1 and 16

. 
. if "`dofile'" == "" {
.     display as error "FARMS_DOFILE is empty; use sbatch/run_dofile.sbatch."
.     exit 198
. }

. if "`root'" == "" {
.     display as error "FARMS_ROOT is empty; use sbatch/run_dofile.sbatch."
.     exit 198
. }

. if "`code'" == "" {
.     display as error "FARMS_CODE is empty; use sbatch/run_dofile.sbatch."
.     exit 198
. }

. 
. if "`sample'" == "none" local sample ""

. if "`ster_suffix'" == "none" local ster_suffix ""

. if "`downup_var'" == "none" local downup_var ""

. if "`stacked_file'" == "none" local stacked_file ""

. if "`did_output'" == "none" local did_output ""

. 
. global root          "`root'"

. global code          "`code'"

. global location      "`location'"

. global sample        "`sample'"

. global is_rural_var  "`is_rural_var'"

. global fe_list       "`fe_list'"

. global ster_suffix   "`ster_suffix'"

. global downup_var    "`downup_var'"

. global stacked_file  "`stacked_file'"

. global did_output    "`did_output'"

. 
. global int_data    "${root}/data_output/intermediate"

. global int_farms   "${int_data}"

. global tables      "${root}/tex/paper/tables"

. global table_farms "${tables}"

. global figures     "${root}/tex/paper/figures"

. global figure_farms "${figures}"

. 
. capture mkdir "${root}/tex"

. capture mkdir "${root}/tex/paper"

. capture mkdir "${tables}"

. capture mkdir "${figures}"

. capture mkdir "${code}/logs"

. 
. adopath ++ "${code}"
  [1]              "/users/aquisper/proj_bureaucrats_farms/code/_stacked_downup
> _replication"
  [2]  (BASE)      "/software/s/stata/19.5/ado/base/"
  [3]  (SITE)      "/software/s/stata/ado/"
  [4]              "."
  [5]  (PERSONAL)  "~/ado/personal/"
  [6]  (PLUS)      "~/ado/plus/"
  [7]  (OLDPLACE)  "~/ado/"

. capture noisily do "${code}/estsave_csv.ado"

. *! estsave_csv v1.2 - Export stored estimates and covariance matrices to CSV
. program define estsave_csv
  1.     version 14.0
  2.     syntax namelist using/, [replace append]
  3. 
.     local outfile `"`using'"'
  4.     tempfile coef_all coef_cur scalar_all scalar_cur
  5.     local first = 1
  6. 
.     foreach est of local namelist {
  7.         quietly estimates restore `est'
  8.         matrix b = e(b)
  9.         matrix V = e(V)
 10.         local k = colsof(b)
 11.         local cnames : colfullnames b
 12. 
.         preserve
 13.         clear
 14.         quietly set obs `k'
 15.         gen strL reg = "`est'"
 16.         gen strL var = ""
 17.         gen double beta = .
 18.         capture local ymean_val `"`e(ymean)'"'
 19.         if !_rc & `"`ymean_val'"' != "" gen strL ymean = `"`ymean_val'"'
 20.         else gen strL ymean = ""
 21. 
.         forvalues j = 1/`k' {
 22.             local nm : word `j' of `cnames'
 23.             quietly replace var = "`nm'" in `j'
 24.             quietly replace beta = b[1, `j'] in `j'
 25.             gen double cov`j' = .
 26.         }
 27.         forvalues i = 1/`k' {
 28.             forvalues j = 1/`k' {
 29.                 quietly replace cov`j' = V[`i', `j'] in `i'
 30.             }
 31.         }
 32.         quietly save `coef_cur', replace
 33.         if `first' quietly save `coef_all', replace
 34.         else {
 35.             quietly use `coef_all', clear
 36.             quietly append using `coef_cur'
 37.             quietly save `coef_all', replace
 38.         }
 39.         restore
 40. 
.         preserve
 41.         clear
 42.         quietly set obs 1
 43.         gen strL reg = "`est'"
 44.         local escalars : e(scalars)
 45.         foreach sc of local escalars {
 46.             local scval = e(`sc')
 47.             local safe = subinstr("`sc'", "-", "_", .)
 48.             capture gen double `safe' = `scval'
 49.             if _rc capture gen double sc_`safe' = `scval'
 50.         }
 51.         local emacros : e(macros)
 52.         foreach mc of local emacros {
 53.             capture local mcval `"`e(`mc')'"'
 54.             if !_rc & `"`mcval'"' != "" {
 55.                 if strlen(`"`mcval'"') > 244 local mcval = substr(`"`mcval
> '"', 1, 244)
 56.                 local safe = subinstr("`mc'", "-", "_", .)
 57.                 capture gen strL `safe' = `"`mcval'"'
 58.                 if _rc capture gen strL mc_`safe' = `"`mcval'"'
 59.             }
 60.         }
 61.         quietly save `scalar_cur', replace
 62.         if `first' {
 63.             quietly save `scalar_all', replace
 64.             local first = 0
 65.         }
 66.         else {
 67.             quietly use `scalar_all', clear
 68.             quietly append using `scalar_cur'
 69.             quietly save `scalar_all', replace
 70.         }
 71.         restore
 72.     }
 73. 
.     local basefile = subinstr(`"`outfile'"', ".csv", "", .)
 74.     quietly use `coef_all', clear
 75.     order reg var beta ymean
 76.     quietly export delimited using "`basefile'.csv", `replace' `append'
 77.     quietly use `scalar_all', clear
 78.     quietly export delimited using "`basefile'_scalars.csv", `replace' `ap
> pend'
 79.     display as result "Estimates exported to `basefile'.csv"
 80. end

. 
. 
end of do-file

. capture noisily do "${code}/estload_csv.ado"

. *! estload_csv v1.0 - Reconstruct estimate objects exported by estsave_csv
. program define estload_csv
  1.     version 14.0
  2.     syntax using/
  3. 
.     local infile `"`using'"'
  4.     local basefile = subinstr(`"`infile'"', ".csv", "", .)
  5.     preserve
  6.     quietly import delimited using "`basefile'.csv", clear varnames(1)
  7.     quietly levelsof reg, local(regs)
  8. 
.     foreach r of local regs {
  9.         preserve
 10.         quietly keep if reg == "`r'"
 11.         local k = _N
 12.         matrix b = J(1, `k', .)
 13.         matrix V = J(`k', `k', .)
 14.         local varnames ""
 15.         forvalues i = 1/`k' {
 16.             local vname = var[`i']
 17.             local varnames `"`varnames' `vname'"'
 18.             matrix b[1, `i'] = beta[`i']
 19.             forvalues j = 1/`k' {
 20.                 matrix V[`i', `j'] = cov`j'[`i']
 21.             }
 22.         }
 23.         matrix colnames b = `varnames'
 24.         matrix rownames V = `varnames'
 25.         matrix colnames V = `varnames'
 26.         restore, preserve
 27.         quietly ereturn post b V
 28.         estimates store `r'
 29.         display as text "Loaded estimate: `r'"
 30.     }
 31.     restore
 32. end

. 
. 
end of do-file

. 
. display "============================================================"
============================================================

. display "Independent dofile job: `dofile'"
Independent dofile job: _main_2_stacked_event_study_5pre_area.do

. display "Data/output root: ${root}"
Data/output root: /groups/sgulzar/sa_fires/proj_bureaucrats_farms

. display "Code root: ${code}"
Code root: /users/aquisper/proj_bureaucrats_farms/code/_stacked_downup_replicat
> ion

. display "Sample: ${sample}; rural: ${is_rural_var}; FE: ${fe_list}"
Sample: ; rural: is_rural; FE: 1

. display "Suffix: ${ster_suffix}; moderator: ${downup_var}"
Suffix: ; moderator: 

. display "Stata processors: " c(processors)
Stata processors: 1

. display "============================================================"
============================================================

. 
. do "${code}/`dofile'"

. *****************************************************************************
> ***
. * Area-based stacked event study with five pre-treatment periods
. *****************************************************************************
> ***
. 
. if "$root" == "" {
.     clear all
.     set more off
.     * Standalone defaults for location, sample, rural definition, FE list,
.     * and output suffix. Sbatch wrappers may override all five.
.     global location     "shell"
.     global sample       ""
.     global is_rural_var "is_rural"
.     global fe_list      "1"
.     global ster_suffix  ""
.     global shell "/groups/sgulzar/sa_fires/proj_bureaucrats_farms"
.     global dbox  "/Users/anzony.quisperojas/Library/CloudStorage/Dropbox/sa_f
> ires/proj_bureaucrats_farms"
.     global code_shell "/users/aquisper/proj_bureaucrats_farms/code/_stacked_d
> ownup_replication"
.     global code_dbox  "/Users/anzony.quisperojas/Documents/GitHub/proj_bureau
> crats_farms/code/_stacked_downup_replication"
.     if "$location" == "dbox" {
.         global root "$dbox"
.         global code "$code_dbox"
.     }
.     else {
.         global root "$shell"
.         global code "$code_shell"
.     }
.     quietly do "${code}/estsave_csv.ado"
. }

. 
. global int_data "${root}/data_output/intermediate"

. global tables   "${root}/tex/paper/tables"

. 
. import delimited using "${int_data}/combined_dt${sample}.csv", clear varnames
> (1)
(encoding automatically selected: ISO-8859-1)
(20 vars, 96,776,774 obs)

. keep if inrange(relative_monthyear, -5, 6)
(38,015,184 observations deleted)

. gen relative_year_bin = relative_monthyear

. gen relative_year_bin_aux = relative_year_bin + 6

. local base = 5

. capture drop countk

. gen countk = count * 1000

. 
. merge m:1 unique_small_grid_id using "${int_data}/ghs_grid_classification_200
> 0.dta", ///
>     keep(master match) keepusing(is_rural)

    Result                      Number of obs
    -----------------------------------------
    Not matched                             0
    Matched                        58,761,590  (_merge==3)
    -----------------------------------------

. drop _merge

. keep if ${is_rural_var} == 1
(13,678,102 observations deleted)

. keep if year < 2022 | (year == 2022 & month <= 8)
(8,080,713 observations deleted)

. 
. capture confirm variable rice_prod_aclvl_ahigh

. if _rc {
.     merge m:1 unique_small_grid_id ac_uq_id using ///
>         "${int_data}/rice_moderators.dta", keep(master match) nogen ///
>         keepusing(rice_area_aclvl_ahigh rice_harvarea_aclvl_ahigh rice_prod_a
> clvl_ahigh)
. }

. 
. local dep_var countk

. local fe1 "unique_small_grid_id#cohort ac_uq_id#monthyear#cohort"

. local moderators_list moderator rice_prod_aclvl_ahigh

. * local moderators_list moderator downup_ac rice_area_aclvl_ahigh rice_harvar
> ea_aclvl_ahigh rice_prod_aclvl_ahigh
. gen moderator = 0

. egen tag_ac = tag(ac_uq_id)

. count if tag_ac == 1
  807

. local numacs = r(N)

. 
. est clear

. local i = 1

. foreach mod of local moderators_list {
  2.     replace moderator = `mod'
  3.     local rhs "ib`base'.relative_year_bin_aux##ib0.treat##ib0.`mod' wind_d
> irection av_wind_speed"
  4.     quietly summarize `dep_var' if treat == 1 & relative_year_bin <= -1
  5.     local ymean = r(mean)
  6.     quietly summarize `dep_var' if treat == 1 & relative_year_bin <= -1 & 
> moderator == 1
  7.     local ymean2 = r(mean)
  8.     foreach fe of numlist $fe_list {
  9.         reghdfejl `dep_var' `rhs', absorb(`fe`fe'') ///
>             cluster(ac_uq_id#cohort#monthyear unique_small_grid_id#cohort)
 10.         estadd scalar ymean = `ymean'
 11.         estadd scalar ymean2 = `ymean2'
 12.         estadd scalar acq = `numacs'
 13.         estadd local smpl "Rural"
 14.         estadd local fespec "fe`fe'"
 15.         estadd local mod "`mod'"
 16.         local estname evreg`i'
 17.         local i = `i' + 1
 18.         est store `estname'
 19.     }
 20. }
(0 real changes made)
(dropped 136410 singleton observations)
(MWFE estimator converged in 28 iterations)

HDFE linear regression with Julia                 Number of obs   = 36,866,365
Absorbing 2 HDFE groups                           F(  13, 923279) =       6.79
Statistics cluster-robust                         Prob > F        =     0.0000
                                                  R-squared       =     0.6669
                                                  Adj R-squared   =     0.5992
Number of clusters (ac_uq_id#cohort#monthyear) =     923279Within R-sq.=     0.
> 0000
Number of clusters (unique_small_grid_id#cohort) =    5299295Root MSE=   634.20
> 17

(Std. err. adjusted for 923,279 clusters in ac_uq_id#cohort#monthyear unique_sm
> all_grid_id#cohort)
------------------------------------------------------------------------------
             |               Robust
      countk | Coefficient  std. err.      t    P>|t|     [95% conf. interval]
-------------+----------------------------------------------------------------
relative_y~x |
          1  |          0  (omitted)
          2  |          0  (omitted)
          3  |          0  (omitted)
          4  |          0  (omitted)
          6  |          0  (omitted)
          7  |          0  (omitted)
          8  |          0  (omitted)
          9  |          0  (omitted)
         10  |          0  (omitted)
         11  |          0  (omitted)
         12  |          0  (omitted)
             |
     1.treat |          0  (omitted)
wind_direc~n |  -.0089747   .0052079    -1.72   0.085     -.019182    .0012327
av_wind_sp~d |   -23.7309   8.550228    -2.78   0.006    -40.48906   -6.972739
             |
relative_y~x#|
       treat |
        1 1  |   3.991203   3.106223     1.28   0.199     -2.09689     10.0793
        2 1  |   .9850608   2.685143     0.37   0.714     -4.27773    6.247851
        3 1  |   1.622887   3.038791     0.53   0.593    -4.333042    7.578815
        4 1  |   3.458857   2.800535     1.24   0.217    -2.030098    8.947813
        6 1  |   1.681304   2.799892     0.60   0.548    -3.806391    7.168999
        7 1  |   6.439616   4.222609     1.53   0.127    -1.836556    14.71579
        8 1  |   .9529735   3.375683     0.28   0.778    -5.663251    7.569198
        9 1  |  -12.95837   2.981134    -4.35   0.000    -18.80129    -7.11545
       10 1  |  -15.76212   3.232495    -4.88   0.000     -22.0977   -9.426536
       11 1  |  -18.10045   3.919701    -4.62   0.000    -25.78293   -10.41797
       12 1  |  -2.430158   4.934678    -0.49   0.622    -12.10196    7.241646
------------------------------------------------------------------------------

added scalar:
              e(ymean) =  91.110349

added scalar:
             e(ymean2) =  .

added scalar:
                e(acq) =  807

added macro:
               e(smpl) : "Rural"

added macro:
             e(fespec) : "fe1"

added macro:
                e(mod) : "moderator"
(16,758,931 real changes made)
(dropped 136410 singleton observations)
(MWFE estimator converged in 28 iterations)

HDFE linear regression with Julia                 Number of obs   = 36,866,365
Absorbing 2 HDFE groups                           F(  24, 923279) =       4.62
Statistics cluster-robust                         Prob > F        =     0.0000
                                                  R-squared       =     0.6669
                                                  Adj R-squared   =     0.5992
Number of clusters (ac_uq_id#cohort#monthyear) =     923279Within R-sq.=     0.
> 0000
Number of clusters (unique_small_grid_id#cohort) =    5299295Root MSE=   634.20
> 00

(Std. err. adjusted for 923,279 clusters in ac_uq_id#cohort#monthyear unique_sm
> all_grid_id#cohort)
------------------------------------------------------------------------------
             |               Robust
      countk | Coefficient  std. err.      t    P>|t|     [95% conf. interval]
-------------+----------------------------------------------------------------
relative_y~x |
          1  |          0  (omitted)
          2  |          0  (omitted)
          3  |          0  (omitted)
          4  |          0  (omitted)
          6  |          0  (omitted)
          7  |          0  (omitted)
          8  |          0  (omitted)
          9  |          0  (omitted)
         10  |          0  (omitted)
         11  |          0  (omitted)
         12  |          0  (omitted)
             |
     1.treat |          0  (omitted)
1.rice_pro~h |          0  (omitted)
wind_direc~n |  -.0088869   .0052062    -1.71   0.088    -.0190909    .0013172
av_wind_sp~d |  -24.32951   8.546114    -2.85   0.004     -41.0796   -7.579409
             |
relative_y~x#|
       treat |
        1 1  |   1.966236   3.724662     0.53   0.598    -5.333978     9.26645
        2 1  |  -4.793828   3.222629    -1.49   0.137    -11.11007    1.522417
        3 1  |  -.8059382   3.973734    -0.20   0.839    -8.594324    6.982448
        4 1  |   1.943893   3.523067     0.55   0.581      -4.9612    8.848987
        6 1  |   .1715033   2.570122     0.07   0.947    -4.865849    5.208856
        7 1  |   1.931116   5.166806     0.37   0.709    -8.195651    12.05788
        8 1  |  -3.776352   3.450353    -1.09   0.274    -10.53893    2.986226
        9 1  |   -8.34238   2.793187    -2.99   0.003    -13.81693   -2.867826
       10 1  |  -14.33675   3.452361    -4.15   0.000    -21.10327   -7.570241
       11 1  |  -6.108074    4.57342    -1.34   0.182    -15.07182    2.855677
       12 1  |   8.281117    6.25384     1.32   0.185      -3.9762    20.53843
             |
relative_y~x#|
rice_prod_~h |
        1 1  |          0  (omitted)
        2 1  |          0  (omitted)
        3 1  |          0  (omitted)
        4 1  |          0  (omitted)
        6 1  |          0  (omitted)
        7 1  |          0  (omitted)
        8 1  |          0  (omitted)
        9 1  |          0  (omitted)
       10 1  |          0  (omitted)
       11 1  |          0  (omitted)
       12 1  |          0  (omitted)
             |
       treat#|
rice_prod_~h |
        1 1  |          0  (omitted)
             |
relative_y~x#|
       treat#|
rice_prod_~h |
      1 1 1  |   4.147695   6.286275     0.66   0.509    -8.173193    16.46858
      2 1 1  |   11.74318   5.435066     2.16   0.031     1.090633    22.39573
      3 1 1  |   4.855719   6.132916     0.79   0.429    -7.164591    16.87603
      4 1 1  |   3.138204   5.670665     0.55   0.580     -7.97611    14.25252
      6 1 1  |   3.162547   5.818747     0.54   0.587    -8.242003     14.5671
      7 1 1  |   9.402084   8.546024     1.10   0.271    -7.347838    26.15201
      8 1 1  |   9.709885   6.842542     1.42   0.156    -3.701269    23.12104
      9 1 1  |  -9.107912   6.039501    -1.51   0.132    -20.94513    2.729308
     10 1 1  |  -2.848302   6.565996    -0.43   0.664    -15.71743    10.02083
     11 1 1  |  -25.11883   7.927632    -3.17   0.002    -40.65672   -9.580934
     12 1 1  |  -22.78243   9.926861    -2.30   0.022    -42.23874   -3.326112
------------------------------------------------------------------------------

added scalar:
              e(ymean) =  91.110349

added scalar:
             e(ymean2) =  148.4509

added scalar:
                e(acq) =  807

added macro:
               e(smpl) : "Rural"

added macro:
             e(fespec) : "fe1"

added macro:
                e(mod) : "rice_prod_aclvl_ahigh"

. 
. local outbase "${tables}/stacked_event_study_5pre${sample}_rural${ster_suffix
> }"

. estwrite evreg* using "`outbase'.ster", replace
(saving evreg1)
(saving evreg2)
(file /groups/sgulzar/sa_fires/proj_bureaucrats_farms/tex/paper/tables/stacked_
> event_study_5pre_rural.ster saved)

. estsave_csv evreg* using "`outbase'.csv", replace
* invalid name
r(198);

end of do-file
r(198);

end of do-file
r(198);
