This is pdfTeX, Version 3.141592653-2.6-1.40.25 (MiKTeX 24.1) (preloaded format=pdflatex 2026.7.19)  25 AUG 2026 08:30
entering extended mode
 restricted \write18 enabled.
 file:line:error style messages enabled.
 %&-line parsing enabled.
**./main_v3_abovemedian.tex
(main_v3_abovemedian.tex
LaTeX2e <2023-11-01> patch level 1
L3 programming layer <2024-01-04>
(main_v3.tex
(C:\Users\eunic\AppData\Local\Programs\MiKTeX\tex/latex/base\article.cls
Document Class: article 2023/05/17 v1.4n Standard LaTeX document class
(C:\Users\eunic\AppData\Local\Programs\MiKTeX\tex/latex/base\size12.clo
File: size12.clo 2023/05/17 v1.4n Standard LaTeX file (size option)
)
\c@part=\count187
\c@section=\count188
\c@subsection=\count189
\c@subsubsection=\count190
\c@paragraph=\count191
\c@subparagraph=\count192
\c@figure=\count193
\c@table=\count194
\abovecaptionskip=\skip48
\belowcaptionskip=\skip49
\bibindent=\dimen140
)
(C:\Users\eunic\AppData\Local\Programs\MiKTeX\tex/latex/geometry\geometry.sty
Package: geometry 2026/03/07 v6.0 Page Geometry

(C:\Users\eunic\AppData\Local\Programs\MiKTeX\tex/latex/graphics\keyval.sty
Package: keyval 2022/05/29 v1.15 key=value parser (DPC)
\KV@toks@=\toks17
)
(C:\Users\eunic\AppData\Local\Programs\MiKTeX\tex/generic/iftex\ifvtex.sty
Package: ifvtex 2019/10/25 v1.7 ifvtex legacy package. Use iftex instead.

(C:\Users\eunic\AppData\Local\Programs\MiKTeX\tex/generic/iftex\iftex.sty
Package: iftex 2022/02/03 v1.0f TeX engine tests
))
\Gm@cnth=\count195
\Gm@cntv=\count196
\c@Gm@tempcnt=\count197
\Gm@bindingoffset=\dimen141
\Gm@wd@mp=\dimen142
\Gm@odd@mp=\dimen143
\Gm@even@mp=\dimen144
\Gm@layoutwidth=\dimen145
\Gm@layoutheight=\dimen146
\Gm@layouthoffset=\dimen147
\Gm@layoutvoffset=\dimen148
\Gm@dimlist=\toks18

(C:\Users\eunic\AppData\Local\Programs\MiKTeX\tex/latex/geometry\geometry.cfg))
(C:\Users\eunic\AppData\Local\Programs\MiKTeX\tex/latex/amsmath\amsmath.sty
Package: amsmath 2023/05/13 v2.17o AMS math features
\@mathmargin=\skip50

For additional information on amsmath, use the `?' option.
(C:\Users\eunic\AppData\Local\Programs\MiKTeX\tex/latex/amsmath\amstext.sty
Package: amstext 2021/08/26 v2.01 AMS text

(C:\Users\eunic\AppData\Local\Programs\MiKTeX\tex/latex/amsmath\amsgen.sty
File: amsgen.sty 1999/11/30 v2.0 generic functions
\@emptytoks=\toks19
\ex@=\dimen149
))
(C:\Users\eunic\AppData\Local\Programs\MiKTeX\tex/latex/amsmath\amsbsy.sty
Package: amsbsy 1999/11/29 v1.2d Bold Symbols
\pmbraise@=\dimen150
)
(C:\Users\eunic\AppData\Local\Programs\MiKTeX\tex/latex/amsmath\amsopn.sty
Package: amsopn 2022/04/08 v2.04 operator names
)
\inf@bad=\count198
LaTeX Info: Redefining \frac on input line 234.
\uproot@=\count199
\leftroot@=\count266
LaTeX Info: Redefining \overline on input line 399.
LaTeX Info: Redefining \colon on input line 410.
\classnum@=\count267
\DOTSCASE@=\count268
LaTeX Info: Redefining \ldots on input line 496.
LaTeX Info: Redefining \dots on input line 499.
LaTeX Info: Redefining \cdots on input line 620.
\Mathstrutbox@=\box51
\strutbox@=\box52
LaTeX Info: Redefining \big on input line 722.
LaTeX Info: Redefining \Big on input line 723.
LaTeX Info: Redefining \bigg on input line 724.
LaTeX Info: Redefining \Bigg on input line 725.
\big@size=\dimen151
LaTeX Font Info:    Redeclaring font encoding OML on input line 743.
LaTeX Font Info:    Redeclaring font encoding OMS on input line 744.
\macc@depth=\count269
LaTeX Info: Redefining \bmod on input line 905.
LaTeX Info: Redefining \pmod on input line 910.
LaTeX Info: Redefining \smash on input line 940.
LaTeX Info: Redefining \relbar on input line 970.
LaTeX Info: Redefining \Relbar on input line 971.
\c@MaxMatrixCols=\count270
\dotsspace@=\muskip16
\c@parentequation=\count271
\dspbrk@lvl=\count272
\tag@help=\toks20
\row@=\count273
\column@=\count274
\maxfields@=\count275
\andhelp@=\toks21
\eqnshift@=\dimen152
\alignsep@=\dimen153
\tagshift@=\dimen154
\tagwidth@=\dimen155
\totwidth@=\dimen156
\lineht@=\dimen157
\@envbody=\toks22
\multlinegap=\skip51
\multlinetaggap=\skip52
\mathdisplay@stack=\toks23
LaTeX Info: Redefining \[ on input line 2953.
LaTeX Info: Redefining \] on input line 2954.
)
(C:\Users\eunic\AppData\Local\Programs\MiKTeX\tex/latex/amsfonts\amssymb.sty
Package: amssymb 2013/01/14 v3.01 AMS font symbols

(C:\Users\eunic\AppData\Local\Programs\MiKTeX\tex/latex/amsfonts\amsfonts.sty
Package: amsfonts 2013/01/14 v3.01 Basic AMSFonts support
\symAMSa=\mathgroup4
\symAMSb=\mathgroup5
LaTeX Font Info:    Redeclaring math symbol \hbar on input line 98.
LaTeX Font Info:    Overwriting math alphabet `\mathfrak' in version `bold'
(Font)                  U/euf/m/n --> U/euf/b/n on input line 106.
)) (C:\Users\eunic\AppData\Local\Programs\MiKTeX\tex/latex/natbib\natbib.sty
Package: natbib 2010/09/13 8.31b (PWD, AO)
\bibhang=\skip53
\bibsep=\skip54
LaTeX Info: Redefining \cite on input line 694.
\c@NAT@ctr=\count276
)
(C:\Users\eunic\AppData\Local\Programs\MiKTeX\tex/latex/hyperref\hyperref.sty
Package: hyperref 2023-11-26 v7.01g Hypertext links for LaTeX

(C:\Users\eunic\AppData\Local\Programs\MiKTeX\tex/generic/infwarerr\infwarerr.s
ty
Package: infwarerr 2019/12/03 v1.5 Providing info/warning/error messages (HO)
)
(C:\Users\eunic\AppData\Local\Programs\MiKTeX\tex/latex/kvsetkeys\kvsetkeys.sty
Package: kvsetkeys 2022-10-05 v1.19 Key value parser (HO)
)
(C:\Users\eunic\AppData\Local\Programs\MiKTeX\tex/generic/kvdefinekeys\kvdefine
keys.sty
Package: kvdefinekeys 2019-12-19 v1.6 Define keys (HO)
)
(C:\Users\eunic\AppData\Local\Programs\MiKTeX\tex/generic/pdfescape\pdfescape.s
ty
Package: pdfescape 2019/12/09 v1.15 Implements pdfTeX's escape features (HO)

(C:\Users\eunic\AppData\Local\Programs\MiKTeX\tex/generic/ltxcmds\ltxcmds.sty
Package: ltxcmds 2023-12-04 v1.26 LaTeX kernel commands for general use (HO)
)
(C:\Users\eunic\AppData\Local\Programs\MiKTeX\tex/generic/pdftexcmds\pdftexcmds
.sty
Package: pdftexcmds 2020-06-27 v0.33 Utility functions of pdfTeX for LuaTeX (HO
)
Package pdftexcmds Info: \pdf@primitive is available.
Package pdftexcmds Info: \pdf@ifprimitive is available.
Package pdftexcmds Info: \pdfdraftmode found.
))
(C:\Users\eunic\AppData\Local\Programs\MiKTeX\tex/latex/hycolor\hycolor.sty
Package: hycolor 2020-01-27 v1.10 Color options for hyperref/bookmark (HO)
)
(C:\Users\eunic\AppData\Local\Programs\MiKTeX\tex/latex/letltxmacro\letltxmacro
.sty
Package: letltxmacro 2019/12/03 v1.6 Let assignment for LaTeX macros (HO)
)
(C:\Users\eunic\AppData\Local\Programs\MiKTeX\tex/latex/auxhook\auxhook.sty
Package: auxhook 2019-12-17 v1.6 Hooks for auxiliary files (HO)
)
(C:\Users\eunic\AppData\Local\Programs\MiKTeX\tex/latex/hyperref\nameref.sty
Package: nameref 2023-11-26 v2.56 Cross-referencing by name of section

(C:\Users\eunic\AppData\Local\Programs\MiKTeX\tex/latex/refcount\refcount.sty
Package: refcount 2019/12/15 v3.6 Data extraction from label references (HO)
)
(C:\Users\eunic\AppData\Local\Programs\MiKTeX\tex/generic/gettitlestring\gettit
lestring.sty
Package: gettitlestring 2019/12/15 v1.6 Cleanup title references (HO)

(C:\Users\eunic\AppData\Local\Programs\MiKTeX\tex/latex/kvoptions\kvoptions.sty
Package: kvoptions 2022-06-15 v3.15 Key value format for package options (HO)
))
\c@section@level=\count277
)
(C:\Users\eunic\AppData\Local\Programs\MiKTeX\tex/latex/etoolbox\etoolbox.sty
Package: etoolbox 2020/10/05 v2.5k e-TeX tools for LaTeX (JAW)
\etb@tempcnta=\count278
)
\@linkdim=\dimen158
\Hy@linkcounter=\count279
\Hy@pagecounter=\count280

(C:\Users\eunic\AppData\Local\Programs\MiKTeX\tex/latex/hyperref\pd1enc.def
File: pd1enc.def 2023-11-26 v7.01g Hyperref: PDFDocEncoding definition (HO)
Now handling font encoding PD1 ...
... no UTF-8 mapping file for font encoding PD1
)
(C:\Users\eunic\AppData\Local\Programs\MiKTeX\tex/generic/intcalc\intcalc.sty
Package: intcalc 2019/12/15 v1.3 Expandable calculations with integers (HO)
)
\Hy@SavedSpaceFactor=\count281

(C:\Users\eunic\AppData\Local\Programs\MiKTeX\tex/latex/hyperref\puenc.def
File: puenc.def 2023-11-26 v7.01g Hyperref: PDF Unicode definition (HO)
Now handling font encoding PU ...
... no UTF-8 mapping file for font encoding PU
)
Package hyperref Info: Hyper figures OFF on input line 4181.
Package hyperref Info: Link nesting OFF on input line 4186.
Package hyperref Info: Hyper index ON on input line 4189.
Package hyperref Info: Plain pages OFF on input line 4196.
Package hyperref Info: Backreferencing OFF on input line 4201.
Package hyperref Info: Implicit mode ON; LaTeX internals redefined.
Package hyperref Info: Bookmarks ON on input line 4448.
\c@Hy@tempcnt=\count282

(C:\Users\eunic\AppData\Local\Programs\MiKTeX\tex/latex/url\url.sty
\Urlmuskip=\muskip17
Package: url 2013/09/16  ver 3.4  Verb mode for urls, etc.
)
LaTeX Info: Redefining \url on input line 4786.
\XeTeXLinkMargin=\dimen159

(C:\Users\eunic\AppData\Local\Programs\MiKTeX\tex/generic/bitset\bitset.sty
Package: bitset 2019/12/09 v1.3 Handle bit-vector datatype (HO)

(C:\Users\eunic\AppData\Local\Programs\MiKTeX\tex/generic/bigintcalc\bigintcalc
.sty
Package: bigintcalc 2019/12/15 v1.5 Expandable calculations on big integers (HO
)
))
\Fld@menulength=\count283
\Field@Width=\dimen160
\Fld@charsize=\dimen161
Package hyperref Info: Hyper figures OFF on input line 6065.
Package hyperref Info: Link nesting OFF on input line 6070.
Package hyperref Info: Hyper index ON on input line 6073.
Package hyperref Info: backreferencing OFF on input line 6080.
Package hyperref Info: Link coloring OFF on input line 6085.
Package hyperref Info: Link coloring with OCG OFF on input line 6090.
Package hyperref Info: PDF/A mode OFF on input line 6095.

(C:\Users\eunic\AppData\Local\Programs\MiKTeX\tex/latex/base\atbegshi-ltx.sty
Package: atbegshi-ltx 2021/01/10 v1.0c Emulation of the original atbegshi
package with kernel methods
)
\Hy@abspage=\count284
\c@Item=\count285
\c@Hfootnote=\count286
)
Package hyperref Info: Driver (autodetected): hpdftex.
(C:\Users\eunic\AppData\Local\Programs\MiKTeX\tex/latex/hyperref\hpdftex.def
File: hpdftex.def 2023-11-26 v7.01g Hyperref driver for pdfTeX

(C:\Users\eunic\AppData\Local\Programs\MiKTeX\tex/latex/base\atveryend-ltx.sty
Package: atveryend-ltx 2020/08/19 v1.0a Emulation of the original atveryend pac
kage
with kernel methods
)
\Fld@listcount=\count287
\c@bookmark@seq@number=\count288

(C:\Users\eunic\AppData\Local\Programs\MiKTeX\tex/latex/rerunfilecheck\rerunfil
echeck.sty
Package: rerunfilecheck 2025-06-21 v1.11 Rerun checks for auxiliary files (HO)

(C:\Users\eunic\AppData\Local\Programs\MiKTeX\tex/generic/uniquecounter\uniquec
ounter.sty
Package: uniquecounter 2019/12/15 v1.4 Provide unlimited unique counter (HO)
)
Package uniquecounter Info: New unique counter `rerunfilecheck' on input line 2
84.
)
\Hy@SectionHShift=\skip55
)
(C:\Users\eunic\AppData\Local\Programs\MiKTeX\tex/latex/placeins\placeins.sty
Package: placeins 2005/04/18  v 2.2
)
(C:\Users\eunic\AppData\Local\Programs\MiKTeX\tex/latex/chngcntr\chngcntr.sty
Package: chngcntr 2018/04/09 v1.1a change counter resetting
Package chngcntr Info: \counterwithout already defined.
(chngcntr)             Quitting chngcntr on input line 21.
)
(C:\Users\eunic\AppData\Local\Programs\MiKTeX\tex/latex/comment\comment.sty
\CommentStream=\write3

Excluding comment 'comment')
(C:\Users\eunic\AppData\Local\Programs\MiKTeX\tex/latex/fancyvrb\fancyvrb.sty
Package: fancyvrb 2026/04/16 4.6a verbatim text (tvz,hv)
\FV@CodeLineNo=\count289
\FV@InFile=\read2
\FV@TabBox=\box53
\c@FancyVerbLine=\count290
\FV@StepNumber=\count291
\FV@OutFile=\write4
)
(C:\Users\eunic\AppData\Local\Programs\MiKTeX\tex/latex/listings\listings.sty
\lst@mode=\count292
\lst@gtempboxa=\box54
\lst@token=\toks24
\lst@length=\count293
\lst@currlwidth=\dimen162
\lst@column=\count294
\lst@pos=\count295
\lst@lostspace=\dimen163
\lst@width=\dimen164
\lst@newlines=\count296
\lst@lineno=\count297
\lst@maxwidth=\dimen165

(C:\Users\eunic\AppData\Local\Programs\MiKTeX\tex/latex/listings\lstmisc.sty
File: lstmisc.sty 2023/02/27 1.9 (Carsten Heinz)
\c@lstnumber=\count298
\lst@skipnumbers=\count299
\lst@framebox=\box55
)
(C:\Users\eunic\AppData\Local\Programs\MiKTeX\tex/latex/listings\listings.cfg
File: listings.cfg 2023/02/27 1.9 listings configuration
))
Package: listings 2023/02/27 1.9 (Carsten Heinz)
(C:\Users\eunic\AppData\Local\Programs\MiKTeX\tex/latex/caption\subcaption.sty
Package: subcaption 2023/07/28 v1.6b Sub-captions (AR)

(C:\Users\eunic\AppData\Local\Programs\MiKTeX\tex/latex/caption\caption.sty
Package: caption 2023/08/05 v3.6o Customizing captions (AR)

(C:\Users\eunic\AppData\Local\Programs\MiKTeX\tex/latex/caption\caption3.sty
Package: caption3 2023/07/31 v2.4d caption3 kernel (AR)
\caption@tempdima=\dimen166
\captionmargin=\dimen167
\caption@leftmargin=\dimen168
\caption@rightmargin=\dimen169
\caption@width=\dimen170
\caption@indent=\dimen171
\caption@parindent=\dimen172
\caption@hangindent=\dimen173
Package caption Info: Standard document class detected.
)
\c@caption@flags=\count300
\c@continuedfloat=\count301
Package caption Info: hyperref package is loaded.
Package caption Info: listings package is loaded.
)
Package caption Info: New subtype `subfigure' on input line 238.
\c@subfigure=\count302
Package caption Info: New subtype `subtable' on input line 238.
\c@subtable=\count303
) (C:\Users\eunic\AppData\Local\Programs\MiKTeX\tex/latex/graphics\color.sty
Package: color 2022/01/06 v1.3d Standard LaTeX Color (DPC)

(C:\Users\eunic\AppData\Local\Programs\MiKTeX\tex/latex/graphics-cfg\color.cfg
File: color.cfg 2016/01/02 v1.6 sample color configuration
)
Package color Info: Driver file: pdftex.def on input line 149.

(C:\Users\eunic\AppData\Local\Programs\MiKTeX\tex/latex/graphics-def\pdftex.def
File: pdftex.def 2022/09/22 v1.2b Graphics/color driver for pdftex
)
(C:\Users\eunic\AppData\Local\Programs\MiKTeX\tex/latex/graphics\mathcolor.ltx)
) (C:\Users\eunic\AppData\Local\Programs\MiKTeX\tex/latex/graphics\graphicx.sty
Package: graphicx 2021/09/16 v1.2d Enhanced LaTeX Graphics (DPC,SPQR)
(C:\Users\eunic\AppData\Local\Programs\MiKTeX\tex/latex/graphics\graphics.sty
Package: graphics 2022/03/10 v1.4e Standard LaTeX Graphics (DPC,SPQR)

(C:\Users\eunic\AppData\Local\Programs\MiKTeX\tex/latex/graphics\trig.sty
Package: trig 2021/08/11 v1.11 sin cos tan (DPC)
)
(C:\Users\eunic\AppData\Local\Programs\MiKTeX\tex/latex/graphics-cfg\graphics.c
fg
File: graphics.cfg 2016/06/04 v1.11 sample graphics configuration
)
Package graphics Info: Driver file: pdftex.def on input line 107.
)
\Gin@req@height=\dimen174
\Gin@req@width=\dimen175
) (C:\Users\eunic\AppData\Local\Programs\MiKTeX\tex/latex/xcolor\xcolor.sty
Package: xcolor 2023/11/15 v3.01 LaTeX color extensions (UK)
(C:\Users\eunic\AppData\Local\Programs\MiKTeX\tex/latex/graphics-cfg\color.cfg
File: color.cfg 2016/01/02 v1.6 sample color configuration
)
Package xcolor Info: Driver file: pdftex.def on input line 274.
LaTeX Info: Redefining \color on input line 758.
(C:\Users\eunic\AppData\Local\Programs\MiKTeX\tex/latex/graphics\mathcolor.ltx)
Package xcolor Info: Model `cmy' substituted by `cmy0' on input line 1350.
Package xcolor Info: Model `hsb' substituted by `rgb' on input line 1354.
Package xcolor Info: Model `RGB' extended on input line 1366.
Package xcolor Info: Model `HTML' substituted by `rgb' on input line 1368.
Package xcolor Info: Model `Hsb' substituted by `hsb' on input line 1369.
Package xcolor Info: Model `tHsb' substituted by `hsb' on input line 1370.
Package xcolor Info: Model `HSB' substituted by `hsb' on input line 1371.
Package xcolor Info: Model `Gray' substituted by `gray' on input line 1372.
Package xcolor Info: Model `wave' substituted by `hsb' on input line 1373.
)
(C:\Users\eunic\AppData\Local\Programs\MiKTeX\tex/latex/adjustbox\adjustbox.sty
Package: adjustbox 2025/02/26 v1.3c Adjusting TeX boxes (trim, clip, ...)
(C:\Users\eunic\AppData\Local\Programs\MiKTeX\tex/latex/xkeyval\xkeyval.sty
Package: xkeyval 2022/06/16 v2.9 package option processing (HA)

(C:\Users\eunic\AppData\Local\Programs\MiKTeX\tex/generic/xkeyval\xkeyval.tex
(C:\Users\eunic\AppData\Local\Programs\MiKTeX\tex/generic/xkeyval\xkvutils.tex
\XKV@toks=\toks25
\XKV@tempa@toks=\toks26
)
\XKV@depth=\count304
File: xkeyval.tex 2014/12/03 v2.7a key=value parser (HA)
))
(C:\Users\eunic\AppData\Local\Programs\MiKTeX\tex/latex/adjustbox\adjcalc.sty
Package: adjcalc 2012/05/16 v1.1 Provides advanced setlength with multiple back
-ends (calc, etex, pgfmath)
)
(C:\Users\eunic\AppData\Local\Programs\MiKTeX\tex/latex/adjustbox\trimclip.sty
Package: trimclip 2025/02/21 v1.2a Trim and clip general TeX material

(C:\Users\eunic\AppData\Local\Programs\MiKTeX\tex/latex/collectbox\collectbox.s
ty
Package: collectbox 2022/10/17 v0.4c Collect macro arguments as boxes
\collectedbox=\box56
)
\tc@llx=\dimen176
\tc@lly=\dimen177
\tc@urx=\dimen178
\tc@ury=\dimen179
Package trimclip Info: Using driver 'tc-pdftex.def'.

(C:\Users\eunic\AppData\Local\Programs\MiKTeX\tex/latex/adjustbox\tc-pdftex.def
File: tc-pdftex.def 2025/02/26 v2.3 Clipping driver for pdftex
))
\adjbox@Width=\dimen180
\adjbox@Height=\dimen181
\adjbox@Depth=\dimen182
\adjbox@Totalheight=\dimen183
\adjbox@pwidth=\dimen184
\adjbox@pheight=\dimen185
\adjbox@pdepth=\dimen186
\adjbox@ptotalheight=\dimen187

(C:\Users\eunic\AppData\Local\Programs\MiKTeX\tex/latex/ifoddpage\ifoddpage.sty
Package: ifoddpage 2022/10/18 v1.2 Conditionals for odd/even page detection
\c@checkoddpage=\count305
) (C:\Users\eunic\AppData\Local\Programs\MiKTeX\tex/latex/varwidth\varwidth.sty
Package: varwidth 2009/03/30 ver 0.92;  Variable-width minipages
\@vwid@box=\box57
\sift@deathcycles=\count306
\@vwid@loff=\dimen188
\@vwid@roff=\dimen189
))
(C:\Users\eunic\AppData\Local\Programs\MiKTeX\tex/latex/setspace\setspace.sty
Package: setspace 2022/12/04 v6.7b set line spacing
)
(C:\Users\eunic\AppData\Local\Programs\MiKTeX\tex/latex/float\float.sty
Package: float 2001/11/08 v1.3d Float enhancements (AL)
\c@float@type=\count307
\float@exts=\toks27
\float@box=\box58
\@float@everytoks=\toks28
\@floatcapt=\box59
)
(C:\Users\eunic\AppData\Local\Programs\MiKTeX\tex/latex/tools\verbatim.sty
Package: verbatim 2023-11-06 v1.5v LaTeX2e package for verbatim enhancements
\every@verbatim=\toks29
\verbatim@line=\toks30
\verbatim@in@stream=\read3
)
(C:\Users\eunic\AppData\Local\Programs\MiKTeX\tex/latex/booktabs\booktabs.sty
Package: booktabs 2020/01/12 v1.61803398 Publication quality tables
\heavyrulewidth=\dimen190
\lightrulewidth=\dimen191
\cmidrulewidth=\dimen192
\belowrulesep=\dimen193
\belowbottomsep=\dimen194
\aboverulesep=\dimen195
\abovetopsep=\dimen196
\cmidrulesep=\dimen197
\cmidrulekern=\dimen198
\defaultaddspace=\dimen199
\@cmidla=\count308
\@cmidlb=\count309
\@aboverulesep=\dimen256
\@belowrulesep=\dimen257
\@thisruleclass=\count310
\@lastruleclass=\count311
\@thisrulewidth=\dimen258
)
(C:\Users\eunic\AppData\Local\Programs\MiKTeX\tex/latex/tools\array.sty
Package: array 2023/10/16 v2.5g Tabular extension package (FMi)
\col@sep=\dimen259
\ar@mcellbox=\box60
\extrarowheight=\dimen260
\NC@list=\toks31
\extratabsurround=\skip56
\backup@length=\skip57
\ar@cellbox=\box61
)
(C:\Users\eunic\AppData\Local\Programs\MiKTeX\tex/latex/todonotes\todonotes.sty
Package: todonotes 2024/01/05 v1.1.7 Todonotes source and documentation.
Package: todonotes 2024/01/05
(C:\Users\eunic\AppData\Local\Programs\MiKTeX\tex/latex/base\ifthen.sty
Package: ifthen 2022/04/13 v1.1d Standard LaTeX ifthen package (DPC)
)
(C:\Users\eunic\AppData\Local\Programs\MiKTeX\tex/latex/pgf/frontendlayer\tikz.
sty
(C:\Users\eunic\AppData\Local\Programs\MiKTeX\tex/latex/pgf/basiclayer\pgf.sty
(C:\Users\eunic\AppData\Local\Programs\MiKTeX\tex/latex/pgf/utilities\pgfrcs.st
y
(C:\Users\eunic\AppData\Local\Programs\MiKTeX\tex/generic/pgf/utilities\pgfutil
-common.tex
\pgfutil@everybye=\toks32
\pgfutil@tempdima=\dimen261
\pgfutil@tempdimb=\dimen262
)
(C:\Users\eunic\AppData\Local\Programs\MiKTeX\tex/generic/pgf/utilities\pgfutil
-latex.def
\pgfutil@abb=\box62
)
(C:\Users\eunic\AppData\Local\Programs\MiKTeX\tex/generic/pgf/utilities\pgfrcs.
code.tex
(C:\Users\eunic\AppData\Local\Programs\MiKTeX\tex/generic/pgf\pgf.revision.tex)
Package: pgfrcs 2023-01-15 v3.1.10 (3.1.10)
))
Package: pgf 2023-01-15 v3.1.10 (3.1.10)

(C:\Users\eunic\AppData\Local\Programs\MiKTeX\tex/latex/pgf/basiclayer\pgfcore.
sty
(C:\Users\eunic\AppData\Local\Programs\MiKTeX\tex/latex/pgf/systemlayer\pgfsys.
sty
(C:\Users\eunic\AppData\Local\Programs\MiKTeX\tex/generic/pgf/systemlayer\pgfsy
s.code.tex
Package: pgfsys 2023-01-15 v3.1.10 (3.1.10)

(C:\Users\eunic\AppData\Local\Programs\MiKTeX\tex/generic/pgf/utilities\pgfkeys
.code.tex
\pgfkeys@pathtoks=\toks33
\pgfkeys@temptoks=\toks34

(C:\Users\eunic\AppData\Local\Programs\MiKTeX\tex/generic/pgf/utilities\pgfkeys
libraryfiltered.code.tex
\pgfkeys@tmptoks=\toks35
))
\pgf@x=\dimen263
\pgf@y=\dimen264
\pgf@xa=\dimen265
\pgf@ya=\dimen266
\pgf@xb=\dimen267
\pgf@yb=\dimen268
\pgf@xc=\dimen269
\pgf@yc=\dimen270
\pgf@xd=\dimen271
\pgf@yd=\dimen272
\w@pgf@writea=\write5
\r@pgf@reada=\read4
\c@pgf@counta=\count312
\c@pgf@countb=\count313
\c@pgf@countc=\count314
\c@pgf@countd=\count315
\t@pgf@toka=\toks36
\t@pgf@tokb=\toks37
\t@pgf@tokc=\toks38
\pgf@sys@id@count=\count316

(C:\Users\eunic\AppData\Local\Programs\MiKTeX\tex/generic/pgf/systemlayer\pgf.c
fg
File: pgf.cfg 2023-01-15 v3.1.10 (3.1.10)
)
Driver file for pgf: pgfsys-pdftex.def

(C:\Users\eunic\AppData\Local\Programs\MiKTeX\tex/generic/pgf/systemlayer\pgfsy
s-pdftex.def
File: pgfsys-pdftex.def 2023-01-15 v3.1.10 (3.1.10)

(C:\Users\eunic\AppData\Local\Programs\MiKTeX\tex/generic/pgf/systemlayer\pgfsy
s-common-pdf.def
File: pgfsys-common-pdf.def 2023-01-15 v3.1.10 (3.1.10)
)))
(C:\Users\eunic\AppData\Local\Programs\MiKTeX\tex/generic/pgf/systemlayer\pgfsy
ssoftpath.code.tex
File: pgfsyssoftpath.code.tex 2023-01-15 v3.1.10 (3.1.10)
\pgfsyssoftpath@smallbuffer@items=\count317
\pgfsyssoftpath@bigbuffer@items=\count318
)
(C:\Users\eunic\AppData\Local\Programs\MiKTeX\tex/generic/pgf/systemlayer\pgfsy
sprotocol.code.tex
File: pgfsysprotocol.code.tex 2023-01-15 v3.1.10 (3.1.10)
))
(C:\Users\eunic\AppData\Local\Programs\MiKTeX\tex/generic/pgf/basiclayer\pgfcor
e.code.tex
Package: pgfcore 2023-01-15 v3.1.10 (3.1.10)

(C:\Users\eunic\AppData\Local\Programs\MiKTeX\tex/generic/pgf/math\pgfmath.code
.tex
(C:\Users\eunic\AppData\Local\Programs\MiKTeX\tex/generic/pgf/math\pgfmathutil.
code.tex)
(C:\Users\eunic\AppData\Local\Programs\MiKTeX\tex/generic/pgf/math\pgfmathparse
r.code.tex
\pgfmath@dimen=\dimen273
\pgfmath@count=\count319
\pgfmath@box=\box63
\pgfmath@toks=\toks39
\pgfmath@stack@operand=\toks40
\pgfmath@stack@operation=\toks41
)
(C:\Users\eunic\AppData\Local\Programs\MiKTeX\tex/generic/pgf/math\pgfmathfunct
ions.code.tex)
(C:\Users\eunic\AppData\Local\Programs\MiKTeX\tex/generic/pgf/math\pgfmathfunct
ions.basic.code.tex)
(C:\Users\eunic\AppData\Local\Programs\MiKTeX\tex/generic/pgf/math\pgfmathfunct
ions.trigonometric.code.tex)
(C:\Users\eunic\AppData\Local\Programs\MiKTeX\tex/generic/pgf/math\pgfmathfunct
ions.random.code.tex)
(C:\Users\eunic\AppData\Local\Programs\MiKTeX\tex/generic/pgf/math\pgfmathfunct
ions.comparison.code.tex)
(C:\Users\eunic\AppData\Local\Programs\MiKTeX\tex/generic/pgf/math\pgfmathfunct
ions.base.code.tex)
(C:\Users\eunic\AppData\Local\Programs\MiKTeX\tex/generic/pgf/math\pgfmathfunct
ions.round.code.tex)
(C:\Users\eunic\AppData\Local\Programs\MiKTeX\tex/generic/pgf/math\pgfmathfunct
ions.misc.code.tex)
(C:\Users\eunic\AppData\Local\Programs\MiKTeX\tex/generic/pgf/math\pgfmathfunct
ions.integerarithmetics.code.tex)
(C:\Users\eunic\AppData\Local\Programs\MiKTeX\tex/generic/pgf/math\pgfmathcalc.
code.tex)
(C:\Users\eunic\AppData\Local\Programs\MiKTeX\tex/generic/pgf/math\pgfmathfloat
.code.tex
\c@pgfmathroundto@lastzeros=\count320
))
(C:\Users\eunic\AppData\Local\Programs\MiKTeX\tex/generic/pgf/math\pgfint.code.
tex)
(C:\Users\eunic\AppData\Local\Programs\MiKTeX\tex/generic/pgf/basiclayer\pgfcor
epoints.code.tex
File: pgfcorepoints.code.tex 2023-01-15 v3.1.10 (3.1.10)
\pgf@picminx=\dimen274
\pgf@picmaxx=\dimen275
\pgf@picminy=\dimen276
\pgf@picmaxy=\dimen277
\pgf@pathminx=\dimen278
\pgf@pathmaxx=\dimen279
\pgf@pathminy=\dimen280
\pgf@pathmaxy=\dimen281
\pgf@xx=\dimen282
\pgf@xy=\dimen283
\pgf@yx=\dimen284
\pgf@yy=\dimen285
\pgf@zx=\dimen286
\pgf@zy=\dimen287
)
(C:\Users\eunic\AppData\Local\Programs\MiKTeX\tex/generic/pgf/basiclayer\pgfcor
epathconstruct.code.tex
File: pgfcorepathconstruct.code.tex 2023-01-15 v3.1.10 (3.1.10)
\pgf@path@lastx=\dimen288
\pgf@path@lasty=\dimen289
)
(C:\Users\eunic\AppData\Local\Programs\MiKTeX\tex/generic/pgf/basiclayer\pgfcor
epathusage.code.tex
File: pgfcorepathusage.code.tex 2023-01-15 v3.1.10 (3.1.10)
\pgf@shorten@end@additional=\dimen290
\pgf@shorten@start@additional=\dimen291
)
(C:\Users\eunic\AppData\Local\Programs\MiKTeX\tex/generic/pgf/basiclayer\pgfcor
escopes.code.tex
File: pgfcorescopes.code.tex 2023-01-15 v3.1.10 (3.1.10)
\pgfpic=\box64
\pgf@hbox=\box65
\pgf@layerbox@main=\box66
\pgf@picture@serial@count=\count321
)
(C:\Users\eunic\AppData\Local\Programs\MiKTeX\tex/generic/pgf/basiclayer\pgfcor
egraphicstate.code.tex
File: pgfcoregraphicstate.code.tex 2023-01-15 v3.1.10 (3.1.10)
\pgflinewidth=\dimen292
)
(C:\Users\eunic\AppData\Local\Programs\MiKTeX\tex/generic/pgf/basiclayer\pgfcor
etransformations.code.tex
File: pgfcoretransformations.code.tex 2023-01-15 v3.1.10 (3.1.10)
\pgf@pt@x=\dimen293
\pgf@pt@y=\dimen294
\pgf@pt@temp=\dimen295
)
(C:\Users\eunic\AppData\Local\Programs\MiKTeX\tex/generic/pgf/basiclayer\pgfcor
equick.code.tex
File: pgfcorequick.code.tex 2023-01-15 v3.1.10 (3.1.10)
)
(C:\Users\eunic\AppData\Local\Programs\MiKTeX\tex/generic/pgf/basiclayer\pgfcor
eobjects.code.tex
File: pgfcoreobjects.code.tex 2023-01-15 v3.1.10 (3.1.10)
)
(C:\Users\eunic\AppData\Local\Programs\MiKTeX\tex/generic/pgf/basiclayer\pgfcor
epathprocessing.code.tex
File: pgfcorepathprocessing.code.tex 2023-01-15 v3.1.10 (3.1.10)
)
(C:\Users\eunic\AppData\Local\Programs\MiKTeX\tex/generic/pgf/basiclayer\pgfcor
earrows.code.tex
File: pgfcorearrows.code.tex 2023-01-15 v3.1.10 (3.1.10)
\pgfarrowsep=\dimen296
)
(C:\Users\eunic\AppData\Local\Programs\MiKTeX\tex/generic/pgf/basiclayer\pgfcor
eshade.code.tex
File: pgfcoreshade.code.tex 2023-01-15 v3.1.10 (3.1.10)
\pgf@max=\dimen297
\pgf@sys@shading@range@num=\count322
\pgf@shadingcount=\count323
)
(C:\Users\eunic\AppData\Local\Programs\MiKTeX\tex/generic/pgf/basiclayer\pgfcor
eimage.code.tex
File: pgfcoreimage.code.tex 2023-01-15 v3.1.10 (3.1.10)
)
(C:\Users\eunic\AppData\Local\Programs\MiKTeX\tex/generic/pgf/basiclayer\pgfcor
eexternal.code.tex
File: pgfcoreexternal.code.tex 2023-01-15 v3.1.10 (3.1.10)
\pgfexternal@startupbox=\box67
)
(C:\Users\eunic\AppData\Local\Programs\MiKTeX\tex/generic/pgf/basiclayer\pgfcor
elayers.code.tex
File: pgfcorelayers.code.tex 2023-01-15 v3.1.10 (3.1.10)
)
(C:\Users\eunic\AppData\Local\Programs\MiKTeX\tex/generic/pgf/basiclayer\pgfcor
etransparency.code.tex
File: pgfcoretransparency.code.tex 2023-01-15 v3.1.10 (3.1.10)
)
(C:\Users\eunic\AppData\Local\Programs\MiKTeX\tex/generic/pgf/basiclayer\pgfcor
epatterns.code.tex
File: pgfcorepatterns.code.tex 2023-01-15 v3.1.10 (3.1.10)
)
(C:\Users\eunic\AppData\Local\Programs\MiKTeX\tex/generic/pgf/basiclayer\pgfcor
erdf.code.tex
File: pgfcorerdf.code.tex 2023-01-15 v3.1.10 (3.1.10)
)))
(C:\Users\eunic\AppData\Local\Programs\MiKTeX\tex/generic/pgf/modules\pgfmodule
shapes.code.tex
File: pgfmoduleshapes.code.tex 2023-01-15 v3.1.10 (3.1.10)
\pgfnodeparttextbox=\box68
)
(C:\Users\eunic\AppData\Local\Programs\MiKTeX\tex/generic/pgf/modules\pgfmodule
plot.code.tex
File: pgfmoduleplot.code.tex 2023-01-15 v3.1.10 (3.1.10)
)
(C:\Users\eunic\AppData\Local\Programs\MiKTeX\tex/latex/pgf/compatibility\pgfco
mp-version-0-65.sty
Package: pgfcomp-version-0-65 2023-01-15 v3.1.10 (3.1.10)
\pgf@nodesepstart=\dimen298
\pgf@nodesepend=\dimen299
)
(C:\Users\eunic\AppData\Local\Programs\MiKTeX\tex/latex/pgf/compatibility\pgfco
mp-version-1-18.sty
Package: pgfcomp-version-1-18 2023-01-15 v3.1.10 (3.1.10)
))
(C:\Users\eunic\AppData\Local\Programs\MiKTeX\tex/latex/pgf/utilities\pgffor.st
y
(C:\Users\eunic\AppData\Local\Programs\MiKTeX\tex/latex/pgf/utilities\pgfkeys.s
ty
(C:\Users\eunic\AppData\Local\Programs\MiKTeX\tex/generic/pgf/utilities\pgfkeys
.code.tex))
(C:\Users\eunic\AppData\Local\Programs\MiKTeX\tex/latex/pgf/math\pgfmath.sty
(C:\Users\eunic\AppData\Local\Programs\MiKTeX\tex/generic/pgf/math\pgfmath.code
.tex))
(C:\Users\eunic\AppData\Local\Programs\MiKTeX\tex/generic/pgf/utilities\pgffor.
code.tex
Package: pgffor 2023-01-15 v3.1.10 (3.1.10)
\pgffor@iter=\dimen300
\pgffor@skip=\dimen301
\pgffor@stack=\toks42
\pgffor@toks=\toks43
))
(C:\Users\eunic\AppData\Local\Programs\MiKTeX\tex/generic/pgf/frontendlayer/tik
z\tikz.code.tex
Package: tikz 2023-01-15 v3.1.10 (3.1.10)

(C:\Users\eunic\AppData\Local\Programs\MiKTeX\tex/generic/pgf/libraries\pgflibr
aryplothandlers.code.tex
File: pgflibraryplothandlers.code.tex 2023-01-15 v3.1.10 (3.1.10)
\pgf@plot@mark@count=\count324
\pgfplotmarksize=\dimen302
)
\tikz@lastx=\dimen303
\tikz@lasty=\dimen304
\tikz@lastxsaved=\dimen305
\tikz@lastysaved=\dimen306
\tikz@lastmovetox=\dimen307
\tikz@lastmovetoy=\dimen308
\tikzleveldistance=\dimen309
\tikzsiblingdistance=\dimen310
\tikz@figbox=\box69
\tikz@figbox@bg=\box70
\tikz@tempbox=\box71
\tikz@tempbox@bg=\box72
\tikztreelevel=\count325
\tikznumberofchildren=\count326
\tikznumberofcurrentchild=\count327
\tikz@fig@count=\count328

(C:\Users\eunic\AppData\Local\Programs\MiKTeX\tex/generic/pgf/modules\pgfmodule
matrix.code.tex
File: pgfmodulematrix.code.tex 2023-01-15 v3.1.10 (3.1.10)
\pgfmatrixcurrentrow=\count329
\pgfmatrixcurrentcolumn=\count330
\pgf@matrix@numberofcolumns=\count331
)
\tikz@expandcount=\count332

(C:\Users\eunic\AppData\Local\Programs\MiKTeX\tex/generic/pgf/frontendlayer/tik
z/libraries\tikzlibrarytopaths.code.tex
File: tikzlibrarytopaths.code.tex 2023-01-15 v3.1.10 (3.1.10)
)))
(C:\Users\eunic\AppData\Local\Programs\MiKTeX\tex/generic/pgf/frontendlayer/tik
z/libraries\tikzlibrarypositioning.code.tex
File: tikzlibrarypositioning.code.tex 2023-01-15 v3.1.10 (3.1.10)
)
(C:\Users\eunic\AppData\Local\Programs\MiKTeX\tex/latex/tools\calc.sty
Package: calc 2023/07/08 v4.3 Infix arithmetic (KKT,FJ)
\calc@Acount=\count333
\calc@Bcount=\count334
\calc@Adimen=\dimen311
\calc@Bdimen=\dimen312
\calc@Askip=\skip58
\calc@Bskip=\skip59
LaTeX Info: Redefining \setlength on input line 80.
LaTeX Info: Redefining \addtolength on input line 81.
\calc@Ccount=\count335
\calc@Cskip=\skip60
)
\c@@todonotes@numberoftodonotes=\count336
)
(C:\Users\eunic\AppData\Local\Programs\MiKTeX\tex/generic/babel\babel.sty
Package: babel 2024/01/07 v24.1 The Babel package
\babel@savecnt=\count337
\U@D=\dimen313
\l@unhyphenated=\language79

(C:\Users\eunic\AppData\Local\Programs\MiKTeX\tex/generic/babel\txtbabel.def)
\bbl@readstream=\read5
\bbl@dirlevel=\count338

*************************************
* Local config file bblopts.cfg used
*
(C:\Users\eunic\AppData\Local\Programs\MiKTeX\tex/latex/arabi\bblopts.cfg
File: bblopts.cfg 2005/09/08 v0.1 add Arabic and Farsi to "declared" options of
 babel
)
(C:\Users\eunic\AppData\Local\Programs\MiKTeX\tex/latex/babel-english\english.l
df
Language: english 2017/06/06 v3.3r English support from the babel system
Package babel Info: Hyphen rules for 'canadian' set to \l@english
(babel)             (\language0). Reported on input line 102.
Package babel Info: Hyphen rules for 'australian' set to \l@ukenglish
(babel)             (\language73). Reported on input line 105.
Package babel Info: Hyphen rules for 'newzealand' set to \l@ukenglish
(babel)             (\language73). Reported on input line 108.
))
(C:\Users\eunic\AppData\Local\Programs\MiKTeX\tex/generic/babel/locale/en\babel
-english.tex
Package babel Info: Importing font and identification data for english
(babel)             from babel-en.ini. Reported on input line 11.
)
(C:\Users\eunic\AppData\Local\Programs\MiKTeX\tex/latex/l3backend\l3backend-pdf
tex.def
File: l3backend-pdftex.def 2024-01-04 L3 backend support: PDF output (pdfTeX)
\l__color_backend_stack_int=\count339
\l__pdf_internal_box=\box73
)
(C:\Users\eunic\OneDrive\Documents\GitHub\proj_bureaucrats_farms\code\_report\o
utput\main_v3_abovemedian.aux)
\openout1 = `main_v3_abovemedian.aux'.

LaTeX Font Info:    Checking defaults for OML/cmm/m/it on input line 89.
LaTeX Font Info:    ... okay on input line 89.
LaTeX Font Info:    Checking defaults for OMS/cmsy/m/n on input line 89.
LaTeX Font Info:    ... okay on input line 89.
LaTeX Font Info:    Checking defaults for OT1/cmr/m/n on input line 89.
LaTeX Font Info:    ... okay on input line 89.
LaTeX Font Info:    Checking defaults for T1/cmr/m/n on input line 89.
LaTeX Font Info:    ... okay on input line 89.
LaTeX Font Info:    Checking defaults for TS1/cmr/m/n on input line 89.
LaTeX Font Info:    ... okay on input line 89.
LaTeX Font Info:    Checking defaults for OMX/cmex/m/n on input line 89.
LaTeX Font Info:    ... okay on input line 89.
LaTeX Font Info:    Checking defaults for U/cmr/m/n on input line 89.
LaTeX Font Info:    ... okay on input line 89.
LaTeX Font Info:    Checking defaults for PD1/pdf/m/n on input line 89.
LaTeX Font Info:    ... okay on input line 89.
LaTeX Font Info:    Checking defaults for PU/pdf/m/n on input line 89.
LaTeX Font Info:    ... okay on input line 89.

*geometry* driver: auto-detecting
*geometry* detected driver: pdftex
*geometry* verbose mode - [ preamble ] result:
* driver: pdftex
* paper: <default>
* layout: <same size as paper>
* layoutoffset:(h,v)=(0.0pt,0.0pt)
* modes: 
* h-part:(L,W,R)=(72.26999pt, 469.75502pt, 72.26999pt)
* v-part:(T,H,B)=(72.26999pt, 650.43001pt, 72.26999pt)
* \paperwidth=614.295pt
* \paperheight=794.96999pt
* \textwidth=469.75502pt
* \textheight=650.43001pt
* \oddsidemargin=0.0pt
* \evensidemargin=0.0pt
* \topmargin=-37.0pt
* \headheight=12.0pt
* \headsep=25.0pt
* \topskip=12.0pt
* \footskip=30.0pt
* \marginparwidth=44.0pt
* \marginparsep=10.0pt
* \columnsep=10.0pt
* \skip\footins=10.8pt plus 4.0pt minus 2.0pt
* \hoffset=0.0pt
* \voffset=0.0pt
* \mag=1000
* \@twocolumnfalse
* \@twosidefalse
* \@mparswitchfalse
* \@reversemarginfalse
* (1in=72.27pt=25.4mm, 1cm=28.453pt)

Package hyperref Info: Link coloring OFF on input line 89.

(C:\Users\eunic\OneDrive\Documents\GitHub\proj_bureaucrats_farms\code\_report\o
utput\main_v3_abovemedian.out)
(C:\Users\eunic\OneDrive\Documents\GitHub\proj_bureaucrats_farms\code\_report\o
utput\main_v3_abovemedian.out)
\@outlinefile=\write6
\openout6 = `main_v3_abovemedian.out'.

\c@lstlisting=\count340
Package caption Info: Begin \AtBeginDocument code.
Package caption Info: float package is loaded.
Package caption Info: End \AtBeginDocument code.

(C:\Users\eunic\AppData\Local\Programs\MiKTeX\tex/context/base/mkii\supp-pdf.mk
ii
[Loading MPS to PDF converter (version 2006.09.02).]
\scratchcounter=\count341
\scratchdimen=\dimen314
\scratchbox=\box74
\nofMPsegments=\count342
\nofMParguments=\count343
\everyMPshowfont=\toks44
\MPscratchCnt=\count344
\MPscratchDim=\dimen315
\MPnumerator=\count345
\makeMPintoPDFobject=\count346
\everyMPtoPDFconversion=\toks45
)
(C:\Users\eunic\AppData\Local\Programs\MiKTeX\tex/latex/epstopdf-pkg\epstopdf-b
ase.sty
Package: epstopdf-base 2020-01-24 v2.11 Base part for package epstopdf

(C:\Users\eunic\AppData\Local\Programs\MiKTeX\tex/latex/grfext\grfext.sty
Package: grfext 2019/12/03 v1.3 Manage graphics extensions (HO)
)
Package epstopdf-base Info: Redefining graphics rule for `.eps' on input line 4
85.
Package grfext Info: Graphics extension search list:
(grfext)             [.pdf,.png,.jpg,.mps,.jpeg,.jbig2,.jb2,.PDF,.PNG,.JPG,.JPE
G,.JBIG2,.JB2,.eps]
(grfext)             \AppendGraphicsExtensions on input line 504.

(C:\Users\eunic\AppData\Local\Programs\MiKTeX\tex/latex/00miktex\epstopdf-sys.c
fg
File: epstopdf-sys.cfg 2021/03/18 v2.0 Configuration of epstopdf for MiKTeX
))

Package todonotes Warning: The length marginparwidth is less than 2cm and will 
most likely cause issues with the appearance of inserted todonotes. The issue c
an be solved by adding a line like \setlength {\marginparwidth }{2cm} prior to 
loading the todonotes package. on input line 89.

LaTeX Font Info:    Trying to load font information for U+msa on input line 92.

(C:\Users\eunic\AppData\Local\Programs\MiKTeX\tex/latex/amsfonts\umsa.fd
File: umsa.fd 2013/01/14 v3.01 AMS symbols A
)
LaTeX Font Info:    Trying to load font information for U+msb on input line 92.


(C:\Users\eunic\AppData\Local\Programs\MiKTeX\tex/latex/amsfonts\umsb.fd
File: umsb.fd 2013/01/14 v3.01 AMS symbols B
)
[0

{C:/Users/eunic/AppData/Local/MiKTeX/fonts/map/pdftex/pdftex.map}]

Package natbib Warning: Citation `singh_thachil_2023_airpollution' on page 1 un
defined on input line 123.


Package natbib Warning: Citation `dechezlepretre2025fighting' on page 1 undefin
ed on input line 123.


Package natbib Warning: Citation `hsiao2025climate' on page 1 undefined on inpu
t line 123.


Package natbib Warning: Citation `bar_gulzar2025' on page 1 undefined on input 
line 124.


Package natbib Warning: Citation `buntaine2024does' on page 1 undefined on inpu
t line 124.


Package natbib Warning: Citation `sanford2023democratization' on page 1 undefin
ed on input line 124.


Package natbib Warning: Citation `chesler2023democracy' on page 1 undefined on 
input line 124.


Package natbib Warning: Citation `mcalexander2020elections' on page 1 undefined
 on input line 124.


Package natbib Warning: Citation `stokes2020short' on page 1 undefined on input
 line 124.


Package natbib Warning: Citation `harding2024buying' on page 1 undefined on inp
ut line 124.


Package natbib Warning: Citation `gonzalez2024money' on page 1 undefined on inp
ut line 124.


Package natbib Warning: Citation `dipoppa2024bureaucrat' on page 1 undefined on
 input line 126.


Package natbib Warning: Citation `buntaine2024does' on page 1 undefined on inpu
t line 126.


Package natbib Warning: Citation `Nixon2013' on page 1 undefined on input line 
126.


Package natbib Warning: Citation `grossman2026politics' on page 1 undefined on 
input line 126.


Package natbib Warning: Citation `Fearon_1999' on page 1 undefined on input lin
e 129.


Package natbib Warning: Citation `dandona2020subnational' on page 1 undefined o
n input line 134.


Package natbib Warning: Citation `bikkina2019air' on page 1 undefined on input 
line 134.


Package natbib Warning: Citation `lan2022air' on page 1 undefined on input line
 134.


Package natbib Warning: Citation `cnn2020lockdown' on page 1 undefined on input
 line 142.


Package natbib Warning: Citation `cnn2020lockdown' on page 1 undefined on input
 line 142.


Package natbib Warning: Citation `VIIRS_Instrument_Overview' on page 1 undefine
d on input line 147.


Package natbib Warning: Citation `ERA5_monthly_pressure_levels_2023' on page 1 
undefined on input line 147.

[1

] [2]
Package hyperref Info: bookmark level for unknown todo defaults to 0 on input l
ine 178.

Overfull \hbox (35.84653pt too wide) in paragraph at lines 178--178
[][][]\OT1/cmr/m/n/12 Saad/Gemma 
 []


Overfull \hbox (35.84653pt too wide) in paragraph at lines 178--178
[][][]\OT1/cmr/m/n/12 Saad/Gemma 
 []

[3]

LaTeX Warning: Marginpar on page 4 moved.


Package natbib Warning: Citation `burgess2012political' on page 4 undefined on 
input line 183.


Package natbib Warning: Citation `lipscomb2016decentralization' on page 4 undef
ined on input line 183.


Package natbib Warning: Citation `shen2022political' on page 4 undefined on inp
ut line 183.


Package natbib Warning: Citation `dipoppa2024bureaucrat' on page 4 undefined on
 input line 183.


Package natbib Warning: Citation `mcalexander2020elections' on page 4 undefined
 on input line 183.


Package natbib Warning: Citation `stokes2020short' on page 4 undefined on input
 line 183.


Package natbib Warning: Citation `harding2024buying' on page 4 undefined on inp
ut line 183.


Package natbib Warning: Citation `gonzalez2024money' on page 4 undefined on inp
ut line 183.


Package natbib Warning: Citation `cao2019environmental' on page 4 undefined on 
input line 183.


Package natbib Warning: Citation `balboni2021cycles' on page 4 undefined on inp
ut line 183.


Package natbib Warning: Citation `sanford2023democratization' on page 4 undefin
ed on input line 183.


Package natbib Warning: Citation `list2006elections' on page 4 undefined on inp
ut line 183.


Package natbib Warning: Citation `xu2025bureaucratic' on page 4 undefined on in
put line 183.


Package natbib Warning: Citation `mangonnet2022playing' on page 4 undefined on 
input line 183.


Package natbib Warning: Citation `hsiao2025climate' on page 4 undefined on inpu
t line 183.


Package natbib Warning: Citation `mavisakalyan2019gender' on page 4 undefined o
n input line 183.


Package natbib Warning: Citation `baragwanath2024greener' on page 4 undefined o
n input line 183.


Package natbib Warning: Citation `gagliarducci2019hurricanes' on page 4 undefin
ed on input line 183.


Package natbib Warning: Citation `bragancca2022cutting' on page 4 undefined on 
input line 183.


Package natbib Warning: Citation `gulzar2024representation' on page 4 undefined
 on input line 183.


Package natbib Warning: Citation `jagnani2021women' on page 4 undefined on inpu
t line 183.


Package natbib Warning: Citation `bar_gulzar2025' on page 4 undefined on input 
line 185.


Package natbib Warning: Citation `grossman2026politics' on page 4 undefined on 
input line 185.


Package natbib Warning: Citation `monogan2017gone' on page 4 undefined on input
 line 185.


Package natbib Warning: Citation `LeeVoeten2023' on page 4 undefined on input l
ine 185.


Package natbib Warning: Citation `sigman2002international' on page 4 undefined 
on input line 185.


Package natbib Warning: Citation `kahn2015water' on page 4 undefined on input l
ine 185.


Package natbib Warning: Citation `lipscomb2016decentralization' on page 4 undef
ined on input line 185.


Package natbib Warning: Citation `pullabhotla2023global' on page 4 undefined on
 input line 188.


Package natbib Warning: Citation `shyamsundar2019fields' on page 4 undefined on
 input line 188.


Package natbib Warning: Citation `dipoppa2024bureaucrat' on page 4 undefined on
 input line 188.


Package natbib Warning: Citation `garg2023' on page 4 undefined on input line 1
88.


Package natbib Warning: Citation `singh_thachil_2023_airpollution' on page 4 un
defined on input line 188.


Package natbib Warning: Citation `jack2022money' on page 4 undefined on input l
ine 188.


Package natbib Warning: Citation `bhuvaneshwari2019crop' on page 4 undefined on
 input line 188.


Package natbib Warning: Citation `lelieveld2015contribution' on page 4 undefine
d on input line 206.


Package natbib Warning: Citation `deryugina2019mortality' on page 4 undefined o
n input line 206.


Package natbib Warning: Citation `heo2025international' on page 4 undefined on 
input line 206.


Package natbib Warning: Citation `myllyvirta2020quantifying' on page 4 undefine
d on input line 206.


Package natbib Warning: Citation `pullabhotla2023global' on page 4 undefined on
 input line 206.


Package natbib Warning: Citation `pandey2021health' on page 4 undefined on inpu
t line 206.


Package natbib Warning: Citation `lancet2024pm25india' on page 4 undefined on i
nput line 206.

[4]

Package natbib Warning: Citation `lelieveld2015contribution' on page 5 undefine
d on input line 208.


Package natbib Warning: Citation `bikkina2019air' on page 5 undefined on input 
line 208.


Package natbib Warning: Citation `jitendra2017' on page 5 undefined on input li
ne 208.


Package natbib Warning: Citation `jack2022money' on page 5 undefined on input l
ine 208.


Package natbib Warning: Citation `lan2022air' on page 5 undefined on input line
 208.


Package natbib Warning: Citation `bikkina2019air' on page 5 undefined on input 
line 208.


Package natbib Warning: Citation `kumar2015crop' on page 5 undefined on input l
ine 210.


Package natbib Warning: Citation `bhuvaneshwari2019crop' on page 5 undefined on
 input line 210.


Package natbib Warning: Citation `maue2021climate' on page 5 undefined on input
 line 210.


Package natbib Warning: Citation `tripathi2016subsoilwater' on page 5 undefined
 on input line 210.


Package natbib Warning: Citation `yang2025perceptions' on page 5 undefined on i
nput line 215.


Package natbib Warning: Citation `singh_thachil_2023_airpollution' on page 5 un
defined on input line 216.


Overfull \hbox (5.16629pt too wide) in paragraph at lines 216--216
[][][]\OT1/cmr/m/n/12 Gemma 
 []


Overfull \hbox (5.16629pt too wide) in paragraph at lines 216--216
[][][]\OT1/cmr/m/n/12 Gemma 
 []

[5]

Package natbib Warning: Citation `pib_caqm_2024' on page 6 undefined on input l
ine 231.


Package natbib Warning: Citation `bar_gulzar2025' on page 6 undefined on input 
line 231.

[6]

Package natbib Warning: Citation `pib_crm_2024' on page 7 undefined on input li
ne 233.


Package natbib Warning: Citation `jack2022money' on page 7 undefined on input l
ine 233.


Package natbib Warning: Citation `shyamsundar2019fields' on page 7 undefined on
 input line 233.


Package natbib Warning: Citation `disha_mord' on page 7 undefined on input line
 235.


Package natbib Warning: Citation `pib_disha_2018' on page 7 undefined on input 
line 235.


Underfull \hbox (badness 1546) in paragraph at lines 237--237
[][]\OT1/cmr/m/n/10 See the Haryana Vid-han Sabha Bul-letin No. 3 (Septem-ber 1
1, 2018) for penalty sched-ules.
 []


Overfull \hbox (18.49072pt too wide) in paragraph at lines 237--237
\OT1/cmtt/m/n/10 https://haryanaassembly.gov.in/wp-content/uploads/2019/01/Bull
etin-No.-3-119181st-Sitting.pdf| 
 []

[7]

Package natbib Warning: Citation `delimitation_act_2002' on page 8 undefined on
 input line 358.


Package natbib Warning: Citation `ghs2023smodR2023' on page 8 undefined on inpu
t line 359.


Package natbib Warning: Citation `munozsabater2019era5landmonthly' on page 8 un
defined on input line 367.


Package natbib Warning: Citation `singh2014crop' on page 8 undefined on input l
ine 369.


Package natbib Warning: Citation `dipoppa2024bureaucrat' on page 8 undefined on
 input line 369.

[8]

Package natbib Warning: Citation `fao_maps' on page 9 undefined on input line 3
71.

<../../figures/map_grids.png, id=287, 581.5326pt x 395.3169pt>
File: ../../figures/map_grids.png Graphic file (type png)
<use ../../figures/map_grids.png>
Package pdftex.def Info: ../../figures/map_grids.png  used on input line 405.
(pdftex.def)             Requested size: 164.88263pt x 112.0874pt.
<../../figures/panel_A_downwind.png, id=289, 462.2871pt x 401.5803pt>
File: ../../figures/panel_A_downwind.png Graphic file (type png)
<use ../../figures/panel_A_downwind.png>
Package pdftex.def Info: ../../figures/panel_A_downwind.png  used on input line
 414.
(pdftex.def)             Requested size: 112.74377pt x 97.93765pt.
<../../figures/panel_C_upwind.png, id=290, 462.2871pt x 401.5803pt>
File: ../../figures/panel_C_upwind.png Graphic file (type png)
<use ../../figures/panel_C_upwind.png>
Package pdftex.def Info: ../../figures/panel_C_upwind.png  used on input line 4
14.
(pdftex.def)             Requested size: 112.74377pt x 97.93765pt.
<../../figures/panel_B_downwind.png, id=291, 462.2871pt x 401.5803pt>
File: ../../figures/panel_B_downwind.png Graphic file (type png)
<use ../../figures/panel_B_downwind.png>
Package pdftex.def Info: ../../figures/panel_B_downwind.png  used on input line
 414.
(pdftex.def)             Requested size: 112.74377pt x 97.93765pt.
<../../figures/march2013_plot.png, id=292, 462.2871pt x 334.3692pt>
File: ../../figures/march2013_plot.png Graphic file (type png)
<use ../../figures/march2013_plot.png>
Package pdftex.def Info: ../../figures/march2013_plot.png  used on input line 4
23.
(pdftex.def)             Requested size: 172.63689pt x 124.86772pt.
<../../figures/october2013_plot.png, id=293, 462.2871pt x 334.3692pt>
File: ../../figures/october2013_plot.png Graphic file (type png)
<use ../../figures/october2013_plot.png>
Package pdftex.def Info: ../../figures/october2013_plot.png  used on input line
 423.
(pdftex.def)             Requested size: 172.63689pt x 124.86772pt.
[9] [10 <../../figures/map_grids.png> <../../figures/panel_A_downwind.png> <../
../figures/panel_C_upwind.png> <../../figures/panel_B_downwind.png> <../../figu
res/march2013_plot.png> <../../figures/october2013_plot.png>]

Package natbib Warning: Citation `cengiz2019effect' on page 11 undefined on inp
ut line 450.

[11]

Package natbib Warning: Citation `lan2022air' on page 12 undefined on input lin
e 482.


Overfull \hbox (3.78018pt too wide) in paragraph at lines 482--482
[][][]\OT1/cmr/m/n/12 Change 
 []


Overfull \hbox (3.78018pt too wide) in paragraph at lines 482--482
[][][]\OT1/cmr/m/n/12 Change 
 []

[12]
<../../figures/stacked_event_study_pop_5pre_rural_1_ori_rice_high.png, id=343, 
578.16pt x 289.08pt>
File: ../../figures/stacked_event_study_pop_5pre_rural_1_ori_rice_high.png Grap
hic file (type png)
<use ../../figures/stacked_event_study_pop_5pre_rural_1_ori_rice_high.png>
Package pdftex.def Info: ../../figures/stacked_event_study_pop_5pre_rural_1_ori
_rice_high.png  used on input line 505.
(pdftex.def)             Requested size: 230.17479pt x 133.72827pt.
 (../../tables/_main_3_bureau_polisc_did_rural_acpop.tex)
Overfull \hbox (4.69926pt too wide) in paragraph at lines 513--513
 [] 
 []



pdfTeX warning: pdflatex (file ../../figures/neighbor_output.pdf): PDF inclusio
n: found PDF version <1.6>, but at most version <1.5> allowed
<../../figures/neighbor_output.pdf, id=344, 433.62pt x 289.08pt>
File: ../../figures/neighbor_output.pdf Graphic file (type pdf)
<use ../../figures/neighbor_output.pdf>
Package pdftex.def Info: ../../figures/neighbor_output.pdf  used on input line 
523.
(pdftex.def)             Requested size: 258.36668pt x 172.25395pt.

LaTeX Warning: Float too large for page by 12.68156pt on input line 537.


Package natbib Warning: Citation `dustmann2022reallocation' on page 13 undefine
d on input line 542.


Package natbib Warning: Citation `dustmann2022reallocation' on page 13 undefine
d on input line 542.


Package natbib Warning: Citation `dustmann2022reallocation' on page 13 undefine
d on input line 542.


Package natbib Warning: Citation `rambachan2023more' on page 13 undefined on in
put line 542.

[13] [14 <../../figures/stacked_event_study_pop_5pre_rural_1_ori_rice_high.png>
 <../../figures/neighbor_output.pdf>]
Overfull \hbox (2.76631pt too wide) in paragraph at lines 582--582
[][][]\OT1/cmr/m/n/12 Results 
 []


Overfull \hbox (6.71765pt too wide) in paragraph at lines 582--582
\OT1/cmr/m/n/12 changed[]  
 []


Overfull \hbox (2.76631pt too wide) in paragraph at lines 582--582
[][][]\OT1/cmr/m/n/12 Results 
 []


Overfull \hbox (6.71765pt too wide) in paragraph at lines 582--582
\OT1/cmr/m/n/12 changed[]  
 []


Package natbib Warning: Citation `dipoppa2024bureaucrat' on page 15 undefined o
n input line 585.

[15]

Package natbib Warning: Citation `gulzar2017politicians' on page 16 undefined o
n input line 596.


Package natbib Warning: Citation `agnihotri2026bureaucrat' on page 16 undefined
 on input line 596.

[16] [17]

Package natbib Warning: Citation `aabbcdgns2025bias' on page 18 undefined on in
put line 620.


Overfull \hbox (7.36626pt too wide) in paragraph at lines 620--620
[][][]\OT1/cmr/m/n/12 Anzony: 
 []


Overfull \hbox (6.39127pt too wide) in paragraph at lines 620--620
\OT1/cmr/m/n/12 whether 
 []


Overfull \hbox (1.23438pt too wide) in paragraph at lines 620--620
\OT1/cmr/m/n/12 residue 
 []


Overfull \hbox (2.21353pt too wide) in paragraph at lines 620--620
\OT1/cmr/m/n/12 founds.[]  
 []


Overfull \hbox (7.36626pt too wide) in paragraph at lines 620--620
[][][]\OT1/cmr/m/n/12 Anzony: 
 []


Overfull \hbox (6.39127pt too wide) in paragraph at lines 620--620
\OT1/cmr/m/n/12 whether 
 []


Overfull \hbox (1.23438pt too wide) in paragraph at lines 620--620
\OT1/cmr/m/n/12 residue 
 []


Overfull \hbox (2.21353pt too wide) in paragraph at lines 620--620
\OT1/cmr/m/n/12 founds.[]  
 []

[18] [19] [20]

Package natbib Warning: Citation `guardian2020farmers' on page 21 undefined on 
input line 700.


Package natbib Warning: Citation `olson1971logic' on page 21 undefined on input
 line 700.


Package natbib Warning: Citation `acled' on page 21 undefined on input line 703
.

[21]

Package natbib Warning: Citation `cengiz2019effect' on page 22 undefined on inp
ut line 710.


Package natbib Warning: Citation `dustmann2022reallocation' on page 22 undefine
d on input line 725.


Package natbib Warning: Citation `rambachan2023more' on page 22 undefined on in
put line 725.

[22]
<../../figures/5km_plot.png, id=470, 462.2871pt x 320.8788pt>
File: ../../figures/5km_plot.png Graphic file (type png)
<use ../../figures/5km_plot.png>
Package pdftex.def Info: ../../figures/5km_plot.png  used on input line 736.
(pdftex.def)             Requested size: 180.385pt x 125.20587pt.

Overfull \hbox (21.17148pt too wide) in paragraph at lines 740--740
 \OT1/cmr/m/n/8 ures/2020_Indian_farmers_protest.jpg 
 []

<../../figures/_app_17_5km_fe12_evst_all_rural_fe03_1_ori_rice_high.png, id=471
, 578.16pt x 289.08pt>
File: ../../figures/_app_17_5km_fe12_evst_all_rural_fe03_1_ori_rice_high.png Gr
aphic file (type png)
<use ../../figures/_app_17_5km_fe12_evst_all_rural_fe03_1_ori_rice_high.png>
Package pdftex.def Info: ../../figures/_app_17_5km_fe12_evst_all_rural_fe03_1_o
ri_rice_high.png  used on input line 747.
(pdftex.def)             Requested size: 225.4804pt x 112.73633pt.
<../../figures/_app_18_protest_5km_fe12_did_downup_plot_rural_acpop_rice_high.p
ng, id=472, 1444.39626pt x 962.59625pt>
File: ../../figures/_app_18_protest_5km_fe12_did_downup_plot_rural_acpop_rice_h
igh.png Graphic file (type png)
<use ../../figures/_app_18_protest_5km_fe12_did_downup_plot_rural_acpop_rice_hi
gh.png>
Package pdftex.def Info: ../../figures/_app_18_protest_5km_fe12_did_downup_plot
_rural_acpop_rice_high.png  used on input line 751.
(pdftex.def)             Requested size: 225.4804pt x 150.2584pt.

Package natbib Warning: Citation `maddoke2020art' on page 23 undefined on input
 line 760.

[23] [24 <../../figures/5km_plot.png> <../../figures/_app_17_5km_fe12_evst_all_
rural_fe03_1_ori_rice_high.png> <../../figures/_app_18_protest_5km_fe12_did_dow
nup_plot_rural_acpop_rice_high.png (PNG copy)>]

Package natbib Warning: Citation `myneta' on page 25 undefined on input line 79
1.


Package natbib Warning: Citation `cengiz2019effect' on page 25 undefined on inp
ut line 805.

[25]

Package natbib Warning: Citation `dustmann2022reallocation' on page 26 undefine
d on input line 821.


Package natbib Warning: Citation `rambachan2023more' on page 26 undefined on in
put line 821.



pdfTeX warning: pdflatex: arithmetic: number too big
<../../figures/panelview_self_profession.png, id=508, 715.2321pt x 0.0pt>
File: ../../figures/panelview_self_profession.png Graphic file (type png)
<use ../../figures/panelview_self_profession.png>
Package pdftex.def Info: ../../figures/panelview_self_profession.png  used on i
nput line 867.
(pdftex.def)             Requested size: 225.4804pt x 0.0pt.
<../../figures/_app_16_polischar_fe03_evst_main_rural_acpop_1_ori_rice_high.png
, id=509, 578.16pt x 289.08pt>
File: ../../figures/_app_16_polischar_fe03_evst_main_rural_acpop_1_ori_rice_hig
h.png Graphic file (type png)
<use ../../figures/_app_16_polischar_fe03_evst_main_rural_acpop_1_ori_rice_high
.png>
Package pdftex.def Info: ../../figures/_app_16_polischar_fe03_evst_main_rural_a
cpop_1_ori_rice_high.png  used on input line 875.
(pdftex.def)             Requested size: 225.4804pt x 112.73633pt.
<../../figures/_app_19_polischar_fe12_did_downup_inter_plot_rural_acpop_rice_hi
gh.png, id=510, 1444.39626pt x 962.59625pt>
File: ../../figures/_app_19_polischar_fe12_did_downup_inter_plot_rural_acpop_ri
ce_high.png Graphic file (type png)
<use ../../figures/_app_19_polischar_fe12_did_downup_inter_plot_rural_acpop_ric
e_high.png>
Package pdftex.def Info: ../../figures/_app_19_polischar_fe12_did_downup_inter_
plot_rural_acpop_rice_high.png  used on input line 880.
(pdftex.def)             Requested size: 225.4804pt x 150.2584pt.

LaTeX Warning: Float too large for page by 7.35608pt on input line 900.

[26] [27 <../../figures/panelview_self_profession.png> <../../figures/_app_16_p
olischar_fe03_evst_main_rural_acpop_1_ori_rice_high.png> <../../figures/_app_19
_polischar_fe12_did_downup_inter_plot_rural_acpop_rice_high.png (PNG copy)>]

Package natbib Warning: Citation `singh_thachil_2023_airpollution' on page 28 u
ndefined on input line 911.

[28]
pdfTeX warning (ext4): destination with the same identifier (name{page.1}) has 
been already used, duplicate ignored
<to be read again> 
                   \relax 
l.947 \begin{Verbatim}[fontsize=\small]
                                        [1


]

Package natbib Warning: Citation `shrug_judicial' on page 2 undefined on input 
line 973.


pdfTeX warning (ext4): destination with the same identifier (name{page.2}) has 
been already used, duplicate ignored
<to be read again> 
                   \relax 
l.984 
       [2]
pdfTeX warning (ext4): destination with the same identifier (name{page.3}) has 
been already used, duplicate ignored
<to be read again> 
                   \relax 
l.993 \paragraph
                {Matching and coding.} We match each downloaded document to ...
[3]
LaTeX Font Info:    Trying to load font information for OMS+cmtt on input line 
997.
LaTeX Font Info:    No file OMScmtt.fd. on input line 997.


LaTeX Font Warning: Font shape `OMS/cmtt/m/n' undefined
(Font)              using `OMS/cmsy/m/n' instead
(Font)              for symbol `textbraceleft' on input line 997.


Overfull \hbox (226.17003pt too wide) in paragraph at lines 1002--1003
[]\OT1/cmtt/m/n/12 https://\OMS/cmtt/m/n/12 f\OT1/cmtt/m/n/12 d\OMS/cmtt/m/n/12
 g\OT1/cmtt/m/n/12 .nic.in/en/notice/proceeding-of-district-development-coordin
ation-and-monitoring-committee-disha/ 
 []


pdfTeX warning (ext4): destination with the same identifier (name{page.4}) has 
been already used, duplicate ignored
<to be read again> 
                   \relax 
l.1014 \item \texttt
                    {https://\{d\}.nic.in/documents/} [4]
Underfull \hbox (badness 10000) in paragraph at lines 1018--1019
[]\OT1/cmr/m/n/12 The de-hyphenated spelling vari-ant is gen-er-ated for the fi
rst eight tem-
 []


Underfull \hbox (badness 10000) in paragraph at lines 1018--1019
\OT1/cmr/m/n/12 plates. The four Haryana state-level ad-dresses are \OT1/cmtt/m
/n/12 haryanarural.gov.in/\OT1/cmr/m/n/12 ,
 []


Underfull \hbox (badness 10000) in paragraph at lines 1018--1019
\OT1/cmtt/m/n/12 haryanarural.gov.in/agenda-for-disha-meeting-on-11-02-2026/\OT
1/cmr/m/n/12 ,
 []


Package natbib Warning: Citation `rambachan2023more' on page 5 undefined on inp
ut line 1038.


pdfTeX warning (ext4): destination with the same identifier (name{page.5}) has 
been already used, duplicate ignored
<to be read again> 
                   \relax 
l.1039 
        [5]

Package natbib Warning: Citation `rambachan2023more' on page 6 undefined on inp
ut line 1043.


Package natbib Warning: Citation `dobkin2018economic' on page 6 undefined on in
put line 1043.


Package natbib Warning: Citation `dustmann2022reallocation' on page 6 undefined
 on input line 1043.


Package natbib Warning: Citation `dustmann2022reallocation' on page 6 undefined
 on input line 1043.


pdfTeX warning (ext4): destination with the same identifier (name{page.6}) has 
been already used, duplicate ignored
<to be read again> 
                   \relax 
l.1046 \clearpage
                  [6] (../../tables/descriptives_main_rice_high.tex)
<../../figures/monthly_fires.png, id=599, 714.9912pt x 426.393pt>
File: ../../figures/monthly_fires.png Graphic file (type png)
<use ../../figures/monthly_fires.png>
Package pdftex.def Info: ../../figures/monthly_fires.png  used on input line 10
68.
(pdftex.def)             Requested size: 190.8355pt x 113.81102pt.
<../../figures/monthly_wind_direction.png, id=600, 714.7503pt x 428.0793pt>
File: ../../figures/monthly_wind_direction.png Graphic file (type png)
<use ../../figures/monthly_wind_direction.png>
Package pdftex.def Info: ../../figures/monthly_wind_direction.png  used on inpu
t line 1069.
(pdftex.def)             Requested size: 190.01868pt x 113.81102pt.
<../../figures/rices_grids_150dpi_q75.pdf, id=601, 1694.73152pt x 1157.51881pt>

File: ../../figures/rices_grids_150dpi_q75.pdf Graphic file (type pdf)
<use ../../figures/rices_grids_150dpi_q75.pdf>
Package pdftex.def Info: ../../figures/rices_grids_150dpi_q75.pdf  used on inpu
t line 1079.
(pdftex.def)             Requested size: 249.93195pt x 170.71652pt.

Overfull \hbox (76.58693pt too wide) in paragraph at lines 1095--1096
 [][] 
 []

<../../figures/acs_grids_radius12km.png, id=602, 715.473pt x 514.8033pt>
File: ../../figures/acs_grids_radius12km.png Graphic file (type png)
<use ../../figures/acs_grids_radius12km.png>
Package pdftex.def Info: ../../figures/acs_grids_radius12km.png  used on input 
line 1102.
(pdftex.def)             Requested size: 234.8775pt x 168.99797pt.

pdfTeX warning (ext4): destination with the same identifier (name{page.7}) has 
been already used, duplicate ignored
<to be read again> 
                   \relax 
l.1123 \FloatBarrier
                     [7

 <../../figures/monthly_fires.png> <../../figures/monthly_wind_direction.png>]
pdfTeX warning (ext4): destination with the same identifier (name{page.8}) has 
been already used, duplicate ignored
<to be read again> 
                   \relax 
l.1123 \FloatBarrier
                     [8 <../../figures/rices_grids_150dpi_q75.pdf>]

Package natbib Warning: Citation `lan2022air' on page 9 undefined on input line
 1126.


pdfTeX warning (ext4): destination with the same identifier (name{page.9}) has 
been already used, duplicate ignored
<to be read again> 
                   \relax 
l.1131 
        [9 <../../figures/acs_grids_radius12km.png>]
Underfull \hbox (badness 1221) in paragraph at lines 1132--1133
\OT1/cmr/m/n/12 at-tributable to am-bi-ent PM2.5 ex-po-sure from crop burn-ing 
across In-dia (95% CI:
 []


pdfTeX warning (ext4): destination with the same identifier (name{page.10}) has
 been already used, duplicate ignored
<to be read again> 
                   \relax 
l.1136 \newpage
                [10] (../../tables/main_did_downup_ac_rural_acpop_rice_high.tex
) (../../tables/_app_6_main_did_treat_definition_rural_acpop_new3_rice_high.tex
) (../../tables/_app_7_main_did_downup_area_ac_dv_rural_acpop_rice_high.tex)
(../../tables/_app_8_main_did_by_year_rural_acpop_rice_high.tex)
(../../tables/_app_9_main_did_by_state_rural_acpop_rice_high.tex)
File: ../../figures/stacked_event_study_pop_5pre_rural_1_ori_rice_high.png Grap
hic file (type png)
<use ../../figures/stacked_event_study_pop_5pre_rural_1_ori_rice_high.png>
Package pdftex.def Info: ../../figures/stacked_event_study_pop_5pre_rural_1_ori
_rice_high.png  used on input line 1227.
(pdftex.def)             Requested size: 140.92793pt x 70.4613pt.
<../../figures/stacked_event_study_pop_5pre_rural_1_rotated_rice_high.png, id=6
51, 578.16pt x 289.08pt>
File: ../../figures/stacked_event_study_pop_5pre_rural_1_rotated_rice_high.png 
Graphic file (type png)
<use ../../figures/stacked_event_study_pop_5pre_rural_1_rotated_rice_high.png>
Package pdftex.def Info: ../../figures/stacked_event_study_pop_5pre_rural_1_rot
ated_rice_high.png  used on input line 1230.
(pdftex.def)             Requested size: 140.92793pt x 70.4613pt.
<../../figures/stacked_event_study_pop_5pre_rural_1_rot_honest2_rice_high.png, 
id=652, 578.16pt x 289.08pt>
File: ../../figures/stacked_event_study_pop_5pre_rural_1_rot_honest2_rice_high.
png Graphic file (type png)
<use ../../figures/stacked_event_study_pop_5pre_rural_1_rot_honest2_rice_high.p
ng>
Package pdftex.def Info: ../../figures/stacked_event_study_pop_5pre_rural_1_rot
_honest2_rice_high.png  used on input line 1232.
(pdftex.def)             Requested size: 140.92793pt x 70.4613pt.


Package natbib Warning: Citation `dustmann2022reallocation' on page 11 undefine
d on input line 1236.


Package natbib Warning: Citation `rambachan2023more' on page 11 undefined on in
put line 1236.

<../../figures/stacked_event_study_5pre_rural_1_ori_rice_high.png, id=655, 578.
16pt x 289.08pt>
File: ../../figures/stacked_event_study_5pre_rural_1_ori_rice_high.png Graphic 
file (type png)
<use ../../figures/stacked_event_study_5pre_rural_1_ori_rice_high.png>
Package pdftex.def Info: ../../figures/stacked_event_study_5pre_rural_1_ori_ric
e_high.png  used on input line 1261.
(pdftex.def)             Requested size: 469.75502pt x 234.8769pt.
<../../figures/stacked_event_study_pop_5pre_rural_riceP_ori.png, id=657, 578.16
pt x 289.08pt>
File: ../../figures/stacked_event_study_pop_5pre_rural_riceP_ori.png Graphic fi
le (type png)
<use ../../figures/stacked_event_study_pop_5pre_rural_riceP_ori.png>
Package pdftex.def Info: ../../figures/stacked_event_study_pop_5pre_rural_riceP
_ori.png  used on input line 1295.
(pdftex.def)             Requested size: 225.4804pt x 112.73633pt.

LaTeX Warning: `!h' float specifier changed to `!ht'.

(../../tables/_app_11_placebo_pop_13km_rural_rice_high.tex)
pdfTeX warning (ext4): destination with the same identifier (name{page.11}) has
 been already used, duplicate ignored
<to be read again> 
                   \relax 
l.1319 \newpage
                [11 <../../figures/stacked_event_study_pop_5pre_rural_1_rotated
_rice_high.png> <../../figures/stacked_event_study_pop_5pre_rural_1_rot_honest2
_rice_high.png>]
pdfTeX warning (ext4): destination with the same identifier (name{page.12}) has
 been already used, duplicate ignored
<to be read again> 
                   \relax 
l.1319 \newpage
                [12]
pdfTeX warning (ext4): destination with the same identifier (name{page.13}) has
 been already used, duplicate ignored
<to be read again> 
                   \relax 
l.1319 \newpage
                [13]
pdfTeX warning (ext4): destination with the same identifier (name{page.14}) has
 been already used, duplicate ignored
<to be read again> 
                   \relax 
l.1319 \newpage
                [14 <../../figures/stacked_event_study_5pre_rural_1_ori_rice_hi
gh.png>]

Package natbib Warning: Citation `rambachan2023more' on page 15 undefined on in
put line 1323.


pdfTeX warning (ext4): destination with the same identifier (name{page.15}) has
 been already used, duplicate ignored
<to be read again> 
                   \relax 
l.1325 \subsection
                  {Descriptives} [15 <../../figures/stacked_event_study_pop_5pr
e_rural_riceP_ori.png>]
(../../tables/_protest_stacked_descriptive_rice_high.tex)
<../../figures/protests_monthly_bars.png, id=681, 722.7pt x 361.35pt>
File: ../../figures/protests_monthly_bars.png Graphic file (type png)
<use ../../figures/protests_monthly_bars.png>
Package pdftex.def Info: ../../figures/protests_monthly_bars.png  used on input
 line 1366.
(pdftex.def)             Requested size: 234.8775pt x 117.43735pt.
<../../figures/ac_protest_plot.png, id=682, 570.933pt x 360.8682pt>
File: ../../figures/ac_protest_plot.png Graphic file (type png)
<use ../../figures/ac_protest_plot.png>
Package pdftex.def Info: ../../figures/ac_protest_plot.png  used on input line 
1386.
(pdftex.def)             Requested size: 234.8775pt x 148.458pt.

pdfTeX warning (ext4): destination with the same identifier (name{page.16}) has
 been already used, duplicate ignored
<to be read again> 
                   \relax 
l.1392 \clearpage
                  [16]
pdfTeX warning (ext4): destination with the same identifier (name{page.17}) has
 been already used, duplicate ignored
<to be read again> 
                   \relax 
l.1392 \clearpage
                  [17 <../../figures/protests_monthly_bars.png> <../../figures/
ac_protest_plot.png>]
File: ../../figures/_app_17_5km_fe12_evst_all_rural_fe03_1_ori_rice_high.png Gr
aphic file (type png)
<use ../../figures/_app_17_5km_fe12_evst_all_rural_fe03_1_ori_rice_high.png>
Package pdftex.def Info: ../../figures/_app_17_5km_fe12_evst_all_rural_fe03_1_o
ri_rice_high.png  used on input line 1401.
(pdftex.def)             Requested size: 140.92793pt x 70.4613pt.
<../../figures/_app_17_5km_fe12_evst_all_rural_fe03_1_rotated_rice_high.png, id
=691, 578.16pt x 289.08pt>
File: ../../figures/_app_17_5km_fe12_evst_all_rural_fe03_1_rotated_rice_high.pn
g Graphic file (type png)
<use ../../figures/_app_17_5km_fe12_evst_all_rural_fe03_1_rotated_rice_high.png
>
Package pdftex.def Info: ../../figures/_app_17_5km_fe12_evst_all_rural_fe03_1_r
otated_rice_high.png  used on input line 1405.
(pdftex.def)             Requested size: 140.92793pt x 70.4613pt.
<../../figures/_app_17_5km_fe12_evst_all_rural_fe03_1_rot_honest2_rice_high.png
, id=692, 578.16pt x 289.08pt>
File: ../../figures/_app_17_5km_fe12_evst_all_rural_fe03_1_rot_honest2_rice_hig
h.png Graphic file (type png)
<use ../../figures/_app_17_5km_fe12_evst_all_rural_fe03_1_rot_honest2_rice_high
.png>
Package pdftex.def Info: ../../figures/_app_17_5km_fe12_evst_all_rural_fe03_1_r
ot_honest2_rice_high.png  used on input line 1407.
(pdftex.def)             Requested size: 140.92793pt x 70.4613pt.


Package natbib Warning: Citation `dustmann2022reallocation' on page 18 undefine
d on input line 1410.


Package natbib Warning: Citation `rambachan2023more' on page 18 undefined on in
put line 1410.


Overfull \hbox (82.44041pt too wide) in paragraph at lines 1449--1449
 \OT1/cmr/m/n/8 ures/_app_17_5km_fe12_evst_all_stacked_riceP_5_ori.png 
 []


(../../tables/_main_4_protest_5km_fe12_did_downup_rural_acpop_new_rice_high.tex
)
pdfTeX warning (ext4): destination with the same identifier (name{page.18}) has
 been already used, duplicate ignored
<to be read again> 
                   \relax 
l.1477 \newpage
                [18

 <../../figures/_app_17_5km_fe12_evst_all_rural_fe03_1_rotated_rice_high.png> <
../../figures/_app_17_5km_fe12_evst_all_rural_fe03_1_rot_honest2_rice_high.png>
]
pdfTeX warning (ext4): destination with the same identifier (name{page.19}) has
 been already used, duplicate ignored
<to be read again> 
                   \relax 
l.1477 \newpage
                [19]

Package natbib Warning: Citation `rambachan2023more' on page 20 undefined on in
put line 1482.

(../../tables/_politicians_stacked_descriptive_rice_high.tex)
File: ../../figures/_app_16_polischar_fe03_evst_main_rural_acpop_1_ori_rice_hig
h.png Graphic file (type png)
<use ../../figures/_app_16_polischar_fe03_evst_main_rural_acpop_1_ori_rice_high
.png>
Package pdftex.def Info: ../../figures/_app_16_polischar_fe03_evst_main_rural_a
cpop_1_ori_rice_high.png  used on input line 1527.
(pdftex.def)             Requested size: 140.92793pt x 70.4613pt.
<../../figures/_app_16_polischar_fe03_evst_main_rural_acpop_1_rotated_rice_high
.png, id=710, 578.16pt x 289.08pt>
File: ../../figures/_app_16_polischar_fe03_evst_main_rural_acpop_1_rotated_rice
_high.png Graphic file (type png)
<use ../../figures/_app_16_polischar_fe03_evst_main_rural_acpop_1_rotated_rice_
high.png>
Package pdftex.def Info: ../../figures/_app_16_polischar_fe03_evst_main_rural_a
cpop_1_rotated_rice_high.png  used on input line 1531.
(pdftex.def)             Requested size: 140.92793pt x 70.4613pt.
<../../figures/_app_16_polischar_fe03_evst_main_rural_acpop_1_rot_honest2_rice_
high.png, id=711, 578.16pt x 289.08pt>
File: ../../figures/_app_16_polischar_fe03_evst_main_rural_acpop_1_rot_honest2_
rice_high.png Graphic file (type png)
<use ../../figures/_app_16_polischar_fe03_evst_main_rural_acpop_1_rot_honest2_r
ice_high.png>
Package pdftex.def Info: ../../figures/_app_16_polischar_fe03_evst_main_rural_a
cpop_1_rot_honest2_rice_high.png  used on input line 1533.
(pdftex.def)             Requested size: 140.92793pt x 70.4613pt.


Package natbib Warning: Citation `dustmann2022reallocation' on page 20 undefine
d on input line 1538.


Package natbib Warning: Citation `rambachan2023more' on page 20 undefined on in
put line 1538.


pdfTeX warning (ext4): destination with the same identifier (name{page.20}) has
 been already used, duplicate ignored
<to be read again> 
                   \relax 
l.1543 \FloatBarrier
                     [20]
<../../figures/_app_16_polischar_fe12_evst_all_rural_acpop_riceP_5_rotated.png,
 id=719, 578.16pt x 289.08pt>
File: ../../figures/_app_16_polischar_fe12_evst_all_rural_acpop_riceP_5_rotated
.png Graphic file (type png)
<use ../../figures/_app_16_polischar_fe12_evst_all_rural_acpop_riceP_5_rotated.
png>
Package pdftex.def Info: ../../figures/_app_16_polischar_fe12_evst_all_rural_ac
pop_riceP_5_rotated.png  used on input line 1568.
(pdftex.def)             Requested size: 225.4804pt x 112.73633pt.

(../../tables/_main_5_polischar_fe12_did_downup_inter_rural_acpop_rice_high.tex
)
pdfTeX warning (ext4): destination with the same identifier (name{page.21}) has
 been already used, duplicate ignored
<to be read again> 
                   \relax 
l.2021 \FloatBarrier
                     [21 <../../figures/_app_16_polischar_fe03_evst_main_rural_
acpop_1_rotated_rice_high.png> <../../figures/_app_16_polischar_fe03_evst_main_
rural_acpop_1_rot_honest2_rice_high.png> <../../figures/_app_16_polischar_fe12_
evst_all_rural_acpop_riceP_5_rotated.png>]
pdfTeX warning (ext4): destination with the same identifier (name{page.22}) has
 been already used, duplicate ignored
<to be read again> 
                   \relax 
l.2021 \FloatBarrier
                     [22]

Package natbib Warning: There were undefined citations.


pdfTeX warning (ext4): destination with the same identifier (name{page.23}) has
 been already used, duplicate ignored
<to be read again> 
                   \relax 
l.2040  \end{document}
                       [23]
(C:\Users\eunic\OneDrive\Documents\GitHub\proj_bureaucrats_farms\code\_report\o
utput\main_v3_abovemedian.aux)
 ***********
LaTeX2e <2023-11-01> patch level 1
L3 programming layer <2024-01-04>
 ***********


LaTeX Font Warning: Some font shapes were not available, defaults substituted.

Package rerunfilecheck Info: File `main_v3_abovemedian.out' has not changed.
(rerunfilecheck)             Checksum: E391EF39F89FE4F0EB815A886F9AE3C2;7631.
 ) ) 
Here is how much of TeX's memory you used:
 27937 strings out of 474486
 532160 string characters out of 5743755
 1975542 words of memory out of 5000000
 49520 multiletter control sequences out of 15000+600000
 572897 words of font info for 92 fonts, out of 8000000 for 9000
 1141 hyphenation exceptions out of 8191
 104i,21n,104p,1987b,916s stack positions out of 10000i,1000n,20000p,200000b,200000s

pdfTeX warning (dest): name{Hfootnote.25} has been referenced but does not exis
t, replaced by a fixed one


pdfTeX warning (dest): name{Hfootnote.24} has been referenced but does not exis
t, replaced by a fixed one


pdfTeX warning (dest): name{Hfootnote.23} has been referenced but does not exis
t, replaced by a fixed one


pdfTeX warning (dest): name{Hfootnote.22} has been referenced but does not exis
t, replaced by a fixed one


pdfTeX warning (dest): name{Hfootnote.21} has been referenced but does not exis
t, replaced by a fixed one


pdfTeX warning (dest): name{Hfootnote.20} has been referenced but does not exis
t, replaced by a fixed one


pdfTeX warning (dest): name{Hfootnote.19} has been referenced but does not exis
t, replaced by a fixed one


pdfTeX warning (dest): name{Hfootnote.18} has been referenced but does not exis
t, replaced by a fixed one


pdfTeX warning (dest): name{Hfootnote.17} has been referenced but does not exis
t, replaced by a fixed one


pdfTeX warning (dest): name{Hfootnote.16} has been referenced but does not exis
t, replaced by a fixed one


pdfTeX warning (dest): name{Hfootnote.15} has been referenced but does not exis
t, replaced by a fixed one


pdfTeX warning (dest): name{Hfootnote.14} has been referenced but does not exis
t, replaced by a fixed one


pdfTeX warning (dest): name{Hfootnote.13} has been referenced but does not exis
t, replaced by a fixed one


pdfTeX warning (dest): name{Hfootnote.12} has been referenced but does not exis
t, replaced by a fixed one


pdfTeX warning (dest): name{Hfootnote.11} has been referenced but does not exis
t, replaced by a fixed one


pdfTeX warning (dest): name{Hfootnote.10} has been referenced but does not exis
t, replaced by a fixed one


pdfTeX warning (dest): name{Hfootnote.9} has been referenced but does not exist
, replaced by a fixed one


pdfTeX warning (dest): name{Hfootnote.8} has been referenced but does not exist
, replaced by a fixed one


pdfTeX warning (dest): name{Hfootnote.7} has been referenced but does not exist
, replaced by a fixed one


pdfTeX warning (dest): name{Hfootnote.6} has been referenced but does not exist
, replaced by a fixed one


pdfTeX warning (dest): name{Hfootnote.5} has been referenced but does not exist
, replaced by a fixed one


pdfTeX warning (dest): name{Hfootnote.4} has been referenced but does not exist
, replaced by a fixed one


pdfTeX warning (dest): name{Hfootnote.3} has been referenced but does not exist
, replaced by a fixed one


pdfTeX warning (dest): name{Hfootnote.2} has been referenced but does not exist
, replaced by a fixed one


pdfTeX warning (dest): name{Hfootnote.1} has been referenced but does not exist
, replaced by a fixed one

 <C:\Users\eunic\AppData\Local\MiKTeX\fonts/pk/ljfour/jknappen/ec/dpi600\tcrm12
00.pk> <C:\Users\eunic\AppData\Local\MiKTeX\fonts/pk/ljfour/jknappen/ec/dpi600\
tcrm0700.pk> <C:\Users\eunic\AppData\Local\MiKTeX\fonts/pk/ljfour/jknappen/ec/d
pi600\tcrm1000.pk><C:/Users/eunic/AppData/Local/Programs/MiKTeX/fonts/type1/pub
lic/amsfonts/cm/cmbx10.pfb><C:/Users/eunic/AppData/Local/Programs/MiKTeX/fonts/
type1/public/amsfonts/cm/cmbx12.pfb><C:/Users/eunic/AppData/Local/Programs/MiKT
eX/fonts/type1/public/amsfonts/cm/cmex10.pfb><C:/Users/eunic/AppData/Local/Prog
rams/MiKTeX/fonts/type1/public/amsfonts/cm/cmmi10.pfb><C:/Users/eunic/AppData/L
ocal/Programs/MiKTeX/fonts/type1/public/amsfonts/cm/cmmi12.pfb><C:/Users/eunic/
AppData/Local/Programs/MiKTeX/fonts/type1/public/amsfonts/cm/cmmi7.pfb><C:/User
s/eunic/AppData/Local/Programs/MiKTeX/fonts/type1/public/amsfonts/cm/cmmi8.pfb>
<C:/Users/eunic/AppData/Local/Programs/MiKTeX/fonts/type1/public/amsfonts/cm/cm
r10.pfb><C:/Users/eunic/AppData/Local/Programs/MiKTeX/fonts/type1/public/amsfon
ts/cm/cmr12.pfb><C:/Users/eunic/AppData/Local/Programs/MiKTeX/fonts/type1/publi
c/amsfonts/cm/cmr17.pfb><C:/Users/eunic/AppData/Local/Programs/MiKTeX/fonts/typ
e1/public/amsfonts/cm/cmr7.pfb><C:/Users/eunic/AppData/Local/Programs/MiKTeX/fo
nts/type1/public/amsfonts/cm/cmr8.pfb><C:/Users/eunic/AppData/Local/Programs/Mi
KTeX/fonts/type1/public/amsfonts/cm/cmsy10.pfb><C:/Users/eunic/AppData/Local/Pr
ograms/MiKTeX/fonts/type1/public/amsfonts/cm/cmsy7.pfb><C:/Users/eunic/AppData/
Local/Programs/MiKTeX/fonts/type1/public/amsfonts/cm/cmsy8.pfb><C:/Users/eunic/
AppData/Local/Programs/MiKTeX/fonts/type1/public/amsfonts/cm/cmti10.pfb><C:/Use
rs/eunic/AppData/Local/Programs/MiKTeX/fonts/type1/public/amsfonts/cm/cmti12.pf
b><C:/Users/eunic/AppData/Local/Programs/MiKTeX/fonts/type1/public/amsfonts/cm/
cmtt10.pfb><C:/Users/eunic/AppData/Local/Programs/MiKTeX/fonts/type1/public/ams
fonts/cm/cmtt12.pfb>
Output written on C:\Users\eunic\OneDrive\Documents\GitHub\proj_bureaucrats_far
ms\code\_report\output\main_v3_abovemedian.pdf (52 pages, 17407195 bytes).
PDF statistics:
 873 PDF objects out of 1000 (max. 8388607)
 192 named destinations out of 1000 (max. 500000)
 518 words of extra memory for PDF output out of 10000 (max. 10000000)

